{
  "capturedAt": "2026-10-05T07:44:41.740Z",
  "commit": "01b595a96d777064e82461e558f2f6473684e4fb",
  "sourceHash": "acc393f4dfefd6752f179deea75a7a6cab3e9a60a6cba65de2ddf365a1e1b5ec",
  "artifactHash": "4ec244a3575d66312fab197e28d3a30e25c7b5578255aeb27094fc36bb27f132",
  "artifactCount": 165,
  "role": "021 prototype desktop; not full-game or laptop gate",
  "stepP95MedianMs": 1.7999999523162842,
  "controllerP95MedianMs": 0.40000003576278687,
  "queryP95MedianMs": 0.19999998807907104,
  "bridgeReadbackP95MedianMs": 0.10000002384185791,
  "mainThreadP95MedianMs": 3.399999976158142,
  "frameP95MedianMs": 7,
  "frameP99MedianMs": 7.100000000093132,
  "previousKernelMainThreadP95MedianMs": 0.20000004768371582,
  "mainThreadIncrementP95Ms": 3.1999999284744263,
  "collectorP95DeltasMs": [
    0.3999999761581421,
    -0.10000002384185791,
    -0.19999998807907104,
    -5.960464477539063e-8,
    0
  ],
  "minSolverContacts": 783,
  "maxSolverContacts": 860,
  "overloads": 0,
  "historicalInputs": [
    {
      "input": "src/vehicles/physics.ts",
      "snapshot": "Evidence/021/source-at-capture/src/vehicles/physics.ts",
      "reason": "Subsequent body adapter PBI022; exact measured source bytes preserved before extending the API"
    },
    {
      "input": "src/vehicles/index.ts",
      "snapshot": "Evidence/021/source-at-capture/src/vehicles/index.ts",
      "reason": "Subsequent body adapter PBI022; exact measured source bytes preserved before extending the API"
    },
    {
      "input": "src/vehicles/rapier/index.ts",
      "snapshot": "Evidence/021/source-at-capture/src/vehicles/rapier/index.ts",
      "reason": "Subsequent body adapter PBI022; exact measured source bytes preserved before extending the API"
    },
    {
      "input": "Docs/performance-budgets.json",
      "snapshot": "Evidence/021/performance-budgets-at-capture.json",
      "reason": "Subsequent admission subcontracts; measured protocol/thresholds preserved in snapshot"
    }
  ],
  "gpuTimerMs": null,
  "exactWasmMemoryBytes": null,
  "verification": "PASS: source/build bytes, protocol, capacities, physics and frame prototype budgets"
}
