npm warn Unknown env config "msvs-version". This will stop working in the next major version of npm. See `npm help npmrc` for supported config options.

> self-driving-academy@0.1.0 check
> npm run typecheck && npm run lint && npm run format:check && npm run check:architecture && npm test

npm warn Unknown env config "msvs-version". This will stop working in the next major version of npm. See `npm help npmrc` for supported config options.

> self-driving-academy@0.1.0 typecheck
> tsc --noEmit && tsc -p tsconfig.tests.json --noEmit

npm warn Unknown env config "msvs-version". This will stop working in the next major version of npm. See `npm help npmrc` for supported config options.

> self-driving-academy@0.1.0 lint
> eslint . --max-warnings 0

npm warn Unknown env config "msvs-version". This will stop working in the next major version of npm. See `npm help npmrc` for supported config options.

> self-driving-academy@0.1.0 format:check
> prettier --check "src/**/*.{ts,css}" "tests/**/*.ts" "tests/**/*.html" "scripts/**/*.mjs" "*.{json,js,html}"

Checking formatting...
All matched files use Prettier code style!
npm warn Unknown env config "msvs-version". This will stop working in the next major version of npm. See `npm help npmrc` for supported config options.

> self-driving-academy@0.1.0 check:architecture
> node scripts/verify-architecture.mjs

Architecture imports: PASS (90 TypeScript files)
Architecture negative probes: PASS (6 forbidden dependencies rejected)
Inspector exception negative probes: PASS (4 forbidden imports rejected)
Rapier adapter negative probes: PASS (3 forbidden imports rejected)
Renderer injection, readonly snapshots, defensive persistence and lifecycle: PASS
(node:107284) ExperimentalWarning: stripTypeScriptTypes is an experimental feature and might change at any time
(Use `node --trace-warnings ...` to show where the warning was created)
npm warn Unknown env config "msvs-version". This will stop working in the next major version of npm. See `npm help npmrc` for supported config options.

> self-driving-academy@0.1.0 test
> node --import ./scripts/register-typescript.mjs --test "tests/**/*.test.ts"

(node:74328) ExperimentalWarning: stripTypeScriptTypes is an experimental feature and might change at any time
(Use `node --trace-warnings ...` to show where the warning was created)
✔ ready and manual pause render without advancing ticks; resume excludes paused time (2.1049ms)
✔ visibility resumes only background pause; overload requires explicit recovery (1.2051ms)
✔ reload coalesces requests and never duplicates frames/listeners; errors and disposal release owners (0.4103ms)
✔ disposal during loading releases a late backend and never installs subscriptions (0.2546ms)
✔ initially hidden ready cannot start until foreground (0.2282ms)
✔ projection is frozen, presentation faults terminate, cleanup attempts every owner (0.4386ms)
✔ fixed-step faults and synchronous loader errors expose ERROR without retrying a step (0.4481ms)
(node:67968) ExperimentalWarning: stripTypeScriptTypes is an experimental feature and might change at any time
(Use `node --trace-warnings ...` to show where the warning was created)
✔ loss captures the same authoritative tick/body after suspension, retries preserve immutable RAM (3.0009ms)
✔ twenty reload/resize cycles plateau, coalescing and old loss callback cannot recreate a session (1.0409ms)
✔ failure in resize reconstructs once; invalid capture disables stale checkpoint retry (0.4383ms)
✔ disposal during pending construction releases late candidate; no renderer resurrection (0.4938ms)
✔ GPU loss while factory is pending becomes retryable ERROR and candidate disposed (0.3126ms)
✔ RAM capture rejects accessors, nonfinite, cycles, sparse arrays and capacity without reading getters (0.8965ms)
✔ application keeps its simulation, tick, RAF and subscriptions across renderer failure/retry (1.7777ms)
(node:46152) ExperimentalWarning: stripTypeScriptTypes is an experimental feature and might change at any time
(Use `node --trace-warnings ...` to show where the warning was created)
✔ VehicleCommand: JSON roundtrip, immutable defensive copy (2.3814ms)
✔ VehicleCommand: rejects all nonfinite numeric leaves (1.4593ms)
✔ VehicleCommand: rejects unknown shape, extra/missing fields, unsupported versions (0.7801ms)
✔ VehicleState: JSON roundtrip, immutable defensive copy (1.1622ms)
✔ VehicleState: rejects all nonfinite numeric leaves (1.5724ms)
✔ VehicleState: rejects unknown shape, extra/missing fields, unsupported versions (0.6321ms)
✔ Ride: JSON roundtrip, immutable defensive copy (0.4464ms)
✔ Ride: rejects all nonfinite numeric leaves (0.5289ms)
✔ Ride: rejects unknown shape, extra/missing fields, unsupported versions (1.0797ms)
✔ SimulationEvent: JSON roundtrip, immutable defensive copy (0.6075ms)
✔ SimulationEvent: rejects all nonfinite numeric leaves (0.37ms)
✔ SimulationEvent: rejects unknown shape, extra/missing fields, unsupported versions (0.3663ms)
✔ InterventionSegment: JSON roundtrip, immutable defensive copy (1.8354ms)
✔ InterventionSegment: rejects all nonfinite numeric leaves (8.8085ms)
✔ InterventionSegment: rejects unknown shape, extra/missing fields, unsupported versions (0.9048ms)
✔ TelemetrySample: JSON roundtrip, immutable defensive copy (0.5705ms)
✔ TelemetrySample: rejects all nonfinite numeric leaves (3.8291ms)
✔ TelemetrySample: rejects unknown shape, extra/missing fields, unsupported versions (0.3787ms)
✔ DrivingProfile: JSON roundtrip, immutable defensive copy (0.7229ms)
✔ DrivingProfile: rejects all nonfinite numeric leaves (0.7231ms)
✔ DrivingProfile: rejects unknown shape, extra/missing fields, unsupported versions (0.8142ms)
✔ ParameterEvidence: JSON roundtrip, immutable defensive copy (0.1271ms)
✔ ParameterEvidence: rejects all nonfinite numeric leaves (0.2393ms)
✔ ParameterEvidence: rejects unknown shape, extra/missing fields, unsupported versions (0.3235ms)
✔ unknown data never executes getters or coercion; inherited fields/symbols/sparse arrays rejected (0.4403ms)
✔ vehicle normalized controls, tick identity, quaternion and enums (0.5203ms)
✔ ride terminal metadata and assignment chronology (0.3391ms)
✔ all event discriminants roundtrip with their specific validated payload (2.853ms)
✔ event payload discrimination, entity references and reset/activation chronology (0.4489ms)
✔ segments reject mode eligibility, mismatched world/vehicle/source, unordered ticks and partial closure (1.4237ms)
✔ profiles preserve unknown observations and reserved data without fabricated evidence (0.6024ms)
✔ current design catalog can be carried structurally without implementing its parameter registry (1.5807ms)
(node:45144) ExperimentalWarning: stripTypeScriptTypes is an experimental feature and might change at any time
(Use `node --trace-warnings ...` to show where the warning was created)
✔ duplicates and retries consume each identity once even after listeners fail (3.0668ms)
✔ stable declared order, type filtering and publication order within tick (1.0024ms)
✔ unsubscribe is idempotent and immediate; subscribe during dispatch starts next event (0.3852ms)
✔ rejects invalid, stale, foreign and late events without consuming capacity (0.5583ms)
✔ dedup is fail-closed at capacity; epoch invalidation rejects retired worlds (0.5816ms)
✔ reentrant publication and lifecycle changes fail before nested effects (0.3368ms)
✔ validated copies are immutable and owned; resources are capped and disposed (1.2151ms)
(node:37040) ExperimentalWarning: stripTypeScriptTypes is an experimental feature and might change at any time
(Use `node --trace-warnings ...` to show where the warning was created)
✔ 30/60 frame schedules preserve tick-addressed commands and duration over ten simulated minutes (368.2143ms)
✔ first frame anchors time; fractional boundaries produce previous/current interpolation (0.3118ms)
✔ catchup executes at most four constant steps and retains the rest of debt (0.2994ms)
✔ overload pauses before steps; explicit recovery drains preserved debt without new wall time (0.725ms)
✔ 250 ms threshold is inclusive and a larger debt explicitly overloads (0.2277ms)
✔ manual and background pauses exclude stopped time and retain fractional debt (0.2735ms)
✔ pause accounts only the active interval to its boundary, and recovery can itself pause (0.5876ms)
✔ invalid or regressing clocks are rejected without poisoning clock or loop state (0.7474ms)
✔ snapshot ownership is defensive, nested immutable and safe after later steps/disposal (0.3491ms)
✔ step/capture/interpolate failures are explicit terminal faults and never retry an executed step (0.4317ms)
✔ reentrant operations are rejected; uncaught reentrancy produces a fault (0.5888ms)
✔ snapshot plain-tree boundary rejects accessors/cycles/exotic objects; null snapshots are valid (0.4624ms)
✔ initial tick keeps addressed identity while elapsed simulated time starts at zero (0.1996ms)
(node:51024) ExperimentalWarning: stripTypeScriptTypes is an experimental feature and might change at any time
(Use `node --trace-warnings ...` to show where the warning was created)
✔ five-repeat medians/ranges preserve paired negative observer deltas and counters (5.9911ms)
✔ unsupported/pending GPU remains null; partial availability reports actual repetitions (1.6269ms)
✔ rejects smoke, interrupted protocol, invalid dimensions and lost focus (10.4808ms)
✔ rejects missing/duplicate pairs and inconsistent/nonfinite sample statistics (1.5647ms)
✔ rejects hardware/profile/build/digest inconsistency and wrong phase attribution (1.5671ms)
✔ phase wall delta does not invalidate a full RAF duration when callback latencies differ (0.4622ms)
✔ explicit-path CLI emits one compact JSON record, rejects invalid input, and never rewrites evidence (397.3167ms)
(node:83776) ExperimentalWarning: stripTypeScriptTypes is an experimental feature and might change at any time
(Use `node --trace-warnings ...` to show where the warning was created)
✔ nearest rank percentiles, histogram and strict budget on known data (1.4434ms)
✔ collector caps allocations, reports overflow and rejects lifecycle misuse (1.0986ms)
✔ disabled collector allocates no sample buffers and unavailable APIs never become zero (0.1751ms)
✔ reports require five complete pairs, own metadata, preserve missing data and reject nonfinite values (2.9433ms)
✔ hardware baseline rejects short durations, overflow and missing pair identity (0.6443ms)
(node:106304) ExperimentalWarning: stripTypeScriptTypes is an experimental feature and might change at any time
(Use `node --trace-warnings ...` to show where the warning was created)
✔ headless: advances 12 ticks and captures states/events without renderer (3.3867ms)
✔ zero ticks captures initial state and validates seed/tick boundaries (0.4103ms)
✔ capture owns copies even when an adapter reuses mutable state and events (0.2557ms)
✔ scenario oracle rejects corrupted state and event evidence (1.9678ms)
(node:100736) ExperimentalWarning: stripTypeScriptTypes is an experimental feature and might change at any time
(Use `node --trace-warnings ...` to show where the warning was created)
✔ versioned identity and RNG golden vectors fix encoding and algorithm (2.717ms)
✔ IDs preserve boundaries, namespace, kind and exact Unicode code units (0.38ms)
✔ inserted events and reversed evaluation preserve addressed opportunity samples (0.8312ms)
✔ seed scopes and sample purpose/index distinguish fixed fixtures (0.203ms)
✔ JSON restart reproduces samples from version, seed, purpose and index only (0.2105ms)
✔ unit samples are exact uint32 fractions in the half-open unit interval (9.6278ms)
✔ unknown invalid inputs fail without coercion or accessor execution (1.4972ms)
(node:44524) ExperimentalWarning: stripTypeScriptTypes is an experimental feature and might change at any time
(Use `node --trace-warnings ...` to show where the warning was created)
✔ 80 unique keys, 24 M targets; planned stages grant no capabilities (3.2408ms)
✔ every key validates default, inclusive bounds, canonical unit and finite range (7.6002ms)
✔ publication gate rejects LEARNED and manual tuning for all unsupported keys (18.3653ms)
✔ publication gate rejects unknown keys, wrong units and invalid ranges for all provenance (0.7318ms)
✔ publication retains structural evidence and provenance checks and roundtrip (0.414ms)
✔ malformed catalog rejects schema, shape, duplicate/unknown keys and invalid definitions (11.0634ms)
✔ registry and parsed catalog are defensive immutable data (1.6042ms)
✔ generated runtime catalog is synchronized with canonical JSON (346.4093ms)
(node:102028) ExperimentalWarning: stripTypeScriptTypes is an experimental feature and might change at any time
(Use `node --trace-warnings ...` to show where the warning was created)
✔ GLB preflight accepts original embedded geometry and bounds decoded bytes (1.3181ms)
✔ GLB header and truncated JSON reject before Babylon resource creation (0.1733ms)
✔ embedded PNG size is admitted before decode and oversized dimensions reject (0.2559ms)
✔ geometry primitive vertex budget rejects before Babylon (0.1664ms)
(node:73920) ExperimentalWarning: stripTypeScriptTypes is an experimental feature and might change at any time
(Use `node --trace-warnings ...` to show where the warning was created)
✔ WebGPU preferred, scene owned, disposal exactly once in dependency order (2.4597ms)
✔ unavailable or throwing support check uses only WebGL2 (0.3974ms)
✔ WebGL2 preference skips WebGPU support completely (0.1554ms)
✔ init failure cleans engine before fallback on a distinct canvas (0.215ms)
✔ scene failure reconstructs a new scene after disposing all tentative resources (0.4906ms)
✔ both fail with recoverable aggregate; cleanup exceptions do not stop engine/canvas release (0.6635ms)
(node:99468) ExperimentalWarning: stripTypeScriptTypes is an experimental feature and might change at any time
(Use `node --trace-warnings ...` to show where the warning was created)
✔ fixed ring retains recent values, exact percentiles and bounded numeric bytes (2.1107ms)
✔ missing timers stay unavailable; fresh measured GPU zero remains valid (0.2044ms)
✔ disabled collector performs no admission and reenabling starts a fresh window (0.3396ms)
✔ counter projections are copied/frozen and invalid capacity/counters reject (0.2925ms)
(node:78236) ExperimentalWarning: stripTypeScriptTypes is an experimental feature and might change at any time
(Use `node --trace-warnings ...` to show where the warning was created)
✔ error then retry, one frame/resize subscription, idempotent disposal (1.5198ms)
✔ concurrent retry is coalesced; dispose during pending initialization releases late backend (0.3007ms)
✔ render failure stops loop, cleans resources and exposes retry (0.3731ms)
✔ cleanup failures clear every owner and still permit retry (0.7501ms)
✔ synchronous factory failure does not poison the pending retry promise (0.2267ms)
BJS - [13:23:45]: Babylon.js v9.29.0 - Null engine
BJS - [13:23:45]: Babylon.js v9.29.0 - Null engine
BJS - [13:23:45]: Babylon.js v9.29.0 - Null engine
BJS - [13:23:45]: Babylon.js v9.29.0 - Null engine
(node:96252) ExperimentalWarning: stripTypeScriptTypes is an experimental feature and might change at any time
(Use `node --trace-warnings ...` to show where the warning was created)
✔ explicit DPR caps/resolution scaling, immutable limits and invalid input rejection (1.3573ms)
✔ adaptive windows require GPU evidence, hysteresis/cooldown and manual override (2.3149ms)
✔ daylight quality switches preserve materials/signals/domain and release shadows without accumulation (65.7908ms)
✔ bounded caster registry and atomic quality validation (9.0821ms)
✔ removed active caster is refilled deterministically; foreign/disposed meshes rejected (5.299ms)
✔ automatic presentation port applies GPU downgrade and manual preferences stop it (1.9852ms)
BJS - [13:23:45]: Babylon.js v9.29.0 - Null engine
BJS - [13:23:45]: Babylon.js v9.29.0 - Null engine
BJS - [13:23:45]: Babylon.js v9.29.0 - Null engine
BJS - [13:23:45]: Babylon.js v9.29.0 - Null engine
(node:63012) ExperimentalWarning: stripTypeScriptTypes is an experimental feature and might change at any time
(Use `node --trace-warnings ...` to show where the warning was created)
✔ manifest rejects cumulative first-ride/decoder/GPU/shader budgets without confusing transfer with residency (3.2243ms)
✔ local LOD batches preserve picking after motion/removal/reorder, copy inputs and dispose owned resources (28.9736ms)
✔ two LOD hosts admit identity capacity atomically before changing any matrix/count (5.8428ms)
✔ LOD retains near detail when a large scaled source reaches the camera (7.0407ms)
✔ twenty static material lifecycle cycles plateau; capacity admission preserves existing batches (35.8442ms)
(node:97064) ExperimentalWarning: stripTypeScriptTypes is an experimental feature and might change at any time
(Use `node --trace-warnings ...` to show where the warning was created)
✔ known tick midpoint, endpoints, wheel continuous rotations and frozen authority (2.0276ms)
✔ fixed loop alpha drives render projection without altering the captured body (1.8925ms)
✔ shortest arc slerp of orientations and equivalent negative quaternion (0.3798ms)
✔ missing, reset, reused, skipped and backwards snapshots snap to current (0.508ms)
✔ alpha clamps, nonfinite snaps, invalid snapshot rejected before presentation (0.718ms)
(node:61084) ExperimentalWarning: stripTypeScriptTypes is an experimental feature and might change at any time
(Use `node --trace-warnings ...` to show where the warning was created)
✔ visual boundary accepts readonly domain pose without changing it (1.5354ms)
✔ visual identity validates epochs at presentation boundary (0.3319ms)
(node:57440) ExperimentalWarning: stripTypeScriptTypes is an experimental feature and might change at any time
(Use `node --trace-warnings ...` to show where the warning was created)
✔ selection changes only camera, target identity is independent of authority (1.6614ms)
✔ damping is time-based, stable zero-motion and speed-dependent distance brakes inward (0.5338ms)
✔ driver eye is inside cabin and follows turn/roll exactly with adjustable FOV (1.5135ms)
✔ look clamps and recenter, reuse resets visual damping and look (0.3092ms)
✔ expanded-AABB sphere sweep prevents thin-wall tunneling and corrects start penetration (0.435ms)
✔ collision correction runs after damping and on motion path, fail-safe and invalid input (0.3794ms)
BJS - [13:23:45]: Babylon.js v9.29.0 - Null engine
BJS - [13:23:45]: Babylon.js v9.29.0 - Null engine
BJS - [13:23:45]: Babylon.js v9.29.0 - Null engine
BJS - [13:23:45]: Babylon.js v9.29.0 - Null engine
BJS - [13:23:45]: Babylon.js v9.29.0 - Null engine
BJS - [13:23:45]: Babylon.js v9.29.0 - Null engine
(node:78996) ExperimentalWarning: stripTypeScriptTypes is an experimental feature and might change at any time
(Use `node --trace-warnings ...` to show where the warning was created)
✔ nearest mesh/root and ordinary instance identities remain distinct; decor blocks (26.9739ms)
✔ thin batch maps real ray hit index, remaps atomically, and rejects stale count (5.9868ms)
✔ foreign/disposed objects, malformed IDs and capacity are rejected without destructive replacement (5.9005ms)
✔ optional013 resolver maps descendants while thin instances never inherit host identity (3.0338ms)
✔ native pointer scans are disabled and restored; disposed picker does not scan (1.3095ms)
✔ input maps CSS to render pixels once; move is scan-free; modal/drag/cancel/UI/cleanup block clicks (4.6177ms)
✔ hover is explicit opt-in, disabled/modal state prevents scans (0.5768ms)
✔ hardware scaling and aggregate thin capacity retain correct identity (3.8111ms)
(node:46556) ExperimentalWarning: stripTypeScriptTypes is an experimental feature and might change at any time
(Use `node --trace-warnings ...` to show where the warning was created)
✔ defaults and valid alternate settings round-trip as deeply frozen owned data (2.2692ms)
✔ all control sliders enforce finite UI domains, FOV degrees and version bounds (2.0663ms)
✔ binding conflicts, unknown actions and unsupported keys are rejected (0.5407ms)
✔ units, quality and launch configuration reject invalid or learned fields (0.9593ms)
✔ data readers reject accessors and exotic objects without executing getters (0.4373ms)
✔ replacement is atomic, owns input copies and enforces player/control version (1.3432ms)
✔ reset restores settings independently and cannot touch profiles or progression (0.7167ms)
✔ revision exhaustion rejects reset without changing the snapshot (0.3941ms)
✔ quality and launch reset preserve control identity and stay independent of population (0.8815ms)
(node:66740) ExperimentalWarning: stripTypeScriptTypes is an experimental feature and might change at any time
(Use `node --trace-warnings ...` to show where the warning was created)
✔ opaque fractional/subnormal handles are fenced by exact registration, without tombstones (2.2588ms)
✔ admission caps subscriptions and active entities before registration (1.5202ms)
✔ old unsubscribe never decrements subscriptions belonging to a reused entity (0.1933ms)
✔ dispatch rejects stale ticks, removal/recreation and reentrant newer publication (0.3605ms)
✔ conversions copy SI values and quaternion exactly; invalid quaternion is rejected (0.3678ms)
✔ same-tick reentrant publication delivers only the fresh state to later callbacks (0.3114ms)
(node:47744) ExperimentalWarning: stripTypeScriptTypes is an experimental feature and might change at any time
(Use `node --trace-warnings ...` to show where the warning was created)
✔ real Rapier readback drives Babylon Matrix: translated +90Y, +Z becomes +X, velocity stays SI (77.7676ms)
✔ 20 full-capacity create/remove cycles release controllers, colliders, maps and callbacks (262.3357ms)
✔ callback removes a body during dispatch and another world rejects its old token (3.8077ms)
✔ same-tick nested Rapier publication fences stale callbacks and later bodies in outer batch (1.1504ms)
(node:60456) ExperimentalWarning: stripTypeScriptTypes is an experimental feature and might change at any time
(Use `node --trace-warnings ...` to show where the warning was created)
✔ braking curves are speed squared, brake strength and grip dependent (287.5307ms)
✔ curb suspension, car collision transfer and CCD wall remain finite (43.0954ms)
✔ steering changes trajectory under low and high grip (12.5537ms)
✔ identical 60Hz physics at 30/60/144 render FPS, including settings (20.3018ms)
✔ many-contact fixture retains cars and simplified colliders outside camera (2217.8018ms)
✔ invalid batch is rejected before applying commands; caps prevent admission (1.0295ms)
(node:4208) ExperimentalWarning: stripTypeScriptTypes is an experimental feature and might change at any time
(Use `node --trace-warnings ...` to show where the warning was created)
✔ global serial priority, cancel acknowledgement and restart publish once (7.8097ms)
✔ queue/bytes caps reject optional while protected capacity suspends without detachment (8.6255ms)
✔ pressure pending, idle resume, cancellation preserves exact protected evidence (1.4953ms)
✔ optional lease bounded history, errors and disposal release ownership (9.4817ms)
✔ deferred persistence ingress is separately bounded at a full execution queue (1.458ms)
✔ operation identity distinct, completed durable proposals do not execute twice (2.2925ms)
✔ dispose during deferred retention preserves evidence and releases ingress reservations (27.1834ms)
✔ cancel during async protected completion retains evidence without recoverable result (3.5238ms)
✔ persistence failure never publishes, observer exceptions do not leak ownership (0.5721ms)
✔ dispose during async completion withdraws proposal while retaining evidence (1.0538ms)
(node:4208) ExperimentalWarning: stripTypeScriptTypes is an experimental feature and might change at any time
(Use `node --trace-warnings ...` to show where the warning was created)
✔ real worker transfer leaves live buffers attached and preempts between slices (129.3226ms)
(node:107960) ExperimentalWarning: stripTypeScriptTypes is an experimental feature and might change at any time
(Use `node --trace-warnings ...` to show where the warning was created)
✔ strict envelope validates identities, discriminants, bytes and controls (1.4457ms)
✔ late, duplicate, out-of-order and mismatched packets cannot publish (1.5113ms)
✔ cancel sends one control, late result remains cancelled; worker errors release capacity (1.035ms)
✔ queue/history/bytes/age stay bounded and do not silently admit protected work (8.0221ms)
✔ runtime throttles progress at 5Hz and disposes task resources (11.7937ms)
(node:107960) ExperimentalWarning: stripTypeScriptTypes is an experimental feature and might change at any time
(Use `node --trace-warnings ...` to show where the warning was created)
✔ real worker yields to cancellation, runs next job, transfers buffers and handles task failure (92.6932ms)
ℹ {"cancelMs":5.536600000000021,"trackedJobs":0,"trackedBytes":0}
✔ cleanup and progress observer exceptions cannot block later jobs (5.9192ms)
✔ runtime watermark rejects old replay after history eviction; byte cap rejects excessive queue (7.2227ms)
✔ parser rejects nonenumerable identities and fields without invoking getters (0.3166ms)
(node:64868) ExperimentalWarning: stripTypeScriptTypes is an experimental feature and might change at any time
(Use `node --trace-warnings ...` to show where the warning was created)
✔ swept traversal detects a zone and stop line even when both endpoints are outside (8.7165ms)
✔ empty, hidden, inactive or geometrically irrelevant pedestrians create no exposure (2.1247ms)
✔ obstacles have separate identities and do not count as pedestrian exposure (1.9086ms)
✔ stationary points, tangential travel and line departure do not duplicate a crossing (2.1213ms)
✔ concave polygons use their actual footprint rather than bounding boxes (1.2246ms)
✔ data is owned/frozen; observations remain bounded and input failures are explicit (1.8601ms)
✔ capacity retains every relevant observation and never truncates a last pedestrian (9.7482ms)
(node:53084) ExperimentalWarning: stripTypeScriptTypes is an experimental feature and might change at any time
(Use `node --trace-warnings ...` to show where the warning was created)
✔ cross separates perpendicular crossing from parallel opposing travel (9.6833ms)
✔ T crossing, shared entry, and separated turns produce different relations (4.5056ms)
✔ turn merges are explicit semantic conflicts and separated right turns remain compatible (3.7367ms)
✔ authored conflict zones remain independent from geometry and never imply priority (1.8483ms)
✔ stable identities symmetric queries, readonly snapshots and bounded retained state (6.0411ms)
✔ corridor width, tangency, collinear overlap and bridge height are explicit geometric semantics (0.4684ms)
✔ invalid data/options fail rather than silently dropping semantic conflicts (1.2246ms)
✔ geometry construction budget aborts explicitly on authored pathological paths (844.679ms)
✔ pair capacity rejects the whole map before quadratic geometry, never truncates conflicts (24.5583ms)
✔ shared authored geometry reuses immutable trajectories and zone arrays (1.0692ms)
(node:33848) ExperimentalWarning: stripTypeScriptTypes is an experimental feature and might change at any time
(Use `node --trace-warnings ...` to show where the warning was created)
✔ one-way topology never invents reverse edges or undeclared turns (7.9009ms)
✔ parallel neighbors and all edges respect source/destination access classes (2.3213ms)
✔ REVERSE reverses geometry, direction, progress and allowed successors (1.7649ms)
✔ current lane uses directed polyline projection/width/height and no meshes; off-graph remains null (2.5443ms)
✔ intersection gaps do not fabricate lanes from movement or visual geometry (1.0597ms)
✔ deterministic ambiguity ties ignore lane input order; heading disambiguates (2.4123ms)
✔ owned graph data/projections are frozen and unaffected by caller mutations (1.7619ms)
✔ unknown IDs return empty results; invalid queries/maps/classes fail before execution (1.9411ms)
✔ schema-size ring remains finite and loop-safe without recursive graph traversal (107.466ms)
✔ height and slope distinguish an overpass from overlapping planar geometry (1.3666ms)
✔ bounded index matches exhaustive projection and oversized geometry always uses complete fallback (11.334ms)
✔ spatial reference capacity falls back without dropping a permitted lane (16.5239ms)
(node:72504) ExperimentalWarning: stripTypeScriptTypes is an experimental feature and might change at any time
(Use `node --trace-warnings ...` to show where the warning was created)
✔ minimal semantic map is deterministic and deeply immutable (8.6869ms)
✔ rejects duplicate geometry ID (0.7886ms)
✔ rejects duplicate semantic ID (1.4525ms)
✔ rejects dangling geometry node (0.7066ms)
✔ rejects dangling lane geometry (0.587ms)
✔ rejects duplicate successor (0.5649ms)
✔ rejects dangling successor (0.6794ms)
✔ rejects self successor (0.6978ms)
✔ rejects direct continuation opposite endpoints (1.2088ms)
✔ rejects intersection directed endpoint outside footprint (0.6912ms)
✔ rejects intersection omitted membership (0.7608ms)
✔ rejects intersection dangling membership (0.7632ms)
✔ rejects movement missing successor (0.6679ms)
✔ rejects successor without movement (0.8261ms)
✔ rejects movement endpoint direction (0.6253ms)
✔ rejects movement incoming to incoming (0.5492ms)
✔ rejects dangling conflict zone (0.6018ms)
✔ rejects duplicate movement pair (0.4624ms)
✔ rejects neighbor dangling (0.5923ms)
✔ rejects neighbor self (0.8239ms)
✔ rejects neighbor not reciprocal (0.5374ms)
✔ rejects signal dangling intersection (0.5935ms)
✔ rejects phase unknown movement (0.563ms)
✔ rejects phase repeated assignment (0.594ms)
✔ rejects phase incomplete (0.7176ms)
✔ rejects stop dangling lane (1.0917ms)
✔ rejects stop wrong anchor (1.0084ms)
✔ rejects stop signal absent (0.7926ms)
✔ rejects stop signal dangling (0.8237ms)
✔ rejects STOP missing intersection (0.7523ms)
✔ rejects crosswalk wrong stop kind (0.7361ms)
✔ rejects crosswalk lane not covered (0.7043ms)
✔ rejects crosswalk orphan stop (0.7399ms)
✔ rejects service wrong anchor (0.677ms)
✔ rejects service anchor outside area bbox (0.5974ms)
✔ rejects service inaccessible class (0.6898ms)
✔ rejects service unreachable graph (1.0343ms)
✔ rejects recovery dangling node (0.6895ms)
✔ rejects recovery off lane (0.6608ms)
✔ rejects bounds reversed (0.4835ms)
✔ rejects position out of bounds (0.5338ms)
✔ rejects path zero length alias (0.4506ms)
✔ rejects area degenerate (0.8069ms)
✔ rejects width zero (0.4097ms)
✔ rejects access repeated (0.4598ms)
✔ signal programs permit separated movement phases and reject conflicting simultaneous greens (1.3476ms)
✔ class-specific connectivity ignores lanes inaccessible to that class (1.1403ms)
✔ neighbors require reciprocal links and compatible directed corridors (1.8956ms)
✔ errors carry offending ID, position and stable field path (0.6501ms)
✔ strict structure rejects hidden fields, accessors, prototypes, symbols and sparse arrays (2.2008ms)
✔ all numeric fields reject nonfinite data and numeric strings (81.4911ms)
✔ array capacity rejects before graph traversal and finite cycles terminate deterministically (1.1645ms)
✔ input mutations after parsing and rejected validation never alter published data (1.2749ms)
✔ STOP regulation and reversed stored geometry remain valid when their semantic direction agrees (0.5502ms)
✔ signal phases reject foreign-intersection movements and simultaneous merges (1.7417ms)
✔ structural field errors retain a validated object ID without executing accessors (0.3658ms)
(node:97008) ExperimentalWarning: stripTypeScriptTypes is an experimental feature and might change at any time
(Use `node --trace-warnings ...` to show where the warning was created)
✔ strict exhaustive authored policy roundtrips JSON; reciprocal queries return the same rule (15.954ms)
✔ T-junction policy uses only its authored geometric straight and turning conflicts (4.0032ms)
✔ priority policy rejects omissions, contradictory pairs, wrong map, foreign winners and compatible geometry (13.2684ms)
✔ TTC uses metres/metres-per-second; stationary approach, occupying and cleared remain distinct (0.4091ms)
✔ absent/inactive/stationary-before-entry/cleared traffic never records refusal or yield (16.3972ms)
✔ eligible higher-priority traffic exposes blocked gap and one continuous hold records yield (6.7767ms)
✔ geometric crossing with actual priority exposure is observed; available gap produces no refusal evidence (7.5345ms)
✔ EQUAL stays unresolved and never invents a universal right-side or yielding obligation (4.2541ms)
✔ unknown traffic coverage/distance/route and discontinuity fail closed rather than reporting a safe gap (13.25ms)
✔ multiple opponents for one relation never duplicate the physical yield observation (4.6951ms)
✔ cumulative movement invalidates hold even when each small step is below tolerance (3.7977ms)
✔ new incarnation/epoch never inherits evidence; bounded history and tombstones fail closed (4.6128ms)
✔ malformed, duplicated, oversized and conflicting observations reject before history mutation (7.2035ms)
✔ active unobservable traffic masks known blocked pairs independently of actor ordering (6.3677ms)
✔ stationary at the conflict entry is occupying and cannot record a pre-entry yield (2.117ms)
✔ a continuous sweep through full clearance retains actual occupied-priority crossing evidence (9.6495ms)
✔ simultaneous conflict pairs share one physical yield and changed exposure cannot inherit elapsed hold (8.271ms)
(node:96664) ExperimentalWarning: stripTypeScriptTypes is an experimental feature and might change at any time
(Use `node --trace-warnings ...` to show where the warning was created)
✔ full cycles query only the selected movement and preserve exact tick boundaries (16.4242ms)
✔ phase state/events remain readonly and independent from caller map mutation (4.6821ms)
✔ GREEN phase validates geometric conflict despite missing shared-zone authoring (5.3025ms)
✔ fixed-tick loop pause and resume do not advance signal phases in wall time (3.5474ms)
✔ listener failures are returned once, reentry rejected, and retry same tick does not duplicate events (3.3043ms)
✔ event transport capacity failure retains a bounded transition and never advances time silently (3.3653ms)
✔ phase event JSON decoding is defensive and rejects malformed or ambiguous states (4.2788ms)
✔ single immutable phase emits no false change; fractional duration quantizes upward deterministically (2.7059ms)
✔ stale world is rejected even for a duplicate controller tick (2.2853ms)
✔ failed publication rejects signal queries until explicit retry/recovery (2.7807ms)
✔ multi-signal publication failure preserves accepted-prefix failures and retries only the remainder (4.031ms)
(node:70184) ExperimentalWarning: stripTypeScriptTypes is an experimental feature and might change at any time
(Use `node --trace-warnings ...` to show where the warning was created)
✔ full stop uses observed consecutive dwell; crossing is a separate idempotent bus event (12.5558ms)
✔ rolling stop, slow reported speed with drift, and no-brake passage never fabricate FULL_STOP (11.6664ms)
✔ line contact permits stationary stop; actual forward passage then emits crossing exactly once (3.3347ms)
✔ speed threshold, far upstream and wrong heading cannot create complete-stop evidence (10.5724ms)
✔ missing ticks, teleport, reverse crossing, height and finite line ends do not invent traversal (9.6108ms)
✔ stale/conflicting ticks, context and nonfinite data reject without advancing history (1.706ms)
✔ ID reuse cannot inherit stop evidence or admit a retired incarnation; real epoch resets history (1.4781ms)
✔ bounded history fails closed; frozen map geometry and transverse direction stay stable (2.4606ms)
✔ directed reverse geometry and consecutive STOP lines preserve distinct opportunities (3.4832ms)
✔ calibration/accessor boundaries and long valid identities remain safe (2.0732ms)
ℹ tests 316
ℹ suites 0
ℹ pass 316
ℹ fail 0
ℹ cancelled 0
ℹ skipped 0
ℹ todo 0
ℹ duration_ms 3310.0912
