
> self-driving-academy@0.1.0 check
> npm run typecheck && npm run lint && npm run format:check && npm run check:architecture && npm test


> self-driving-academy@0.1.0 typecheck
> tsc --noEmit && tsc -p tsconfig.tests.json --noEmit


> self-driving-academy@0.1.0 lint
> eslint . --max-warnings 0


> self-driving-academy@0.1.0 format:check
> prettier --check "src/**/*.{ts,css}" "tests/**/*.ts" "tests/**/*.html" "scripts/**/*.mjs" "*.{json,js,html}"

Checking formatting...
All matched files use Prettier code style!

> self-driving-academy@0.1.0 check:architecture
> node scripts/verify-architecture.mjs

Architecture imports: PASS (114 TypeScript files)
Architecture negative probes: PASS (6 forbidden dependencies rejected)
Inspector exception negative probes: PASS (4 forbidden imports rejected)
Rapier adapter negative probes: PASS (3 forbidden imports rejected)
Renderer injection, readonly snapshots, defensive persistence and lifecycle: PASS

> self-driving-academy@0.1.0 test
> node --import ./scripts/register-typescript.mjs --test "tests/**/*.test.ts"

(node:32116) ExperimentalWarning: stripTypeScriptTypes is an experimental feature and might change at any time
(Use `node --trace-warnings ...` to show where the warning was created)
✔ ready and manual pause render without advancing ticks; resume excludes paused time (5.0331ms)
✔ visibility resumes only background pause; overload requires explicit recovery (1.2271ms)
✔ reload coalesces requests and never duplicates frames/listeners; errors and disposal release owners (0.3958ms)
✔ disposal during loading releases a late backend and never installs subscriptions (0.4883ms)
✔ initially hidden ready cannot start until foreground (1.0599ms)
✔ projection is frozen, presentation faults terminate, cleanup attempts every owner (0.507ms)
✔ fixed-step faults and synchronous loader errors expose ERROR without retrying a step (0.4237ms)
(node:79104) ExperimentalWarning: stripTypeScriptTypes is an experimental feature and might change at any time
(Use `node --trace-warnings ...` to show where the warning was created)
✔ loss captures the same authoritative tick/body after suspension, retries preserve immutable RAM (2.8848ms)
✔ twenty reload/resize cycles plateau, coalescing and old loss callback cannot recreate a session (1.5724ms)
✔ failure in resize reconstructs once; invalid capture disables stale checkpoint retry (0.4236ms)
✔ disposal during pending construction releases late candidate; no renderer resurrection (0.3324ms)
✔ GPU loss while factory is pending becomes retryable ERROR and candidate disposed (0.3053ms)
✔ RAM capture rejects accessors, nonfinite, cycles, sparse arrays and capacity without reading getters (0.6252ms)
✔ application keeps its simulation, tick, RAF and subscriptions across renderer failure/retry (2.0665ms)
(node:103096) ExperimentalWarning: stripTypeScriptTypes is an experimental feature and might change at any time
(Use `node --trace-warnings ...` to show where the warning was created)
✔ all six states and concurrent priorities have exact reason codes and owned transition snapshots (2.4815ms)
✔ absence, foreign, future/stale, discontinuous and incomplete source are blocked before any requested maneuver (0.9951ms)
✔ versioned parsers reject getters, exotic/sparse and oversized data without changing accepted owner state (0.9713ms)
✔ published044 projection keeps actual source age, used completeness and shared profile semantics without retaining geometry (31.3363ms)
✔ 219 invokes periodic decisions only in deterministic phases, urgent offphase reads fresh044, input/controller remain60Hz (141.7779ms)
✔ authority change clears decision without allowing tick regression and does not commandeer MANUAL/LEARNING (0.3994ms)
✔ identity reuse, epoch resets and atomic capacity admission fence stale callbacks with bounded tombstones (0.6708ms)
✔ twenty full110actor lifecycle cycles retain only bounded current scalar projections and release all ownership (27.7749ms)
✔ 1024 protected epoch identities refuse new IDs atomically without tombstone eviction (2.3272ms)
(node:102112) ExperimentalWarning: stripTypeScriptTypes is an experimental feature and might change at any time
(Use `node --trace-warnings ...` to show where the warning was created)
✔ 049 preproduction reference uses actual033 directed geometry and explicit separate speed fixture (76.3508ms)
(node:64636) ExperimentalWarning: stripTypeScriptTypes is an experimental feature and might change at any time
(Use `node --trace-warnings ...` to show where the warning was created)
✔ 049 compiled routes use actual033 directedlane/TURN authored points and refuse fabricated tokens/gaps (17.1448ms)
✔ 049 left/right TURN preserves all authored intermediate geometry rather than joining only lane endpoints (3.5066ms)
✔ 049 actual steering matches independent exhaustive geometry without actuation/timer/longitudinal fields (4.5673ms)
✔ 049 sharp/too-tight/grade geometry and closed256vertex admission are explicit rather than teleported (14.2094ms)
✔ 049 null/stale/discontinuous/future/height/heading/reverse observations and overspeed have explicit reasons (2.1611ms)
✔ 049 posted speed/style and045 state only affect lateral control through explicit owner choices (1.5716ms)
✔ 049 authority/tick/mapversion/incarnation/epoch fences release routes without reopening old ticks (1.664ms)
✔ 049 malformed/getter/sparse/reentrant boundaries reject before owner mutation (1.7428ms)
✔ 049110owner/256geometry/1024protectedidentity capacities are atomic and20lifecycles release strong ownership (93.5081ms)
✔ 049 descriptor snapshots prevent unsafe caller re-read and mutable-object cache/TOCTOU reuse (1.6085ms)
(node:30292) ExperimentalWarning: stripTypeScriptTypes is an experimental feature and might change at any time
(Use `node --trace-warnings ...` to show where the warning was created)
✔ normal/dense contexts match exhaustive IDs, lanes, leaders, signals and conflicts at real authoritative ticks (358.321ms)
✔ lateral, opposite-direction and overpass vehicles never become false leaders (7.3935ms)
✔ cached context keeps source tick; urgent signal refresh occurs before six-tick cadence without clock/event resampling (15.6754ms)
✔ frame admission is atomic, duplicate snapshots canonical, contradictory/stale signal snapshots rejected (21.3776ms)
✔ unknown intent, offroad intent and absent/incomplete signals remain unknown, while junction intent selects the concrete movement (9.7695ms)
✔ a concrete route with incompatible current lane or access never makes its signal applicable (15.5902ms)
✔ priority uses explicit038 policy and supplied SI distances; local or incomplete traffic never creates a global AVAILABLE gap (14.2085ms)
✔ missing policy is explicit unknown; supplied distances change instantaneous predictions without producing temporal evidence (7.5755ms)
✔ session, epoch, incarnation and removal fences prevent stale contexts from surviving reuse (29.5944ms)
✔ capacity checks preserve prior ownership and all admitted dense contexts fit the110-entry cache (34.5883ms)
✔ twenty reset/lifecycle cycles clear frame/index/cache/identity ownership; returned snapshots stay frozen (391.7924ms)
✔ hostile data and duplicates are rejected without invoking accessors or retaining partial frame state (9.668ms)
✔ deep obstacle and polygon accessors and inherited array methods never execute during frame preparation (17.9386ms)
✔ obstacle/zone identities fence stale positions and removed incarnations; kinds remain stable within an epoch (31.4751ms)
✔ partial observation omissions preserve identities without creating removal tombstones (13.2207ms)
✔ per-epoch identity history has finite admission without dropping retained tombstones (139.803ms)
BJS - [03:29:18]: Babylon.js v9.29.0 - Null engine
(node:69008) ExperimentalWarning: stripTypeScriptTypes is an experimental feature and might change at any time
(Use `node --trace-warnings ...` to show where the warning was created)
✔ actual physical scheduling fixture preserves70controllers and can verify cleanup twice after native disposal (532.5332ms)
(node:63168) ExperimentalWarning: stripTypeScriptTypes is an experimental feature and might change at any time
(Use `node --trace-warnings ...` to show where the warning was created)
✔ successful acknowledgment consumes its real Response body only once (32.3933ms)
✔ HTTP rejection retains the actual status and server body (1.0486ms)
✔ malformed successful JSON cannot become an acknowledgment (0.4653ms)
(node:7796) ExperimentalWarning: stripTypeScriptTypes is an experimental feature and might change at any time
(Use `node --trace-warnings ...` to show where the warning was created)
✔ 068 browser proof rejects every driving mutator and unknown surface before any side effect (2.2859ms)
✔ 068 browser exact settlement rejects identity/transform/velocity/step independently (0.6709ms)
✔ 068 browser no-step bracket blocks integration and raw distributions reject incomplete/nonfinite samples (1.4233ms)
✔ 068 browser acquisition immediately owns raw disposal and attempts independent cleanup/readbacks after audit rejection (0.4086ms)
(node:97688) ExperimentalWarning: stripTypeScriptTypes is an experimental feature and might change at any time
(Use `node --trace-warnings ...` to show where the warning was created)
✔ first warm gap remains actual before acceptance and never invents completed native steps (1.639ms)
✔ four prior completed warm frames are bounded and cannot alias capture inputs/exports (0.5601ms)
✔ a returned warm callback cannot manufacture missing actual request origin (0.4274ms)
(node:37276) ExperimentalWarning: stripTypeScriptTypes is an experimental feature and might change at any time
(Use `node --trace-warnings ...` to show where the warning was created)
✔ bounded actual followup timeout cancels only its own RAF exactly once (0.9433ms)
✔ Window scheduling wrapper preserves strict native receivers for return and timeout paths (0.3153ms)
(node:107644) ExperimentalWarning: stripTypeScriptTypes is an experimental feature and might change at any time
(Use `node --trace-warnings ...` to show where the warning was created)
✔ first warm gap remains actual before acceptance and never invents completed native steps (1.2852ms)
✔ four prior completed warm frames are bounded and cannot alias capture inputs/exports (0.3629ms)
✔ a returned warm callback cannot manufacture missing actual request origin (0.4477ms)
(node:45924) ExperimentalWarning: stripTypeScriptTypes is an experimental feature and might change at any time
(Use `node --trace-warnings ...` to show where the warning was created)
✔ bounded actual followup timeout cancels only its own RAF exactly once (1.175ms)
✔ Window scheduling wrapper preserves strict native receivers for return and timeout paths (0.4783ms)
(node:33364) ExperimentalWarning: stripTypeScriptTypes is an experimental feature and might change at any time
(Use `node --trace-warnings ...` to show where the warning was created)
✔ replacement current canvas identity must advance before next acquisition (1.1181ms)
✔ missing DOM pointer/disconnected/changed id fails before world (0.1565ms)
✔ early renderer-only failure does not invent unacquired native zero (0.6647ms)
✔ acquired world after failure must prove actual native cleanup (0.1545ms)
✔ missing owned readback and repeated disposal attempt fail (0.1991ms)
✔ input owner retained targets/physical resources fail even with valid renderer (0.1237ms)
✔ explicit internal sizing cannot waive wrong CSS or DPR (0.1665ms)
✔ context-latch release failure remains real cleanup cause without inventing world (0.2586ms)
✔ actual browserScope disposer throw preserves primary and cleanup/readback causes with all owners attempted once (0.7386ms)
(node:48984) ExperimentalWarning: stripTypeScriptTypes is an experimental feature and might change at any time
(Use `node --trace-warnings ...` to show where the warning was created)
✔ first warm gap remains actual before acceptance and never invents completed native steps (1.3885ms)
✔ four prior completed warm frames are bounded and cannot alias capture inputs/exports (0.3218ms)
✔ a returned warm callback cannot manufacture missing actual request origin (0.3731ms)
(node:82512) ExperimentalWarning: stripTypeScriptTypes is an experimental feature and might change at any time
(Use `node --trace-warnings ...` to show where the warning was created)
✔ VehicleCommand: JSON roundtrip, immutable defensive copy (1.9059ms)
✔ VehicleCommand: rejects all nonfinite numeric leaves (1.3414ms)
✔ VehicleCommand: rejects unknown shape, extra/missing fields, unsupported versions (0.8881ms)
✔ VehicleState: JSON roundtrip, immutable defensive copy (0.4505ms)
✔ VehicleState: rejects all nonfinite numeric leaves (2.3023ms)
✔ VehicleState: rejects unknown shape, extra/missing fields, unsupported versions (0.4875ms)
✔ Ride: JSON roundtrip, immutable defensive copy (0.4206ms)
✔ Ride: rejects all nonfinite numeric leaves (0.4477ms)
✔ Ride: rejects unknown shape, extra/missing fields, unsupported versions (0.6511ms)
✔ SimulationEvent: JSON roundtrip, immutable defensive copy (0.6447ms)
✔ SimulationEvent: rejects all nonfinite numeric leaves (0.2958ms)
✔ SimulationEvent: rejects unknown shape, extra/missing fields, unsupported versions (0.2847ms)
✔ InterventionSegment: JSON roundtrip, immutable defensive copy (0.7509ms)
✔ InterventionSegment: rejects all nonfinite numeric leaves (11.1145ms)
✔ InterventionSegment: rejects unknown shape, extra/missing fields, unsupported versions (1.351ms)
✔ TelemetrySample: JSON roundtrip, immutable defensive copy (0.459ms)
✔ TelemetrySample: rejects all nonfinite numeric leaves (5.5325ms)
✔ TelemetrySample: rejects unknown shape, extra/missing fields, unsupported versions (0.5647ms)
✔ DrivingProfile: JSON roundtrip, immutable defensive copy (1.0858ms)
✔ DrivingProfile: rejects all nonfinite numeric leaves (1.0733ms)
✔ DrivingProfile: rejects unknown shape, extra/missing fields, unsupported versions (0.5743ms)
✔ ParameterEvidence: JSON roundtrip, immutable defensive copy (0.2011ms)
✔ ParameterEvidence: rejects all nonfinite numeric leaves (0.3244ms)
✔ ParameterEvidence: rejects unknown shape, extra/missing fields, unsupported versions (0.3611ms)
✔ unknown data never executes getters or coercion; inherited fields/symbols/sparse arrays rejected (0.5855ms)
✔ vehicle normalized controls, tick identity, quaternion and enums (0.9572ms)
✔ ride terminal metadata and assignment chronology (0.3707ms)
✔ all event discriminants roundtrip with their specific validated payload (1.8958ms)
✔ event payload discrimination, entity references and reset/activation chronology (0.4903ms)
✔ segments reject mode eligibility, mismatched world/vehicle/source, unordered ticks and partial closure (1.5312ms)
✔ profiles preserve unknown observations and reserved data without fabricated evidence (0.8659ms)
✔ current design catalog can be carried structurally without implementing its parameter registry (16.7892ms)
(node:69484) ExperimentalWarning: stripTypeScriptTypes is an experimental feature and might change at any time
(Use `node --trace-warnings ...` to show where the warning was created)
✔ composition publishes the exact COLLISION variant once for actual admitted step serials (6.8762ms)
✔ foreign session and epoch are rejected at constructor before any native step (0.7011ms)
✔ accepted listener errors are inspected with bounded diagnostics and never retried as effects (1.1829ms)
✔ capacity failure keeps exact suffix and blocks newer physics before it advances (0.5739ms)
✔ publisher failure after acceptance retries stable duplicate identity without repeating effects (0.3349ms)
✔ listener removal/reuse discards later stale incidents and adapter reentry is fenced (0.3343ms)
✔ native serial and tick fences reject fake captures, duplicated physics and external advances (0.473ms)
✔ real epoch reset restores new owner and disposal releases all episode/pending ownership (0.5343ms)
✔ prepared admission is idempotent and cannot relabel the physical tick (0.4397ms)
✔ pending publication cannot admit physics advanced by a listener (0.4951ms)
(node:66540) ExperimentalWarning: stripTypeScriptTypes is an experimental feature and might change at any time
(Use `node --trace-warnings ...` to show where the warning was created)
✔ duplicates and retries consume each identity once even after listeners fail (2.7325ms)
✔ stable declared order, type filtering and publication order within tick (1.5132ms)
✔ unsubscribe is idempotent and immediate; subscribe during dispatch starts next event (0.5304ms)
✔ rejects invalid, stale, foreign and late events without consuming capacity (1.2657ms)
✔ dedup is fail-closed at capacity; epoch invalidation rejects retired worlds (0.7351ms)
✔ reentrant publication and lifecycle changes fail before nested effects (0.4813ms)
✔ validated copies are immutable and owned; resources are capped and disposed (0.764ms)
(node:98472) ExperimentalWarning: stripTypeScriptTypes is an experimental feature and might change at any time
(Use `node --trace-warnings ...` to show where the warning was created)
✔ 30/60 frame schedules preserve tick-addressed commands and duration over ten simulated minutes (396.5234ms)
✔ first frame anchors time; fractional boundaries produce previous/current interpolation (0.2873ms)
✔ catchup executes at most four constant steps and retains the rest of debt (0.3158ms)
✔ overload pauses before steps; explicit recovery drains preserved debt without new wall time (0.7934ms)
✔ 250 ms threshold is inclusive and a larger debt explicitly overloads (0.2112ms)
✔ manual and background pauses exclude stopped time and retain fractional debt (0.5605ms)
✔ pause accounts only the active interval to its boundary, and recovery can itself pause (0.5674ms)
✔ invalid or regressing clocks are rejected without poisoning clock or loop state (0.7855ms)
✔ snapshot ownership is defensive, nested immutable and safe after later steps/disposal (0.4314ms)
✔ step/capture/interpolate failures are explicit terminal faults and never retry an executed step (0.4709ms)
✔ reentrant operations are rejected; uncaught reentrancy produces a fault (0.4909ms)
✔ snapshot plain-tree boundary rejects accessors/cycles/exotic objects; null snapshots are valid (0.4358ms)
✔ initial tick keeps addressed identity while elapsed simulated time starts at zero (0.1915ms)
(node:36232) ExperimentalWarning: stripTypeScriptTypes is an experimental feature and might change at any time
(Use `node --trace-warnings ...` to show where the warning was created)
✔ five-repeat medians/ranges preserve paired negative observer deltas and counters (5.364ms)
✔ unsupported/pending GPU remains null; partial availability reports actual repetitions (1.2714ms)
✔ rejects smoke, interrupted protocol, invalid dimensions and lost focus (15.944ms)
✔ rejects missing/duplicate pairs and inconsistent/nonfinite sample statistics (1.5039ms)
✔ rejects hardware/profile/build/digest inconsistency and wrong phase attribution (3.1303ms)
✔ phase wall delta does not invalidate a full RAF duration when callback latencies differ (0.5235ms)
✔ explicit-path CLI emits one compact JSON record, rejects invalid input, and never rewrites evidence (467.992ms)
(node:101768) ExperimentalWarning: stripTypeScriptTypes is an experimental feature and might change at any time
(Use `node --trace-warnings ...` to show where the warning was created)
✔ nearest rank percentiles, histogram and strict budget on known data (1.4828ms)
✔ collector caps allocations, reports overflow and rejects lifecycle misuse (1.3239ms)
✔ disabled collector allocates no sample buffers and unavailable APIs never become zero (0.1809ms)
✔ reports require five complete pairs, own metadata, preserve missing data and reject nonfinite values (4.1348ms)
✔ hardware baseline rejects short durations, overflow and missing pair identity (0.7939ms)
(node:48028) ExperimentalWarning: stripTypeScriptTypes is an experimental feature and might change at any time
(Use `node --trace-warnings ...` to show where the warning was created)
✔ headless: advances 12 ticks and captures states/events without renderer (2.4444ms)
✔ zero ticks captures initial state and validates seed/tick boundaries (0.6452ms)
✔ capture owns copies even when an adapter reuses mutable state and events (2.1626ms)
✔ scenario oracle rejects corrupted state and event evidence (0.4047ms)
(node:85620) ExperimentalWarning: stripTypeScriptTypes is an experimental feature and might change at any time
(Use `node --trace-warnings ...` to show where the warning was created)
✔ versioned identity and RNG golden vectors fix encoding and algorithm (3.9227ms)
✔ IDs preserve boundaries, namespace, kind and exact Unicode code units (0.4487ms)
✔ inserted events and reversed evaluation preserve addressed opportunity samples (1.0675ms)
✔ seed scopes and sample purpose/index distinguish fixed fixtures (0.2463ms)
✔ JSON restart reproduces samples from version, seed, purpose and index only (0.4197ms)
✔ unit samples are exact uint32 fractions in the half-open unit interval (14.2884ms)
✔ unknown invalid inputs fail without coercion or accessor execution (1.8433ms)
(node:34240) ExperimentalWarning: stripTypeScriptTypes is an experimental feature and might change at any time
(Use `node --trace-warnings ...` to show where the warning was created)
✔ 066 preproduction schedule exercises all modes and explicit coherent published024 handoff (1.6261ms)
(node:5980) ExperimentalWarning: stripTypeScriptTypes is an experimental feature and might change at any time
(Use `node --trace-warnings ...` to show where the warning was created)
✔ 066 simultaneous transfer is order independent and old input never retargets (4.9252ms)
✔ 066 same-body MANUAL/LEARNING preserves filter and release clears after accepted state (0.5895ms)
✔ 066 whole malformed batches reject without physical/tick/filter effects and same tick retries (1.3762ms)
✔ 066 callback failure records accepted physical state and is terminal, including reentrant guard (1.6324ms)
✔ 066 stale native replacement and registration refusal do not silently recreate owner entities (0.6269ms)
✔ 066 suspension does not advance physical tick and ownership disposal releases only own references (0.3842ms)
✔ 066 20 lifecycle cycles enforce 110 retained tokens, atomic capacity, and zero owner history (43.5236ms)
✔ 066 descriptor snapshots reject symbols/accessors and proxy-triggered reentry without effects (0.582ms)
✔ 066 player removal callback fault reports registration acceptance without claiming a new physical tick (0.3922ms)
✔ 066 actuation fault is terminal and distinguishes unaccepted full physical tick from rollback (0.5767ms)
(node:70184) ExperimentalWarning: stripTypeScriptTypes is an experimental feature and might change at any time
(Use `node --trace-warnings ...` to show where the warning was created)
✔ DOM press hold/repeat/release are bounded and raw keys mapW/S/A/D/Space (2.5501ms)
✔ blur visibility editable/modal/disabled state flushes keys; repeats never restore lostinput (0.9568ms)
✔ modifiers and composition do not consume editable keyboardshortcuts or leave throttle active (0.4301ms)
✔ twenty binding/filter ownershipcycles release sixlisteners and retain noinputframes (4.0045ms)
(node:107632) ExperimentalWarning: stripTypeScriptTypes is an experimental feature and might change at any time
(Use `node --trace-warnings ...` to show where the warning was created)
✔ 067 reference exercises all six edges repeatedly without production adapter (1.0399ms)
(node:99900) ExperimentalWarning: stripTypeScriptTypes is an experimental feature and might change at any time
(Use `node --trace-warnings ...` to show where the warning was created)
✔ 067 all six edges use actual066 acceptance, with no optimistic projection (6.3234ms)
✔ 067 burst folds, event-time identity cannot retarget, conflict and capacity reject whole burst (3.7564ms)
✔ 067 malformed physical batch retains exact ticket for same-tick retry, foreign tickets rejected (1.2074ms)
✔ 067 physical accepted callback fault cannot be hidden by failed eligibility (1.0932ms)
✔ 067 eligibility current explicit facts only; stale, malformed and throwing ports become unavailable (1.1106ms)
✔ 067 invalid times, stale native identity, expiry, suspension and lifecycle clear are bounded (3.4218ms)
✔ 067 reentrant informational callback cannot mutate physical ticket or hide state (0.5819ms)
✔ 067 disposed authority and stale/throwing selection still publish terminal actual tick (0.4743ms)
✔ 067 ports are descriptor snapshots, accessors and symbols never execute, reset releases old lifecycle (0.6395ms)
✔ 067 failed actuation publishes prior accepted tick rather than candidate mode or attempted tick (0.6648ms)
(node:61416) ExperimentalWarning: stripTypeScriptTypes is an experimental feature and might change at any time
(Use `node --trace-warnings ...` to show where the warning was created)
✔ 067 keyboard down/up suppresses repeats and duplicate keydowns with two held codes (4.068ms)
✔ 067 focus editable modal pause composition and shortcuts cannot enqueue transitions (0.7537ms)
✔ 067 standalone own modifiers allowed; other combinations rejected and remap is atomic (1.4327ms)
✔ 067 keyboard synchronous callbacks and reentry reject malformed ports, disposal releases listeners (2.5198ms)
(node:99272) ExperimentalWarning: stripTypeScriptTypes is an experimental feature and might change at any time
(Use `node --trace-warnings ...` to show where the warning was created)
✔ 068 v2 guard rejects all body/velocity/admission/callback mutators before native driving mutation (4.0866ms)
✔ 068 v2 unknown actual method cannot bypass native mutation audit (2.4441ms)
✔ 068 v2 selection settlement rejects native step before integration (0.3856ms)
✔ 068 v2 exact settlement catches changed identity, transform and velocity independently (1.7556ms)
✔ 068 v2 setup is labeled and guarded native cleanup happens once despite another release failure (0.6103ms)
✔ 068 v2 acquired native owner is protected before failed audit and all disposal errors preserve original cause (0.8468ms)
(node:88000) ExperimentalWarning: stripTypeScriptTypes is an experimental feature and might change at any time
(Use `node --trace-warnings ...` to show where the warning was created)
✔ 068 independent schedule includes controlled departure and camera-only return in every mode (3.4218ms)
✔ 068 fixture segment close is an actual005 record mutation bound to exact native generation (1.3126ms)
✔ 068 reference separates actual WORLD visibility/native token from offscreen taxi FLEET membership (0.532ms)
✔ 068 reference cleanup attempts every acquired release once despite dispose/readback errors (1.3422ms)
(node:25528) ExperimentalWarning: stripTypeScriptTypes is an experimental feature and might change at any time
(Use `node --trace-warnings ...` to show where the warning was created)
✔ 068 selection changes camera only, existing066 sole PLAYER remains AUTO on new body (4.9073ms)
✔ 068 MANUAL and LEARNING departure releases actual066 then closes actual005 at accepted tick retaining assignment (3.0005ms)
✔ 068 WORLD visibility/selectability and FLEET taxi membership stay distinct (1.2541ms)
✔ 068 same body is idempotent and contradictory pending burst rejects whole without physical work (1.0937ms)
✔ 068 paused selection stays visibly pending until actual resume/next accepted tick (2.104ms)
✔ 068 missing, foreign or wrong-mode OPEN boundary rejects before clear/physics (1.6263ms)
✔ 068 exact ticket survives malformed024 batch same-tick retry and rejects forged/late cancellation (1.0294ms)
✔ 068 clearing067 intents prevents selected target from inheriting old pending M/L (0.9518ms)
✔ 068 postaccepted close failure/fake acknowledgment/readback mismatch faults without fiction rollback (2.1739ms)
✔ 068 camera failure reports actual new camera and released seat, assignment mutation blocks success (1.8736ms)
✔ 068 accepted066 KEYBOARD_CLEAR fault remains visible even camera teardown throws (0.6746ms)
✔ 068 stale incarnation rejected at event/preparation and postaccept expiry faults real tick (0.7614ms)
✔ 068 close/camera callback cannot replace target or departed incarnation and return accepted (4.3933ms)
✔ 068 descriptor/port/reentrant/async callback rejection preserves bounded fault and accepted truth (1.0227ms)
✔ 068 callback cannot secretly advance authority; terminal projection reports actual accepted tick (0.5825ms)
✔ 068 registration110 cap and twenty disposed lifecycles release all owned references (11.9351ms)
(node:104376) ExperimentalWarning: stripTypeScriptTypes is an experimental feature and might change at any time
(Use `node --trace-warnings ...` to show where the warning was created)
✔ 80 unique keys, 24 M targets; planned stages grant no capabilities (4.779ms)
✔ every key validates default, inclusive bounds, canonical unit and finite range (7.932ms)
✔ publication gate rejects LEARNED and manual tuning for all unsupported keys (19.2367ms)
✔ publication gate rejects unknown keys, wrong units and invalid ranges for all provenance (0.7869ms)
✔ publication retains structural evidence and provenance checks and roundtrip (0.5719ms)
✔ malformed catalog rejects schema, shape, duplicate/unknown keys and invalid definitions (12.8781ms)
✔ registry and parsed catalog are defensive immutable data (1.6841ms)
✔ generated runtime catalog is synchronized with canonical JSON (491.8749ms)
(node:72388) ExperimentalWarning: stripTypeScriptTypes is an experimental feature and might change at any time
(Use `node --trace-warnings ...` to show where the warning was created)
✔ GLB preflight accepts original embedded geometry and bounds decoded bytes (2.8181ms)
✔ GLB header and truncated JSON reject before Babylon resource creation (0.436ms)
✔ embedded PNG size is admitted before decode and oversized dimensions reject (0.4594ms)
✔ geometry primitive vertex budget rejects before Babylon (0.2747ms)
(node:91568) ExperimentalWarning: stripTypeScriptTypes is an experimental feature and might change at any time
(Use `node --trace-warnings ...` to show where the warning was created)
✔ WebGPU preferred, scene owned, disposal exactly once in dependency order (1.7861ms)
✔ unavailable or throwing support check uses only WebGL2 (0.425ms)
✔ WebGL2 preference skips WebGPU support completely (0.1897ms)
✔ init failure cleans engine before fallback on a distinct canvas (0.2371ms)
✔ scene failure reconstructs a new scene after disposing all tentative resources (0.2414ms)
✔ both fail with recoverable aggregate; cleanup exceptions do not stop engine/canvas release (1.7905ms)
(node:99152) ExperimentalWarning: stripTypeScriptTypes is an experimental feature and might change at any time
(Use `node --trace-warnings ...` to show where the warning was created)
✔ fixed ring retains recent values, exact percentiles and bounded numeric bytes (1.9555ms)
✔ missing timers stay unavailable; fresh measured GPU zero remains valid (0.2867ms)
✔ disabled collector performs no admission and reenabling starts a fresh window (0.409ms)
✔ counter projections are copied/frozen and invalid capacity/counters reject (0.5538ms)
(node:54084) ExperimentalWarning: stripTypeScriptTypes is an experimental feature and might change at any time
(Use `node --trace-warnings ...` to show where the warning was created)
✔ error then retry, one frame/resize subscription, idempotent disposal (1.5754ms)
✔ concurrent retry is coalesced; dispose during pending initialization releases late backend (0.311ms)
✔ render failure stops loop, cleans resources and exposes retry (0.3218ms)
✔ cleanup failures clear every owner and still permit retry (0.8188ms)
✔ synchronous factory failure does not poison the pending retry promise (0.2826ms)
BJS - [03:29:19]: Babylon.js v9.29.0 - Null engine
BJS - [03:29:19]: Babylon.js v9.29.0 - Null engine
BJS - [03:29:19]: Babylon.js v9.29.0 - Null engine
BJS - [03:29:19]: Babylon.js v9.29.0 - Null engine
✔ explicit DPR caps/resolution scaling, immutable limits and invalid input rejection (1.3172ms)
✔ adaptive windows require GPU evidence, hysteresis/cooldown and manual override (1.6448ms)
✔ daylight quality switches preserve materials/signals/domain and release shadows without accumulation (54.0736ms)
✔ bounded caster registry and atomic quality validation (12.318ms)
✔ removed active caster is refilled deterministically; foreign/disposed meshes rejected (5.8182ms)
✔ automatic presentation port applies GPU downgrade and manual preferences stop it (2.4282ms)
(node:44560) ExperimentalWarning: stripTypeScriptTypes is an experimental feature and might change at any time
(Use `node --trace-warnings ...` to show where the warning was created)
BJS - [03:29:19]: Babylon.js v9.29.0 - Null engine
BJS - [03:29:19]: Babylon.js v9.29.0 - Null engine
BJS - [03:29:19]: Babylon.js v9.29.0 - Null engine
BJS - [03:29:19]: Babylon.js v9.29.0 - Null engine
✔ manifest rejects cumulative first-ride/decoder/GPU/shader budgets without confusing transfer with residency (4.5712ms)
✔ local LOD batches preserve picking after motion/removal/reorder, copy inputs and dispose owned resources (26.1049ms)
✔ two LOD hosts admit identity capacity atomically before changing any matrix/count (4.2824ms)
✔ LOD retains near detail when a large scaled source reaches the camera (3.8963ms)
✔ twenty static material lifecycle cycles plateau; capacity admission preserves existing batches (32.9168ms)
(node:15528) ExperimentalWarning: stripTypeScriptTypes is an experimental feature and might change at any time
(Use `node --trace-warnings ...` to show where the warning was created)
(node:22876) ExperimentalWarning: stripTypeScriptTypes is an experimental feature and might change at any time
(Use `node --trace-warnings ...` to show where the warning was created)
✔ known tick midpoint, endpoints, wheel continuous rotations and frozen authority (2.6036ms)
✔ fixed loop alpha drives render projection without altering the captured body (1.0335ms)
✔ shortest arc slerp of orientations and equivalent negative quaternion (1.0807ms)
✔ missing, reset, reused, skipped and backwards snapshots snap to current (1.3007ms)
✔ alpha clamps, nonfinite snaps, invalid snapshot rejected before presentation (0.8361ms)
(node:11108) ExperimentalWarning: stripTypeScriptTypes is an experimental feature and might change at any time
(Use `node --trace-warnings ...` to show where the warning was created)
✔ visual boundary accepts readonly domain pose without changing it (1.0751ms)
✔ visual identity validates epochs at presentation boundary (0.2473ms)
(node:102692) ExperimentalWarning: stripTypeScriptTypes is an experimental feature and might change at any time
(Use `node --trace-warnings ...` to show where the warning was created)
✔ selection changes only camera, target identity is independent of authority (1.2952ms)
✔ damping is time-based, stable zero-motion and speed-dependent distance brakes inward (1.6292ms)
✔ driver eye is inside cabin and follows turn/roll exactly with adjustable FOV (1.014ms)
✔ look clamps and recenter, reuse resets visual damping and look (0.3388ms)
✔ expanded-AABB sphere sweep prevents thin-wall tunneling and corrects start penetration (0.4697ms)
✔ collision correction runs after damping and on motion path, fail-safe and invalid input (0.4281ms)
BJS - [03:29:19]: Babylon.js v9.29.0 - Null engine
BJS - [03:29:19]: Babylon.js v9.29.0 - Null engine
BJS - [03:29:19]: Babylon.js v9.29.0 - Null engine
BJS - [03:29:19]: Babylon.js v9.29.0 - Null engine
BJS - [03:29:19]: Babylon.js v9.29.0 - Null engine
BJS - [03:29:19]: Babylon.js v9.29.0 - Null engine
✔ nearest mesh/root and ordinary instance identities remain distinct; decor blocks (29.1273ms)
✔ thin batch maps real ray hit index, remaps atomically, and rejects stale count (4.2544ms)
✔ foreign/disposed objects, malformed IDs and capacity are rejected without destructive replacement (3.6065ms)
✔ optional013 resolver maps descendants while thin instances never inherit host identity (2.049ms)
✔ native pointer scans are disabled and restored; disposed picker does not scan (1.697ms)
✔ input maps CSS to render pixels once; move is scan-free; modal/drag/cancel/UI/cleanup block clicks (4.0884ms)
✔ hover is explicit opt-in, disabled/modal state prevents scans (0.4606ms)
✔ hardware scaling and aggregate thin capacity retain correct identity (2.5425ms)
(node:63236) ExperimentalWarning: stripTypeScriptTypes is an experimental feature and might change at any time
(Use `node --trace-warnings ...` to show where the warning was created)
(node:62116) ExperimentalWarning: stripTypeScriptTypes is an experimental feature and might change at any time
(Use `node --trace-warnings ...` to show where the warning was created)
✔ defaults and valid alternate settings round-trip as deeply frozen owned data (3.1759ms)
✔ all control sliders enforce finite UI domains, FOV degrees and version bounds (2.875ms)
✔ binding conflicts, unknown actions and unsupported keys are rejected (0.8299ms)
✔ units, quality and launch configuration reject invalid or learned fields (1.1858ms)
✔ data readers reject accessors and exotic objects without executing getters (0.5988ms)
✔ replacement is atomic, owns input copies and enforces player/control version (3.9461ms)
✔ reset restores settings independently and cannot touch profiles or progression (1.0368ms)
✔ revision exhaustion rejects reset without changing the snapshot (0.3797ms)
✔ quality and launch reset preserve control identity and stay independent of population (0.6085ms)
(node:79984) ExperimentalWarning: stripTypeScriptTypes is an experimental feature and might change at any time
(Use `node --trace-warnings ...` to show where the warning was created)
✔ cooperative synthetic route jobs match original exact path/blocked reference across all fixture lane pairs (24.259ms)
(node:7916) ExperimentalWarning: stripTypeScriptTypes is an experimental feature and might change at any time
(Use `node --trace-warnings ...` to show where the warning was created)
✔ unscheduled before reference preserves exact authoritative trace across30/60/120synthetic render clocks (8.5232ms)
✔ before hitch pauses without a step, retains debt and recovers only real60Hzsteps capped at4 (1.2277ms)
✔ before background pause excludes stopped wall time; selection and blockage urgent callbacks bypass periodic slot (2.525ms)
✔ actual044before fixture admits all70/110actors and source tick matches each fresh decision (221.2269ms)
✔ synthetic route job consults actual directed successors and never returns a blocked destination (1.6698ms)
(node:101220) ExperimentalWarning: stripTypeScriptTypes is an experimental feature and might change at any time
(Use `node --trace-warnings ...` to show where the warning was created)
✔ stable entity phases retain10Hz counts across insertion order and30/60/120render clocks; physics/input remain identical (17.1563ms)
✔ urgent input runs immediately, coalesces due decisions, and publication urgency waits only next relevant physicaltick (0.6166ms)
✔ decisionTick never restamps latest committed044context sourceTick; urgent input is independent of source age (64.5384ms)
✔ adversarial same-phase identities are all processed, while every offcamera actor receives all controllers (1.4384ms)
✔ real008hitch/background debt, max4steps and explicit overload are preserved by scheduler composition (1.0724ms)
✔ pending028publication admission refusal faults before input/control/physics and cannot commit a nominal noop tick (0.5702ms)
✔ invalid/staleclock admission preserves state; callback/async/reentrant errors are terminal without retry (1.0102ms)
✔ actor scheduleridentity ownership fences staleincarnations/removal/epoch callbacks and urgentreuse (0.6322ms)
✔ finiteactor and1024ledger admission never truncates; hostile getters/densearray prototypes are rejected atomically (8.8753ms)
✔ routework admission is finite, priority deterministic, at most4cooperative slices and1residenttask per tick (1.1416ms)
✔ routecache uses graph/cost/access/origin/destination; blocked results reuse only matching versions (0.6526ms)
✔ a cached different target cannot bypass an actor pending route (0.82ms)
✔ malformed factory tasks clean valid own disposal once without reading accessors (0.7967ms)
✔ deduplicated route urgency promotes waiting normal work; injected object methods preserve their receiver (0.5265ms)
✔ pendingroutecapacity/cancel/expiry and actorremoval cleanup retain explicit terminal outcomes without stalepublish (7.0301ms)
✔ routepath/source validation and taskfailure are terminal; task cleanup is attempted once at lifecycle boundary (0.3796ms)
✔ 64entryroutecache evicts deterministically and reset/dispose20cycles clear all owned queues/cache/ledger (3.139ms)
(node:94688) ExperimentalWarning: stripTypeScriptTypes is an experimental feature and might change at any time
(Use `node --trace-warnings ...` to show where the warning was created)
✔ 067 HUD actual text symbol subject and independent eligibility, never optimistic on click (3.8785ms)
✔ 067 HUD throttle never allows paused faulted or missing-subject clicks before refresh (0.8765ms)
✔ 067 HUD guards malformed getter eligibility and stale accepted ticks; atomic remap and bounded lifecycle (1.671ms)
✔ 067 aria shortcuts use key names while visible labels retain physical remapped codes (0.4671ms)
✔ 067 real066 seatA cameraB HUD promises B and exact visible target rejects stale clicks (6.1387ms)
(node:60212) ExperimentalWarning: stripTypeScriptTypes is an experimental feature and might change at any time
(Use `node --trace-warnings ...` to show where the warning was created)
✔ opaque fractional/subnormal handles are fenced by exact registration, without tombstones (2.7833ms)
✔ admission caps subscriptions and active entities before registration (2.1561ms)
✔ old unsubscribe never decrements subscriptions belonging to a reused entity (0.2312ms)
✔ dispatch rejects stale ticks, removal/recreation and reentrant newer publication (0.3457ms)
✔ conversions copy SI values and quaternion exactly; invalid quaternion is rejected (0.3162ms)
✔ same-tick reentrant publication delivers only the fresh state to later callbacks (0.2634ms)
(node:86548) ExperimentalWarning: stripTypeScriptTypes is an experimental feature and might change at any time
(Use `node --trace-warnings ...` to show where the warning was created)
✔ contact array permutations preserve canonical registration-pair delivery order (4.4604ms)
✔ canonical owned registrations fence copied tokens, handle/ID reuse and another world (0.7082ms)
✔ kind and ID admission reject before registration consumes a serial (0.6011ms)
✔ reversed pairs and multiple manifolds emit once with summed SI impulse and deterministic primary (0.4889ms)
✔ persistent contacts do not reemit after cooldown; separation recontact includes boundary (1.5064ms)
✔ cooldown inclusive onset boundary and zero-tick cooldown still require separation (0.7568ms)
✔ invalid contacts, accessor/prototype arrays and capacity overflow leave tick and episodes atomic (0.6718ms)
✔ publisher errors retain exact failed suffix and forbid new ticks until accepted-prefix retry (0.4471ms)
✔ pending and separated-history caps each reject an entire update before state changes (0.5323ms)
✔ strict finite option admission and synchronous publisher contract reject malformed values (0.5612ms)
✔ separated cooldown history expires exactly at boundary before admitting a different pair (0.4138ms)
✔ consecutive snapshot admission rejects unobserved gaps without inventing contact continuity (0.4051ms)
✔ session namespace differentiates otherwise identical incident keys and admits bounded IDs upfront (0.5047ms)
✔ callback removal/reuse cancels stale pending; reentrant core mutation is fenced (0.4201ms)
✔ obstacle pairs ignored; epoch reset/new owner and disposal clear bounded state (0.435ms)
(node:78632) ExperimentalWarning: stripTypeScriptTypes is an experimental feature and might change at any time
(Use `node --trace-warnings ...` to show where the warning was created)
✔ actual Rapier wall impact emits one positive SI impulse for the mapped episode (211.4495ms)
✔ actual Rapier cars impact emits one positive SI impulse for the mapped episode (53.6593ms)
✔ positive predictive gap with zero impulse beyond native resting tolerance produces no incident (7.8783ms)
✔ native sustained contact, controlled separation and recontact emit only qualifying episode onsets (95.0616ms)
✔ native ground, sensor and anonymous obstacle contacts have no invented mapped incidents (17.7258ms)
✔ named obstacle–obstacle physical contacts are excluded without a vehicle participant (1.0189ms)
✔ native removal/reuse maps exact collider identity and releases static/dynamic/controller ownership (15.192ms)
✔ named identity and native shape admission reject without allocation or serial consumption (3.2965ms)
✔ vehicle input getters never execute and boundary reentrancy cannot retire a valid registration (1.363ms)
(node:32764) ExperimentalWarning: stripTypeScriptTypes is an experimental feature and might change at any time
(Use `node --trace-warnings ...` to show where the warning was created)
✔ AUTO target realizes fresh commands for exactly six physical ticks and expires (4.5188ms)
✔ same-tick takeover ignores valid old AI, dominates throttle with brake, and PLAYER never holds (0.5316ms)
✔ authority transfers atomically between two PLAYER candidates (0.4491ms)
✔ malformed, duplicate, stale world/tick/token and oversized batches reject before all effects (0.8478ms)
✔ proxy replacement during admission cannot command an ID-reused native body (0.6253ms)
✔ suspend flushes targets; readback is historical, resume starts neutral; reset is new owner (0.4976ms)
✔ fault after actuation is terminal and is never retried or claimed rolled back (0.3303ms)
✔ reentrant mutation from the actuation port is rejected (0.3456ms)
✔ native handbrake sets rear impulse caps and rejects malformed whole batch before setters (174.2561ms)
✔ PLAYER 60Hz and AUTONOMY 10Hz realize identical actual Rapier trajectories for both classes (311.8034ms)
✔ twenty native ownership cycles retain at most 110 entries and release all 880 subscriptions (226.358ms)
✔ rear handbrake reduces speed and distance from a repeatable moving start versus coast (24.2067ms)
✔ actual fixed-tick composition at 30/60/144 presentation Hz produces identical 60Hz commands and pose (178.2667ms)
(node:37780) ExperimentalWarning: stripTypeScriptTypes is an experimental feature and might change at any time
(Use `node --trace-warnings ...` to show where the warning was created)
✔ combined native reverse damage caps magnitude after gear realization for both classes and authorities (473.7368ms)
✔ immobilized minimum brake blocks released-brake dwell; recovery preserves history and unlocks six physical ticks (12.0705ms)
✔ combined damage and shift-brake guards reset on authority, brake, handbrake and lateral motion (7.4129ms)
✔ combined provider mutation of physical generation rejects whole batch before signed actuation (6.6494ms)
✔ proxy admission cannot replace the native token and deliver a signed damage-limited command to the replacement (4.0619ms)
(node:77652) ExperimentalWarning: stripTypeScriptTypes is an experimental feature and might change at any time
(Use `node --trace-warnings ...` to show where the warning was created)
✔ static missing artifact returns404 before headers and a subsequent response remains valid (1.7276ms)
✔ actual readiness ownership seam retains primary, all disposal and export failures exactly once (0.9244ms)
✔ error retention is bounded without discarding cause counts or repeated owner attempts (0.2952ms)
✔ functional store retains rejected raw actual identity at expected ordinal and becomes terminal (22.4471ms)
✔ terminal markers reject otherwise complete captures; available optional timing failures dominate missing metrics (0.7993ms)
(node:38140) ExperimentalWarning: stripTypeScriptTypes is an experimental feature and might change at any time
(Use `node --trace-warnings ...` to show where the warning was created)
✔ full-window rank includes every observation and finite overflow rather than clipping old samples (4.3062ms)
✔ boundary membership is conservative for exact, adjacent IEEE, zero and range-edge observations (2.2073ms)
✔ interval gates preserve uncertainty near absolute and joint relative thresholds (0.2539ms)
✔ snapshot distribution rejects tampered totals, sparse duplicates and invalid overflow without trusting client percentiles (0.3994ms)
✔ immutable metric identity binds source/backend/run and verifier recomputes ranks (1.7735ms)
✔ bounded observation capacity fails before mutation and export counters stay independent of raw sample cap (10.9548ms)
(node:93752) ExperimentalWarning: stripTypeScriptTypes is an experimental feature and might change at any time
(Use `node --trace-warnings ...` to show where the warning was created)
✔ run manifest independently rejects required-null and per-tick/RAF count forgery (3.8135ms)
✔ full-window immutable trace and raw heap peak are independently recomputed (2.221ms)
(node:75660) ExperimentalWarning: stripTypeScriptTypes is an experimental feature and might change at any time
(Use `node --trace-warnings ...` to show where the warning was created)
✔ independent phase verifier rejects missing/tampered actual-readback schema (synthetic rows are not physical evidence) (9.2099ms)
✔ interrupted native dwell remains evidence and later completed six ticks are selected without premature propulsion (2.8896ms)
(node:86688) ExperimentalWarning: stripTypeScriptTypes is an experimental feature and might change at any time
(Use `node --trace-warnings ...` to show where the warning was created)
✔ actual server transport seam rejects wrong origin/content type and bounded multipart overflow (13.4485ms)
✔ immutable real store preserves wx partials and rejects source/run/canonical sequence drift (142.108ms)
(node:73864) ExperimentalWarning: stripTypeScriptTypes is an experimental feature and might change at any time
(Use `node --trace-warnings ...` to show where the warning was created)
✔ mass-normalized exact thresholds, no cumulative low-onset guess, and recovery preserve idempotent history (117.5098ms)
✔ finite admission backpressures028 without applying damage or consuming the incident (1.8836ms)
✔ stale token, forged registration, epoch fencing and reset retain prior history (2.1211ms)
✔ vehicle-to-vehicle impulse affects each exact participant with its own mass (1.3805ms)
✔ both sources publish truthful effective mobility commands and malformed provider never advances native physics (186.257ms)
✔ actual native high impact causes unavailable propulsion; recovery preserves incident and allows real motion for both classes (285.2276ms)
✔ twenty native lifecycles bound110 registrations and release all retained owner and native resources (200.2531ms)
✔ serialized history byte cap fails before retention or state mutation, with no silent eviction (61.6345ms)
✔ injected identity-port reentrancy is rejected during reads without disposing the owner (1.2882ms)
✔ only frozen own-data contexts cache; mutable epochs and frozen changing accessors never bypass validation (1.3128ms)
✔ controller caches only exact frozen own-data effects; mutable changed bounds and frozen getters cannot actuate (2.1102ms)
✔ availability direct read guard releases busy after provider throw and recursive read; retries preserve exact error (0.512ms)
(node:40224) ExperimentalWarning: stripTypeScriptTypes is an experimental feature and might change at any time
(Use `node --trace-warnings ...` to show where the warning was created)
✔ explicit direction intent preserves legacy schemas and rejects malformed extra fields/getters (2.2501ms)
✔ forward motion never gets reverse propulsion; full total-speed dwell precedes gear engagement (6.6538ms)
✔ interrupted dwell, opposite request, handbrake and service brake cannot smuggle a shift or force (0.6596ms)
✔ 027 keyboard preserves raw digital braking and isolates directional ramps from025 (2.0057ms)
✔ controller opt-in, whole-batch validation and suspend/authority reset guard direction state (339.3208ms)
✔ native heldS brakes, reverses only after dwell, and heldW symmetrically returns forward on both classes (203.9524ms)
✔ native rear handbrake changes a moving turn without changing mechanics or creating non-finite state (117.2141ms)
✔ bounded state survives20 full-capacity ownership cycles without stale-token or history retention (29.6256ms)
(node:21852) ExperimentalWarning: stripTypeScriptTypes is an experimental feature and might change at any time
(Use `node --trace-warnings ...` to show where the warning was created)
✔ legacy mapping remains readable and requires explicit immutable revision upgrade (3.3692ms)
✔ finite monotone slider rates have positive endpoints and bounded symmetric speed attenuation (1.6906ms)
✔ raw digital input and tick-filtered commands are distinct immutable snapshots (1.439ms)
✔ opposed steering is neutral; raw W+S is retained while brake dominates command throttle (0.3567ms)
✔ focus clear discards held keys and ramp residuals immediately without stale repeat state (0.795ms)
✔ invalid frame leaves tick and ramps unchanged and getters are never called (0.4633ms)
✔ preferences apply at exactly next tick, clear input and enforce revision and one pending snapshot (0.8774ms)
✔ high-speed envelope clamps existing steering and signed velocity is symmetric (0.6644ms)
✔ actual native keyboard composition produces identical commands/physics at30/60/144 render cadences (583.996ms)
(node:75772) ExperimentalWarning: stripTypeScriptTypes is an experimental feature and might change at any time
(Use `node --trace-warnings ...` to show where the warning was created)
✔ real Rapier readback drives Babylon Matrix: translated +90Y, +Z becomes +X, velocity stays SI (106.7131ms)
✔ 20 full-capacity create/remove cycles release controllers, colliders, maps and callbacks (510.4579ms)
✔ callback removes a body during dispatch and another world rejects its old token (1.3311ms)
✔ same-tick nested Rapier publication fences stale callbacks and later bodies in outer batch (0.7605ms)
(node:91168) ExperimentalWarning: stripTypeScriptTypes is an experimental feature and might change at any time
(Use `node --trace-warnings ...` to show where the warning was created)
✔ braking curves are speed squared, brake strength and grip dependent (421.5162ms)
✔ curb suspension, car collision transfer and CCD wall remain finite (102.8585ms)
✔ steering changes trajectory under low and high grip (21.5677ms)
✔ identical 60Hz physics at 30/60/144 render FPS, including settings (50.8736ms)
✔ many-contact fixture retains cars and simplified colliders outside camera (2355.7761ms)
✔ invalid batch is rejected before applying commands; caps prevent admission (1.4043ms)
(node:24248) ExperimentalWarning: stripTypeScriptTypes is an experimental feature and might change at any time
(Use `node --trace-warnings ...` to show where the warning was created)
✔ mechanical catalog is immutable/versioned and excluded from player preferences (2.8346ms)
✔ two actual Rapier classes differ in acceleration, braking and same-flat-scene turning (557.1562ms)
✔ Rapier native mass, wheel geometry and controls match classes including orientation and power caps (21.453ms)
✔ 20 mixed-class lifecycle cycles preserve vehicle and subscription caps, remove/recreate cleanup (194.0386ms)
(node:46900) ExperimentalWarning: stripTypeScriptTypes is an experimental feature and might change at any time
(Use `node --trace-warnings ...` to show where the warning was created)
✔ global serial priority, cancel acknowledgement and restart publish once (8.5438ms)
✔ queue/bytes caps reject optional while protected capacity suspends without detachment (36.9598ms)
✔ pressure pending, idle resume, cancellation preserves exact protected evidence (2.8524ms)
✔ optional lease bounded history, errors and disposal release ownership (14.0282ms)
✔ deferred persistence ingress is separately bounded at a full execution queue (1.2148ms)
✔ operation identity distinct, completed durable proposals do not execute twice (3.0642ms)
✔ dispose during deferred retention preserves evidence and releases ingress reservations (50.2361ms)
✔ cancel during async protected completion retains evidence without recoverable result (1.4663ms)
✔ persistence failure never publishes, observer exceptions do not leak ownership (0.5649ms)
✔ dispose during async completion withdraws proposal while retaining evidence (0.9591ms)
(node:46900) ExperimentalWarning: stripTypeScriptTypes is an experimental feature and might change at any time
(Use `node --trace-warnings ...` to show where the warning was created)
✔ real worker transfer leaves live buffers attached and preempts between slices (172.4295ms)
(node:1232) ExperimentalWarning: stripTypeScriptTypes is an experimental feature and might change at any time
(Use `node --trace-warnings ...` to show where the warning was created)
✔ strict envelope validates identities, discriminants, bytes and controls (2.5863ms)
✔ late, duplicate, out-of-order and mismatched packets cannot publish (1.3919ms)
✔ cancel sends one control, late result remains cancelled; worker errors release capacity (0.6149ms)
✔ queue/history/bytes/age stay bounded and do not silently admit protected work (8.233ms)
✔ runtime throttles progress at 5Hz and disposes task resources (11.8407ms)
(node:1232) ExperimentalWarning: stripTypeScriptTypes is an experimental feature and might change at any time
(Use `node --trace-warnings ...` to show where the warning was created)
✔ real worker yields to cancellation, runs next job, transfers buffers and handles task failure (140.9907ms)
ℹ {"cancelMs":2.54260000000005,"trackedJobs":0,"trackedBytes":0}
✔ cleanup and progress observer exceptions cannot block later jobs (6.7847ms)
✔ runtime watermark rejects old replay after history eviction; byte cap rejects excessive queue (7.166ms)
✔ parser rejects nonenumerable identities and fields without invoking getters (0.2433ms)
(node:30048) ExperimentalWarning: stripTypeScriptTypes is an experimental feature and might change at any time
(Use `node --trace-warnings ...` to show where the warning was created)
✔ swept traversal detects a zone and stop line even when both endpoints are outside (8.7491ms)
✔ empty, hidden, inactive or geometrically irrelevant pedestrians create no exposure (3.6858ms)
✔ obstacles have separate identities and do not count as pedestrian exposure (2.6776ms)
✔ stationary points, tangential travel and line departure do not duplicate a crossing (2.4993ms)
✔ concave polygons use their actual footprint rather than bounding boxes (1.8605ms)
✔ data is owned/frozen; observations remain bounded and input failures are explicit (1.9139ms)
✔ capacity retains every relevant observation and never truncates a last pedestrian (19.9681ms)
(node:105108) ExperimentalWarning: stripTypeScriptTypes is an experimental feature and might change at any time
(Use `node --trace-warnings ...` to show where the warning was created)
✔ cross separates perpendicular crossing from parallel opposing travel (11.7354ms)
✔ T crossing, shared entry, and separated turns produce different relations (5.2371ms)
✔ turn merges are explicit semantic conflicts and separated right turns remain compatible (5.6994ms)
✔ authored conflict zones remain independent from geometry and never imply priority (2.2075ms)
✔ stable identities symmetric queries, readonly snapshots and bounded retained state (9.9842ms)
✔ corridor width, tangency, collinear overlap and bridge height are explicit geometric semantics (0.4474ms)
✔ invalid data/options fail rather than silently dropping semantic conflicts (1.7268ms)
✔ geometry construction budget aborts explicitly on authored pathological paths (1167.9545ms)
✔ pair capacity rejects the whole map before quadratic geometry, never truncates conflicts (19.5956ms)
✔ shared authored geometry reuses immutable trajectories and zone arrays (0.7756ms)
(node:42528) ExperimentalWarning: stripTypeScriptTypes is an experimental feature and might change at any time
(Use `node --trace-warnings ...` to show where the warning was created)
✔ one-way topology never invents reverse edges or undeclared turns (10.8175ms)
✔ parallel neighbors and all edges respect source/destination access classes (2.7127ms)
✔ REVERSE reverses geometry, direction, progress and allowed successors (1.8962ms)
✔ current lane uses directed polyline projection/width/height and no meshes; off-graph remains null (2.6612ms)
✔ intersection gaps do not fabricate lanes from movement or visual geometry (1.3264ms)
✔ deterministic ambiguity ties ignore lane input order; heading disambiguates (3.1584ms)
✔ owned graph data/projections are frozen and unaffected by caller mutations (1.5927ms)
✔ unknown IDs return empty results; invalid queries/maps/classes fail before execution (2.0635ms)
✔ schema-size ring remains finite and loop-safe without recursive graph traversal (148.3337ms)
✔ height and slope distinguish an overpass from overlapping planar geometry (2.1825ms)
✔ bounded index matches exhaustive projection and oversized geometry always uses complete fallback (20.8169ms)
✔ spatial reference capacity falls back without dropping a permitted lane (20.5019ms)
(node:19544) ExperimentalWarning: stripTypeScriptTypes is an experimental feature and might change at any time
(Use `node --trace-warnings ...` to show where the warning was created)
✔ minimal semantic map is deterministic and deeply immutable (10.0096ms)
✔ rejects duplicate geometry ID (1.1752ms)
✔ rejects duplicate semantic ID (0.8925ms)
✔ rejects dangling geometry node (1.037ms)
✔ rejects dangling lane geometry (1.4736ms)
✔ rejects duplicate successor (1.7189ms)
✔ rejects dangling successor (0.8551ms)
✔ rejects self successor (0.8231ms)
✔ rejects direct continuation opposite endpoints (0.8016ms)
✔ rejects intersection directed endpoint outside footprint (1.1416ms)
✔ rejects intersection omitted membership (0.9378ms)
✔ rejects intersection dangling membership (1.6581ms)
✔ rejects movement missing successor (1.0659ms)
✔ rejects successor without movement (0.6821ms)
✔ rejects movement endpoint direction (0.738ms)
✔ rejects movement incoming to incoming (0.8136ms)
✔ rejects dangling conflict zone (1.1522ms)
✔ rejects duplicate movement pair (0.7582ms)
✔ rejects neighbor dangling (0.9664ms)
✔ rejects neighbor self (0.875ms)
✔ rejects neighbor not reciprocal (0.8043ms)
✔ rejects signal dangling intersection (0.7752ms)
✔ rejects phase unknown movement (1.0256ms)
✔ rejects phase repeated assignment (0.6826ms)
✔ rejects phase incomplete (0.8196ms)
✔ rejects stop dangling lane (1.3157ms)
✔ rejects stop wrong anchor (0.8248ms)
✔ rejects stop signal absent (0.6854ms)
✔ rejects stop signal dangling (1.1009ms)
✔ rejects STOP missing intersection (0.6312ms)
✔ rejects crosswalk wrong stop kind (0.6293ms)
✔ rejects crosswalk lane not covered (0.696ms)
✔ rejects crosswalk orphan stop (0.5979ms)
✔ rejects service wrong anchor (0.5016ms)
✔ rejects service anchor outside area bbox (0.5891ms)
✔ rejects service inaccessible class (0.6027ms)
✔ rejects service unreachable graph (0.782ms)
✔ rejects recovery dangling node (0.6723ms)
✔ rejects recovery off lane (0.7693ms)
✔ rejects bounds reversed (0.9272ms)
✔ rejects position out of bounds (0.6569ms)
✔ rejects path zero length alias (0.6056ms)
✔ rejects area degenerate (0.7964ms)
✔ rejects width zero (0.5138ms)
✔ rejects access repeated (0.6439ms)
✔ signal programs permit separated movement phases and reject conflicting simultaneous greens (2.2773ms)
✔ class-specific connectivity ignores lanes inaccessible to that class (1.7804ms)
✔ neighbors require reciprocal links and compatible directed corridors (2.7726ms)
✔ errors carry offending ID, position and stable field path (1.3109ms)
✔ strict structure rejects hidden fields, accessors, prototypes, symbols and sparse arrays (2.2817ms)
✔ all numeric fields reject nonfinite data and numeric strings (200.1606ms)
✔ array capacity rejects before graph traversal and finite cycles terminate deterministically (2.0244ms)
✔ input mutations after parsing and rejected validation never alter published data (1.5127ms)
✔ STOP regulation and reversed stored geometry remain valid when their semantic direction agrees (0.6405ms)
✔ signal phases reject foreign-intersection movements and simultaneous merges (2.6336ms)
✔ structural field errors retain a validated object ID without executing accessors (0.4471ms)
(node:83080) ExperimentalWarning: stripTypeScriptTypes is an experimental feature and might change at any time
(Use `node --trace-warnings ...` to show where the warning was created)
✔ strict exhaustive authored policy roundtrips JSON; reciprocal queries return the same rule (16.7908ms)
✔ T-junction policy uses only its authored geometric straight and turning conflicts (3.1465ms)
✔ priority policy rejects omissions, contradictory pairs, wrong map, foreign winners and compatible geometry (20.6798ms)
✔ TTC uses metres/metres-per-second; stationary approach, occupying and cleared remain distinct (0.4055ms)
✔ absent/inactive/stationary-before-entry/cleared traffic never records refusal or yield (24.9682ms)
✔ eligible higher-priority traffic exposes blocked gap and one continuous hold records yield (6.676ms)
✔ geometric crossing with actual priority exposure is observed; available gap produces no refusal evidence (8.6376ms)
✔ EQUAL stays unresolved and never invents a universal right-side or yielding obligation (5.0188ms)
✔ unknown traffic coverage/distance/route and discontinuity fail closed rather than reporting a safe gap (25.6496ms)
✔ multiple opponents for one relation never duplicate the physical yield observation (9.3561ms)
✔ cumulative movement invalidates hold even when each small step is below tolerance (6.0322ms)
✔ new incarnation/epoch never inherits evidence; bounded history and tombstones fail closed (11.7537ms)
✔ malformed, duplicated, oversized and conflicting observations reject before history mutation (6.3611ms)
✔ active unobservable traffic masks known blocked pairs independently of actor ordering (12.6724ms)
✔ stationary at the conflict entry is occupying and cannot record a pre-entry yield (5.1506ms)
✔ a continuous sweep through full clearance retains actual occupied-priority crossing evidence (14.8815ms)
✔ simultaneous conflict pairs share one physical yield and changed exposure cannot inherit elapsed hold (14.7573ms)
(node:44496) ExperimentalWarning: stripTypeScriptTypes is an experimental feature and might change at any time
(Use `node --trace-warnings ...` to show where the warning was created)
✔ full cycles query only the selected movement and preserve exact tick boundaries (15.6989ms)
✔ phase state/events remain readonly and independent from caller map mutation (4.6645ms)
✔ GREEN phase validates geometric conflict despite missing shared-zone authoring (5.7681ms)
✔ fixed-tick loop pause and resume do not advance signal phases in wall time (5.2645ms)
✔ listener failures are returned once, reentry rejected, and retry same tick does not duplicate events (3.1496ms)
✔ event transport capacity failure retains a bounded transition and never advances time silently (3.9687ms)
✔ phase event JSON decoding is defensive and rejects malformed or ambiguous states (3.5254ms)
✔ single immutable phase emits no false change; fractional duration quantizes upward deterministically (3.1485ms)
✔ stale world is rejected even for a duplicate controller tick (2.8479ms)
✔ failed publication rejects signal queries until explicit retry/recovery (7.779ms)
✔ multi-signal publication failure preserves accepted-prefix failures and retries only the remainder (44.431ms)
(node:68572) ExperimentalWarning: stripTypeScriptTypes is an experimental feature and might change at any time
(Use `node --trace-warnings ...` to show where the warning was created)
✔ benchmark query identity sets match the brute oracle outside all timed measurements (891.3468ms)
✔ normal/dense mutable query IDs match exhaustive geometry, including boundaries and overpasses (38.1753ms)
✔ sphere tangency, negative boundaries, height, kind and exact identity exclusion (0.6876ms)
✔ concave prism rejects bounding-box false positives and preserves vertical corner tangencies (0.4634ms)
✔ moves remove old cells, remove/recreate identity fences and invalid updates are atomic (1.1211ms)
✔ admission rejects before retained allocation; exhausted cell budgets use complete fallback (0.4321ms)
✔ all admitted dense-cell neighbors returned, independent of insertion order (2.5406ms)
✔ ownership snapshots frozen;20 reset/dispose cycles return bounded resources to zero (25.1214ms)
✔ invalid query and polygon data never mutate ownership (0.7371ms)
(node:46596) ExperimentalWarning: stripTypeScriptTypes is an experimental feature and might change at any time
(Use `node --trace-warnings ...` to show where the warning was created)
✔ full stop uses observed consecutive dwell; crossing is a separate idempotent bus event (21.7595ms)
✔ rolling stop, slow reported speed with drift, and no-brake passage never fabricate FULL_STOP (27.1336ms)
✔ line contact permits stationary stop; actual forward passage then emits crossing exactly once (3.1245ms)
✔ speed threshold, far upstream and wrong heading cannot create complete-stop evidence (19.1287ms)
✔ missing ticks, teleport, reverse crossing, height and finite line ends do not invent traversal (11.0857ms)
✔ stale/conflicting ticks, context and nonfinite data reject without advancing history (2.5862ms)
✔ ID reuse cannot inherit stop evidence or admit a retired incarnation; real epoch resets history (3.5126ms)
✔ bounded history fails closed; frozen map geometry and transverse direction stay stable (2.8606ms)
✔ directed reverse geometry and consecutive STOP lines preserve distinct opportunities (4.8631ms)
✔ calibration/accessor boundaries and long valid identities remain safe (2.0585ms)
ℹ tests 577
ℹ suites 0
ℹ pass 577
ℹ fail 0
ℹ cancelled 0
ℹ skipped 0
ℹ todo 0
ℹ duration_ms 4922.0352
npm warn Unknown env config "msvs-version". This will stop working in the next major version of npm. See `npm help npmrc` for supported config options.
npm warn Unknown env config "msvs-version". This will stop working in the next major version of npm. See `npm help npmrc` for supported config options.
npm warn Unknown env config "msvs-version". This will stop working in the next major version of npm. See `npm help npmrc` for supported config options.
npm warn Unknown env config "msvs-version". This will stop working in the next major version of npm. See `npm help npmrc` for supported config options.
npm warn Unknown env config "msvs-version". This will stop working in the next major version of npm. See `npm help npmrc` for supported config options.
(node:87332) ExperimentalWarning: stripTypeScriptTypes is an experimental feature and might change at any time
(Use `node --trace-warnings ...` to show where the warning was created)
npm warn Unknown env config "msvs-version". This will stop working in the next major version of npm. See `npm help npmrc` for supported config options.
