vite v8.3.2 building client environment for production...
transforming...
✓ 956 modules transformed.
rendering chunks...
computing gzip size...
.pbi-validation-066/build/index.html                                            3.61 kB │ gzip:     1.20 kB
.pbi-validation-066/build/assets/glslang-DqqdIFnr.js                           16.03 kB
.pbi-validation-066/build/assets/twgsl-DqdFeK3J.js                             74.55 kB
.pbi-validation-066/build/assets/glslang-G7Yt_-32.wasm                        943.68 kB │ gzip:   304.90 kB
.pbi-validation-066/build/assets/twgsl-CB--yrSG.wasm                        1,702.91 kB │ gzip:   600.20 kB
.pbi-validation-066/build/assets/typeStore-Cu_sj2zM.js                          0.08 kB │ gzip:     0.08 kB
.pbi-validation-066/build/assets/abstractAudioBus-BEPM44wG.js                   0.11 kB │ gzip:     0.13 kB
.pbi-validation-066/build/assets/pass.fragment-Cvd2TCWC.js                      0.31 kB │ gzip:     0.25 kB
.pbi-validation-066/build/assets/bumpVertexDeclaration-Cb04kLz9.js              0.34 kB │ gzip:     0.25 kB
.pbi-validation-066/build/assets/engineStore-e38OvQA7.js                        0.36 kB │ gzip:     0.22 kB
.pbi-validation-066/build/assets/sceneUboDeclaration-B5VhSG0v.js                0.36 kB │ gzip:     0.26 kB
.pbi-validation-066/build/assets/precisionDate-CfCevjl-.js                      0.39 kB │ gzip:     0.23 kB
.pbi-validation-066/build/assets/bumpVertexDeclaration-I4Guxw_q.js              0.39 kB │ gzip:     0.26 kB
.pbi-validation-066/build/assets/postprocess.vertex-DJCmMhI8.js                 0.46 kB │ gzip:     0.30 kB
.pbi-validation-066/build/assets/logDepthDeclaration-BYs2zDV7.js                0.46 kB │ gzip:     0.29 kB
.pbi-validation-066/build/assets/shaderStore-D-XQlhUT.js                        0.46 kB │ gzip:     0.17 kB
.pbi-validation-066/build/assets/procedural.vertex-C47TVAon.js                  0.47 kB │ gzip:     0.29 kB
.pbi-validation-066/build/assets/performanceConfigurator-UtxC_Odd.js            0.50 kB │ gzip:     0.25 kB
.pbi-validation-066/build/assets/rgbdEncode.fragment-CVg4Fcse.js                0.51 kB │ gzip:     0.33 kB
.pbi-validation-066/build/assets/rgbdDecode.fragment-Cdz2Tveq.js                0.52 kB │ gzip:     0.34 kB
.pbi-validation-066/build/assets/bumpVertex-CWhdIpqj.js                         0.52 kB │ gzip:     0.32 kB
.pbi-validation-066/build/assets/postprocess.vertex-CmVXXq2T.js                 0.58 kB │ gzip:     0.35 kB
.pbi-validation-066/build/assets/procedural.vertex-D3o6xkF2.js                  0.61 kB │ gzip:     0.34 kB
.pbi-validation-066/build/assets/rgbdEncode.fragment-CsyYoGcS.js                0.64 kB │ gzip:     0.38 kB
.pbi-validation-066/build/assets/rgbdDecode.fragment-CX1Du_4l.js                0.65 kB │ gzip:     0.38 kB
.pbi-validation-066/build/assets/bumpVertex-DRq4BZvD.js                         0.69 kB │ gzip:     0.38 kB
.pbi-validation-066/build/assets/logDepthDeclaration-wCvYk_Kr.js                0.72 kB │ gzip:     0.40 kB
.pbi-validation-066/build/assets/vertexColorMixing-B7dmaeCQ.js                  0.75 kB │ gzip:     0.38 kB
.pbi-validation-066/build/assets/math.scalar.functions-lnL7TJ7T.js              0.76 kB │ gzip:     0.41 kB
.pbi-validation-066/build/assets/webAudioMainBus-gP7KRriT.js                    0.91 kB │ gzip:     0.41 kB
.pbi-validation-066/build/assets/color.fragment-CxH-oW8C.js                     0.92 kB │ gzip:     0.43 kB
.pbi-validation-066/build/assets/mesh.vertexData.functions-CD4JOR2q.js          0.93 kB │ gzip:     0.48 kB
.pbi-validation-066/build/assets/vertexColorMixing-D2Z31hvR.js                  1.00 kB │ gzip:     0.44 kB
.pbi-validation-066/build/assets/color.fragment-CbJP31yK.js                     1.03 kB │ gzip:     0.47 kB
.pbi-validation-066/build/assets/fogFragment-CISE_m3s.js                        1.08 kB │ gzip:     0.49 kB
.pbi-validation-066/build/assets/harmonicsFunctions-QSz_WdsQ.js                 1.12 kB │ gzip:     0.49 kB
.pbi-validation-066/build/assets/clipPlaneFragment-DVK0wgyZ.js                  1.17 kB │ gzip:     0.35 kB
.pbi-validation-066/build/assets/smartArray-BRfcgNbX.js                         1.18 kB │ gzip:     0.44 kB
.pbi-validation-066/build/assets/fogFragment-EikOP4pH.js                        1.21 kB │ gzip:     0.54 kB
.pbi-validation-066/build/assets/ddsTextureLoader-CTk7-478.js                   1.25 kB │ gzip:     0.62 kB
.pbi-validation-066/build/assets/defaultUboDeclaration-COomfCG5.js              1.26 kB │ gzip:     0.55 kB
.pbi-validation-066/build/assets/clipPlaneFragment-Ct2VqHzk.js                  1.27 kB │ gzip:     0.37 kB
.pbi-validation-066/build/assets/halfFloat-Ce77JD5z.js                          1.29 kB │ gzip:     0.60 kB
.pbi-validation-066/build/assets/harmonicsFunctions-CMr56qfT.js                 1.42 kB │ gzip:     0.52 kB
.pbi-validation-066/build/assets/color.vertex-CmXwkpnM.js                       1.43 kB │ gzip:     0.64 kB
.pbi-validation-066/build/assets/color.vertex-DCm2P3oG.js                       1.45 kB │ gzip:     0.62 kB
.pbi-validation-066/build/assets/abstractSoundSource-Blu9QA15.js                1.48 kB │ gzip:     0.48 kB
.pbi-validation-066/build/assets/defaultUboDeclaration-CHdH7_Gw.js              1.57 kB │ gzip:     0.52 kB
.pbi-validation-066/build/assets/pbrUboDeclaration-C3goPwfE.js                  1.80 kB │ gzip:     0.68 kB
.pbi-validation-066/build/assets/math.plane-B8NUBKuy.js                         1.81 kB │ gzip:     0.77 kB
.pbi-validation-066/build/assets/glTFLoaderAnimation.pure-BH4up_2s.js           1.82 kB │ gzip:     0.82 kB
.pbi-validation-066/build/assets/logger-CuBYPcDK.js                             1.88 kB │ gzip:     0.82 kB
.pbi-validation-066/build/assets/preload-helper-sgD8ztR-.js                     2.13 kB │ gzip:     1.09 kB
.pbi-validation-066/build/assets/webAudioBus-B8cqkqwb.js                        2.27 kB │ gzip:     0.74 kB
.pbi-validation-066/build/assets/hdrTextureLoader-BQVwkxK1.js                   2.31 kB │ gzip:     1.13 kB
.pbi-validation-066/build/assets/webAudioSoundSource-BqBNQYBY.js                2.32 kB │ gzip:     0.82 kB
.pbi-validation-066/build/assets/pbrUboDeclaration-CnnLuZen.js                  2.34 kB │ gzip:     0.65 kB
.pbi-validation-066/build/assets/iesTextureLoader-3O5bSkSd.js                   2.47 kB │ gzip:     1.07 kB
.pbi-validation-066/build/assets/pbrIBLFunctions-CSlJv7qb.js                    2.52 kB │ gzip:     0.88 kB
.pbi-validation-066/build/assets/pbrIBLFunctions-b8fwQKtH.js                    2.71 kB │ gzip:     0.88 kB
.pbi-validation-066/build/assets/webRequest-dqz0dHXK.js                         2.94 kB │ gzip:     1.06 kB
.pbi-validation-066/build/assets/abstractSoundInstance-DhVx1wS0.js              3.07 kB │ gzip:     0.89 kB
.pbi-validation-066/build/assets/observable.pure-B5E8yEYx.js                    3.20 kB │ gzip:     1.10 kB
.pbi-validation-066/build/assets/tgaTextureLoader-CqhhocF6.js                   3.40 kB │ gzip:     1.35 kB
.pbi-validation-066/build/assets/textureProcessor.fragment-D-awtrDP.js          3.49 kB │ gzip:     1.00 kB
.pbi-validation-066/build/assets/cubemapToSphericalPolynomial-C-zkfpAX.js       3.70 kB │ gzip:     1.62 kB
.pbi-validation-066/build/assets/decorators-D5uwmq6c.js                         3.80 kB │ gzip:     1.56 kB
.pbi-validation-066/build/assets/openpbrUboDeclaration-dcWCwMT2.js              3.87 kB │ gzip:     1.03 kB
.pbi-validation-066/build/assets/dumpTools.pure-BsJDCLB5.js                     4.01 kB │ gzip:     1.91 kB
.pbi-validation-066/build/assets/textureProcessor.fragment-B-hqHgey.js          4.37 kB │ gzip:     1.18 kB
.pbi-validation-066/build/assets/morphTargetsVertex-6N5r7oF1.js                 4.37 kB │ gzip:     0.98 kB
.pbi-validation-066/build/assets/reflectionFunction-BTwp8RXV.js                 5.09 kB │ gzip:     1.30 kB
.pbi-validation-066/build/assets/clipPlaneVertex-B1wJvZTt.js                    5.12 kB │ gzip:     1.06 kB
.pbi-validation-066/build/assets/openpbrUboDeclaration-CEhpZiM3.js              5.16 kB │ gzip:     1.04 kB
.pbi-validation-066/build/assets/reflectionFunction-3knPrqsc.js                 5.62 kB │ gzip:     1.36 kB
.pbi-validation-066/build/assets/math.size-DGSrTBVr.js                          5.66 kB │ gzip:     2.09 kB
.pbi-validation-066/build/assets/morphTargetsVertex-OlIh-Lzh.js                 6.40 kB │ gzip:     1.15 kB
.pbi-validation-066/build/assets/helperFunctions-gEnZbjN3.js                    6.81 kB │ gzip:     2.31 kB
.pbi-validation-066/build/assets/bumpFragment-CuiSf1tw.js                       6.86 kB │ gzip:     2.41 kB
.pbi-validation-066/build/assets/dds.pure-C_aa2Oby.js                           6.93 kB │ gzip:     2.54 kB
.pbi-validation-066/build/assets/logDepthVertex-DbaC19x4.js                     7.09 kB │ gzip:     1.77 kB
.pbi-validation-066/build/assets/buffer.pure-BKpRSwna.js                        7.40 kB │ gzip:     2.43 kB
.pbi-validation-066/build/assets/geometry.vertex-fDXindyo.js                    7.79 kB │ gzip:     1.92 kB
.pbi-validation-066/build/assets/internalTexture--UEgW48C.js                    7.88 kB │ gzip:     2.04 kB
.pbi-validation-066/build/assets/default.vertex-DLIzVMEF.js                     8.01 kB │ gzip:     2.24 kB
.pbi-validation-066/build/assets/bumpFragment-D2NLTOb5.js                       8.06 kB │ gzip:     2.52 kB
.pbi-validation-066/build/assets/effectRenderer.pure-DbAAnA7-.js                8.15 kB │ gzip:     2.40 kB
.pbi-validation-066/build/assets/basisTextureLoader-dq6Fc99p.js                 8.15 kB │ gzip:     3.17 kB
.pbi-validation-066/build/assets/webAudioStreamingSound-EPOA7RnU.js             8.39 kB │ gzip:     2.43 kB
.pbi-validation-066/build/assets/webAudioBaseSubGraph-BBrjpMMH.js               8.49 kB │ gzip:     2.11 kB
.pbi-validation-066/build/assets/envTextureLoader-CjXaFa_8.js                   8.95 kB │ gzip:     3.62 kB
.pbi-validation-066/build/assets/geometry.vertex-Bz78A4XQ.js                    8.99 kB │ gzip:     1.99 kB
.pbi-validation-066/build/assets/default.vertex-DTzctRC_.js                     9.29 kB │ gzip:     2.39 kB
.pbi-validation-066/build/assets/webAudioStaticSound-BmntghPF.js                9.36 kB │ gzip:     2.54 kB
.pbi-validation-066/build/assets/clipPlaneVertex-BgCTjwUU.js                    9.70 kB │ gzip:     1.93 kB
.pbi-validation-066/build/assets/geometry.fragment-D13zAY9p.js                 11.27 kB │ gzip:     3.12 kB
.pbi-validation-066/build/assets/geometry.fragment-Dx5mR82K.js                 11.72 kB │ gzip:     3.00 kB
.pbi-validation-066/build/assets/pbrBRDFFunctions-BCNINF-p.js                  11.93 kB │ gzip:     4.14 kB
.pbi-validation-066/build/assets/pbrMaterialLoadingAdapter-CDxcTU3w.js         12.50 kB │ gzip:     2.40 kB
.pbi-validation-066/build/assets/math.color.pure-tnjpV39e.js                   12.51 kB │ gzip:     2.94 kB
.pbi-validation-066/build/assets/pbrBRDFFunctions-DxfbxN23.js                  12.76 kB │ gzip:     4.32 kB
.pbi-validation-066/build/assets/timingTools-BVXVNp4w.js                       12.87 kB │ gzip:     4.53 kB
.pbi-validation-066/build/assets/exrTextureLoader-B66B_OJW.js                  13.13 kB │ gzip:     4.83 kB
.pbi-validation-066/build/assets/spatialWebAudio-CcJ_2Zaz.js                   14.13 kB │ gzip:     3.23 kB
.pbi-validation-066/build/assets/pbr.vertex-6IW_2OmO.js                        14.29 kB │ gzip:     3.04 kB
.pbi-validation-066/build/assets/baseTexture.pure-Df4pQArG.js                  15.10 kB │ gzip:     3.84 kB
.pbi-validation-066/build/assets/ktxTextureLoader-Cr0f_Rtz.js                  16.41 kB │ gzip:     4.79 kB
.pbi-validation-066/build/assets/pbr.vertex-Cb79SIfK.js                        16.88 kB │ gzip:     3.55 kB
.pbi-validation-066/build/assets/openpbr.vertex-O5bWmg1n.js                    17.17 kB │ gzip:     3.31 kB
.pbi-validation-066/build/assets/openpbrTransmissionLayerData-BRi1vGnu.js      17.35 kB │ gzip:     4.01 kB
.pbi-validation-066/build/assets/renderingManager-DZKbiUML.js                  17.91 kB │ gzip:     4.86 kB
.pbi-validation-066/build/assets/lightConstants-C8Agw7Vg.js                    18.24 kB │ gzip:     4.02 kB
.pbi-validation-066/build/assets/postProcess.pure-DCkVxUxM.js                  18.40 kB │ gzip:     5.07 kB
.pbi-validation-066/build/assets/openpbrTransmissionLayerData-CbssVoWF.js      18.46 kB │ gzip:     4.15 kB
.pbi-validation-066/build/assets/imageProcessing-CWp_5P-u.js                   18.60 kB │ gzip:     5.13 kB
.pbi-validation-066/build/assets/texture.pure-BEKfqVqw.js                      19.44 kB │ gzip:     5.38 kB
.pbi-validation-066/build/assets/lightFragment-x7Xpl9uU.js                     20.56 kB │ gzip:     3.35 kB
.pbi-validation-066/build/assets/openpbr.vertex-niL4iXsc.js                    20.57 kB │ gzip:     3.98 kB
.pbi-validation-066/build/assets/logDepthVertex-DgpvUSZJ.js                    21.93 kB │ gzip:     3.53 kB
.pbi-validation-066/build/assets/lightFragment-B2GfWPKU.js                     22.16 kB │ gzip:     3.23 kB
.pbi-validation-066/build/assets/default.fragment-CImgPyQt.js                  25.33 kB │ gzip:     5.96 kB
.pbi-validation-066/build/assets/default.fragment-BOR1ad4V.js                  25.93 kB │ gzip:     5.78 kB
.pbi-validation-066/build/assets/animation.pure-D5RBjXby.js                    26.66 kB │ gzip:     6.81 kB
.pbi-validation-066/build/assets/tools.pure-BGVbH2Lq.js                        27.64 kB │ gzip:     9.39 kB
.pbi-validation-066/build/assets/renderTargetTexture.pure-CUpQicw6.js          32.26 kB │ gzip:     8.01 kB
.pbi-validation-066/build/assets/openpbrMaterialLoadingAdapter-rdMoJWIf.js     33.67 kB │ gzip:     8.03 kB
.pbi-validation-066/build/assets/pbrDebug-BE0WC03C.js                          38.05 kB │ gzip:     8.54 kB
.pbi-validation-066/build/assets/animationGroup.pure-DybR7GpB.js               42.15 kB │ gzip:    10.31 kB
.pbi-validation-066/build/assets/pbrDebug-DewMBbAj.js                          45.34 kB │ gzip:    10.08 kB
.pbi-validation-066/build/assets/oitFragment-BMjpbSa2.js                       53.41 kB │ gzip:    11.05 kB
.pbi-validation-066/build/assets/oitFragment-ByezL1dB.js                       53.46 kB │ gzip:    11.05 kB
.pbi-validation-066/build/assets/brdfTextureTools-6eWKBg_B.js                  62.29 kB │ gzip:    45.26 kB
.pbi-validation-066/build/assets/math.vector.pure-BI_ulypP.js                  64.62 kB │ gzip:    15.84 kB
.pbi-validation-066/build/assets/material.pure-vjAr2GZp.js                     78.80 kB │ gzip:    20.23 kB
.pbi-validation-066/build/assets/openpbr.fragment-DOwyU8wG.js                  88.64 kB │ gzip:    17.67 kB
.pbi-validation-066/build/assets/openpbr.fragment-wT8LIsL_.js                  90.32 kB │ gzip:    17.65 kB
.pbi-validation-066/build/assets/pbr.fragment-DijBzUSf.js                      93.47 kB │ gzip:    16.65 kB
.pbi-validation-066/build/assets/pbr.fragment-ChJf8OJW.js                      97.34 kB │ gzip:    18.13 kB
.pbi-validation-066/build/assets/thinEngine.pure-DRh1TxQF.js                  127.85 kB │ gzip:    31.04 kB
.pbi-validation-066/build/assets/pbrMaterial.pure-D76uvLWC.js                 136.13 kB │ gzip:    25.69 kB
.pbi-validation-066/build/assets/openpbrMaterial.pure-CgxsZaah.js             141.44 kB │ gzip:    31.89 kB
.pbi-validation-066/build/assets/index-EJ4fsHgB.js                          5,588.74 kB │ gzip: 1,979.25 kB

✓ built in 797ms
[plugin builtin:vite-reporter] 
(!) Some chunks are larger than 500 kB after minification. Consider:
- Using dynamic import() to code-split the application
- Use build.rolldownOptions.output.codeSplitting to improve chunking: https://rolldown.rs/reference/OutputOptions.codeSplitting
- Adjust chunk size limit for this warning via build.chunkSizeWarningLimit.
066 fixture: http://127.0.0.1:5201
Error: ENOENT: no such file or directory, open 'F:\Sites\self-driving-academy\.worktrees\authority-01\.pbi-validation-066\build\missing-file.js'
    at async open (node:internal/fs/promises:1345:25)
    at async readFile (node:internal/fs/promises:1996:14)
    at async Server.<anonymous> (file:///F:/Sites/self-driving-academy/.worktrees/authority-01/tests/browser/control-authority/server.mjs:260:19) {
  errno: -4058,
  code: 'ENOENT',
  syscall: 'open',
  path: 'F:\\Sites\\self-driving-academy\\.worktrees\\authority-01\\.pbi-validation-066\\build\\missing-file.js'
}
