{"exe":"C:\\Program Files\\nodejs\\node.exe","args":["F:\\Sites\\self-driving-academy\\node_modules\\prettier\\bin\\prettier.cjs","--ignore-path","Docs/Evidence/068-vehicle-switch/browser-steady-v3-checks-01/empty-ignore","--write","tests/browser/vehicle-selection-steady-v3/arm.ts","tests/browser/vehicle-selection-steady-v3/codec.ts","tests/browser/vehicle-selection-steady-v3/diagnostics.ts","tests/browser/vehicle-selection-steady-v3/historical-reference.ts","tests/browser/vehicle-selection-steady-v3/host.ts","tests/browser/vehicle-selection-steady-v3/index.html","tests/browser/vehicle-selection-steady-v3/initial-callback.test.ts","tests/browser/vehicle-selection-steady-v3/initial-callback.ts","tests/browser/vehicle-selection-steady-v3/lifecycle.ts","tests/browser/vehicle-selection-steady-v3/main.ts","tests/browser/vehicle-selection-steady-v3/proof.ts","tests/browser/vehicle-selection-steady-v3/protocol.ts","tests/browser/vehicle-selection-steady-v3/server.mjs","tests/browser/vehicle-selection-steady-v3/transport.ts","tests/browser/vehicle-selection-steady-v3/warm-observation.test.ts","tests/browser/vehicle-selection-steady-v3/warm-observation.ts","tests/browser/vehicle-selection-steady-v3/world-store.mjs","Docs/Evidence/068-vehicle-switch/archive-browser-steady-v3.mjs","Docs/Evidence/068-vehicle-switch/BROWSER-STEADY-V3-SOURCE-HANDOFF.md","Docs/Evidence/068-vehicle-switch/derive-historical-steady-v3.mjs","Docs/Evidence/068-vehicle-switch/initial-callback-checks-v3.mjs","Docs/Evidence/068-vehicle-switch/initial-callback-checks-v3.test.mjs","Docs/Evidence/068-vehicle-switch/steady-numeric-checks-v3.mjs","Docs/Evidence/068-vehicle-switch/steady-numeric-checks-v3.test.mjs","Docs/Evidence/068-vehicle-switch/steady-v3-v2-failure-proof.json","Docs/Evidence/068-vehicle-switch/verify-browser-steady-v3.mjs","Docs/Evidence/068-vehicle-switch/verify-steady-original-failure-v3.mjs"],"exit":0}
tests/browser/vehicle-selection-steady-v3/arm.ts 295ms
tests/browser/vehicle-selection-steady-v3/codec.ts 12ms
tests/browser/vehicle-selection-steady-v3/diagnostics.ts 4ms
tests/browser/vehicle-selection-steady-v3/historical-reference.ts 1ms
tests/browser/vehicle-selection-steady-v3/host.ts 33ms
tests/browser/vehicle-selection-steady-v3/index.html 252ms
tests/browser/vehicle-selection-steady-v3/initial-callback.test.ts 11ms
tests/browser/vehicle-selection-steady-v3/initial-callback.ts 6ms
tests/browser/vehicle-selection-steady-v3/lifecycle.ts 10ms
tests/browser/vehicle-selection-steady-v3/main.ts 28ms
tests/browser/vehicle-selection-steady-v3/proof.ts 19ms
tests/browser/vehicle-selection-steady-v3/protocol.ts 7ms
tests/browser/vehicle-selection-steady-v3/server.mjs 97ms
tests/browser/vehicle-selection-steady-v3/transport.ts 9ms
tests/browser/vehicle-selection-steady-v3/warm-observation.test.ts 5ms
tests/browser/vehicle-selection-steady-v3/warm-observation.ts 5ms
tests/browser/vehicle-selection-steady-v3/world-store.mjs 10ms
Docs/Evidence/068-vehicle-switch/archive-browser-steady-v3.mjs 2ms
Docs/Evidence/068-vehicle-switch/BROWSER-STEADY-V3-SOURCE-HANDOFF.md 593ms
Docs/Evidence/068-vehicle-switch/derive-historical-steady-v3.mjs 7ms
Docs/Evidence/068-vehicle-switch/initial-callback-checks-v3.mjs 3ms
Docs/Evidence/068-vehicle-switch/initial-callback-checks-v3.test.mjs 3ms
Docs/Evidence/068-vehicle-switch/steady-numeric-checks-v3.mjs 36ms
Docs/Evidence/068-vehicle-switch/steady-numeric-checks-v3.test.mjs 16ms
Docs/Evidence/068-vehicle-switch/steady-v3-v2-failure-proof.json 4ms
Docs/Evidence/068-vehicle-switch/verify-browser-steady-v3.mjs 15ms
Docs/Evidence/068-vehicle-switch/verify-steady-original-failure-v3.mjs 5ms
