{"command":"C:\\Program Files\\nodejs\\node.exe","args":["--import","./scripts/register-typescript.mjs","tests/browser/vehicle-recovery/prepare-browser-build.mjs"],"cwd":"F:\\Sites\\self-driving-academy\\.worktrees\\vehicle-recovery-01","exit":0}
STDOUT
vite v8.3.2 building client environment for production...
transforming...
✓ 658 modules transformed.
rendering chunks...
computing gzip size...
.pbi-validation-030/browser-before/browser.html                                         1.83 kB │ gzip:     0.74 kB
.pbi-validation-030/browser-before/assets/glslang-DqqdIFnr.js                          16.03 kB
.pbi-validation-030/browser-before/assets/twgsl-DqdFeK3J.js                            74.55 kB
.pbi-validation-030/browser-before/assets/glslang-G7Yt_-32.wasm                       943.68 kB │ gzip:   304.90 kB
.pbi-validation-030/browser-before/assets/twgsl-CB--yrSG.wasm                       1,702.91 kB │ gzip:   600.20 kB
.pbi-validation-030/browser-before/assets/abstractAudioBus-Dxov_npf.js                  0.11 kB │ gzip:     0.13 kB
.pbi-validation-030/browser-before/assets/precisionDate-CfCevjl-.js                     0.39 kB │ gzip:     0.23 kB
.pbi-validation-030/browser-before/assets/typeStore-RqCBAJcv.js                         0.44 kB │ gzip:     0.27 kB
.pbi-validation-030/browser-before/assets/postprocess.vertex-DJCmMhI8.js                0.46 kB │ gzip:     0.30 kB
.pbi-validation-030/browser-before/assets/shaderStore-D-XQlhUT.js                       0.46 kB │ gzip:     0.17 kB
.pbi-validation-030/browser-before/assets/rgbdDecode.fragment-Cdz2Tveq.js               0.52 kB │ gzip:     0.34 kB
.pbi-validation-030/browser-before/assets/postprocess.vertex-CmVXXq2T.js                0.58 kB │ gzip:     0.35 kB
.pbi-validation-030/browser-before/assets/math.scalar.functions-BUpXP_7j.js             0.65 kB │ gzip:     0.35 kB
.pbi-validation-030/browser-before/assets/rgbdDecode.fragment-CuGh9OWd.js               0.66 kB │ gzip:     0.39 kB
.pbi-validation-030/browser-before/assets/color.fragment-SH3AKoaS.js                    0.87 kB │ gzip:     0.42 kB
.pbi-validation-030/browser-before/assets/webAudioMainBus-_P5kBRUg.js                   0.91 kB │ gzip:     0.41 kB
.pbi-validation-030/browser-before/assets/mesh.vertexData.functions-CD4JOR2q.js         0.93 kB │ gzip:     0.48 kB
.pbi-validation-030/browser-before/assets/color.fragment-DVaYbzXa.js                    0.98 kB │ gzip:     0.45 kB
.pbi-validation-030/browser-before/assets/ddsTextureLoader-jLHM2xg6.js                  1.25 kB │ gzip:     0.62 kB
.pbi-validation-030/browser-before/assets/halfFloat-Ce77JD5z.js                         1.29 kB │ gzip:     0.60 kB
.pbi-validation-030/browser-before/assets/color.vertex-1jilwc69.js                      1.38 kB │ gzip:     0.62 kB
.pbi-validation-030/browser-before/assets/color.vertex-BYaj1Jpp.js                      1.41 kB │ gzip:     0.61 kB
.pbi-validation-030/browser-before/assets/abstractSoundSource-CJRspBoX.js               1.48 kB │ gzip:     0.48 kB
.pbi-validation-030/browser-before/assets/logger-CuBYPcDK.js                            1.88 kB │ gzip:     0.82 kB
.pbi-validation-030/browser-before/assets/logDepthDeclaration-DY_uLuR4.js               1.97 kB │ gzip:     0.67 kB
.pbi-validation-030/browser-before/assets/logDepthDeclaration-BKcd_JEL.js               2.16 kB │ gzip:     0.85 kB
.pbi-validation-030/browser-before/assets/fogFragment-WPqtYpyX.js                       2.20 kB │ gzip:     0.70 kB
.pbi-validation-030/browser-before/assets/webAudioBus-D80_bH5f.js                       2.27 kB │ gzip:     0.74 kB
.pbi-validation-030/browser-before/assets/hdrTextureLoader-BQVwkxK1.js                  2.31 kB │ gzip:     1.13 kB
.pbi-validation-030/browser-before/assets/webAudioSoundSource-C8IrVDO0.js               2.32 kB │ gzip:     0.82 kB
.pbi-validation-030/browser-before/assets/fogFragment-NFgubt9V.js                       2.43 kB │ gzip:     0.76 kB
.pbi-validation-030/browser-before/assets/iesTextureLoader-Cifc5aVT.js                  2.47 kB │ gzip:     1.08 kB
.pbi-validation-030/browser-before/assets/webRequest-dqz0dHXK.js                        2.94 kB │ gzip:     1.06 kB
.pbi-validation-030/browser-before/assets/abstractSoundInstance-CRJlVjDg.js             3.07 kB │ gzip:     0.89 kB
.pbi-validation-030/browser-before/assets/observable.pure-B5E8yEYx.js                   3.20 kB │ gzip:     1.10 kB
.pbi-validation-030/browser-before/assets/tgaTextureLoader-CqhhocF6.js                  3.40 kB │ gzip:     1.35 kB
.pbi-validation-030/browser-before/assets/cubemapToSphericalPolynomial-BxbFs3fG.js      3.70 kB │ gzip:     1.62 kB
.pbi-validation-030/browser-before/assets/vertexColorMixing-DxYrvkXY.js                 6.06 kB │ gzip:     1.33 kB
.pbi-validation-030/browser-before/assets/helperFunctions-gEnZbjN3.js                   6.81 kB │ gzip:     2.31 kB
.pbi-validation-030/browser-before/assets/dds.pure-DWqtNTSJ.js                          6.93 kB │ gzip:     2.54 kB
.pbi-validation-030/browser-before/assets/webAudioStreamingSound-CCZnLsNb.js            8.35 kB │ gzip:     2.42 kB
.pbi-validation-030/browser-before/assets/webAudioBaseSubGraph-CyUBonF9.js              8.49 kB │ gzip:     2.11 kB
.pbi-validation-030/browser-before/assets/webAudioStaticSound-DpC7VHTg.js               9.37 kB │ gzip:     2.54 kB
.pbi-validation-030/browser-before/assets/vertexColorMixing-HinktY3n.js                10.39 kB │ gzip:     2.14 kB
.pbi-validation-030/browser-before/assets/math.color.pure-DX1Ce-oO.js                  12.51 kB │ gzip:     2.97 kB
.pbi-validation-030/browser-before/assets/exrTextureLoader-B9xh-HxV.js                 13.14 kB │ gzip:     4.83 kB
.pbi-validation-030/browser-before/assets/spatialWebAudio-Dbf62j9L.js                  14.13 kB │ gzip:     3.23 kB
.pbi-validation-030/browser-before/assets/ktxTextureLoader-DTPK-xCx.js                 16.40 kB │ gzip:     4.78 kB
.pbi-validation-030/browser-before/assets/guid-y5xblbjx.js                             17.33 kB │ gzip:     5.98 kB
.pbi-validation-030/browser-before/assets/default.vertex-CF_7OiRp.js                   19.62 kB │ gzip:     4.39 kB
.pbi-validation-030/browser-before/assets/basisTextureLoader-ysZfXBnN.js               27.33 kB │ gzip:     8.20 kB
.pbi-validation-030/browser-before/assets/baseTexture.pure-Dqh85cjT.js                 31.81 kB │ gzip:     8.65 kB
.pbi-validation-030/browser-before/assets/envTextureLoader-DHGS3gCY.js                 31.99 kB │ gzip:     9.02 kB
.pbi-validation-030/browser-before/assets/default.vertex-Bo1fGh7n.js                   38.03 kB │ gzip:     6.29 kB
.pbi-validation-030/browser-before/assets/math.vector.pure-DblajkgE.js                 65.01 kB │ gzip:    15.94 kB
.pbi-validation-030/browser-before/assets/default.fragment-DOpJD8Rt.js                110.44 kB │ gzip:    22.56 kB
.pbi-validation-030/browser-before/assets/default.fragment-CzX5f488.js                114.47 kB │ gzip:    22.21 kB
.pbi-validation-030/browser-before/assets/browser-BlxTEVPe.js                       5,704.75 kB │ gzip: 2,011.81 kB

✓ built in 810ms
{"manifestPath":"Docs/Evidence/030-vehicle-recovery/browser-before-20261006T132157019Z/build-manifest.json","sourceHash":"6c203fb949dcd26c1074e91f344cfbf7cc4563f631205045d117bc4d4a1dc594","artifactHash":"00309f0f8140ed9d3e5735dbe64480a03d0900298f60b184892f0f45de63a54e","nativeHash":"02dc6a4e2fffc013bab08fbb44fa68f501d8303615e9afe4c7d89ad4eedda0d0","inputs":136,"artifacts":58,"zip":{"path":"Docs/Evidence/030-vehicle-recovery/browser-before-20261006T132157019Z/whole-archive.zip","bytes":5037202,"sha256":"48d75c0ebe13323865541668613d22023f36124fa3080b716ad2e372bd9d42dc"}}

STDERR
[plugin builtin:vite-reporter] 
(!) Some chunks are larger than 500 kB after minification. Consider:
- Using dynamic import() to code-split the application
- Use build.rolldownOptions.output.codeSplitting to improve chunking: https://rolldown.rs/reference/OutputOptions.codeSplitting
- Adjust chunk size limit for this warning via build.chunkSizeWarningLimit.
