npm warn Unknown env config "msvs-version". This will stop working in the next major version of npm. See `npm help npmrc` for supported config options.
tests/browser/vehicle-recovery-reference.mjs 82ms
tests/browser/vehicle-recovery/verify-reference.mjs 20ms
tests/browser/vehicle-recovery/verify-records.mjs 15ms
tests/browser/vehicle-recovery/road-fixture.ts 35ms
tests/vehicles/recovery-reference-verifier.test.mjs 7ms
✔ bounded envelope accepts its complete positive control then rejects missing/nonfinite samples and forged summary (57.5834ms)
✔ rejects partial inventory, failure markers, source omission and terminal chronology (52.5167ms)
✔ rejects escaped native path, malformed SHA and nonfinite mechanics (26.5985ms)
ℹ tests 3
ℹ suites 0
ℹ pass 3
ℹ fail 0
ℹ cancelled 0
ℹ skipped 0
ℹ todo 0
ℹ duration_ms 246.1849
{"status":"PASS","scope":"ACTUAL032033_PARSE_GRAPH_NO_NATIVE_WORLD","mapId":"030-authored-road-v1","stats":{"lanes":4,"segments":4,"connections":4,"spatialCells":15,"spatialReferences":29,"fallbackLanes":0,"geometryVariants":4,"uniqueSegments":4}}
(node:107412) ExperimentalWarning: stripTypeScriptTypes is an experimental feature and might change at any time
(Use `node --trace-warnings ...` to show where the warning was created)
npm warn Unknown env config "msvs-version". This will stop working in the next major version of npm. See `npm help npmrc` for supported config options.

> self-driving-academy@0.1.0 typecheck
> tsc --noEmit && tsc -p tsconfig.tests.json --noEmit

tests/browser/vehicle-recovery/road-fixture.ts(28,23): error TS6133: 'n' is declared but its value is never read.
