COMMAND ["node", "F:/Sites/self-driving-academy/node_modules/prettier/bin/prettier.cjs", "--write", "--ignore-path", ".gitignore", "tests/browser/vehicle-selection-actual/index.html", "tests/browser/vehicle-selection-actual/main.ts", "tests/browser/vehicle-selection-actual/proof.ts", "tests/browser/vehicle-selection-actual/selection-host.ts", "tests/browser/vehicle-selection-actual/server.mjs", "tests/browser/vehicle-selection-actual/transport.ts", "tests/browser/vehicle-selection-actual/world-store.mjs", "tests/browser/vehicle-selection-actual/world-store.test.mjs", "tests/browser/vehicle-selection-steady/arm.ts", "tests/browser/vehicle-selection-steady/codec.ts", "tests/browser/vehicle-selection-steady/diagnostics.ts", "tests/browser/vehicle-selection-steady/historical-reference.ts", "tests/browser/vehicle-selection-steady/host.ts", "tests/browser/vehicle-selection-steady/index.html", "tests/browser/vehicle-selection-steady/lifecycle.ts", "tests/browser/vehicle-selection-steady/main.ts", "tests/browser/vehicle-selection-steady/proof.ts", "tests/browser/vehicle-selection-steady/protocol.ts", "tests/browser/vehicle-selection-steady/server.mjs", "tests/browser/vehicle-selection-steady/transport.ts", "tests/browser/vehicle-selection-steady/world-store.mjs", "Docs/Evidence/068-vehicle-switch/archive-browser-after-short.mjs", "Docs/Evidence/068-vehicle-switch/verify-browser-after-short-build.mjs", "Docs/Evidence/068-vehicle-switch/verify-browser-after-short.mjs", "Docs/Evidence/068-vehicle-switch/browser-after-short-checks.mjs", "Docs/Evidence/068-vehicle-switch/derive-historical-steady.mjs", "Docs/Evidence/068-vehicle-switch/archive-browser-steady.mjs", "Docs/Evidence/068-vehicle-switch/verify-browser-steady-build.mjs", "Docs/Evidence/068-vehicle-switch/verify-browser-steady.mjs", "Docs/Evidence/068-vehicle-switch/steady-numeric-checks.mjs", "Docs/Evidence/068-vehicle-switch/steady-numeric-checks.test.mjs", "Docs/Evidence/068-vehicle-switch/BROWSER-AFTER-SOURCE-HANDOFF.md"]
tests/browser/vehicle-selection-actual/index.html 40ms (unchanged)
tests/browser/vehicle-selection-actual/main.ts 188ms
tests/browser/vehicle-selection-actual/proof.ts 16ms (unchanged)
tests/browser/vehicle-selection-actual/selection-host.ts 4ms
tests/browser/vehicle-selection-actual/server.mjs 51ms
tests/browser/vehicle-selection-actual/transport.ts 10ms
tests/browser/vehicle-selection-actual/world-store.mjs 8ms
tests/browser/vehicle-selection-actual/world-store.test.mjs 7ms
tests/browser/vehicle-selection-steady/arm.ts 50ms
tests/browser/vehicle-selection-steady/codec.ts 9ms
tests/browser/vehicle-selection-steady/diagnostics.ts 3ms
tests/browser/vehicle-selection-steady/historical-reference.ts 3ms
tests/browser/vehicle-selection-steady/host.ts 31ms
tests/browser/vehicle-selection-steady/index.html 6ms
tests/browser/vehicle-selection-steady/lifecycle.ts 7ms
tests/browser/vehicle-selection-steady/main.ts 18ms
tests/browser/vehicle-selection-steady/proof.ts 12ms (unchanged)
tests/browser/vehicle-selection-steady/protocol.ts 8ms
tests/browser/vehicle-selection-steady/server.mjs 21ms
tests/browser/vehicle-selection-steady/transport.ts 6ms
tests/browser/vehicle-selection-steady/world-store.mjs 6ms
Docs/Evidence/068-vehicle-switch/archive-browser-after-short.mjs 1ms (unchanged)
Docs/Evidence/068-vehicle-switch/verify-browser-after-short-build.mjs 3ms (unchanged)
Docs/Evidence/068-vehicle-switch/verify-browser-after-short.mjs 14ms
Docs/Evidence/068-vehicle-switch/browser-after-short-checks.mjs 6ms
Docs/Evidence/068-vehicle-switch/derive-historical-steady.mjs 3ms
Docs/Evidence/068-vehicle-switch/archive-browser-steady.mjs 2ms (unchanged)
Docs/Evidence/068-vehicle-switch/verify-browser-steady-build.mjs 2ms (unchanged)
Docs/Evidence/068-vehicle-switch/verify-browser-steady.mjs 8ms
Docs/Evidence/068-vehicle-switch/steady-numeric-checks.mjs 20ms
Docs/Evidence/068-vehicle-switch/steady-numeric-checks.test.mjs 5ms
Docs/Evidence/068-vehicle-switch/BROWSER-AFTER-SOURCE-HANDOFF.md 28ms (unchanged)

EXIT 0
