{"exe":"C:\\Program Files\\nodejs\\node.exe","args":["F:\\Sites\\self-driving-academy\\node_modules\\prettier\\bin\\prettier.cjs","--ignore-path","Docs/Evidence/068-vehicle-switch/browser-steady-v4-checks-01/empty-ignore","--write","tests/browser/vehicle-selection-steady-v4/arm.ts","tests/browser/vehicle-selection-steady-v4/codec.ts","tests/browser/vehicle-selection-steady-v4/diagnostics.ts","tests/browser/vehicle-selection-steady-v4/historical-reference.ts","tests/browser/vehicle-selection-steady-v4/host.ts","tests/browser/vehicle-selection-steady-v4/index.html","tests/browser/vehicle-selection-steady-v4/initial-callback.test.ts","tests/browser/vehicle-selection-steady-v4/initial-callback.ts","tests/browser/vehicle-selection-steady-v4/lifecycle-proof.test.ts","tests/browser/vehicle-selection-steady-v4/lifecycle-proof.ts","tests/browser/vehicle-selection-steady-v4/lifecycle.ts","tests/browser/vehicle-selection-steady-v4/main.ts","tests/browser/vehicle-selection-steady-v4/preflight-store.mjs","tests/browser/vehicle-selection-steady-v4/preflight-store.test.mjs","tests/browser/vehicle-selection-steady-v4/preflight.ts","tests/browser/vehicle-selection-steady-v4/proof.ts","tests/browser/vehicle-selection-steady-v4/protocol.ts","tests/browser/vehicle-selection-steady-v4/server.mjs","tests/browser/vehicle-selection-steady-v4/transport.ts","tests/browser/vehicle-selection-steady-v4/warm-observation.test.ts","tests/browser/vehicle-selection-steady-v4/warm-observation.ts","tests/browser/vehicle-selection-steady-v4/world-store.mjs","Docs/Evidence/068-vehicle-switch/archive-browser-steady-v4.mjs","Docs/Evidence/068-vehicle-switch/BROWSER-STEADY-V4-SOURCE-HANDOFF.md","Docs/Evidence/068-vehicle-switch/initial-callback-checks-v4.mjs","Docs/Evidence/068-vehicle-switch/initial-callback-checks-v4.test.mjs","Docs/Evidence/068-vehicle-switch/lifecycle-checks-v4.mjs","Docs/Evidence/068-vehicle-switch/steady-numeric-checks-v4.mjs","Docs/Evidence/068-vehicle-switch/steady-numeric-checks-v4.test.mjs","Docs/Evidence/068-vehicle-switch/steady-v4-v3-failure-proof.json","Docs/Evidence/068-vehicle-switch/verify-browser-steady-v4-build.mjs","Docs/Evidence/068-vehicle-switch/verify-browser-steady-v4.mjs","Docs/Evidence/068-vehicle-switch/verify-lifecycle-preflight-v4.mjs","Docs/Evidence/068-vehicle-switch/verify-steady-original-failure-v4.mjs"],"exit":0}
tests/browser/vehicle-selection-steady-v4/arm.ts 125ms (unchanged)
tests/browser/vehicle-selection-steady-v4/codec.ts 13ms (unchanged)
tests/browser/vehicle-selection-steady-v4/diagnostics.ts 4ms (unchanged)
tests/browser/vehicle-selection-steady-v4/historical-reference.ts 1ms (unchanged)
tests/browser/vehicle-selection-steady-v4/host.ts 30ms
tests/browser/vehicle-selection-steady-v4/index.html 40ms
tests/browser/vehicle-selection-steady-v4/initial-callback.test.ts 8ms (unchanged)
tests/browser/vehicle-selection-steady-v4/initial-callback.ts 4ms (unchanged)
tests/browser/vehicle-selection-steady-v4/lifecycle-proof.test.ts 8ms
tests/browser/vehicle-selection-steady-v4/lifecycle-proof.ts 8ms
tests/browser/vehicle-selection-steady-v4/lifecycle.ts 10ms
tests/browser/vehicle-selection-steady-v4/main.ts 30ms
tests/browser/vehicle-selection-steady-v4/preflight-store.mjs 21ms
tests/browser/vehicle-selection-steady-v4/preflight-store.test.mjs 12ms
tests/browser/vehicle-selection-steady-v4/preflight.ts 7ms
tests/browser/vehicle-selection-steady-v4/proof.ts 10ms (unchanged)
tests/browser/vehicle-selection-steady-v4/protocol.ts 5ms (unchanged)
tests/browser/vehicle-selection-steady-v4/server.mjs 33ms
tests/browser/vehicle-selection-steady-v4/transport.ts 6ms (unchanged)
tests/browser/vehicle-selection-steady-v4/warm-observation.test.ts 4ms (unchanged)
tests/browser/vehicle-selection-steady-v4/warm-observation.ts 4ms (unchanged)
tests/browser/vehicle-selection-steady-v4/world-store.mjs 8ms (unchanged)
Docs/Evidence/068-vehicle-switch/archive-browser-steady-v4.mjs 2ms (unchanged)
Docs/Evidence/068-vehicle-switch/BROWSER-STEADY-V4-SOURCE-HANDOFF.md 32ms
Docs/Evidence/068-vehicle-switch/initial-callback-checks-v4.mjs 3ms (unchanged)
Docs/Evidence/068-vehicle-switch/initial-callback-checks-v4.test.mjs 3ms (unchanged)
Docs/Evidence/068-vehicle-switch/lifecycle-checks-v4.mjs 5ms
Docs/Evidence/068-vehicle-switch/steady-numeric-checks-v4.mjs 27ms (unchanged)
Docs/Evidence/068-vehicle-switch/steady-numeric-checks-v4.test.mjs 8ms (unchanged)
Docs/Evidence/068-vehicle-switch/steady-v4-v3-failure-proof.json 19ms
Docs/Evidence/068-vehicle-switch/verify-browser-steady-v4-build.mjs 4ms (unchanged)
Docs/Evidence/068-vehicle-switch/verify-browser-steady-v4.mjs 10ms
Docs/Evidence/068-vehicle-switch/verify-lifecycle-preflight-v4.mjs 5ms
Docs/Evidence/068-vehicle-switch/verify-steady-original-failure-v4.mjs 19ms
