npm warn Unknown env config "msvs-version". This will stop working in the next major version of npm. See `npm help npmrc` for supported config options.

> self-driving-academy@0.1.0 check
> npm run typecheck && npm run lint && npm run format:check && npm run check:architecture && npm test

npm warn Unknown env config "msvs-version". This will stop working in the next major version of npm. See `npm help npmrc` for supported config options.

> self-driving-academy@0.1.0 typecheck
> tsc --noEmit && tsc -p tsconfig.tests.json --noEmit

npm warn Unknown env config "msvs-version". This will stop working in the next major version of npm. See `npm help npmrc` for supported config options.

> self-driving-academy@0.1.0 lint
> eslint . --max-warnings 0

npm warn Unknown env config "msvs-version". This will stop working in the next major version of npm. See `npm help npmrc` for supported config options.

> self-driving-academy@0.1.0 format:check
> prettier --check "src/**/*.{ts,css}" "tests/**/*.ts" "tests/**/*.html" "scripts/**/*.mjs" "*.{json,js,html}"

Checking formatting...
All matched files use Prettier code style!
npm warn Unknown env config "msvs-version". This will stop working in the next major version of npm. See `npm help npmrc` for supported config options.

> self-driving-academy@0.1.0 check:architecture
> node scripts/verify-architecture.mjs

Architecture imports: PASS (113 TypeScript files)
Architecture negative probes: PASS (6 forbidden dependencies rejected)
Inspector exception negative probes: PASS (4 forbidden imports rejected)
Rapier adapter negative probes: PASS (3 forbidden imports rejected)
Renderer injection, readonly snapshots, defensive persistence and lifecycle: PASS
(node:90360) ExperimentalWarning: stripTypeScriptTypes is an experimental feature and might change at any time
(Use `node --trace-warnings ...` to show where the warning was created)
npm warn Unknown env config "msvs-version". This will stop working in the next major version of npm. See `npm help npmrc` for supported config options.

> self-driving-academy@0.1.0 test
> node --import ./scripts/register-typescript.mjs --test "tests/**/*.test.ts"

(node:41936) ExperimentalWarning: stripTypeScriptTypes is an experimental feature and might change at any time
(Use `node --trace-warnings ...` to show where the warning was created)
✔ ready and manual pause render without advancing ticks; resume excludes paused time (3.5068ms)
✔ visibility resumes only background pause; overload requires explicit recovery (1.3181ms)
✔ reload coalesces requests and never duplicates frames/listeners; errors and disposal release owners (0.4424ms)
✔ disposal during loading releases a late backend and never installs subscriptions (0.3383ms)
✔ initially hidden ready cannot start until foreground (0.2717ms)
✔ projection is frozen, presentation faults terminate, cleanup attempts every owner (0.4423ms)
✔ fixed-step faults and synchronous loader errors expose ERROR without retrying a step (0.4084ms)
(node:108512) ExperimentalWarning: stripTypeScriptTypes is an experimental feature and might change at any time
(Use `node --trace-warnings ...` to show where the warning was created)
✔ loss captures the same authoritative tick/body after suspension, retries preserve immutable RAM (4.7852ms)
✔ twenty reload/resize cycles plateau, coalescing and old loss callback cannot recreate a session (1.5936ms)
✔ failure in resize reconstructs once; invalid capture disables stale checkpoint retry (0.2981ms)
✔ disposal during pending construction releases late candidate; no renderer resurrection (0.518ms)
✔ GPU loss while factory is pending becomes retryable ERROR and candidate disposed (0.3501ms)
✔ RAM capture rejects accessors, nonfinite, cycles, sparse arrays and capacity without reading getters (1.2098ms)
✔ application keeps its simulation, tick, RAF and subscriptions across renderer failure/retry (3.4237ms)
(node:48968) ExperimentalWarning: stripTypeScriptTypes is an experimental feature and might change at any time
(Use `node --trace-warnings ...` to show where the warning was created)
✔ all six states and concurrent priorities have exact reason codes and owned transition snapshots (2.8572ms)
✔ absence, foreign, future/stale, discontinuous and incomplete source are blocked before any requested maneuver (0.7885ms)
✔ versioned parsers reject getters, exotic/sparse and oversized data without changing accepted owner state (1.1103ms)
✔ published044 projection keeps actual source age, used completeness and shared profile semantics without retaining geometry (25.414ms)
✔ 219 invokes periodic decisions only in deterministic phases, urgent offphase reads fresh044, input/controller remain60Hz (167.5148ms)
✔ authority change clears decision without allowing tick regression and does not commandeer MANUAL/LEARNING (1.0756ms)
✔ identity reuse, epoch resets and atomic capacity admission fence stale callbacks with bounded tombstones (1.5552ms)
✔ twenty full110actor lifecycle cycles retain only bounded current scalar projections and release all ownership (33.8735ms)
✔ 1024 protected epoch identities refuse new IDs atomically without tombstone eviction (3.7144ms)
(node:85048) ExperimentalWarning: stripTypeScriptTypes is an experimental feature and might change at any time
(Use `node --trace-warnings ...` to show where the warning was created)
✔ 049 preproduction reference uses actual033 directed geometry and explicit separate speed fixture (78.2192ms)
(node:66912) ExperimentalWarning: stripTypeScriptTypes is an experimental feature and might change at any time
(Use `node --trace-warnings ...` to show where the warning was created)
✔ 049 compiled routes use actual033 directedlane/TURN authored points and refuse fabricated tokens/gaps (13.8024ms)
✔ 049 left/right TURN preserves all authored intermediate geometry rather than joining only lane endpoints (4.5394ms)
✔ 049 actual steering matches independent exhaustive geometry without actuation/timer/longitudinal fields (5.3541ms)
✔ 049 sharp/too-tight/grade geometry and closed256vertex admission are explicit rather than teleported (16.5861ms)
✔ 049 null/stale/discontinuous/future/height/heading/reverse observations and overspeed have explicit reasons (5.7885ms)
✔ 049 posted speed/style and045 state only affect lateral control through explicit owner choices (3.2969ms)
✔ 049 authority/tick/mapversion/incarnation/epoch fences release routes without reopening old ticks (2.0275ms)
✔ 049 malformed/getter/sparse/reentrant boundaries reject before owner mutation (1.9226ms)
✔ 049110owner/256geometry/1024protectedidentity capacities are atomic and20lifecycles release strong ownership (111.9445ms)
✔ 049 descriptor snapshots prevent unsafe caller re-read and mutable-object cache/TOCTOU reuse (3.1616ms)
(node:41184) ExperimentalWarning: stripTypeScriptTypes is an experimental feature and might change at any time
(Use `node --trace-warnings ...` to show where the warning was created)
✔ normal/dense contexts match exhaustive IDs, lanes, leaders, signals and conflicts at real authoritative ticks (396.2139ms)
✔ lateral, opposite-direction and overpass vehicles never become false leaders (6.7631ms)
✔ cached context keeps source tick; urgent signal refresh occurs before six-tick cadence without clock/event resampling (15.1272ms)
✔ frame admission is atomic, duplicate snapshots canonical, contradictory/stale signal snapshots rejected (22.6934ms)
✔ unknown intent, offroad intent and absent/incomplete signals remain unknown, while junction intent selects the concrete movement (15.5962ms)
✔ a concrete route with incompatible current lane or access never makes its signal applicable (20.8478ms)
✔ priority uses explicit038 policy and supplied SI distances; local or incomplete traffic never creates a global AVAILABLE gap (14.1546ms)
✔ missing policy is explicit unknown; supplied distances change instantaneous predictions without producing temporal evidence (9.6318ms)
✔ session, epoch, incarnation and removal fences prevent stale contexts from surviving reuse (29.2154ms)
✔ capacity checks preserve prior ownership and all admitted dense contexts fit the110-entry cache (29.3439ms)
✔ twenty reset/lifecycle cycles clear frame/index/cache/identity ownership; returned snapshots stay frozen (486.4637ms)
✔ hostile data and duplicates are rejected without invoking accessors or retaining partial frame state (16.1166ms)
✔ deep obstacle and polygon accessors and inherited array methods never execute during frame preparation (17.0855ms)
✔ obstacle/zone identities fence stale positions and removed incarnations; kinds remain stable within an epoch (108.8051ms)
✔ partial observation omissions preserve identities without creating removal tombstones (15.6553ms)
✔ per-epoch identity history has finite admission without dropping retained tombstones (177.8544ms)
BJS - [14:31:20]: Babylon.js v9.29.0 - Null engine
(node:50428) ExperimentalWarning: stripTypeScriptTypes is an experimental feature and might change at any time
(Use `node --trace-warnings ...` to show where the warning was created)
✔ actual physical scheduling fixture preserves70controllers and can verify cleanup twice after native disposal (624.1071ms)
(node:18888) ExperimentalWarning: stripTypeScriptTypes is an experimental feature and might change at any time
(Use `node --trace-warnings ...` to show where the warning was created)
✔ VehicleCommand: JSON roundtrip, immutable defensive copy (2.1839ms)
✔ VehicleCommand: rejects all nonfinite numeric leaves (2.0735ms)
✔ VehicleCommand: rejects unknown shape, extra/missing fields, unsupported versions (1.1623ms)
✔ VehicleState: JSON roundtrip, immutable defensive copy (0.522ms)
✔ VehicleState: rejects all nonfinite numeric leaves (2.5901ms)
✔ VehicleState: rejects unknown shape, extra/missing fields, unsupported versions (0.6178ms)
✔ Ride: JSON roundtrip, immutable defensive copy (0.4778ms)
✔ Ride: rejects all nonfinite numeric leaves (0.757ms)
✔ Ride: rejects unknown shape, extra/missing fields, unsupported versions (0.9875ms)
✔ SimulationEvent: JSON roundtrip, immutable defensive copy (0.6109ms)
✔ SimulationEvent: rejects all nonfinite numeric leaves (0.6596ms)
✔ SimulationEvent: rejects unknown shape, extra/missing fields, unsupported versions (0.4974ms)
✔ InterventionSegment: JSON roundtrip, immutable defensive copy (1.2159ms)
✔ InterventionSegment: rejects all nonfinite numeric leaves (10.4417ms)
✔ InterventionSegment: rejects unknown shape, extra/missing fields, unsupported versions (1.0339ms)
✔ TelemetrySample: JSON roundtrip, immutable defensive copy (0.3351ms)
✔ TelemetrySample: rejects all nonfinite numeric leaves (5.7656ms)
✔ TelemetrySample: rejects unknown shape, extra/missing fields, unsupported versions (0.5722ms)
✔ DrivingProfile: JSON roundtrip, immutable defensive copy (1.1778ms)
✔ DrivingProfile: rejects all nonfinite numeric leaves (1.3491ms)
✔ DrivingProfile: rejects unknown shape, extra/missing fields, unsupported versions (0.8713ms)
✔ ParameterEvidence: JSON roundtrip, immutable defensive copy (0.2329ms)
✔ ParameterEvidence: rejects all nonfinite numeric leaves (0.4835ms)
✔ ParameterEvidence: rejects unknown shape, extra/missing fields, unsupported versions (0.5677ms)
✔ unknown data never executes getters or coercion; inherited fields/symbols/sparse arrays rejected (1.2543ms)
✔ vehicle normalized controls, tick identity, quaternion and enums (1.0139ms)
✔ ride terminal metadata and assignment chronology (0.4256ms)
✔ all event discriminants roundtrip with their specific validated payload (1.7897ms)
✔ event payload discrimination, entity references and reset/activation chronology (0.4625ms)
✔ segments reject mode eligibility, mismatched world/vehicle/source, unordered ticks and partial closure (1.4888ms)
✔ profiles preserve unknown observations and reserved data without fabricated evidence (0.8198ms)
✔ current design catalog can be carried structurally without implementing its parameter registry (12.6205ms)
(node:105008) ExperimentalWarning: stripTypeScriptTypes is an experimental feature and might change at any time
(Use `node --trace-warnings ...` to show where the warning was created)
✔ composition publishes the exact COLLISION variant once for actual admitted step serials (5.8898ms)
✔ foreign session and epoch are rejected at constructor before any native step (0.712ms)
✔ accepted listener errors are inspected with bounded diagnostics and never retried as effects (1.0965ms)
✔ capacity failure keeps exact suffix and blocks newer physics before it advances (0.6329ms)
✔ publisher failure after acceptance retries stable duplicate identity without repeating effects (0.4288ms)
✔ listener removal/reuse discards later stale incidents and adapter reentry is fenced (0.4621ms)
✔ native serial and tick fences reject fake captures, duplicated physics and external advances (0.6698ms)
✔ real epoch reset restores new owner and disposal releases all episode/pending ownership (0.6823ms)
✔ prepared admission is idempotent and cannot relabel the physical tick (0.4221ms)
✔ pending publication cannot admit physics advanced by a listener (0.5832ms)
(node:6316) ExperimentalWarning: stripTypeScriptTypes is an experimental feature and might change at any time
(Use `node --trace-warnings ...` to show where the warning was created)
✔ duplicates and retries consume each identity once even after listeners fail (2.6397ms)
✔ stable declared order, type filtering and publication order within tick (1.178ms)
✔ unsubscribe is idempotent and immediate; subscribe during dispatch starts next event (0.4977ms)
✔ rejects invalid, stale, foreign and late events without consuming capacity (1.1414ms)
✔ dedup is fail-closed at capacity; epoch invalidation rejects retired worlds (0.5467ms)
✔ reentrant publication and lifecycle changes fail before nested effects (0.424ms)
✔ validated copies are immutable and owned; resources are capped and disposed (0.6524ms)
(node:98348) ExperimentalWarning: stripTypeScriptTypes is an experimental feature and might change at any time
(Use `node --trace-warnings ...` to show where the warning was created)
✔ 30/60 frame schedules preserve tick-addressed commands and duration over ten simulated minutes (416.8073ms)
✔ first frame anchors time; fractional boundaries produce previous/current interpolation (0.508ms)
✔ catchup executes at most four constant steps and retains the rest of debt (0.3568ms)
✔ overload pauses before steps; explicit recovery drains preserved debt without new wall time (1.4448ms)
✔ 250 ms threshold is inclusive and a larger debt explicitly overloads (0.1959ms)
✔ manual and background pauses exclude stopped time and retain fractional debt (0.344ms)
✔ pause accounts only the active interval to its boundary, and recovery can itself pause (0.4572ms)
✔ invalid or regressing clocks are rejected without poisoning clock or loop state (0.7039ms)
✔ snapshot ownership is defensive, nested immutable and safe after later steps/disposal (0.4661ms)
✔ step/capture/interpolate failures are explicit terminal faults and never retry an executed step (0.595ms)
✔ reentrant operations are rejected; uncaught reentrancy produces a fault (0.5842ms)
✔ snapshot plain-tree boundary rejects accessors/cycles/exotic objects; null snapshots are valid (0.5631ms)
✔ initial tick keeps addressed identity while elapsed simulated time starts at zero (0.2675ms)
(node:33968) ExperimentalWarning: stripTypeScriptTypes is an experimental feature and might change at any time
(Use `node --trace-warnings ...` to show where the warning was created)
✔ five-repeat medians/ranges preserve paired negative observer deltas and counters (7.2402ms)
✔ unsupported/pending GPU remains null; partial availability reports actual repetitions (1.885ms)
✔ rejects smoke, interrupted protocol, invalid dimensions and lost focus (14.1704ms)
✔ rejects missing/duplicate pairs and inconsistent/nonfinite sample statistics (2.2107ms)
✔ rejects hardware/profile/build/digest inconsistency and wrong phase attribution (3.567ms)
✔ phase wall delta does not invalidate a full RAF duration when callback latencies differ (0.5242ms)
✔ explicit-path CLI emits one compact JSON record, rejects invalid input, and never rewrites evidence (577.2703ms)
(node:78216) ExperimentalWarning: stripTypeScriptTypes is an experimental feature and might change at any time
(Use `node --trace-warnings ...` to show where the warning was created)
✔ nearest rank percentiles, histogram and strict budget on known data (1.3943ms)
✔ collector caps allocations, reports overflow and rejects lifecycle misuse (1.2123ms)
✔ disabled collector allocates no sample buffers and unavailable APIs never become zero (0.1937ms)
✔ reports require five complete pairs, own metadata, preserve missing data and reject nonfinite values (4.2559ms)
✔ hardware baseline rejects short durations, overflow and missing pair identity (0.8163ms)
(node:16708) ExperimentalWarning: stripTypeScriptTypes is an experimental feature and might change at any time
(Use `node --trace-warnings ...` to show where the warning was created)
✔ headless: advances 12 ticks and captures states/events without renderer (2.1753ms)
✔ zero ticks captures initial state and validates seed/tick boundaries (0.5349ms)
✔ capture owns copies even when an adapter reuses mutable state and events (0.2409ms)
✔ scenario oracle rejects corrupted state and event evidence (1.2658ms)
(node:90232) ExperimentalWarning: stripTypeScriptTypes is an experimental feature and might change at any time
(Use `node --trace-warnings ...` to show where the warning was created)
✔ versioned identity and RNG golden vectors fix encoding and algorithm (2.0694ms)
✔ IDs preserve boundaries, namespace, kind and exact Unicode code units (0.5774ms)
✔ inserted events and reversed evaluation preserve addressed opportunity samples (1.2565ms)
✔ seed scopes and sample purpose/index distinguish fixed fixtures (0.6625ms)
✔ JSON restart reproduces samples from version, seed, purpose and index only (0.4213ms)
✔ unit samples are exact uint32 fractions in the half-open unit interval (16.3863ms)
✔ unknown invalid inputs fail without coercion or accessor execution (1.7258ms)
(node:78096) ExperimentalWarning: stripTypeScriptTypes is an experimental feature and might change at any time
(Use `node --trace-warnings ...` to show where the warning was created)
✔ 066 preproduction schedule exercises all modes and explicit coherent published024 handoff (1.4051ms)
(node:95052) ExperimentalWarning: stripTypeScriptTypes is an experimental feature and might change at any time
(Use `node --trace-warnings ...` to show where the warning was created)
✔ 066 simultaneous transfer is order independent and old input never retargets (5.9959ms)
✔ 066 same-body MANUAL/LEARNING preserves filter and release clears after accepted state (0.617ms)
✔ 066 whole malformed batches reject without physical/tick/filter effects and same tick retries (1.0543ms)
✔ 066 callback failure records accepted physical state and is terminal, including reentrant guard (1.7198ms)
✔ 066 stale native replacement and registration refusal do not silently recreate owner entities (0.5935ms)
✔ 066 suspension does not advance physical tick and ownership disposal releases only own references (0.4229ms)
✔ 066 20 lifecycle cycles enforce 110 retained tokens, atomic capacity, and zero owner history (49.6534ms)
✔ 066 descriptor snapshots reject symbols/accessors and proxy-triggered reentry without effects (0.6862ms)
✔ 066 player removal callback fault reports registration acceptance without claiming a new physical tick (0.4667ms)
✔ 066 actuation fault is terminal and distinguishes unaccepted full physical tick from rollback (0.6469ms)
(node:86332) ExperimentalWarning: stripTypeScriptTypes is an experimental feature and might change at any time
(Use `node --trace-warnings ...` to show where the warning was created)
✔ DOM press hold/repeat/release are bounded and raw keys mapW/S/A/D/Space (2.4241ms)
✔ blur visibility editable/modal/disabled state flushes keys; repeats never restore lostinput (0.8381ms)
✔ modifiers and composition do not consume editable keyboardshortcuts or leave throttle active (0.377ms)
✔ twenty binding/filter ownershipcycles release sixlisteners and retain noinputframes (3.547ms)
(node:86328) ExperimentalWarning: stripTypeScriptTypes is an experimental feature and might change at any time
(Use `node --trace-warnings ...` to show where the warning was created)
✔ 067 reference exercises all six edges repeatedly without production adapter (2.3265ms)
(node:26524) ExperimentalWarning: stripTypeScriptTypes is an experimental feature and might change at any time
(Use `node --trace-warnings ...` to show where the warning was created)
✔ 067 all six edges use actual066 acceptance, with no optimistic projection (7.1521ms)
✔ 067 burst folds, event-time identity cannot retarget, conflict and capacity reject whole burst (3.3352ms)
✔ 067 malformed physical batch retains exact ticket for same-tick retry, foreign tickets rejected (1.3106ms)
✔ 067 physical accepted callback fault cannot be hidden by failed eligibility (0.9861ms)
✔ 067 eligibility current explicit facts only; stale, malformed and throwing ports become unavailable (0.8996ms)
✔ 067 invalid times, stale native identity, expiry, suspension and lifecycle clear are bounded (3.3891ms)
✔ 067 reentrant informational callback cannot mutate physical ticket or hide state (0.5611ms)
✔ 067 disposed authority and stale/throwing selection still publish terminal actual tick (0.4893ms)
✔ 067 ports are descriptor snapshots, accessors and symbols never execute, reset releases old lifecycle (0.7386ms)
✔ 067 failed actuation publishes prior accepted tick rather than candidate mode or attempted tick (0.6337ms)
(node:40696) ExperimentalWarning: stripTypeScriptTypes is an experimental feature and might change at any time
(Use `node --trace-warnings ...` to show where the warning was created)
✔ 067 keyboard down/up suppresses repeats and duplicate keydowns with two held codes (5.6108ms)
✔ 067 focus editable modal pause composition and shortcuts cannot enqueue transitions (1.1317ms)
✔ 067 standalone own modifiers allowed; other combinations rejected and remap is atomic (2.1238ms)
✔ 067 keyboard synchronous callbacks and reentry reject malformed ports, disposal releases listeners (3.1341ms)
(node:108312) ExperimentalWarning: stripTypeScriptTypes is an experimental feature and might change at any time
(Use `node --trace-warnings ...` to show where the warning was created)
✔ 80 unique keys, 24 M targets; planned stages grant no capabilities (4.6132ms)
✔ every key validates default, inclusive bounds, canonical unit and finite range (7.5462ms)
✔ publication gate rejects LEARNED and manual tuning for all unsupported keys (16.9546ms)
✔ publication gate rejects unknown keys, wrong units and invalid ranges for all provenance (0.6265ms)
✔ publication retains structural evidence and provenance checks and roundtrip (0.3419ms)
✔ malformed catalog rejects schema, shape, duplicate/unknown keys and invalid definitions (12.905ms)
✔ registry and parsed catalog are defensive immutable data (1.1913ms)
✔ generated runtime catalog is synchronized with canonical JSON (427.8516ms)
(node:72672) ExperimentalWarning: stripTypeScriptTypes is an experimental feature and might change at any time
(Use `node --trace-warnings ...` to show where the warning was created)
✔ GLB preflight accepts original embedded geometry and bounds decoded bytes (2.2065ms)
✔ GLB header and truncated JSON reject before Babylon resource creation (0.3553ms)
✔ embedded PNG size is admitted before decode and oversized dimensions reject (0.4567ms)
✔ geometry primitive vertex budget rejects before Babylon (0.252ms)
(node:42336) ExperimentalWarning: stripTypeScriptTypes is an experimental feature and might change at any time
(Use `node --trace-warnings ...` to show where the warning was created)
✔ WebGPU preferred, scene owned, disposal exactly once in dependency order (2.1318ms)
✔ unavailable or throwing support check uses only WebGL2 (0.6767ms)
✔ WebGL2 preference skips WebGPU support completely (0.4049ms)
✔ init failure cleans engine before fallback on a distinct canvas (0.599ms)
✔ scene failure reconstructs a new scene after disposing all tentative resources (2.332ms)
✔ both fail with recoverable aggregate; cleanup exceptions do not stop engine/canvas release (0.8871ms)
(node:89972) ExperimentalWarning: stripTypeScriptTypes is an experimental feature and might change at any time
(Use `node --trace-warnings ...` to show where the warning was created)
✔ fixed ring retains recent values, exact percentiles and bounded numeric bytes (1.9783ms)
✔ missing timers stay unavailable; fresh measured GPU zero remains valid (0.2161ms)
✔ disabled collector performs no admission and reenabling starts a fresh window (0.3607ms)
✔ counter projections are copied/frozen and invalid capacity/counters reject (0.315ms)
(node:103664) ExperimentalWarning: stripTypeScriptTypes is an experimental feature and might change at any time
(Use `node --trace-warnings ...` to show where the warning was created)
✔ error then retry, one frame/resize subscription, idempotent disposal (1.5154ms)
✔ concurrent retry is coalesced; dispose during pending initialization releases late backend (0.365ms)
✔ render failure stops loop, cleans resources and exposes retry (0.3268ms)
✔ cleanup failures clear every owner and still permit retry (0.7463ms)
✔ synchronous factory failure does not poison the pending retry promise (0.2581ms)
BJS - [14:31:20]: Babylon.js v9.29.0 - Null engine
BJS - [14:31:20]: Babylon.js v9.29.0 - Null engine
BJS - [14:31:20]: Babylon.js v9.29.0 - Null engine
BJS - [14:31:20]: Babylon.js v9.29.0 - Null engine
✔ explicit DPR caps/resolution scaling, immutable limits and invalid input rejection (1.2058ms)
✔ adaptive windows require GPU evidence, hysteresis/cooldown and manual override (1.6435ms)
✔ daylight quality switches preserve materials/signals/domain and release shadows without accumulation (47.6283ms)
✔ bounded caster registry and atomic quality validation (13.9953ms)
✔ removed active caster is refilled deterministically; foreign/disposed meshes rejected (5.7051ms)
✔ automatic presentation port applies GPU downgrade and manual preferences stop it (2.0699ms)
(node:23112) ExperimentalWarning: stripTypeScriptTypes is an experimental feature and might change at any time
(Use `node --trace-warnings ...` to show where the warning was created)
BJS - [14:31:20]: Babylon.js v9.29.0 - Null engine
BJS - [14:31:20]: Babylon.js v9.29.0 - Null engine
BJS - [14:31:20]: Babylon.js v9.29.0 - Null engine
BJS - [14:31:20]: Babylon.js v9.29.0 - Null engine
(node:30724) ExperimentalWarning: stripTypeScriptTypes is an experimental feature and might change at any time
(Use `node --trace-warnings ...` to show where the warning was created)
✔ manifest rejects cumulative first-ride/decoder/GPU/shader budgets without confusing transfer with residency (3.5002ms)
✔ local LOD batches preserve picking after motion/removal/reorder, copy inputs and dispose owned resources (58.9533ms)
✔ two LOD hosts admit identity capacity atomically before changing any matrix/count (5.1923ms)
✔ LOD retains near detail when a large scaled source reaches the camera (4.0588ms)
✔ twenty static material lifecycle cycles plateau; capacity admission preserves existing batches (48.1688ms)
(node:100808) ExperimentalWarning: stripTypeScriptTypes is an experimental feature and might change at any time
(Use `node --trace-warnings ...` to show where the warning was created)
✔ known tick midpoint, endpoints, wheel continuous rotations and frozen authority (3.2909ms)
✔ fixed loop alpha drives render projection without altering the captured body (2.8244ms)
✔ shortest arc slerp of orientations and equivalent negative quaternion (0.5745ms)
✔ missing, reset, reused, skipped and backwards snapshots snap to current (0.7482ms)
✔ alpha clamps, nonfinite snaps, invalid snapshot rejected before presentation (0.8074ms)
(node:108144) ExperimentalWarning: stripTypeScriptTypes is an experimental feature and might change at any time
(Use `node --trace-warnings ...` to show where the warning was created)
✔ visual boundary accepts readonly domain pose without changing it (1.5458ms)
✔ visual identity validates epochs at presentation boundary (0.3047ms)
(node:53264) ExperimentalWarning: stripTypeScriptTypes is an experimental feature and might change at any time
(Use `node --trace-warnings ...` to show where the warning was created)
✔ selection changes only camera, target identity is independent of authority (1.7103ms)
✔ damping is time-based, stable zero-motion and speed-dependent distance brakes inward (0.8515ms)
✔ driver eye is inside cabin and follows turn/roll exactly with adjustable FOV (9.6673ms)
✔ look clamps and recenter, reuse resets visual damping and look (0.5813ms)
✔ expanded-AABB sphere sweep prevents thin-wall tunneling and corrects start penetration (0.6328ms)
✔ collision correction runs after damping and on motion path, fail-safe and invalid input (0.8441ms)
BJS - [14:31:20]: Babylon.js v9.29.0 - Null engine
BJS - [14:31:20]: Babylon.js v9.29.0 - Null engine
BJS - [14:31:20]: Babylon.js v9.29.0 - Null engine
BJS - [14:31:20]: Babylon.js v9.29.0 - Null engine
BJS - [14:31:20]: Babylon.js v9.29.0 - Null engine
BJS - [14:31:20]: Babylon.js v9.29.0 - Null engine
✔ nearest mesh/root and ordinary instance identities remain distinct; decor blocks (28.453ms)
✔ thin batch maps real ray hit index, remaps atomically, and rejects stale count (5.119ms)
✔ foreign/disposed objects, malformed IDs and capacity are rejected without destructive replacement (3.5975ms)
✔ optional013 resolver maps descendants while thin instances never inherit host identity (2.2521ms)
✔ native pointer scans are disabled and restored; disposed picker does not scan (0.7384ms)
✔ input maps CSS to render pixels once; move is scan-free; modal/drag/cancel/UI/cleanup block clicks (5.108ms)
✔ hover is explicit opt-in, disabled/modal state prevents scans (0.326ms)
✔ hardware scaling and aggregate thin capacity retain correct identity (2.8023ms)
(node:40340) ExperimentalWarning: stripTypeScriptTypes is an experimental feature and might change at any time
(Use `node --trace-warnings ...` to show where the warning was created)
(node:94768) ExperimentalWarning: stripTypeScriptTypes is an experimental feature and might change at any time
(Use `node --trace-warnings ...` to show where the warning was created)
✔ defaults and valid alternate settings round-trip as deeply frozen owned data (3.1356ms)
✔ all control sliders enforce finite UI domains, FOV degrees and version bounds (1.7162ms)
✔ binding conflicts, unknown actions and unsupported keys are rejected (0.9119ms)
✔ units, quality and launch configuration reject invalid or learned fields (1.4838ms)
✔ data readers reject accessors and exotic objects without executing getters (0.9116ms)
✔ replacement is atomic, owns input copies and enforces player/control version (2.2871ms)
✔ reset restores settings independently and cannot touch profiles or progression (1.2289ms)
✔ revision exhaustion rejects reset without changing the snapshot (0.4203ms)
✔ quality and launch reset preserve control identity and stay independent of population (0.6275ms)
(node:30320) ExperimentalWarning: stripTypeScriptTypes is an experimental feature and might change at any time
(Use `node --trace-warnings ...` to show where the warning was created)
✔ cooperative synthetic route jobs match original exact path/blocked reference across all fixture lane pairs (22.9354ms)
(node:3252) ExperimentalWarning: stripTypeScriptTypes is an experimental feature and might change at any time
(Use `node --trace-warnings ...` to show where the warning was created)
✔ unscheduled before reference preserves exact authoritative trace across30/60/120synthetic render clocks (9.3521ms)
✔ before hitch pauses without a step, retains debt and recovers only real60Hzsteps capped at4 (0.9366ms)
✔ before background pause excludes stopped wall time; selection and blockage urgent callbacks bypass periodic slot (2.9025ms)
✔ actual044before fixture admits all70/110actors and source tick matches each fresh decision (250.0455ms)
✔ synthetic route job consults actual directed successors and never returns a blocked destination (2.6552ms)
(node:56396) ExperimentalWarning: stripTypeScriptTypes is an experimental feature and might change at any time
(Use `node --trace-warnings ...` to show where the warning was created)
✔ stable entity phases retain10Hz counts across insertion order and30/60/120render clocks; physics/input remain identical (16.0256ms)
✔ urgent input runs immediately, coalesces due decisions, and publication urgency waits only next relevant physicaltick (0.7464ms)
✔ decisionTick never restamps latest committed044context sourceTick; urgent input is independent of source age (75.1595ms)
✔ adversarial same-phase identities are all processed, while every offcamera actor receives all controllers (1.1651ms)
✔ real008hitch/background debt, max4steps and explicit overload are preserved by scheduler composition (1.2344ms)
✔ pending028publication admission refusal faults before input/control/physics and cannot commit a nominal noop tick (0.5728ms)
✔ invalid/staleclock admission preserves state; callback/async/reentrant errors are terminal without retry (0.9449ms)
✔ actor scheduleridentity ownership fences staleincarnations/removal/epoch callbacks and urgentreuse (1.2648ms)
✔ finiteactor and1024ledger admission never truncates; hostile getters/densearray prototypes are rejected atomically (8.8906ms)
✔ routework admission is finite, priority deterministic, at most4cooperative slices and1residenttask per tick (1.4554ms)
✔ routecache uses graph/cost/access/origin/destination; blocked results reuse only matching versions (0.9476ms)
✔ a cached different target cannot bypass an actor pending route (0.6937ms)
✔ malformed factory tasks clean valid own disposal once without reading accessors (0.8588ms)
✔ deduplicated route urgency promotes waiting normal work; injected object methods preserve their receiver (0.5236ms)
✔ pendingroutecapacity/cancel/expiry and actorremoval cleanup retain explicit terminal outcomes without stalepublish (4.3375ms)
✔ routepath/source validation and taskfailure are terminal; task cleanup is attempted once at lifecycle boundary (0.4924ms)
✔ 64entryroutecache evicts deterministically and reset/dispose20cycles clear all owned queues/cache/ledger (3.4884ms)
(node:101272) ExperimentalWarning: stripTypeScriptTypes is an experimental feature and might change at any time
(Use `node --trace-warnings ...` to show where the warning was created)
✔ 067 HUD actual text symbol subject and independent eligibility, never optimistic on click (3.0326ms)
✔ 067 HUD throttle never allows paused faulted or missing-subject clicks before refresh (0.7373ms)
✔ 067 HUD guards malformed getter eligibility and stale accepted ticks; atomic remap and bounded lifecycle (1.849ms)
✔ 067 aria shortcuts use key names while visible labels retain physical remapped codes (0.4606ms)
✔ 067 real066 seatA cameraB HUD promises B and exact visible target rejects stale clicks (5.1258ms)
(node:82568) ExperimentalWarning: stripTypeScriptTypes is an experimental feature and might change at any time
(Use `node --trace-warnings ...` to show where the warning was created)
✔ opaque fractional/subnormal handles are fenced by exact registration, without tombstones (2.5153ms)
✔ admission caps subscriptions and active entities before registration (2.441ms)
✔ old unsubscribe never decrements subscriptions belonging to a reused entity (0.2174ms)
✔ dispatch rejects stale ticks, removal/recreation and reentrant newer publication (0.3098ms)
✔ conversions copy SI values and quaternion exactly; invalid quaternion is rejected (0.3239ms)
✔ same-tick reentrant publication delivers only the fresh state to later callbacks (0.2593ms)
(node:50396) ExperimentalWarning: stripTypeScriptTypes is an experimental feature and might change at any time
(Use `node --trace-warnings ...` to show where the warning was created)
✔ contact array permutations preserve canonical registration-pair delivery order (3.109ms)
✔ canonical owned registrations fence copied tokens, handle/ID reuse and another world (0.7342ms)
✔ kind and ID admission reject before registration consumes a serial (0.5262ms)
✔ reversed pairs and multiple manifolds emit once with summed SI impulse and deterministic primary (0.457ms)
✔ persistent contacts do not reemit after cooldown; separation recontact includes boundary (1.6324ms)
✔ cooldown inclusive onset boundary and zero-tick cooldown still require separation (0.7243ms)
✔ invalid contacts, accessor/prototype arrays and capacity overflow leave tick and episodes atomic (0.5905ms)
✔ publisher errors retain exact failed suffix and forbid new ticks until accepted-prefix retry (0.4019ms)
✔ pending and separated-history caps each reject an entire update before state changes (0.5035ms)
✔ strict finite option admission and synchronous publisher contract reject malformed values (0.5132ms)
✔ separated cooldown history expires exactly at boundary before admitting a different pair (0.3742ms)
✔ consecutive snapshot admission rejects unobserved gaps without inventing contact continuity (0.3001ms)
✔ session namespace differentiates otherwise identical incident keys and admits bounded IDs upfront (0.5699ms)
✔ callback removal/reuse cancels stale pending; reentrant core mutation is fenced (0.365ms)
✔ obstacle pairs ignored; epoch reset/new owner and disposal clear bounded state (0.5646ms)
(node:81944) ExperimentalWarning: stripTypeScriptTypes is an experimental feature and might change at any time
(Use `node --trace-warnings ...` to show where the warning was created)
✔ actual Rapier wall impact emits one positive SI impulse for the mapped episode (270.3357ms)
✔ actual Rapier cars impact emits one positive SI impulse for the mapped episode (49.0387ms)
✔ positive predictive gap with zero impulse beyond native resting tolerance produces no incident (6.8546ms)
✔ native sustained contact, controlled separation and recontact emit only qualifying episode onsets (77.6774ms)
✔ native ground, sensor and anonymous obstacle contacts have no invented mapped incidents (17.3223ms)
✔ named obstacle–obstacle physical contacts are excluded without a vehicle participant (1.2527ms)
✔ native removal/reuse maps exact collider identity and releases static/dynamic/controller ownership (10.9868ms)
✔ named identity and native shape admission reject without allocation or serial consumption (1.7731ms)
✔ vehicle input getters never execute and boundary reentrancy cannot retire a valid registration (1.3451ms)
(node:44804) ExperimentalWarning: stripTypeScriptTypes is an experimental feature and might change at any time
(Use `node --trace-warnings ...` to show where the warning was created)
✔ AUTO target realizes fresh commands for exactly six physical ticks and expires (5.0342ms)
✔ same-tick takeover ignores valid old AI, dominates throttle with brake, and PLAYER never holds (0.7041ms)
✔ authority transfers atomically between two PLAYER candidates (0.7979ms)
✔ malformed, duplicate, stale world/tick/token and oversized batches reject before all effects (0.6739ms)
✔ proxy replacement during admission cannot command an ID-reused native body (0.71ms)
✔ suspend flushes targets; readback is historical, resume starts neutral; reset is new owner (0.5756ms)
✔ fault after actuation is terminal and is never retried or claimed rolled back (0.3963ms)
✔ reentrant mutation from the actuation port is rejected (0.3094ms)
✔ native handbrake sets rear impulse caps and rejects malformed whole batch before setters (214.5828ms)
✔ PLAYER 60Hz and AUTONOMY 10Hz realize identical actual Rapier trajectories for both classes (309.5667ms)
✔ twenty native ownership cycles retain at most 110 entries and release all 880 subscriptions (282.8288ms)
✔ rear handbrake reduces speed and distance from a repeatable moving start versus coast (46.7235ms)
✔ actual fixed-tick composition at 30/60/144 presentation Hz produces identical 60Hz commands and pose (156.6464ms)
(node:41688) ExperimentalWarning: stripTypeScriptTypes is an experimental feature and might change at any time
(Use `node --trace-warnings ...` to show where the warning was created)
✔ combined native reverse damage caps magnitude after gear realization for both classes and authorities (572.3416ms)
✔ immobilized minimum brake blocks released-brake dwell; recovery preserves history and unlocks six physical ticks (25.8227ms)
✔ combined damage and shift-brake guards reset on authority, brake, handbrake and lateral motion (9.5237ms)
✔ combined provider mutation of physical generation rejects whole batch before signed actuation (9.1427ms)
✔ proxy admission cannot replace the native token and deliver a signed damage-limited command to the replacement (6.3487ms)
(node:8632) ExperimentalWarning: stripTypeScriptTypes is an experimental feature and might change at any time
(Use `node --trace-warnings ...` to show where the warning was created)
✔ static missing artifact returns404 before headers and a subsequent response remains valid (1.9438ms)
✔ actual readiness ownership seam retains primary, all disposal and export failures exactly once (1.3153ms)
✔ error retention is bounded without discarding cause counts or repeated owner attempts (0.3497ms)
✔ functional store retains rejected raw actual identity at expected ordinal and becomes terminal (29.6931ms)
✔ terminal markers reject otherwise complete captures; available optional timing failures dominate missing metrics (0.69ms)
(node:2828) ExperimentalWarning: stripTypeScriptTypes is an experimental feature and might change at any time
(Use `node --trace-warnings ...` to show where the warning was created)
✔ full-window rank includes every observation and finite overflow rather than clipping old samples (3.7228ms)
✔ boundary membership is conservative for exact, adjacent IEEE, zero and range-edge observations (2.2094ms)
✔ interval gates preserve uncertainty near absolute and joint relative thresholds (0.4021ms)
✔ snapshot distribution rejects tampered totals, sparse duplicates and invalid overflow without trusting client percentiles (0.4622ms)
✔ immutable metric identity binds source/backend/run and verifier recomputes ranks (1.575ms)
✔ bounded observation capacity fails before mutation and export counters stay independent of raw sample cap (12.0552ms)
(node:30948) ExperimentalWarning: stripTypeScriptTypes is an experimental feature and might change at any time
(Use `node --trace-warnings ...` to show where the warning was created)
✔ run manifest independently rejects required-null and per-tick/RAF count forgery (5.5226ms)
✔ full-window immutable trace and raw heap peak are independently recomputed (3.1526ms)
(node:50584) ExperimentalWarning: stripTypeScriptTypes is an experimental feature and might change at any time
(Use `node --trace-warnings ...` to show where the warning was created)
✔ independent phase verifier rejects missing/tampered actual-readback schema (synthetic rows are not physical evidence) (10.9745ms)
✔ interrupted native dwell remains evidence and later completed six ticks are selected without premature propulsion (3.4004ms)
(node:44980) ExperimentalWarning: stripTypeScriptTypes is an experimental feature and might change at any time
(Use `node --trace-warnings ...` to show where the warning was created)
✔ actual server transport seam rejects wrong origin/content type and bounded multipart overflow (3.1918ms)
✔ immutable real store preserves wx partials and rejects source/run/canonical sequence drift (78.5062ms)
(node:35172) ExperimentalWarning: stripTypeScriptTypes is an experimental feature and might change at any time
(Use `node --trace-warnings ...` to show where the warning was created)
✔ mass-normalized exact thresholds, no cumulative low-onset guess, and recovery preserve idempotent history (124.8636ms)
✔ finite admission backpressures028 without applying damage or consuming the incident (2.3003ms)
✔ stale token, forged registration, epoch fencing and reset retain prior history (2.4011ms)
✔ vehicle-to-vehicle impulse affects each exact participant with its own mass (0.8958ms)
✔ both sources publish truthful effective mobility commands and malformed provider never advances native physics (346.2769ms)
✔ actual native high impact causes unavailable propulsion; recovery preserves incident and allows real motion for both classes (294.3742ms)
✔ twenty native lifecycles bound110 registrations and release all retained owner and native resources (221.6659ms)
✔ serialized history byte cap fails before retention or state mutation, with no silent eviction (68.5856ms)
✔ injected identity-port reentrancy is rejected during reads without disposing the owner (1.649ms)
✔ only frozen own-data contexts cache; mutable epochs and frozen changing accessors never bypass validation (1.5581ms)
✔ controller caches only exact frozen own-data effects; mutable changed bounds and frozen getters cannot actuate (2.2236ms)
✔ availability direct read guard releases busy after provider throw and recursive read; retries preserve exact error (0.63ms)
(node:81972) ExperimentalWarning: stripTypeScriptTypes is an experimental feature and might change at any time
(Use `node --trace-warnings ...` to show where the warning was created)
✔ explicit direction intent preserves legacy schemas and rejects malformed extra fields/getters (5.3052ms)
✔ forward motion never gets reverse propulsion; full total-speed dwell precedes gear engagement (9.5994ms)
✔ interrupted dwell, opposite request, handbrake and service brake cannot smuggle a shift or force (0.7453ms)
✔ 027 keyboard preserves raw digital braking and isolates directional ramps from025 (1.8463ms)
✔ controller opt-in, whole-batch validation and suspend/authority reset guard direction state (321.3064ms)
✔ native heldS brakes, reverses only after dwell, and heldW symmetrically returns forward on both classes (125.148ms)
✔ native rear handbrake changes a moving turn without changing mechanics or creating non-finite state (224.4287ms)
✔ bounded state survives20 full-capacity ownership cycles without stale-token or history retention (45.2065ms)
(node:85528) ExperimentalWarning: stripTypeScriptTypes is an experimental feature and might change at any time
(Use `node --trace-warnings ...` to show where the warning was created)
✔ legacy mapping remains readable and requires explicit immutable revision upgrade (11.7707ms)
✔ finite monotone slider rates have positive endpoints and bounded symmetric speed attenuation (3.2133ms)
✔ raw digital input and tick-filtered commands are distinct immutable snapshots (1.392ms)
✔ opposed steering is neutral; raw W+S is retained while brake dominates command throttle (1.154ms)
✔ focus clear discards held keys and ramp residuals immediately without stale repeat state (1.1203ms)
✔ invalid frame leaves tick and ramps unchanged and getters are never called (0.5802ms)
✔ preferences apply at exactly next tick, clear input and enforce revision and one pending snapshot (1.0722ms)
✔ high-speed envelope clamps existing steering and signed velocity is symmetric (0.7144ms)
✔ actual native keyboard composition produces identical commands/physics at30/60/144 render cadences (647.7813ms)
(node:85460) ExperimentalWarning: stripTypeScriptTypes is an experimental feature and might change at any time
(Use `node --trace-warnings ...` to show where the warning was created)
✔ real Rapier readback drives Babylon Matrix: translated +90Y, +Z becomes +X, velocity stays SI (107.8357ms)
✔ 20 full-capacity create/remove cycles release controllers, colliders, maps and callbacks (580.3061ms)
✔ callback removes a body during dispatch and another world rejects its old token (4.8877ms)
✔ same-tick nested Rapier publication fences stale callbacks and later bodies in outer batch (1.1834ms)
(node:95424) ExperimentalWarning: stripTypeScriptTypes is an experimental feature and might change at any time
(Use `node --trace-warnings ...` to show where the warning was created)
✔ braking curves are speed squared, brake strength and grip dependent (428.6957ms)
✔ curb suspension, car collision transfer and CCD wall remain finite (109.0141ms)
✔ steering changes trajectory under low and high grip (25.2994ms)
✔ identical 60Hz physics at 30/60/144 render FPS, including settings (46.3228ms)
✔ many-contact fixture retains cars and simplified colliders outside camera (2730.2393ms)
✔ invalid batch is rejected before applying commands; caps prevent admission (1.5344ms)
(node:88740) ExperimentalWarning: stripTypeScriptTypes is an experimental feature and might change at any time
(Use `node --trace-warnings ...` to show where the warning was created)
✔ mechanical catalog is immutable/versioned and excluded from player preferences (2.1116ms)
✔ two actual Rapier classes differ in acceleration, braking and same-flat-scene turning (622.2579ms)
✔ Rapier native mass, wheel geometry and controls match classes including orientation and power caps (14.465ms)
✔ 20 mixed-class lifecycle cycles preserve vehicle and subscription caps, remove/recreate cleanup (200.2327ms)
(node:98488) ExperimentalWarning: stripTypeScriptTypes is an experimental feature and might change at any time
(Use `node --trace-warnings ...` to show where the warning was created)
✔ global serial priority, cancel acknowledgement and restart publish once (8.6849ms)
✔ queue/bytes caps reject optional while protected capacity suspends without detachment (19.7405ms)
✔ pressure pending, idle resume, cancellation preserves exact protected evidence (8.6626ms)
✔ optional lease bounded history, errors and disposal release ownership (42.1091ms)
✔ deferred persistence ingress is separately bounded at a full execution queue (1.6822ms)
✔ operation identity distinct, completed durable proposals do not execute twice (2.9959ms)
✔ dispose during deferred retention preserves evidence and releases ingress reservations (67.1499ms)
✔ cancel during async protected completion retains evidence without recoverable result (3.9428ms)
✔ persistence failure never publishes, observer exceptions do not leak ownership (0.7006ms)
✔ dispose during async completion withdraws proposal while retaining evidence (1.4607ms)
(node:98488) ExperimentalWarning: stripTypeScriptTypes is an experimental feature and might change at any time
(Use `node --trace-warnings ...` to show where the warning was created)
✔ real worker transfer leaves live buffers attached and preempts between slices (151.2686ms)
(node:84632) ExperimentalWarning: stripTypeScriptTypes is an experimental feature and might change at any time
(Use `node --trace-warnings ...` to show where the warning was created)
✔ strict envelope validates identities, discriminants, bytes and controls (2.1549ms)
✔ late, duplicate, out-of-order and mismatched packets cannot publish (1.8665ms)
✔ cancel sends one control, late result remains cancelled; worker errors release capacity (0.9829ms)
✔ queue/history/bytes/age stay bounded and do not silently admit protected work (19.9671ms)
✔ runtime throttles progress at 5Hz and disposes task resources (12.6297ms)
(node:84632) ExperimentalWarning: stripTypeScriptTypes is an experimental feature and might change at any time
(Use `node --trace-warnings ...` to show where the warning was created)
✔ real worker yields to cancellation, runs next job, transfers buffers and handles task failure (128.3949ms)
ℹ {"cancelMs":0.545599999999979,"trackedJobs":0,"trackedBytes":0}
✔ cleanup and progress observer exceptions cannot block later jobs (5.9642ms)
✔ runtime watermark rejects old replay after history eviction; byte cap rejects excessive queue (7.0923ms)
✔ parser rejects nonenumerable identities and fields without invoking getters (0.2911ms)
(node:95500) ExperimentalWarning: stripTypeScriptTypes is an experimental feature and might change at any time
(Use `node --trace-warnings ...` to show where the warning was created)
✔ swept traversal detects a zone and stop line even when both endpoints are outside (10.3787ms)
✔ empty, hidden, inactive or geometrically irrelevant pedestrians create no exposure (3.0516ms)
✔ obstacles have separate identities and do not count as pedestrian exposure (2.3599ms)
✔ stationary points, tangential travel and line departure do not duplicate a crossing (2.2826ms)
✔ concave polygons use their actual footprint rather than bounding boxes (1.612ms)
✔ data is owned/frozen; observations remain bounded and input failures are explicit (3.3843ms)
✔ capacity retains every relevant observation and never truncates a last pedestrian (16.4659ms)
(node:108148) ExperimentalWarning: stripTypeScriptTypes is an experimental feature and might change at any time
(Use `node --trace-warnings ...` to show where the warning was created)
✔ cross separates perpendicular crossing from parallel opposing travel (15.2486ms)
✔ T crossing, shared entry, and separated turns produce different relations (6.5201ms)
✔ turn merges are explicit semantic conflicts and separated right turns remain compatible (4.6417ms)
✔ authored conflict zones remain independent from geometry and never imply priority (2.0182ms)
✔ stable identities symmetric queries, readonly snapshots and bounded retained state (5.511ms)
✔ corridor width, tangency, collinear overlap and bridge height are explicit geometric semantics (0.7201ms)
✔ invalid data/options fail rather than silently dropping semantic conflicts (1.7367ms)
✔ geometry construction budget aborts explicitly on authored pathological paths (1420.2813ms)
✔ pair capacity rejects the whole map before quadratic geometry, never truncates conflicts (22.9251ms)
✔ shared authored geometry reuses immutable trajectories and zone arrays (1.4081ms)
(node:55320) ExperimentalWarning: stripTypeScriptTypes is an experimental feature and might change at any time
(Use `node --trace-warnings ...` to show where the warning was created)
✔ one-way topology never invents reverse edges or undeclared turns (9.086ms)
✔ parallel neighbors and all edges respect source/destination access classes (3.7763ms)
✔ REVERSE reverses geometry, direction, progress and allowed successors (2.662ms)
✔ current lane uses directed polyline projection/width/height and no meshes; off-graph remains null (2.8111ms)
✔ intersection gaps do not fabricate lanes from movement or visual geometry (1.0181ms)
✔ deterministic ambiguity ties ignore lane input order; heading disambiguates (4.4378ms)
✔ owned graph data/projections are frozen and unaffected by caller mutations (2.3087ms)
✔ unknown IDs return empty results; invalid queries/maps/classes fail before execution (2.7849ms)
✔ schema-size ring remains finite and loop-safe without recursive graph traversal (138.4462ms)
✔ height and slope distinguish an overpass from overlapping planar geometry (6.5621ms)
✔ bounded index matches exhaustive projection and oversized geometry always uses complete fallback (20.4441ms)
✔ spatial reference capacity falls back without dropping a permitted lane (52.7351ms)
(node:31380) ExperimentalWarning: stripTypeScriptTypes is an experimental feature and might change at any time
(Use `node --trace-warnings ...` to show where the warning was created)
✔ minimal semantic map is deterministic and deeply immutable (75.3472ms)
✔ rejects duplicate geometry ID (1.1092ms)
✔ rejects duplicate semantic ID (0.8062ms)
✔ rejects dangling geometry node (0.8082ms)
✔ rejects dangling lane geometry (0.8038ms)
✔ rejects duplicate successor (1.498ms)
✔ rejects dangling successor (6.5596ms)
✔ rejects self successor (1.9125ms)
✔ rejects direct continuation opposite endpoints (1.5538ms)
✔ rejects intersection directed endpoint outside footprint (1.941ms)
✔ rejects intersection omitted membership (1.3971ms)
✔ rejects intersection dangling membership (5.1801ms)
✔ rejects movement missing successor (1.1112ms)
✔ rejects successor without movement (0.7104ms)
✔ rejects movement endpoint direction (0.8184ms)
✔ rejects movement incoming to incoming (1.7564ms)
✔ rejects dangling conflict zone (1.1527ms)
✔ rejects duplicate movement pair (1.2199ms)
✔ rejects neighbor dangling (0.8558ms)
✔ rejects neighbor self (0.8044ms)
✔ rejects neighbor not reciprocal (0.9438ms)
✔ rejects signal dangling intersection (0.8004ms)
✔ rejects phase unknown movement (1.4785ms)
✔ rejects phase repeated assignment (0.7699ms)
✔ rejects phase incomplete (0.9404ms)
✔ rejects stop dangling lane (0.834ms)
✔ rejects stop wrong anchor (0.9233ms)
✔ rejects stop signal absent (0.9779ms)
✔ rejects stop signal dangling (3.9245ms)
✔ rejects STOP missing intersection (1.2595ms)
✔ rejects crosswalk wrong stop kind (0.8396ms)
✔ rejects crosswalk lane not covered (0.9078ms)
✔ rejects crosswalk orphan stop (0.8618ms)
✔ rejects service wrong anchor (0.938ms)
✔ rejects service anchor outside area bbox (18.129ms)
✔ rejects service inaccessible class (1.6738ms)
✔ rejects service unreachable graph (1.1735ms)
✔ rejects recovery dangling node (3.1726ms)
✔ rejects recovery off lane (1.3122ms)
✔ rejects bounds reversed (7.7967ms)
✔ rejects position out of bounds (0.7214ms)
✔ rejects path zero length alias (0.6794ms)
✔ rejects area degenerate (0.6748ms)
✔ rejects width zero (0.8252ms)
✔ rejects access repeated (0.9828ms)
✔ signal programs permit separated movement phases and reject conflicting simultaneous greens (2.647ms)
✔ class-specific connectivity ignores lanes inaccessible to that class (2.4893ms)
✔ neighbors require reciprocal links and compatible directed corridors (2.4562ms)
✔ errors carry offending ID, position and stable field path (1.3458ms)
✔ strict structure rejects hidden fields, accessors, prototypes, symbols and sparse arrays (1.7485ms)
✔ all numeric fields reject nonfinite data and numeric strings (136.2129ms)
✔ array capacity rejects before graph traversal and finite cycles terminate deterministically (2.659ms)
✔ input mutations after parsing and rejected validation never alter published data (2.1654ms)
✔ STOP regulation and reversed stored geometry remain valid when their semantic direction agrees (0.6853ms)
✔ signal phases reject foreign-intersection movements and simultaneous merges (2.1502ms)
✔ structural field errors retain a validated object ID without executing accessors (0.4042ms)
(node:54788) ExperimentalWarning: stripTypeScriptTypes is an experimental feature and might change at any time
(Use `node --trace-warnings ...` to show where the warning was created)
✔ strict exhaustive authored policy roundtrips JSON; reciprocal queries return the same rule (33.7275ms)
✔ T-junction policy uses only its authored geometric straight and turning conflicts (8.227ms)
✔ priority policy rejects omissions, contradictory pairs, wrong map, foreign winners and compatible geometry (19.1716ms)
✔ TTC uses metres/metres-per-second; stationary approach, occupying and cleared remain distinct (0.4459ms)
✔ absent/inactive/stationary-before-entry/cleared traffic never records refusal or yield (27.7935ms)
✔ eligible higher-priority traffic exposes blocked gap and one continuous hold records yield (7.3366ms)
✔ geometric crossing with actual priority exposure is observed; available gap produces no refusal evidence (6.8376ms)
✔ EQUAL stays unresolved and never invents a universal right-side or yielding obligation (3.0115ms)
✔ unknown traffic coverage/distance/route and discontinuity fail closed rather than reporting a safe gap (22.1ms)
✔ multiple opponents for one relation never duplicate the physical yield observation (5.4696ms)
✔ cumulative movement invalidates hold even when each small step is below tolerance (17.3134ms)
✔ new incarnation/epoch never inherits evidence; bounded history and tombstones fail closed (5.349ms)
✔ malformed, duplicated, oversized and conflicting observations reject before history mutation (8.5867ms)
✔ active unobservable traffic masks known blocked pairs independently of actor ordering (12.9337ms)
✔ stationary at the conflict entry is occupying and cannot record a pre-entry yield (5.1028ms)
✔ a continuous sweep through full clearance retains actual occupied-priority crossing evidence (12.6183ms)
✔ simultaneous conflict pairs share one physical yield and changed exposure cannot inherit elapsed hold (12.1385ms)
(node:89188) ExperimentalWarning: stripTypeScriptTypes is an experimental feature and might change at any time
(Use `node --trace-warnings ...` to show where the warning was created)
✔ full cycles query only the selected movement and preserve exact tick boundaries (24.1655ms)
✔ phase state/events remain readonly and independent from caller map mutation (5.7183ms)
✔ GREEN phase validates geometric conflict despite missing shared-zone authoring (7.1796ms)
✔ fixed-tick loop pause and resume do not advance signal phases in wall time (31.3575ms)
✔ listener failures are returned once, reentry rejected, and retry same tick does not duplicate events (4.2429ms)
✔ event transport capacity failure retains a bounded transition and never advances time silently (6.4419ms)
✔ phase event JSON decoding is defensive and rejects malformed or ambiguous states (4.271ms)
✔ single immutable phase emits no false change; fractional duration quantizes upward deterministically (3.2101ms)
✔ stale world is rejected even for a duplicate controller tick (3.7761ms)
✔ failed publication rejects signal queries until explicit retry/recovery (3.4789ms)
✔ multi-signal publication failure preserves accepted-prefix failures and retries only the remainder (13.4474ms)
(node:108484) ExperimentalWarning: stripTypeScriptTypes is an experimental feature and might change at any time
(Use `node --trace-warnings ...` to show where the warning was created)
✔ benchmark query identity sets match the brute oracle outside all timed measurements (1011.2477ms)
✔ normal/dense mutable query IDs match exhaustive geometry, including boundaries and overpasses (41.159ms)
✔ sphere tangency, negative boundaries, height, kind and exact identity exclusion (0.7432ms)
✔ concave prism rejects bounding-box false positives and preserves vertical corner tangencies (0.7006ms)
✔ moves remove old cells, remove/recreate identity fences and invalid updates are atomic (1.0242ms)
✔ admission rejects before retained allocation; exhausted cell budgets use complete fallback (0.5317ms)
✔ all admitted dense-cell neighbors returned, independent of insertion order (2.2506ms)
✔ ownership snapshots frozen;20 reset/dispose cycles return bounded resources to zero (17.443ms)
✔ invalid query and polygon data never mutate ownership (0.3816ms)
(node:60260) ExperimentalWarning: stripTypeScriptTypes is an experimental feature and might change at any time
(Use `node --trace-warnings ...` to show where the warning was created)
✔ full stop uses observed consecutive dwell; crossing is a separate idempotent bus event (39.7389ms)
✔ rolling stop, slow reported speed with drift, and no-brake passage never fabricate FULL_STOP (10.3462ms)
✔ line contact permits stationary stop; actual forward passage then emits crossing exactly once (4.8868ms)
✔ speed threshold, far upstream and wrong heading cannot create complete-stop evidence (12.452ms)
✔ missing ticks, teleport, reverse crossing, height and finite line ends do not invent traversal (10.762ms)
✔ stale/conflicting ticks, context and nonfinite data reject without advancing history (2.1631ms)
✔ ID reuse cannot inherit stop evidence or admit a retired incarnation; real epoch resets history (3.9046ms)
✔ bounded history fails closed; frozen map geometry and transverse direction stay stable (3.109ms)
✔ directed reverse geometry and consecutive STOP lines preserve distinct opportunities (4.3636ms)
✔ calibration/accessor boundaries and long valid identities remain safe (1.971ms)
ℹ tests 522
ℹ suites 0
ℹ pass 522
ℹ fail 0
ℹ cancelled 0
ℹ skipped 0
ℹ todo 0
ℹ duration_ms 4978.8758
