vite v8.3.2 building client environment for production...
transforming...
✓ 666 modules transformed.
rendering chunks...
computing gzip size...
.pbi-validation-029/hardware-20261006T033445456Z/hardware.html                                        2.24 kB │ gzip:     0.95 kB
.pbi-validation-029/hardware-20261006T033445456Z/assets/glslang-DqqdIFnr.js                          16.03 kB
.pbi-validation-029/hardware-20261006T033445456Z/assets/twgsl-DqdFeK3J.js                            74.55 kB
.pbi-validation-029/hardware-20261006T033445456Z/assets/glslang-G7Yt_-32.wasm                       943.68 kB │ gzip:   304.90 kB
.pbi-validation-029/hardware-20261006T033445456Z/assets/twgsl-CB--yrSG.wasm                       1,702.91 kB │ gzip:   600.20 kB
.pbi-validation-029/hardware-20261006T033445456Z/assets/abstractAudioBus-BoMsnLnQ.js                  0.11 kB │ gzip:     0.13 kB
.pbi-validation-029/hardware-20261006T033445456Z/assets/precisionDate-CfCevjl-.js                     0.39 kB │ gzip:     0.23 kB
.pbi-validation-029/hardware-20261006T033445456Z/assets/typeStore-RqCBAJcv.js                         0.44 kB │ gzip:     0.27 kB
.pbi-validation-029/hardware-20261006T033445456Z/assets/postprocess.vertex-DJCmMhI8.js                0.46 kB │ gzip:     0.30 kB
.pbi-validation-029/hardware-20261006T033445456Z/assets/shaderStore-D-XQlhUT.js                       0.46 kB │ gzip:     0.17 kB
.pbi-validation-029/hardware-20261006T033445456Z/assets/rgbdDecode.fragment-Cdz2Tveq.js               0.52 kB │ gzip:     0.34 kB
.pbi-validation-029/hardware-20261006T033445456Z/assets/postprocess.vertex-CmVXXq2T.js                0.58 kB │ gzip:     0.35 kB
.pbi-validation-029/hardware-20261006T033445456Z/assets/math.scalar.functions-BUpXP_7j.js             0.65 kB │ gzip:     0.35 kB
.pbi-validation-029/hardware-20261006T033445456Z/assets/rgbdDecode.fragment-BmbMO6IZ.js               0.66 kB │ gzip:     0.39 kB
.pbi-validation-029/hardware-20261006T033445456Z/assets/color.fragment-SH3AKoaS.js                    0.87 kB │ gzip:     0.42 kB
.pbi-validation-029/hardware-20261006T033445456Z/assets/webAudioMainBus-CYTxZv7d.js                   0.91 kB │ gzip:     0.41 kB
.pbi-validation-029/hardware-20261006T033445456Z/assets/mesh.vertexData.functions-CD4JOR2q.js         0.93 kB │ gzip:     0.48 kB
.pbi-validation-029/hardware-20261006T033445456Z/assets/color.fragment-DVaYbzXa.js                    0.98 kB │ gzip:     0.45 kB
.pbi-validation-029/hardware-20261006T033445456Z/assets/ddsTextureLoader-g_FMNhMU.js                  1.26 kB │ gzip:     0.62 kB
.pbi-validation-029/hardware-20261006T033445456Z/assets/halfFloat-Ce77JD5z.js                         1.29 kB │ gzip:     0.60 kB
.pbi-validation-029/hardware-20261006T033445456Z/assets/color.vertex-CNwHiZYN.js                      1.38 kB │ gzip:     0.62 kB
.pbi-validation-029/hardware-20261006T033445456Z/assets/color.vertex-BYaj1Jpp.js                      1.41 kB │ gzip:     0.61 kB
.pbi-validation-029/hardware-20261006T033445456Z/assets/abstractSoundSource-COpNPI6X.js               1.48 kB │ gzip:     0.48 kB
.pbi-validation-029/hardware-20261006T033445456Z/assets/logger-CuBYPcDK.js                            1.88 kB │ gzip:     0.82 kB
.pbi-validation-029/hardware-20261006T033445456Z/assets/logDepthDeclaration-BvvE2kfb.js               1.97 kB │ gzip:     0.67 kB
.pbi-validation-029/hardware-20261006T033445456Z/assets/logDepthDeclaration-BKcd_JEL.js               2.16 kB │ gzip:     0.85 kB
.pbi-validation-029/hardware-20261006T033445456Z/assets/fogFragment-WPqtYpyX.js                       2.20 kB │ gzip:     0.70 kB
.pbi-validation-029/hardware-20261006T033445456Z/assets/webAudioBus-BVd-nkoO.js                       2.27 kB │ gzip:     0.74 kB
.pbi-validation-029/hardware-20261006T033445456Z/assets/hdrTextureLoader-BQVwkxK1.js                  2.31 kB │ gzip:     1.13 kB
.pbi-validation-029/hardware-20261006T033445456Z/assets/webAudioSoundSource-BiszC9bw.js               2.32 kB │ gzip:     0.82 kB
.pbi-validation-029/hardware-20261006T033445456Z/assets/fogFragment-NFgubt9V.js                       2.43 kB │ gzip:     0.76 kB
.pbi-validation-029/hardware-20261006T033445456Z/assets/iesTextureLoader-Cifc5aVT.js                  2.47 kB │ gzip:     1.08 kB
.pbi-validation-029/hardware-20261006T033445456Z/assets/webRequest-dqz0dHXK.js                        2.94 kB │ gzip:     1.06 kB
.pbi-validation-029/hardware-20261006T033445456Z/assets/abstractSoundInstance-CCOPEzus.js             3.07 kB │ gzip:     0.89 kB
.pbi-validation-029/hardware-20261006T033445456Z/assets/observable.pure-B5E8yEYx.js                   3.20 kB │ gzip:     1.10 kB
.pbi-validation-029/hardware-20261006T033445456Z/assets/tgaTextureLoader-CqhhocF6.js                  3.40 kB │ gzip:     1.35 kB
.pbi-validation-029/hardware-20261006T033445456Z/assets/cubemapToSphericalPolynomial-xkSpT5lv.js      3.70 kB │ gzip:     1.63 kB
.pbi-validation-029/hardware-20261006T033445456Z/assets/vertexColorMixing-DxYrvkXY.js                 6.06 kB │ gzip:     1.33 kB
.pbi-validation-029/hardware-20261006T033445456Z/assets/helperFunctions-gEnZbjN3.js                   6.81 kB │ gzip:     2.31 kB
.pbi-validation-029/hardware-20261006T033445456Z/assets/dds.pure-krAC9GFI.js                          6.93 kB │ gzip:     2.54 kB
.pbi-validation-029/hardware-20261006T033445456Z/assets/webAudioStreamingSound-BL-TX1qB.js            8.35 kB │ gzip:     2.42 kB
.pbi-validation-029/hardware-20261006T033445456Z/assets/webAudioBaseSubGraph-BjDzmPO5.js              8.50 kB │ gzip:     2.11 kB
.pbi-validation-029/hardware-20261006T033445456Z/assets/webAudioStaticSound-EIWSCp93.js               9.37 kB │ gzip:     2.54 kB
.pbi-validation-029/hardware-20261006T033445456Z/assets/vertexColorMixing-HinktY3n.js                10.39 kB │ gzip:     2.14 kB
.pbi-validation-029/hardware-20261006T033445456Z/assets/math.color.pure-DX1Ce-oO.js                  12.51 kB │ gzip:     2.97 kB
.pbi-validation-029/hardware-20261006T033445456Z/assets/exrTextureLoader-CAOxYYCY.js                 13.14 kB │ gzip:     4.83 kB
.pbi-validation-029/hardware-20261006T033445456Z/assets/spatialWebAudio-iWhgG9mB.js                  14.13 kB │ gzip:     3.23 kB
.pbi-validation-029/hardware-20261006T033445456Z/assets/ktxTextureLoader-C9HwFAng.js                 16.40 kB │ gzip:     4.78 kB
.pbi-validation-029/hardware-20261006T033445456Z/assets/guid-y5xblbjx.js                             17.33 kB │ gzip:     5.98 kB
.pbi-validation-029/hardware-20261006T033445456Z/assets/default.vertex-CF_7OiRp.js                   19.62 kB │ gzip:     4.39 kB
.pbi-validation-029/hardware-20261006T033445456Z/assets/basisTextureLoader-Bk1mm_Hw.js               27.33 kB │ gzip:     8.20 kB
.pbi-validation-029/hardware-20261006T033445456Z/assets/baseTexture.pure-Dqh85cjT.js                 31.81 kB │ gzip:     8.65 kB
.pbi-validation-029/hardware-20261006T033445456Z/assets/envTextureLoader-ybLdRxwE.js                 31.99 kB │ gzip:     9.02 kB
.pbi-validation-029/hardware-20261006T033445456Z/assets/default.vertex-C2i6kvnN.js                   38.04 kB │ gzip:     6.29 kB
.pbi-validation-029/hardware-20261006T033445456Z/assets/math.vector.pure-DblajkgE.js                 65.01 kB │ gzip:    15.94 kB
.pbi-validation-029/hardware-20261006T033445456Z/assets/default.fragment-DOpJD8Rt.js                110.44 kB │ gzip:    22.56 kB
.pbi-validation-029/hardware-20261006T033445456Z/assets/default.fragment-B7K6_GVI.js                114.47 kB │ gzip:    22.21 kB
.pbi-validation-029/hardware-20261006T033445456Z/assets/hardware-Br3Qk9XG.js                      5,704.78 kB │ gzip: 2,010.26 kB

✓ built in 846ms
[plugin builtin:vite-reporter] 
(!) Some chunks are larger than 500 kB after minification. Consider:
- Using dynamic import() to code-split the application
- Use build.rolldownOptions.output.codeSplitting to improve chunking: https://rolldown.rs/reference/OutputOptions.codeSplitting
- Adjust chunk size limit for this warning via build.chunkSizeWarningLimit.
{"manifestPath":"Docs/Evidence/029-vehicle-damage/hardware-20261006T033445456Z/build-manifest.json","sourceHash":"ff7f45ea1642cfc8c326d02a5eae5b9e59954938518f77680b12d989305ce7d3","artifactHash":"7d7687d2447c4bac2b3f4d8e703f8229dd54460032291cd0a31910ca3b25a1f4","nativeHash":"02dc6a4e2fffc013bab08fbb44fa68f501d8303615e9afe4c7d89ad4eedda0d0","inputs":71,"artifacts":58}
