(node:57484) ExperimentalWarning: stripTypeScriptTypes is an experimental feature and might change at any time
(Use `node --trace-warnings ...` to show where the warning was created)
node:internal/modules/run_main:107
    triggerUncaughtException(
    ^

AssertionError [ERR_ASSERTION]: Expected values to be strictly deep-equal:
+ actual - expected

  {
    x: 0,
+   y: 0.800000011920929,
-   y: 0.8,
    z: 0
  }

    at verifyFunctionalCase (file:///F:/Sites/self-driving-academy/.worktrees/vehicle-damage-01/tests/browser/vehicle-damage/hardware-functional-verifier.ts:164:10)
    at file:///F:/Sites/self-driving-academy/.worktrees/vehicle-damage-01/tests/browser/vehicle-damage/hardware-functional-verifier.ts:195:34
    at Array.forEach (<anonymous>)
    at verifyFunctionalCases (file:///F:/Sites/self-driving-academy/.worktrees/vehicle-damage-01/tests/browser/vehicle-damage/hardware-functional-verifier.ts:195:8)
    at file:///F:/Sites/self-driving-academy/.worktrees/vehicle-damage-01/[eval1]:11:30 {
  generatedMessage: true,
  code: 'ERR_ASSERTION',
  actual: { x: 0, y: 0.800000011920929, z: 0 },
  expected: { x: 0, y: 0.8, z: 0 },
  operator: 'deepStrictEqual',
  diff: 'simple'
}

Node.js v24.21.0
