npm warn Unknown env config "msvs-version". This will stop working in the next major version of npm. See `npm help npmrc` for supported config options.
tests/browser/vehicle-damage/hardware-collector.ts 238ms (unchanged)
tests/browser/vehicle-damage/hardware-entry.ts 10ms (unchanged)
tests/browser/vehicle-damage/hardware-functional-phases.ts 36ms
tests/browser/vehicle-damage/hardware-functional-store.ts 29ms
tests/browser/vehicle-damage/hardware-functional-verifier.ts 29ms
tests/browser/vehicle-damage/hardware-functional.ts 50ms
tests/browser/vehicle-damage/hardware-lifetime.ts 8ms
tests/browser/vehicle-damage/hardware-parts.ts 9ms (unchanged)
tests/browser/vehicle-damage/hardware-protocol.ts 8ms (unchanged)
tests/browser/vehicle-damage/hardware-reference.ts 2ms (unchanged)
tests/browser/vehicle-damage/hardware-run-manifest.ts 22ms (unchanged)
tests/browser/vehicle-damage/hardware-runner.ts 30ms
tests/browser/vehicle-damage/hardware-static-response.ts 3ms
tests/browser/vehicle-damage/hardware-store.ts 15ms (unchanged)
tests/browser/vehicle-damage/hardware-transport.ts 3ms (unchanged)
tests/browser/vehicle-damage/hardware-verifier.ts 19ms
tests/browser/vehicle-damage/hardware-workload.ts 28ms (unchanged)
tests/browser/vehicle-damage/hardware-archive.mjs 72ms (unchanged)
tests/browser/vehicle-damage/hardware-server.mjs 7ms
tests/browser/vehicle-damage/verify-hardware.mjs 9ms
tests/browser/vehicle-damage/hardware.html 213ms (unchanged)
tests/vehicles/damage-hardware-boundaries.test.ts 12ms
tests/vehicles/damage-hardware-collector.test.ts 11ms (unchanged)
tests/vehicles/damage-hardware-manifest.test.ts 11ms (unchanged)
tests/vehicles/damage-hardware-phases.test.ts 6ms
tests/vehicles/damage-hardware-transport.test.ts 8ms (unchanged)
