vite v8.3.2 building client environment for production...
transforming...
✓ 556 modules transformed.
rendering chunks...
computing gzip size...
.pbi-validation-029/hardware-20261006T032726912Z/hardware.html                                        2.25 kB │ gzip:     0.96 kB
.pbi-validation-029/hardware-20261006T032726912Z/assets/glslang-DqqdIFnr.js                          16.03 kB
.pbi-validation-029/hardware-20261006T032726912Z/assets/twgsl-DqdFeK3J.js                            74.55 kB
.pbi-validation-029/hardware-20261006T032726912Z/assets/glslang-G7Yt_-32.wasm                       943.68 kB │ gzip:   304.90 kB
.pbi-validation-029/hardware-20261006T032726912Z/assets/twgsl-CB--yrSG.wasm                       1,702.91 kB │ gzip:   600.20 kB
.pbi-validation-029/hardware-20261006T032726912Z/assets/abstractAudioBus-BubqO68w.js                  0.11 kB │ gzip:     0.12 kB
.pbi-validation-029/hardware-20261006T032726912Z/assets/precisionDate-CfCevjl-.js                     0.39 kB │ gzip:     0.23 kB
.pbi-validation-029/hardware-20261006T032726912Z/assets/typeStore-RqCBAJcv.js                         0.44 kB │ gzip:     0.27 kB
.pbi-validation-029/hardware-20261006T032726912Z/assets/postprocess.vertex-DJCmMhI8.js                0.46 kB │ gzip:     0.30 kB
.pbi-validation-029/hardware-20261006T032726912Z/assets/shaderStore-D-XQlhUT.js                       0.46 kB │ gzip:     0.17 kB
.pbi-validation-029/hardware-20261006T032726912Z/assets/postprocess.vertex-CmVXXq2T.js                0.58 kB │ gzip:     0.35 kB
.pbi-validation-029/hardware-20261006T032726912Z/assets/math.scalar.functions-BUpXP_7j.js             0.65 kB │ gzip:     0.35 kB
.pbi-validation-029/hardware-20261006T032726912Z/assets/rgbdDecode.fragment-BmZ6b4d9.js               0.66 kB │ gzip:     0.39 kB
.pbi-validation-029/hardware-20261006T032726912Z/assets/webAudioMainBus-57_W8c8F.js                   0.91 kB │ gzip:     0.41 kB
.pbi-validation-029/hardware-20261006T032726912Z/assets/mesh.vertexData.functions-CD4JOR2q.js         0.93 kB │ gzip:     0.48 kB
.pbi-validation-029/hardware-20261006T032726912Z/assets/ddsTextureLoader-CM1btsTG.js                  1.26 kB │ gzip:     0.62 kB
.pbi-validation-029/hardware-20261006T032726912Z/assets/halfFloat-Ce77JD5z.js                         1.29 kB │ gzip:     0.60 kB
.pbi-validation-029/hardware-20261006T032726912Z/assets/abstractSoundSource-BLUroym8.js               1.48 kB │ gzip:     0.48 kB
.pbi-validation-029/hardware-20261006T032726912Z/assets/logger-CuBYPcDK.js                            1.88 kB │ gzip:     0.82 kB
.pbi-validation-029/hardware-20261006T032726912Z/assets/webAudioBus-CJznSb7j.js                       2.27 kB │ gzip:     0.74 kB
.pbi-validation-029/hardware-20261006T032726912Z/assets/hdrTextureLoader-BQVwkxK1.js                  2.31 kB │ gzip:     1.13 kB
.pbi-validation-029/hardware-20261006T032726912Z/assets/webAudioSoundSource-SaUUmTPA.js               2.32 kB │ gzip:     0.82 kB
.pbi-validation-029/hardware-20261006T032726912Z/assets/iesTextureLoader-Cifc5aVT.js                  2.47 kB │ gzip:     1.08 kB
.pbi-validation-029/hardware-20261006T032726912Z/assets/color.fragment-BsRxpmXh.js                    2.93 kB │ gzip:     0.92 kB
.pbi-validation-029/hardware-20261006T032726912Z/assets/webRequest-dqz0dHXK.js                        2.94 kB │ gzip:     1.06 kB
.pbi-validation-029/hardware-20261006T032726912Z/assets/abstractSoundInstance-DJ3q6Jd_.js             3.07 kB │ gzip:     0.89 kB
.pbi-validation-029/hardware-20261006T032726912Z/assets/observable.pure-B5E8yEYx.js                   3.20 kB │ gzip:     1.10 kB
.pbi-validation-029/hardware-20261006T032726912Z/assets/color.fragment-wM0GhK4A.js                    3.26 kB │ gzip:     1.00 kB
.pbi-validation-029/hardware-20261006T032726912Z/assets/tgaTextureLoader-CqhhocF6.js                  3.40 kB │ gzip:     1.35 kB
.pbi-validation-029/hardware-20261006T032726912Z/assets/cubemapToSphericalPolynomial-DRqtsEoz.js      3.70 kB │ gzip:     1.63 kB
.pbi-validation-029/hardware-20261006T032726912Z/assets/dds.pure-DVc5iaOD.js                          6.93 kB │ gzip:     2.53 kB
.pbi-validation-029/hardware-20261006T032726912Z/assets/rgbdDecode.fragment-CZCaM3mY.js               7.22 kB │ gzip:     2.50 kB
.pbi-validation-029/hardware-20261006T032726912Z/assets/color.vertex-DbtSc5Sm.js                      7.26 kB │ gzip:     1.65 kB
.pbi-validation-029/hardware-20261006T032726912Z/assets/webAudioStreamingSound-DCqBxV0U.js            8.36 kB │ gzip:     2.42 kB
.pbi-validation-029/hardware-20261006T032726912Z/assets/webAudioBaseSubGraph-BdHEDBfB.js              8.50 kB │ gzip:     2.11 kB
.pbi-validation-029/hardware-20261006T032726912Z/assets/webAudioStaticSound-_OeT4sij.js               9.37 kB │ gzip:     2.54 kB
.pbi-validation-029/hardware-20261006T032726912Z/assets/color.vertex-CBIJz9H1.js                     11.56 kB │ gzip:     2.43 kB
.pbi-validation-029/hardware-20261006T032726912Z/assets/math.color.pure-CXe8iLxt.js                  12.51 kB │ gzip:     2.97 kB
.pbi-validation-029/hardware-20261006T032726912Z/assets/exrTextureLoader-CUzg6XC_.js                 13.13 kB │ gzip:     4.82 kB
.pbi-validation-029/hardware-20261006T032726912Z/assets/spatialWebAudio-DbfT8mLg.js                  14.13 kB │ gzip:     3.23 kB
.pbi-validation-029/hardware-20261006T032726912Z/assets/ktxTextureLoader-DTYihxIw.js                 16.40 kB │ gzip:     4.78 kB
.pbi-validation-029/hardware-20261006T032726912Z/assets/bufferUtils-DCgqP5hP.js                      17.33 kB │ gzip:     5.98 kB
.pbi-validation-029/hardware-20261006T032726912Z/assets/basisTextureLoader-BUOx_WGk.js               27.33 kB │ gzip:     8.19 kB
.pbi-validation-029/hardware-20261006T032726912Z/assets/baseTexture.pure-BzWf4KL5.js                 31.77 kB │ gzip:     8.67 kB
.pbi-validation-029/hardware-20261006T032726912Z/assets/envTextureLoader-BgAEfGzu.js                 31.98 kB │ gzip:     9.01 kB
.pbi-validation-029/hardware-20261006T032726912Z/assets/math.vector.pure-Bj4y5P17.js                 65.02 kB │ gzip:    15.94 kB
.pbi-validation-029/hardware-20261006T032726912Z/assets/hardware-DZ7rNbFA.js                      5,600.11 kB │ gzip: 1,986.32 kB

✓ built in 2.06s
[plugin builtin:vite-reporter] 
(!) Some chunks are larger than 500 kB after minification. Consider:
- Using dynamic import() to code-split the application
- Use build.rolldownOptions.output.codeSplitting to improve chunking: https://rolldown.rs/reference/OutputOptions.codeSplitting
- Adjust chunk size limit for this warning via build.chunkSizeWarningLimit.
{"manifestPath":"Docs/Evidence/029-vehicle-damage/hardware-20261006T032726912Z/build-manifest.json","sourceHash":"83aecf5bcda8fbda03bacc2822d51b076dd01fd5f3b48bf4e2d980aef85c3370","artifactHash":"ff09439b0853190dd9fb0acfab0ba9fdff82cd3fbf196736aa58650f93aee520","nativeHash":"02dc6a4e2fffc013bab08fbb44fa68f501d8303615e9afe4c7d89ad4eedda0d0","inputs":71,"artifacts":47}
