COMMAND: node --import ./scripts/register-typescript.mjs --test tests/input/vehicle-selection.test.ts
STARTED: 2026-10-06T12:03:58.1172046Z
EXIT: 0
(node:64596) ExperimentalWarning: stripTypeScriptTypes is an experimental feature and might change at any time
(Use `node --trace-warnings ...` to show where the warning was created)
✔ 068 selection changes camera only, existing066 sole PLAYER remains AUTO on new body (3.2088ms)
✔ 068 MANUAL and LEARNING departure releases actual066 then closes actual005 at accepted tick retaining assignment (1.9233ms)
✔ 068 WORLD visibility/selectability and FLEET taxi membership stay distinct (0.5258ms)
✔ 068 same body is idempotent and contradictory pending burst rejects whole without physical work (0.443ms)
✔ 068 paused selection stays visibly pending until actual resume/next accepted tick (0.893ms)
✔ 068 missing, foreign or wrong-mode OPEN boundary rejects before clear/physics (0.7782ms)
✔ 068 exact ticket survives malformed024 batch same-tick retry and rejects forged/late cancellation (0.6453ms)
✔ 068 clearing067 intents prevents selected target from inheriting old pending M/L (0.5419ms)
✔ 068 postaccepted close failure/fake acknowledgment/readback mismatch faults without fiction rollback (1.2178ms)
✔ 068 camera failure reports actual new camera and released seat, assignment mutation blocks success (1.0482ms)
✔ 068 accepted066 KEYBOARD_CLEAR fault remains visible even camera teardown throws (0.6062ms)
✔ 068 stale incarnation rejected at event/preparation and postaccept expiry faults real tick (0.4007ms)
✔ 068 close/camera callback cannot replace target or departed incarnation and return accepted (2.3452ms)
✔ 068 descriptor/port/reentrant/async callback rejection preserves bounded fault and accepted truth (0.6702ms)
✔ 068 callback cannot secretly advance authority; terminal projection reports actual accepted tick (0.3193ms)
✔ 068 registration110 cap and twenty disposed lifecycles release all owned references (5.3504ms)
ℹ tests 16
ℹ suites 0
ℹ pass 16
ℹ fail 0
ℹ cancelled 0
ℹ skipped 0
ℹ todo 0
ℹ duration_ms 222.8063
