(node:44320) ExperimentalWarning: stripTypeScriptTypes is an experimental feature and might change at any time
(Use `node --trace-warnings ...` to show where the warning was created)
{"count":70,"pair":0,"observer":false}
{"count":70,"pair":0,"observer":true,"p95":3.5225000000000364}
{"count":70,"pair":1,"observer":true,"p95":3.4054000000005544}
{"count":70,"pair":1,"observer":false}
{"count":70,"pair":2,"observer":false}
{"count":70,"pair":2,"observer":true,"p95":3.354800000000978}
{"count":70,"pair":3,"observer":true,"p95":3.3343000000004395}
{"count":70,"pair":3,"observer":false}
{"count":70,"pair":4,"observer":false}
{"count":70,"pair":4,"observer":true,"p95":3.3320000000021537}
{"status":"FAIL","reportSaved":true,"sourceHash":"e8d9c7cd249f3633a58ad077632d72e2c0c55cdb86cb5a1dedec08dd3fd5afd5","runs":10,"scenarios":0,"guards":0,"errors":[{"stage":"CAPTURE","message":"Reference world failed; original cause and all cleanup errors preserved"}]}
node:internal/modules/run_main:107
    triggerUncaughtException(
    ^

AggregateError: Reference world failed; original cause and all cleanup errors preserved
    at run (file:///F:/Sites/self-driving-academy/.worktrees/vehicle-switch-01/scripts/benchmark-vehicle-selection-before.mjs:568:11)
    at async file:///F:/Sites/self-driving-academy/.worktrees/vehicle-switch-01/scripts/benchmark-vehicle-selection-before.mjs:746:19 {
  [errors]: [
    AssertionError [ERR_ASSERTION]: Physical discontinuity
        at run (file:///F:/Sites/self-driving-academy/.worktrees/vehicle-switch-01/scripts/benchmark-vehicle-selection-before.mjs:445:9)
        at async file:///F:/Sites/self-driving-academy/.worktrees/vehicle-switch-01/scripts/benchmark-vehicle-selection-before.mjs:746:19 {
      generatedMessage: false,
      code: 'ERR_ASSERTION',
      actual: false,
      expected: true,
      operator: '==',
      diff: 'simple'
    }
  ]
}

Node.js v24.21.0
