(node:96748) ExperimentalWarning: stripTypeScriptTypes is an experimental feature and might change at any time
(Use `node --trace-warnings ...` to show where the warning was created)
{"status":"FAIL","reportSaved":true,"sourceHash":"8e1827f95d2fffce2f5f447ea02dfc4f5fd15ec9119774962eb231fe03435b24","runs":0,"scenarios":0,"guards":0,"errors":[{"stage":"CAPTURE","message":"Reference world failed; original cause and all cleanup errors preserved"}]}
node:internal/modules/run_main:107
    triggerUncaughtException(
    ^

AggregateError: Reference world failed; original cause and all cleanup errors preserved
    at run (file:///F:/Sites/self-driving-academy/.worktrees/vehicle-switch-01/scripts/diagnose-vehicle-selection-displacement.mjs:685:11)
    at async file:///F:/Sites/self-driving-academy/.worktrees/vehicle-switch-01/scripts/diagnose-vehicle-selection-displacement.mjs:729:20 {
  [errors]: [
    AssertionError [ERR_ASSERTION]: Physical discontinuity
        at run (file:///F:/Sites/self-driving-academy/.worktrees/vehicle-switch-01/scripts/diagnose-vehicle-selection-displacement.mjs:562:9)
        at async file:///F:/Sites/self-driving-academy/.worktrees/vehicle-switch-01/scripts/diagnose-vehicle-selection-displacement.mjs:729:20 {
      generatedMessage: false,
      code: 'ERR_ASSERTION',
      actual: false,
      expected: true,
      operator: '==',
      diff: 'simple'
    }
  ]
}

Node.js v24.21.0
