(node:98272) ExperimentalWarning: stripTypeScriptTypes is an experimental feature and might change at any time
(Use `node --trace-warnings ...` to show where the warning was created)
{"count":70,"pair":0,"observer":false}
{"count":70,"pair":0,"observer":true,"p95":4.223100000000159}
{"count":70,"pair":1,"observer":true,"p95":4.002800000000207}
{"count":70,"pair":1,"observer":false}
{"count":70,"pair":2,"observer":false}
{"count":70,"pair":2,"observer":true,"p95":3.816000000000713}
{"count":70,"pair":3,"observer":true,"p95":3.9451000000008207}
{"count":70,"pair":3,"observer":false}
{"count":70,"pair":4,"observer":false}
{"count":70,"pair":4,"observer":true,"p95":3.8629000000000815}
{"count":110,"pair":0,"observer":false}
{"count":110,"pair":0,"observer":true,"p95":5.5803000000014435}
{"count":110,"pair":1,"observer":true,"p95":5.550999999999476}
{"count":110,"pair":1,"observer":false}
{"count":110,"pair":2,"observer":false}
{"count":110,"pair":2,"observer":true,"p95":5.507599999997183}
{"count":110,"pair":3,"observer":true,"p95":6.326000000000931}
{"count":110,"pair":3,"observer":false}
{"count":110,"pair":4,"observer":false}
{"count":110,"pair":4,"observer":true,"p95":5.569499999997788}
{"status":"PASS","reportSaved":true,"sourceHash":"fcb9a71661d7630cfbb137ba08b176fef1a6ed0927ed50c4e438b0d12809cace","runs":20,"scenarios":12,"guards":2,"errors":[]}
