(node:105308) ExperimentalWarning: stripTypeScriptTypes is an experimental feature and might change at any time
(Use `node --trace-warnings ...` to show where the warning was created)
{"count":70,"pair":0,"observer":false}
{"count":70,"pair":0,"observer":true,"p95":3.1959999999999127}
{"count":70,"pair":1,"observer":true,"p95":3.115600000000086}
{"count":70,"pair":1,"observer":false}
{"count":70,"pair":2,"observer":false}
{"count":70,"pair":2,"observer":true,"p95":3.3175999999984924}
{"count":70,"pair":3,"observer":true,"p95":3.139100000000326}
{"count":70,"pair":3,"observer":false}
{"count":70,"pair":4,"observer":false}
{"count":70,"pair":4,"observer":true,"p95":3.088999999999942}
{"count":110,"pair":0,"observer":false}
{"count":110,"pair":0,"observer":true,"p95":4.40769999999975}
{"count":110,"pair":1,"observer":true,"p95":4.282999999999447}
{"count":110,"pair":1,"observer":false}
{"count":110,"pair":2,"observer":false}
{"count":110,"pair":2,"observer":true,"p95":4.3048000000053435}
{"count":110,"pair":3,"observer":true,"p95":4.197599999999511}
{"count":110,"pair":3,"observer":false}
{"count":110,"pair":4,"observer":false}
{"count":110,"pair":4,"observer":true,"p95":4.298999999999069}
{"status":"PASS","sourceHash":"7325186177571c6b867cbb347ba9aaec88edfdc76545c7887fb923071dc97d06","runs":20,"parity":6,"handoff":4,"rejections":2,"expiry":2}
