(node:84616) ExperimentalWarning: stripTypeScriptTypes is an experimental feature and might change at any time
(Use `node --trace-warnings ...` to show where the warning was created)
{"count":70,"pair":0,"observer":false}
{"count":70,"pair":0,"observer":true,"p95":3.2226000000000568}
{"count":70,"pair":1,"observer":true,"p95":3.111499999999978}
{"count":70,"pair":1,"observer":false}
{"count":70,"pair":2,"observer":false}
{"count":70,"pair":2,"observer":true,"p95":3.2458999999998923}
{"count":70,"pair":3,"observer":true,"p95":3.117000000000189}
{"count":70,"pair":3,"observer":false}
{"count":70,"pair":4,"observer":false}
{"count":70,"pair":4,"observer":true,"p95":3.0843000000022585}
{"count":110,"pair":0,"observer":false}
{"count":110,"pair":0,"observer":true,"p95":4.293600000000879}
{"count":110,"pair":1,"observer":true,"p95":4.336299999999028}
{"count":110,"pair":1,"observer":false}
{"count":110,"pair":2,"observer":false}
{"count":110,"pair":2,"observer":true,"p95":4.261800000000221}
{"count":110,"pair":3,"observer":true,"p95":4.271600000000035}
{"count":110,"pair":3,"observer":false}
{"count":110,"pair":4,"observer":false}
{"count":110,"pair":4,"observer":true,"p95":4.260400000006484}
{"status":"PASS","sourceHash":"3917ae4172c6f60944704f1ab2fb29d7dfe71c793b99150eca1b16453037edcd","runs":20,"parity":6,"handoff":4,"rejections":2,"expiry":2}
