npm warn Unknown env config "msvs-version". This will stop working in the next major version of npm. See `npm help npmrc` for supported config options.

> self-driving-academy@0.1.0 check
> npm run typecheck && npm run lint && npm run format:check && npm run check:architecture && npm test

npm warn Unknown env config "msvs-version". This will stop working in the next major version of npm. See `npm help npmrc` for supported config options.

> self-driving-academy@0.1.0 typecheck
> tsc --noEmit && tsc -p tsconfig.tests.json --noEmit

npm warn Unknown env config "msvs-version". This will stop working in the next major version of npm. See `npm help npmrc` for supported config options.

> self-driving-academy@0.1.0 lint
> eslint . --max-warnings 0

npm warn Unknown env config "msvs-version". This will stop working in the next major version of npm. See `npm help npmrc` for supported config options.

> self-driving-academy@0.1.0 format:check
> prettier --check "src/**/*.{ts,css}" "tests/**/*.ts" "tests/**/*.html" "scripts/**/*.mjs" "*.{json,js,html}"

Checking formatting...
All matched files use Prettier code style!
npm warn Unknown env config "msvs-version". This will stop working in the next major version of npm. See `npm help npmrc` for supported config options.

> self-driving-academy@0.1.0 check:architecture
> node scripts/verify-architecture.mjs

Architecture imports: PASS (107 TypeScript files)
Architecture negative probes: PASS (6 forbidden dependencies rejected)
Inspector exception negative probes: PASS (4 forbidden imports rejected)
Rapier adapter negative probes: PASS (3 forbidden imports rejected)
Renderer injection, readonly snapshots, defensive persistence and lifecycle: PASS
(node:89692) ExperimentalWarning: stripTypeScriptTypes is an experimental feature and might change at any time
(Use `node --trace-warnings ...` to show where the warning was created)
npm warn Unknown env config "msvs-version". This will stop working in the next major version of npm. See `npm help npmrc` for supported config options.

> self-driving-academy@0.1.0 test
> node --import ./scripts/register-typescript.mjs --test "tests/**/*.test.ts"

(node:19944) ExperimentalWarning: stripTypeScriptTypes is an experimental feature and might change at any time
(Use `node --trace-warnings ...` to show where the warning was created)
✔ ready and manual pause render without advancing ticks; resume excludes paused time (2.2844ms)
✔ visibility resumes only background pause; overload requires explicit recovery (0.9647ms)
✔ reload coalesces requests and never duplicates frames/listeners; errors and disposal release owners (0.2795ms)
✔ disposal during loading releases a late backend and never installs subscriptions (0.3671ms)
✔ initially hidden ready cannot start until foreground (0.9083ms)
✔ projection is frozen, presentation faults terminate, cleanup attempts every owner (0.5405ms)
✔ fixed-step faults and synchronous loader errors expose ERROR without retrying a step (0.4969ms)
(node:86180) ExperimentalWarning: stripTypeScriptTypes is an experimental feature and might change at any time
(Use `node --trace-warnings ...` to show where the warning was created)
✔ loss captures the same authoritative tick/body after suspension, retries preserve immutable RAM (2.6701ms)
✔ twenty reload/resize cycles plateau, coalescing and old loss callback cannot recreate a session (1.5363ms)
✔ failure in resize reconstructs once; invalid capture disables stale checkpoint retry (0.4086ms)
✔ disposal during pending construction releases late candidate; no renderer resurrection (0.3079ms)
✔ GPU loss while factory is pending becomes retryable ERROR and candidate disposed (0.2504ms)
✔ RAM capture rejects accessors, nonfinite, cycles, sparse arrays and capacity without reading getters (0.63ms)
✔ application keeps its simulation, tick, RAF and subscriptions across renderer failure/retry (1.3555ms)
(node:70856) ExperimentalWarning: stripTypeScriptTypes is an experimental feature and might change at any time
(Use `node --trace-warnings ...` to show where the warning was created)
✔ all six states and concurrent priorities have exact reason codes and owned transition snapshots (2.8777ms)
✔ absence, foreign, future/stale, discontinuous and incomplete source are blocked before any requested maneuver (0.7939ms)
✔ versioned parsers reject getters, exotic/sparse and oversized data without changing accepted owner state (0.7113ms)
✔ published044 projection keeps actual source age, used completeness and shared profile semantics without retaining geometry (25.29ms)
✔ 219 invokes periodic decisions only in deterministic phases, urgent offphase reads fresh044, input/controller remain60Hz (159.9146ms)
✔ authority change clears decision without allowing tick regression and does not commandeer MANUAL/LEARNING (0.4702ms)
✔ identity reuse, epoch resets and atomic capacity admission fence stale callbacks with bounded tombstones (0.7706ms)
✔ twenty full110actor lifecycle cycles retain only bounded current scalar projections and release all ownership (29.7182ms)
✔ 1024 protected epoch identities refuse new IDs atomically without tombstone eviction (4.1457ms)
(node:103376) ExperimentalWarning: stripTypeScriptTypes is an experimental feature and might change at any time
(Use `node --trace-warnings ...` to show where the warning was created)
✔ 049 preproduction reference uses actual033 directed geometry and explicit separate speed fixture (75.0239ms)
(node:6708) ExperimentalWarning: stripTypeScriptTypes is an experimental feature and might change at any time
(Use `node --trace-warnings ...` to show where the warning was created)
✔ 049 compiled routes use actual033 directedlane/TURN authored points and refuse fabricated tokens/gaps (16.8963ms)
✔ 049 left/right TURN preserves all authored intermediate geometry rather than joining only lane endpoints (4.6885ms)
✔ 049 actual steering matches independent exhaustive geometry without actuation/timer/longitudinal fields (5.1489ms)
✔ 049 sharp/too-tight/grade geometry and closed256vertex admission are explicit rather than teleported (17.7887ms)
✔ 049 null/stale/discontinuous/future/height/heading/reverse observations and overspeed have explicit reasons (2.3962ms)
✔ 049 posted speed/style and045 state only affect lateral control through explicit owner choices (2.5178ms)
✔ 049 authority/tick/mapversion/incarnation/epoch fences release routes without reopening old ticks (3.2371ms)
✔ 049 malformed/getter/sparse/reentrant boundaries reject before owner mutation (1.9591ms)
✔ 049110owner/256geometry/1024protectedidentity capacities are atomic and20lifecycles release strong ownership (110.1311ms)
✔ 049 descriptor snapshots prevent unsafe caller re-read and mutable-object cache/TOCTOU reuse (3.3975ms)
(node:42436) ExperimentalWarning: stripTypeScriptTypes is an experimental feature and might change at any time
(Use `node --trace-warnings ...` to show where the warning was created)
✔ normal/dense contexts match exhaustive IDs, lanes, leaders, signals and conflicts at real authoritative ticks (377.4473ms)
✔ lateral, opposite-direction and overpass vehicles never become false leaders (6.5277ms)
✔ cached context keeps source tick; urgent signal refresh occurs before six-tick cadence without clock/event resampling (17.5969ms)
✔ frame admission is atomic, duplicate snapshots canonical, contradictory/stale signal snapshots rejected (24.6534ms)
✔ unknown intent, offroad intent and absent/incomplete signals remain unknown, while junction intent selects the concrete movement (13.2102ms)
✔ a concrete route with incompatible current lane or access never makes its signal applicable (18.8426ms)
✔ priority uses explicit038 policy and supplied SI distances; local or incomplete traffic never creates a global AVAILABLE gap (14.8834ms)
✔ missing policy is explicit unknown; supplied distances change instantaneous predictions without producing temporal evidence (8.4897ms)
✔ session, epoch, incarnation and removal fences prevent stale contexts from surviving reuse (27.4865ms)
✔ capacity checks preserve prior ownership and all admitted dense contexts fit the110-entry cache (28.0547ms)
✔ twenty reset/lifecycle cycles clear frame/index/cache/identity ownership; returned snapshots stay frozen (448.7017ms)
✔ hostile data and duplicates are rejected without invoking accessors or retaining partial frame state (17.259ms)
✔ deep obstacle and polygon accessors and inherited array methods never execute during frame preparation (17.4192ms)
✔ obstacle/zone identities fence stale positions and removed incarnations; kinds remain stable within an epoch (56.5302ms)
✔ partial observation omissions preserve identities without creating removal tombstones (23.6398ms)
✔ per-epoch identity history has finite admission without dropping retained tombstones (202.2231ms)
BJS - [04:43:05]: Babylon.js v9.29.0 - Null engine
(node:86548) ExperimentalWarning: stripTypeScriptTypes is an experimental feature and might change at any time
(Use `node --trace-warnings ...` to show where the warning was created)
✔ actual physical scheduling fixture preserves70controllers and can verify cleanup twice after native disposal (526.8885ms)
(node:11968) ExperimentalWarning: stripTypeScriptTypes is an experimental feature and might change at any time
(Use `node --trace-warnings ...` to show where the warning was created)
✔ VehicleCommand: JSON roundtrip, immutable defensive copy (3.1245ms)
✔ VehicleCommand: rejects all nonfinite numeric leaves (1.6477ms)
✔ VehicleCommand: rejects unknown shape, extra/missing fields, unsupported versions (1.1594ms)
✔ VehicleState: JSON roundtrip, immutable defensive copy (1.2991ms)
✔ VehicleState: rejects all nonfinite numeric leaves (3.2245ms)
✔ VehicleState: rejects unknown shape, extra/missing fields, unsupported versions (0.7928ms)
✔ Ride: JSON roundtrip, immutable defensive copy (0.5646ms)
✔ Ride: rejects all nonfinite numeric leaves (0.8361ms)
✔ Ride: rejects unknown shape, extra/missing fields, unsupported versions (0.9825ms)
✔ SimulationEvent: JSON roundtrip, immutable defensive copy (0.7984ms)
✔ SimulationEvent: rejects all nonfinite numeric leaves (0.7785ms)
✔ SimulationEvent: rejects unknown shape, extra/missing fields, unsupported versions (0.5516ms)
✔ InterventionSegment: JSON roundtrip, immutable defensive copy (1.2226ms)
✔ InterventionSegment: rejects all nonfinite numeric leaves (9.9099ms)
✔ InterventionSegment: rejects unknown shape, extra/missing fields, unsupported versions (1.0719ms)
✔ TelemetrySample: JSON roundtrip, immutable defensive copy (0.4004ms)
✔ TelemetrySample: rejects all nonfinite numeric leaves (4.3761ms)
✔ TelemetrySample: rejects unknown shape, extra/missing fields, unsupported versions (0.4069ms)
✔ DrivingProfile: JSON roundtrip, immutable defensive copy (0.8974ms)
✔ DrivingProfile: rejects all nonfinite numeric leaves (0.9077ms)
✔ DrivingProfile: rejects unknown shape, extra/missing fields, unsupported versions (0.6377ms)
✔ ParameterEvidence: JSON roundtrip, immutable defensive copy (0.1632ms)
✔ ParameterEvidence: rejects all nonfinite numeric leaves (0.3391ms)
✔ ParameterEvidence: rejects unknown shape, extra/missing fields, unsupported versions (0.4181ms)
✔ unknown data never executes getters or coercion; inherited fields/symbols/sparse arrays rejected (0.5889ms)
✔ vehicle normalized controls, tick identity, quaternion and enums (1.89ms)
✔ ride terminal metadata and assignment chronology (0.51ms)
✔ all event discriminants roundtrip with their specific validated payload (2.7045ms)
✔ event payload discrimination, entity references and reset/activation chronology (0.8157ms)
✔ segments reject mode eligibility, mismatched world/vehicle/source, unordered ticks and partial closure (1.6605ms)
✔ profiles preserve unknown observations and reserved data without fabricated evidence (1.395ms)
✔ current design catalog can be carried structurally without implementing its parameter registry (3.2236ms)
(node:78280) ExperimentalWarning: stripTypeScriptTypes is an experimental feature and might change at any time
(Use `node --trace-warnings ...` to show where the warning was created)
✔ composition publishes the exact COLLISION variant once for actual admitted step serials (6.8147ms)
✔ foreign session and epoch are rejected at constructor before any native step (1.1754ms)
✔ accepted listener errors are inspected with bounded diagnostics and never retried as effects (1.2748ms)
✔ capacity failure keeps exact suffix and blocks newer physics before it advances (0.6294ms)
✔ publisher failure after acceptance retries stable duplicate identity without repeating effects (0.5375ms)
✔ listener removal/reuse discards later stale incidents and adapter reentry is fenced (0.4507ms)
✔ native serial and tick fences reject fake captures, duplicated physics and external advances (0.5121ms)
✔ real epoch reset restores new owner and disposal releases all episode/pending ownership (0.6806ms)
✔ prepared admission is idempotent and cannot relabel the physical tick (0.573ms)
✔ pending publication cannot admit physics advanced by a listener (0.5463ms)
(node:52420) ExperimentalWarning: stripTypeScriptTypes is an experimental feature and might change at any time
(Use `node --trace-warnings ...` to show where the warning was created)
✔ duplicates and retries consume each identity once even after listeners fail (3.462ms)
✔ stable declared order, type filtering and publication order within tick (1.8312ms)
✔ unsubscribe is idempotent and immediate; subscribe during dispatch starts next event (0.395ms)
✔ rejects invalid, stale, foreign and late events without consuming capacity (1.3679ms)
✔ dedup is fail-closed at capacity; epoch invalidation rejects retired worlds (0.6054ms)
✔ reentrant publication and lifecycle changes fail before nested effects (0.2911ms)
✔ validated copies are immutable and owned; resources are capped and disposed (0.4827ms)
(node:106732) ExperimentalWarning: stripTypeScriptTypes is an experimental feature and might change at any time
(Use `node --trace-warnings ...` to show where the warning was created)
✔ 30/60 frame schedules preserve tick-addressed commands and duration over ten simulated minutes (395.4229ms)
✔ first frame anchors time; fractional boundaries produce previous/current interpolation (0.44ms)
✔ catchup executes at most four constant steps and retains the rest of debt (0.4823ms)
✔ overload pauses before steps; explicit recovery drains preserved debt without new wall time (0.4243ms)
✔ 250 ms threshold is inclusive and a larger debt explicitly overloads (0.1495ms)
✔ manual and background pauses exclude stopped time and retain fractional debt (0.3213ms)
✔ pause accounts only the active interval to its boundary, and recovery can itself pause (0.4971ms)
✔ invalid or regressing clocks are rejected without poisoning clock or loop state (0.7702ms)
✔ snapshot ownership is defensive, nested immutable and safe after later steps/disposal (0.4276ms)
✔ step/capture/interpolate failures are explicit terminal faults and never retry an executed step (0.5582ms)
✔ reentrant operations are rejected; uncaught reentrancy produces a fault (0.3181ms)
✔ snapshot plain-tree boundary rejects accessors/cycles/exotic objects; null snapshots are valid (0.3827ms)
✔ initial tick keeps addressed identity while elapsed simulated time starts at zero (0.195ms)
(node:17596) ExperimentalWarning: stripTypeScriptTypes is an experimental feature and might change at any time
(Use `node --trace-warnings ...` to show where the warning was created)
✔ five-repeat medians/ranges preserve paired negative observer deltas and counters (5.1613ms)
✔ unsupported/pending GPU remains null; partial availability reports actual repetitions (1.7724ms)
✔ rejects smoke, interrupted protocol, invalid dimensions and lost focus (7.3157ms)
✔ rejects missing/duplicate pairs and inconsistent/nonfinite sample statistics (1.7593ms)
✔ rejects hardware/profile/build/digest inconsistency and wrong phase attribution (2.3015ms)
✔ phase wall delta does not invalidate a full RAF duration when callback latencies differ (0.4057ms)
✔ explicit-path CLI emits one compact JSON record, rejects invalid input, and never rewrites evidence (468.6156ms)
(node:14776) ExperimentalWarning: stripTypeScriptTypes is an experimental feature and might change at any time
(Use `node --trace-warnings ...` to show where the warning was created)
✔ nearest rank percentiles, histogram and strict budget on known data (1.968ms)
✔ collector caps allocations, reports overflow and rejects lifecycle misuse (1.2552ms)
✔ disabled collector allocates no sample buffers and unavailable APIs never become zero (0.205ms)
✔ reports require five complete pairs, own metadata, preserve missing data and reject nonfinite values (3.66ms)
✔ hardware baseline rejects short durations, overflow and missing pair identity (0.7775ms)
(node:56756) ExperimentalWarning: stripTypeScriptTypes is an experimental feature and might change at any time
(Use `node --trace-warnings ...` to show where the warning was created)
✔ headless: advances 12 ticks and captures states/events without renderer (1.9233ms)
✔ zero ticks captures initial state and validates seed/tick boundaries (0.6306ms)
✔ capture owns copies even when an adapter reuses mutable state and events (0.1861ms)
✔ scenario oracle rejects corrupted state and event evidence (1.5531ms)
(node:91472) ExperimentalWarning: stripTypeScriptTypes is an experimental feature and might change at any time
(Use `node --trace-warnings ...` to show where the warning was created)
✔ versioned identity and RNG golden vectors fix encoding and algorithm (3.2012ms)
✔ IDs preserve boundaries, namespace, kind and exact Unicode code units (0.5049ms)
✔ inserted events and reversed evaluation preserve addressed opportunity samples (1.1942ms)
✔ seed scopes and sample purpose/index distinguish fixed fixtures (0.2837ms)
✔ JSON restart reproduces samples from version, seed, purpose and index only (0.3068ms)
✔ unit samples are exact uint32 fractions in the half-open unit interval (11.7569ms)
✔ unknown invalid inputs fail without coercion or accessor execution (1.862ms)
(node:15740) ExperimentalWarning: stripTypeScriptTypes is an experimental feature and might change at any time
(Use `node --trace-warnings ...` to show where the warning was created)
✔ 066 preproduction schedule exercises all modes and explicit coherent published024 handoff (2.3096ms)
(node:90024) ExperimentalWarning: stripTypeScriptTypes is an experimental feature and might change at any time
(Use `node --trace-warnings ...` to show where the warning was created)
✔ 066 simultaneous transfer is order independent and old input never retargets (6.5788ms)
✔ 066 same-body MANUAL/LEARNING preserves filter and release clears after accepted state (1.0343ms)
✔ 066 whole malformed batches reject without physical/tick/filter effects and same tick retries (1.2014ms)
✔ 066 callback failure records accepted physical state and is terminal, including reentrant guard (1.1452ms)
✔ 066 stale native replacement and registration refusal do not silently recreate owner entities (0.9317ms)
✔ 066 suspension does not advance physical tick and ownership disposal releases only own references (0.5082ms)
✔ 066 20 lifecycle cycles enforce 110 retained tokens, atomic capacity, and zero owner history (50.6841ms)
✔ 066 descriptor snapshots reject symbols/accessors and proxy-triggered reentry without effects (0.6031ms)
✔ 066 player removal callback fault reports registration acceptance without claiming a new physical tick (1.0556ms)
✔ 066 actuation fault is terminal and distinguishes unaccepted full physical tick from rollback (0.6492ms)
(node:86176) ExperimentalWarning: stripTypeScriptTypes is an experimental feature and might change at any time
(Use `node --trace-warnings ...` to show where the warning was created)
✔ DOM press hold/repeat/release are bounded and raw keys mapW/S/A/D/Space (3.2151ms)
✔ blur visibility editable/modal/disabled state flushes keys; repeats never restore lostinput (0.8301ms)
✔ modifiers and composition do not consume editable keyboardshortcuts or leave throttle active (0.4332ms)
✔ twenty binding/filter ownershipcycles release sixlisteners and retain noinputframes (2.4686ms)
(node:77652) ExperimentalWarning: stripTypeScriptTypes is an experimental feature and might change at any time
(Use `node --trace-warnings ...` to show where the warning was created)
✔ 80 unique keys, 24 M targets; planned stages grant no capabilities (4.236ms)
✔ every key validates default, inclusive bounds, canonical unit and finite range (7.4583ms)
✔ publication gate rejects LEARNED and manual tuning for all unsupported keys (21.4577ms)
✔ publication gate rejects unknown keys, wrong units and invalid ranges for all provenance (0.7929ms)
✔ publication retains structural evidence and provenance checks and roundtrip (0.8845ms)
✔ malformed catalog rejects schema, shape, duplicate/unknown keys and invalid definitions (13.5271ms)
✔ registry and parsed catalog are defensive immutable data (1.2612ms)
✔ generated runtime catalog is synchronized with canonical JSON (386.9693ms)
(node:85380) ExperimentalWarning: stripTypeScriptTypes is an experimental feature and might change at any time
(Use `node --trace-warnings ...` to show where the warning was created)
✔ GLB preflight accepts original embedded geometry and bounds decoded bytes (2.3672ms)
✔ GLB header and truncated JSON reject before Babylon resource creation (0.3951ms)
✔ embedded PNG size is admitted before decode and oversized dimensions reject (0.4306ms)
✔ geometry primitive vertex budget rejects before Babylon (1.3751ms)
(node:47608) ExperimentalWarning: stripTypeScriptTypes is an experimental feature and might change at any time
(Use `node --trace-warnings ...` to show where the warning was created)
✔ WebGPU preferred, scene owned, disposal exactly once in dependency order (1.9714ms)
✔ unavailable or throwing support check uses only WebGL2 (0.31ms)
✔ WebGL2 preference skips WebGPU support completely (0.1588ms)
✔ init failure cleans engine before fallback on a distinct canvas (0.1591ms)
✔ scene failure reconstructs a new scene after disposing all tentative resources (0.2369ms)
✔ both fail with recoverable aggregate; cleanup exceptions do not stop engine/canvas release (0.4716ms)
(node:85680) ExperimentalWarning: stripTypeScriptTypes is an experimental feature and might change at any time
(Use `node --trace-warnings ...` to show where the warning was created)
✔ fixed ring retains recent values, exact percentiles and bounded numeric bytes (1.4649ms)
✔ missing timers stay unavailable; fresh measured GPU zero remains valid (0.2063ms)
✔ disabled collector performs no admission and reenabling starts a fresh window (0.3593ms)
✔ counter projections are copied/frozen and invalid capacity/counters reject (0.2773ms)
(node:61080) ExperimentalWarning: stripTypeScriptTypes is an experimental feature and might change at any time
(Use `node --trace-warnings ...` to show where the warning was created)
✔ error then retry, one frame/resize subscription, idempotent disposal (1.2924ms)
✔ concurrent retry is coalesced; dispose during pending initialization releases late backend (0.2719ms)
✔ render failure stops loop, cleans resources and exposes retry (0.266ms)
✔ cleanup failures clear every owner and still permit retry (0.5934ms)
✔ synchronous factory failure does not poison the pending retry promise (1.3404ms)
BJS - [04:43:05]: Babylon.js v9.29.0 - Null engine
BJS - [04:43:05]: Babylon.js v9.29.0 - Null engine
BJS - [04:43:05]: Babylon.js v9.29.0 - Null engine
BJS - [04:43:05]: Babylon.js v9.29.0 - Null engine
✔ explicit DPR caps/resolution scaling, immutable limits and invalid input rejection (1.4054ms)
✔ adaptive windows require GPU evidence, hysteresis/cooldown and manual override (1.7585ms)
✔ daylight quality switches preserve materials/signals/domain and release shadows without accumulation (47.9079ms)
✔ bounded caster registry and atomic quality validation (10.3054ms)
✔ removed active caster is refilled deterministically; foreign/disposed meshes rejected (5.4743ms)
✔ automatic presentation port applies GPU downgrade and manual preferences stop it (1.9306ms)
(node:83176) ExperimentalWarning: stripTypeScriptTypes is an experimental feature and might change at any time
(Use `node --trace-warnings ...` to show where the warning was created)
BJS - [04:43:05]: Babylon.js v9.29.0 - Null engine
BJS - [04:43:05]: Babylon.js v9.29.0 - Null engine
BJS - [04:43:05]: Babylon.js v9.29.0 - Null engine
BJS - [04:43:05]: Babylon.js v9.29.0 - Null engine
✔ manifest rejects cumulative first-ride/decoder/GPU/shader budgets without confusing transfer with residency (4.6112ms)
✔ local LOD batches preserve picking after motion/removal/reorder, copy inputs and dispose owned resources (27.1142ms)
✔ two LOD hosts admit identity capacity atomically before changing any matrix/count (5.3729ms)
✔ LOD retains near detail when a large scaled source reaches the camera (4.2331ms)
✔ twenty static material lifecycle cycles plateau; capacity admission preserves existing batches (33.0486ms)
(node:60172) ExperimentalWarning: stripTypeScriptTypes is an experimental feature and might change at any time
(Use `node --trace-warnings ...` to show where the warning was created)
(node:4480) ExperimentalWarning: stripTypeScriptTypes is an experimental feature and might change at any time
(Use `node --trace-warnings ...` to show where the warning was created)
✔ known tick midpoint, endpoints, wheel continuous rotations and frozen authority (2.3728ms)
✔ fixed loop alpha drives render projection without altering the captured body (1.9022ms)
✔ shortest arc slerp of orientations and equivalent negative quaternion (0.2996ms)
✔ missing, reset, reused, skipped and backwards snapshots snap to current (0.3604ms)
✔ alpha clamps, nonfinite snaps, invalid snapshot rejected before presentation (0.493ms)
(node:37416) ExperimentalWarning: stripTypeScriptTypes is an experimental feature and might change at any time
(Use `node --trace-warnings ...` to show where the warning was created)
✔ visual boundary accepts readonly domain pose without changing it (1.6065ms)
✔ visual identity validates epochs at presentation boundary (0.2757ms)
(node:83728) ExperimentalWarning: stripTypeScriptTypes is an experimental feature and might change at any time
(Use `node --trace-warnings ...` to show where the warning was created)
✔ selection changes only camera, target identity is independent of authority (1.9224ms)
✔ damping is time-based, stable zero-motion and speed-dependent distance brakes inward (1.6754ms)
✔ driver eye is inside cabin and follows turn/roll exactly with adjustable FOV (1.0193ms)
✔ look clamps and recenter, reuse resets visual damping and look (0.3606ms)
✔ expanded-AABB sphere sweep prevents thin-wall tunneling and corrects start penetration (0.5527ms)
✔ collision correction runs after damping and on motion path, fail-safe and invalid input (0.5048ms)
BJS - [04:43:05]: Babylon.js v9.29.0 - Null engine
BJS - [04:43:05]: Babylon.js v9.29.0 - Null engine
BJS - [04:43:05]: Babylon.js v9.29.0 - Null engine
BJS - [04:43:05]: Babylon.js v9.29.0 - Null engine
BJS - [04:43:05]: Babylon.js v9.29.0 - Null engine
BJS - [04:43:05]: Babylon.js v9.29.0 - Null engine
✔ nearest mesh/root and ordinary instance identities remain distinct; decor blocks (26.1635ms)
✔ thin batch maps real ray hit index, remaps atomically, and rejects stale count (5.8913ms)
✔ foreign/disposed objects, malformed IDs and capacity are rejected without destructive replacement (6.0866ms)
✔ optional013 resolver maps descendants while thin instances never inherit host identity (4.3803ms)
✔ native pointer scans are disabled and restored; disposed picker does not scan (7.7661ms)
✔ input maps CSS to render pixels once; move is scan-free; modal/drag/cancel/UI/cleanup block clicks (6.9166ms)
✔ hover is explicit opt-in, disabled/modal state prevents scans (0.4371ms)
✔ hardware scaling and aggregate thin capacity retain correct identity (3.6541ms)
(node:67896) ExperimentalWarning: stripTypeScriptTypes is an experimental feature and might change at any time
(Use `node --trace-warnings ...` to show where the warning was created)
(node:93868) ExperimentalWarning: stripTypeScriptTypes is an experimental feature and might change at any time
(Use `node --trace-warnings ...` to show where the warning was created)
✔ defaults and valid alternate settings round-trip as deeply frozen owned data (3.3135ms)
✔ all control sliders enforce finite UI domains, FOV degrees and version bounds (2.3954ms)
✔ binding conflicts, unknown actions and unsupported keys are rejected (0.6256ms)
✔ units, quality and launch configuration reject invalid or learned fields (1.1678ms)
✔ data readers reject accessors and exotic objects without executing getters (0.6658ms)
✔ replacement is atomic, owns input copies and enforces player/control version (1.7233ms)
✔ reset restores settings independently and cannot touch profiles or progression (1.2707ms)
✔ revision exhaustion rejects reset without changing the snapshot (0.7273ms)
✔ quality and launch reset preserve control identity and stay independent of population (1.1153ms)
(node:32732) ExperimentalWarning: stripTypeScriptTypes is an experimental feature and might change at any time
(Use `node --trace-warnings ...` to show where the warning was created)
✔ cooperative synthetic route jobs match original exact path/blocked reference across all fixture lane pairs (17.0939ms)
(node:22340) ExperimentalWarning: stripTypeScriptTypes is an experimental feature and might change at any time
(Use `node --trace-warnings ...` to show where the warning was created)
✔ unscheduled before reference preserves exact authoritative trace across30/60/120synthetic render clocks (7.6615ms)
✔ before hitch pauses without a step, retains debt and recovers only real60Hzsteps capped at4 (0.8034ms)
✔ before background pause excludes stopped wall time; selection and blockage urgent callbacks bypass periodic slot (2.7902ms)
✔ actual044before fixture admits all70/110actors and source tick matches each fresh decision (229.7547ms)
✔ synthetic route job consults actual directed successors and never returns a blocked destination (2.5183ms)
(node:74092) ExperimentalWarning: stripTypeScriptTypes is an experimental feature and might change at any time
(Use `node --trace-warnings ...` to show where the warning was created)
✔ stable entity phases retain10Hz counts across insertion order and30/60/120render clocks; physics/input remain identical (17.0389ms)
✔ urgent input runs immediately, coalesces due decisions, and publication urgency waits only next relevant physicaltick (0.4819ms)
✔ decisionTick never restamps latest committed044context sourceTick; urgent input is independent of source age (66.8974ms)
✔ adversarial same-phase identities are all processed, while every offcamera actor receives all controllers (1.224ms)
✔ real008hitch/background debt, max4steps and explicit overload are preserved by scheduler composition (1.0255ms)
✔ pending028publication admission refusal faults before input/control/physics and cannot commit a nominal noop tick (0.5102ms)
✔ invalid/staleclock admission preserves state; callback/async/reentrant errors are terminal without retry (0.8712ms)
✔ actor scheduleridentity ownership fences staleincarnations/removal/epoch callbacks and urgentreuse (0.4368ms)
✔ finiteactor and1024ledger admission never truncates; hostile getters/densearray prototypes are rejected atomically (9.7562ms)
✔ routework admission is finite, priority deterministic, at most4cooperative slices and1residenttask per tick (1.3287ms)
✔ routecache uses graph/cost/access/origin/destination; blocked results reuse only matching versions (0.6813ms)
✔ a cached different target cannot bypass an actor pending route (0.8587ms)
✔ malformed factory tasks clean valid own disposal once without reading accessors (1.3523ms)
✔ deduplicated route urgency promotes waiting normal work; injected object methods preserve their receiver (0.6379ms)
✔ pendingroutecapacity/cancel/expiry and actorremoval cleanup retain explicit terminal outcomes without stalepublish (9.4024ms)
✔ routepath/source validation and taskfailure are terminal; task cleanup is attempted once at lifecycle boundary (0.5615ms)
✔ 64entryroutecache evicts deterministically and reset/dispose20cycles clear all owned queues/cache/ledger (4.01ms)
(node:58724) ExperimentalWarning: stripTypeScriptTypes is an experimental feature and might change at any time
(Use `node --trace-warnings ...` to show where the warning was created)
✔ opaque fractional/subnormal handles are fenced by exact registration, without tombstones (2.5978ms)
✔ admission caps subscriptions and active entities before registration (2.4206ms)
✔ old unsubscribe never decrements subscriptions belonging to a reused entity (0.1714ms)
✔ dispatch rejects stale ticks, removal/recreation and reentrant newer publication (0.2884ms)
✔ conversions copy SI values and quaternion exactly; invalid quaternion is rejected (0.4155ms)
✔ same-tick reentrant publication delivers only the fresh state to later callbacks (0.2652ms)
(node:104920) ExperimentalWarning: stripTypeScriptTypes is an experimental feature and might change at any time
(Use `node --trace-warnings ...` to show where the warning was created)
✔ contact array permutations preserve canonical registration-pair delivery order (3.6216ms)
✔ canonical owned registrations fence copied tokens, handle/ID reuse and another world (0.695ms)
✔ kind and ID admission reject before registration consumes a serial (0.4483ms)
✔ reversed pairs and multiple manifolds emit once with summed SI impulse and deterministic primary (0.3868ms)
✔ persistent contacts do not reemit after cooldown; separation recontact includes boundary (1.4138ms)
✔ cooldown inclusive onset boundary and zero-tick cooldown still require separation (0.5864ms)
✔ invalid contacts, accessor/prototype arrays and capacity overflow leave tick and episodes atomic (0.7829ms)
✔ publisher errors retain exact failed suffix and forbid new ticks until accepted-prefix retry (0.4409ms)
✔ pending and separated-history caps each reject an entire update before state changes (0.5285ms)
✔ strict finite option admission and synchronous publisher contract reject malformed values (0.4938ms)
✔ separated cooldown history expires exactly at boundary before admitting a different pair (0.5183ms)
✔ consecutive snapshot admission rejects unobserved gaps without inventing contact continuity (0.3436ms)
✔ session namespace differentiates otherwise identical incident keys and admits bounded IDs upfront (0.4952ms)
✔ callback removal/reuse cancels stale pending; reentrant core mutation is fenced (0.404ms)
✔ obstacle pairs ignored; epoch reset/new owner and disposal clear bounded state (0.4377ms)
(node:96588) ExperimentalWarning: stripTypeScriptTypes is an experimental feature and might change at any time
(Use `node --trace-warnings ...` to show where the warning was created)
✔ actual Rapier wall impact emits one positive SI impulse for the mapped episode (270.5611ms)
✔ actual Rapier cars impact emits one positive SI impulse for the mapped episode (70.2962ms)
✔ positive predictive gap with zero impulse beyond native resting tolerance produces no incident (29.5549ms)
✔ native sustained contact, controlled separation and recontact emit only qualifying episode onsets (65.8878ms)
✔ native ground, sensor and anonymous obstacle contacts have no invented mapped incidents (2.054ms)
✔ named obstacle–obstacle physical contacts are excluded without a vehicle participant (0.7802ms)
✔ native removal/reuse maps exact collider identity and releases static/dynamic/controller ownership (16.3532ms)
✔ named identity and native shape admission reject without allocation or serial consumption (2.1768ms)
✔ vehicle input getters never execute and boundary reentrancy cannot retire a valid registration (1.5215ms)
(node:60708) ExperimentalWarning: stripTypeScriptTypes is an experimental feature and might change at any time
(Use `node --trace-warnings ...` to show where the warning was created)
✔ AUTO target realizes fresh commands for exactly six physical ticks and expires (4.4994ms)
✔ same-tick takeover ignores valid old AI, dominates throttle with brake, and PLAYER never holds (0.6389ms)
✔ authority transfers atomically between two PLAYER candidates (0.6258ms)
✔ malformed, duplicate, stale world/tick/token and oversized batches reject before all effects (0.6988ms)
✔ proxy replacement during admission cannot command an ID-reused native body (0.6655ms)
✔ suspend flushes targets; readback is historical, resume starts neutral; reset is new owner (0.4979ms)
✔ fault after actuation is terminal and is never retried or claimed rolled back (0.3656ms)
✔ reentrant mutation from the actuation port is rejected (0.3156ms)
✔ native handbrake sets rear impulse caps and rejects malformed whole batch before setters (202.8127ms)
✔ PLAYER 60Hz and AUTONOMY 10Hz realize identical actual Rapier trajectories for both classes (310.5433ms)
✔ twenty native ownership cycles retain at most 110 entries and release all 880 subscriptions (179.9637ms)
✔ rear handbrake reduces speed and distance from a repeatable moving start versus coast (19.8089ms)
✔ actual fixed-tick composition at 30/60/144 presentation Hz produces identical 60Hz commands and pose (105.5588ms)
(node:70412) ExperimentalWarning: stripTypeScriptTypes is an experimental feature and might change at any time
(Use `node --trace-warnings ...` to show where the warning was created)
✔ explicit direction intent preserves legacy schemas and rejects malformed extra fields/getters (1.9433ms)
✔ forward motion never gets reverse propulsion; full total-speed dwell precedes gear engagement (5.7251ms)
✔ interrupted dwell, opposite request, handbrake and service brake cannot smuggle a shift or force (0.7694ms)
✔ 027 keyboard preserves raw digital braking and isolates directional ramps from025 (1.6663ms)
✔ controller opt-in, whole-batch validation and suspend/authority reset guard direction state (321.0862ms)
✔ native heldS brakes, reverses only after dwell, and heldW symmetrically returns forward on both classes (165.0422ms)
✔ native rear handbrake changes a moving turn without changing mechanics or creating non-finite state (119.4256ms)
✔ bounded state survives20 full-capacity ownership cycles without stale-token or history retention (21.1315ms)
(node:97700) ExperimentalWarning: stripTypeScriptTypes is an experimental feature and might change at any time
(Use `node --trace-warnings ...` to show where the warning was created)
✔ legacy mapping remains readable and requires explicit immutable revision upgrade (2.6958ms)
✔ finite monotone slider rates have positive endpoints and bounded symmetric speed attenuation (1.3961ms)
✔ raw digital input and tick-filtered commands are distinct immutable snapshots (2.2942ms)
✔ opposed steering is neutral; raw W+S is retained while brake dominates command throttle (0.3682ms)
✔ focus clear discards held keys and ramp residuals immediately without stale repeat state (0.5773ms)
✔ invalid frame leaves tick and ramps unchanged and getters are never called (0.5494ms)
✔ preferences apply at exactly next tick, clear input and enforce revision and one pending snapshot (0.8442ms)
✔ high-speed envelope clamps existing steering and signed velocity is symmetric (0.6286ms)
✔ actual native keyboard composition produces identical commands/physics at30/60/144 render cadences (527.7263ms)
(node:14156) ExperimentalWarning: stripTypeScriptTypes is an experimental feature and might change at any time
(Use `node --trace-warnings ...` to show where the warning was created)
✔ real Rapier readback drives Babylon Matrix: translated +90Y, +Z becomes +X, velocity stays SI (98.6097ms)
✔ 20 full-capacity create/remove cycles release controllers, colliders, maps and callbacks (434.1259ms)
✔ callback removes a body during dispatch and another world rejects its old token (2.0126ms)
✔ same-tick nested Rapier publication fences stale callbacks and later bodies in outer batch (1.121ms)
(node:67084) ExperimentalWarning: stripTypeScriptTypes is an experimental feature and might change at any time
(Use `node --trace-warnings ...` to show where the warning was created)
✔ braking curves are speed squared, brake strength and grip dependent (390.9366ms)
✔ curb suspension, car collision transfer and CCD wall remain finite (68.0148ms)
✔ steering changes trajectory under low and high grip (18.9335ms)
✔ identical 60Hz physics at 30/60/144 render FPS, including settings (41.4864ms)
✔ many-contact fixture retains cars and simplified colliders outside camera (2389.7467ms)
✔ invalid batch is rejected before applying commands; caps prevent admission (1.4116ms)
(node:101056) ExperimentalWarning: stripTypeScriptTypes is an experimental feature and might change at any time
(Use `node --trace-warnings ...` to show where the warning was created)
✔ mechanical catalog is immutable/versioned and excluded from player preferences (1.9467ms)
✔ two actual Rapier classes differ in acceleration, braking and same-flat-scene turning (497.7863ms)
✔ Rapier native mass, wheel geometry and controls match classes including orientation and power caps (10.6019ms)
✔ 20 mixed-class lifecycle cycles preserve vehicle and subscription caps, remove/recreate cleanup (159.3393ms)
(node:41024) ExperimentalWarning: stripTypeScriptTypes is an experimental feature and might change at any time
(Use `node --trace-warnings ...` to show where the warning was created)
✔ global serial priority, cancel acknowledgement and restart publish once (8.4755ms)
✔ queue/bytes caps reject optional while protected capacity suspends without detachment (9.9149ms)
✔ pressure pending, idle resume, cancellation preserves exact protected evidence (1.3417ms)
✔ optional lease bounded history, errors and disposal release ownership (9.9837ms)
✔ deferred persistence ingress is separately bounded at a full execution queue (2.3284ms)
✔ operation identity distinct, completed durable proposals do not execute twice (2.7531ms)
✔ dispose during deferred retention preserves evidence and releases ingress reservations (28.0664ms)
✔ cancel during async protected completion retains evidence without recoverable result (1.6341ms)
✔ persistence failure never publishes, observer exceptions do not leak ownership (0.6203ms)
✔ dispose during async completion withdraws proposal while retaining evidence (5.7947ms)
(node:41024) ExperimentalWarning: stripTypeScriptTypes is an experimental feature and might change at any time
(Use `node --trace-warnings ...` to show where the warning was created)
✔ real worker transfer leaves live buffers attached and preempts between slices (145.3998ms)
(node:56108) ExperimentalWarning: stripTypeScriptTypes is an experimental feature and might change at any time
(Use `node --trace-warnings ...` to show where the warning was created)
✔ strict envelope validates identities, discriminants, bytes and controls (1.7014ms)
✔ late, duplicate, out-of-order and mismatched packets cannot publish (1.9409ms)
✔ cancel sends one control, late result remains cancelled; worker errors release capacity (0.7451ms)
✔ queue/history/bytes/age stay bounded and do not silently admit protected work (9.156ms)
✔ runtime throttles progress at 5Hz and disposes task resources (11.8985ms)
(node:56108) ExperimentalWarning: stripTypeScriptTypes is an experimental feature and might change at any time
(Use `node --trace-warnings ...` to show where the warning was created)
✔ real worker yields to cancellation, runs next job, transfers buffers and handles task failure (149.8179ms)
ℹ {"cancelMs":10.886400000000009,"trackedJobs":0,"trackedBytes":0}
✔ cleanup and progress observer exceptions cannot block later jobs (8.9951ms)
✔ runtime watermark rejects old replay after history eviction; byte cap rejects excessive queue (13.205ms)
✔ parser rejects nonenumerable identities and fields without invoking getters (0.3165ms)
(node:4872) ExperimentalWarning: stripTypeScriptTypes is an experimental feature and might change at any time
(Use `node --trace-warnings ...` to show where the warning was created)
✔ swept traversal detects a zone and stop line even when both endpoints are outside (9.0443ms)
✔ empty, hidden, inactive or geometrically irrelevant pedestrians create no exposure (1.8073ms)
✔ obstacles have separate identities and do not count as pedestrian exposure (1.3638ms)
✔ stationary points, tangential travel and line departure do not duplicate a crossing (1.8312ms)
✔ concave polygons use their actual footprint rather than bounding boxes (1.6855ms)
✔ data is owned/frozen; observations remain bounded and input failures are explicit (1.7694ms)
✔ capacity retains every relevant observation and never truncates a last pedestrian (11.8833ms)
(node:84964) ExperimentalWarning: stripTypeScriptTypes is an experimental feature and might change at any time
(Use `node --trace-warnings ...` to show where the warning was created)
✔ cross separates perpendicular crossing from parallel opposing travel (12.6376ms)
✔ T crossing, shared entry, and separated turns produce different relations (5.2135ms)
✔ turn merges are explicit semantic conflicts and separated right turns remain compatible (9.5264ms)
✔ authored conflict zones remain independent from geometry and never imply priority (2.1556ms)
✔ stable identities symmetric queries, readonly snapshots and bounded retained state (8.9899ms)
✔ corridor width, tangency, collinear overlap and bridge height are explicit geometric semantics (0.7067ms)
✔ invalid data/options fail rather than silently dropping semantic conflicts (3.3287ms)
✔ geometry construction budget aborts explicitly on authored pathological paths (1164.7879ms)
✔ pair capacity rejects the whole map before quadratic geometry, never truncates conflicts (19.7812ms)
✔ shared authored geometry reuses immutable trajectories and zone arrays (1.1795ms)
(node:62544) ExperimentalWarning: stripTypeScriptTypes is an experimental feature and might change at any time
(Use `node --trace-warnings ...` to show where the warning was created)
✔ one-way topology never invents reverse edges or undeclared turns (10.1885ms)
✔ parallel neighbors and all edges respect source/destination access classes (2.5453ms)
✔ REVERSE reverses geometry, direction, progress and allowed successors (1.6437ms)
✔ current lane uses directed polyline projection/width/height and no meshes; off-graph remains null (2.2925ms)
✔ intersection gaps do not fabricate lanes from movement or visual geometry (1.0122ms)
✔ deterministic ambiguity ties ignore lane input order; heading disambiguates (3.8128ms)
✔ owned graph data/projections are frozen and unaffected by caller mutations (1.8746ms)
✔ unknown IDs return empty results; invalid queries/maps/classes fail before execution (3.0626ms)
✔ schema-size ring remains finite and loop-safe without recursive graph traversal (132.3256ms)
✔ height and slope distinguish an overpass from overlapping planar geometry (1.9848ms)
✔ bounded index matches exhaustive projection and oversized geometry always uses complete fallback (13.3656ms)
✔ spatial reference capacity falls back without dropping a permitted lane (23.6379ms)
(node:78844) ExperimentalWarning: stripTypeScriptTypes is an experimental feature and might change at any time
(Use `node --trace-warnings ...` to show where the warning was created)
✔ minimal semantic map is deterministic and deeply immutable (10.5489ms)
✔ rejects duplicate geometry ID (5.5228ms)
✔ rejects duplicate semantic ID (1.1976ms)
✔ rejects dangling geometry node (0.8962ms)
✔ rejects dangling lane geometry (1.1344ms)
✔ rejects duplicate successor (1.8233ms)
✔ rejects dangling successor (0.991ms)
✔ rejects self successor (0.8982ms)
✔ rejects direct continuation opposite endpoints (0.8609ms)
✔ rejects intersection directed endpoint outside footprint (0.8542ms)
✔ rejects intersection omitted membership (1.6053ms)
✔ rejects intersection dangling membership (0.8058ms)
✔ rejects movement missing successor (0.6828ms)
✔ rejects successor without movement (0.7159ms)
✔ rejects movement endpoint direction (0.651ms)
✔ rejects movement incoming to incoming (0.6894ms)
✔ rejects dangling conflict zone (1.057ms)
✔ rejects duplicate movement pair (0.934ms)
✔ rejects neighbor dangling (0.9716ms)
✔ rejects neighbor self (0.9219ms)
✔ rejects neighbor not reciprocal (0.8347ms)
✔ rejects signal dangling intersection (1.0568ms)
✔ rejects phase unknown movement (1.2929ms)
✔ rejects phase repeated assignment (0.6605ms)
✔ rejects phase incomplete (0.5844ms)
✔ rejects stop dangling lane (1.1125ms)
✔ rejects stop wrong anchor (0.8747ms)
✔ rejects stop signal absent (0.5271ms)
✔ rejects stop signal dangling (6.0731ms)
✔ rejects STOP missing intersection (1.3656ms)
✔ rejects crosswalk wrong stop kind (1.09ms)
✔ rejects crosswalk lane not covered (6.7962ms)
✔ rejects crosswalk orphan stop (2.8007ms)
✔ rejects service wrong anchor (10.1895ms)
✔ rejects service anchor outside area bbox (2.1177ms)
✔ rejects service inaccessible class (2.0026ms)
✔ rejects service unreachable graph (5.9422ms)
✔ rejects recovery dangling node (2.429ms)
✔ rejects recovery off lane (2.2401ms)
✔ rejects bounds reversed (1.4848ms)
✔ rejects position out of bounds (0.7973ms)
✔ rejects path zero length alias (0.6936ms)
✔ rejects area degenerate (0.7232ms)
✔ rejects width zero (0.6708ms)
✔ rejects access repeated (0.628ms)
✔ signal programs permit separated movement phases and reject conflicting simultaneous greens (2.2651ms)
✔ class-specific connectivity ignores lanes inaccessible to that class (1.6897ms)
✔ neighbors require reciprocal links and compatible directed corridors (2.2653ms)
✔ errors carry offending ID, position and stable field path (1.7201ms)
✔ strict structure rejects hidden fields, accessors, prototypes, symbols and sparse arrays (2.6806ms)
✔ all numeric fields reject nonfinite data and numeric strings (107.7521ms)
✔ array capacity rejects before graph traversal and finite cycles terminate deterministically (2.4322ms)
✔ input mutations after parsing and rejected validation never alter published data (1.0797ms)
✔ STOP regulation and reversed stored geometry remain valid when their semantic direction agrees (0.5646ms)
✔ signal phases reject foreign-intersection movements and simultaneous merges (2.4823ms)
✔ structural field errors retain a validated object ID without executing accessors (0.8484ms)
(node:31020) ExperimentalWarning: stripTypeScriptTypes is an experimental feature and might change at any time
(Use `node --trace-warnings ...` to show where the warning was created)
✔ strict exhaustive authored policy roundtrips JSON; reciprocal queries return the same rule (16.7922ms)
✔ T-junction policy uses only its authored geometric straight and turning conflicts (6.4055ms)
✔ priority policy rejects omissions, contradictory pairs, wrong map, foreign winners and compatible geometry (13.4696ms)
✔ TTC uses metres/metres-per-second; stationary approach, occupying and cleared remain distinct (0.3544ms)
✔ absent/inactive/stationary-before-entry/cleared traffic never records refusal or yield (16.1929ms)
✔ eligible higher-priority traffic exposes blocked gap and one continuous hold records yield (5.8698ms)
✔ geometric crossing with actual priority exposure is observed; available gap produces no refusal evidence (8.1282ms)
✔ EQUAL stays unresolved and never invents a universal right-side or yielding obligation (3.8043ms)
✔ unknown traffic coverage/distance/route and discontinuity fail closed rather than reporting a safe gap (17.3257ms)
✔ multiple opponents for one relation never duplicate the physical yield observation (4.6423ms)
✔ cumulative movement invalidates hold even when each small step is below tolerance (4.8667ms)
✔ new incarnation/epoch never inherits evidence; bounded history and tombstones fail closed (4.9209ms)
✔ malformed, duplicated, oversized and conflicting observations reject before history mutation (6.6594ms)
✔ active unobservable traffic masks known blocked pairs independently of actor ordering (13.4815ms)
✔ stationary at the conflict entry is occupying and cannot record a pre-entry yield (4.653ms)
✔ a continuous sweep through full clearance retains actual occupied-priority crossing evidence (19.3533ms)
✔ simultaneous conflict pairs share one physical yield and changed exposure cannot inherit elapsed hold (12.554ms)
(node:53988) ExperimentalWarning: stripTypeScriptTypes is an experimental feature and might change at any time
(Use `node --trace-warnings ...` to show where the warning was created)
✔ full cycles query only the selected movement and preserve exact tick boundaries (15.7006ms)
✔ phase state/events remain readonly and independent from caller map mutation (6.1152ms)
✔ GREEN phase validates geometric conflict despite missing shared-zone authoring (8.535ms)
✔ fixed-tick loop pause and resume do not advance signal phases in wall time (4.8257ms)
✔ listener failures are returned once, reentry rejected, and retry same tick does not duplicate events (5.4041ms)
✔ event transport capacity failure retains a bounded transition and never advances time silently (3.5896ms)
✔ phase event JSON decoding is defensive and rejects malformed or ambiguous states (4.2666ms)
✔ single immutable phase emits no false change; fractional duration quantizes upward deterministically (2.7547ms)
✔ stale world is rejected even for a duplicate controller tick (4.1105ms)
✔ failed publication rejects signal queries until explicit retry/recovery (2.9039ms)
✔ multi-signal publication failure preserves accepted-prefix failures and retries only the remainder (15.5938ms)
(node:44368) ExperimentalWarning: stripTypeScriptTypes is an experimental feature and might change at any time
(Use `node --trace-warnings ...` to show where the warning was created)
✔ benchmark query identity sets match the brute oracle outside all timed measurements (894.5379ms)
✔ normal/dense mutable query IDs match exhaustive geometry, including boundaries and overpasses (39.2107ms)
✔ sphere tangency, negative boundaries, height, kind and exact identity exclusion (0.5618ms)
✔ concave prism rejects bounding-box false positives and preserves vertical corner tangencies (0.4909ms)
✔ moves remove old cells, remove/recreate identity fences and invalid updates are atomic (0.853ms)
✔ admission rejects before retained allocation; exhausted cell budgets use complete fallback (0.3229ms)
✔ all admitted dense-cell neighbors returned, independent of insertion order (1.5229ms)
✔ ownership snapshots frozen;20 reset/dispose cycles return bounded resources to zero (17.1579ms)
✔ invalid query and polygon data never mutate ownership (0.7924ms)
(node:40472) ExperimentalWarning: stripTypeScriptTypes is an experimental feature and might change at any time
(Use `node --trace-warnings ...` to show where the warning was created)
✔ full stop uses observed consecutive dwell; crossing is a separate idempotent bus event (15.8795ms)
✔ rolling stop, slow reported speed with drift, and no-brake passage never fabricate FULL_STOP (13.804ms)
✔ line contact permits stationary stop; actual forward passage then emits crossing exactly once (3.5609ms)
✔ speed threshold, far upstream and wrong heading cannot create complete-stop evidence (15.1341ms)
✔ missing ticks, teleport, reverse crossing, height and finite line ends do not invent traversal (7.2975ms)
✔ stale/conflicting ticks, context and nonfinite data reject without advancing history (1.6694ms)
✔ ID reuse cannot inherit stop evidence or admit a retired incarnation; real epoch resets history (3.1236ms)
✔ bounded history fails closed; frozen map geometry and transverse direction stay stable (5.6428ms)
✔ directed reverse geometry and consecutive STOP lines preserve distinct opportunities (13.5824ms)
✔ calibration/accessor boundaries and long valid identities remain safe (2.2386ms)
ℹ tests 468
ℹ suites 0
ℹ pass 468
ℹ fail 0
ℹ cancelled 0
ℹ skipped 0
ℹ todo 0
ℹ duration_ms 4257.4225
