{"command":["C:\\Program Files\\nodejs\\node.exe","scripts/verify-architecture.mjs"],"cwd":"F:/Sites/self-driving-academy/.worktrees/vehicle-switch-01","startedAt":"2026-10-07T00:23:16.811Z","endedAt":"2026-10-07T00:23:17.410Z","exit":1}
STDOUT

STDERR
node:internal/modules/run_main:107
    triggerUncaughtException(
    ^

AssertionError [ERR_ASSERTION]: Module dependency policy violations
+ actual - expected

+ [
+   'input\\vehicle-selection.ts: cross-module import must use a public index.ts: ../vehicles/body-port'
+ ]
- []

    at file:///F:/Sites/self-driving-academy/.worktrees/vehicle-switch-01/scripts/verify-architecture.mjs:141:8
    at ModuleJob.run (node:internal/modules/esm/module_job:561:25)
    at async node:internal/modules/esm/loader:647:26
    at async asyncRunEntryPointWithESMLoader (node:internal/modules/run_main:101:5) {
  generatedMessage: false,
  code: 'ERR_ASSERTION',
  actual: [
    'input\\vehicle-selection.ts: cross-module import must use a public index.ts: ../vehicles/body-port'
  ],
  expected: [],
  operator: 'deepStrictEqual',
  diff: 'simple'
}

Node.js v24.21.0
