{"command":["C:\\Program Files\\nodejs\\node.exe","Docs/Evidence/068-vehicle-switch/verify-browser-steady-v4.mjs"],"cwd":"F:/Sites/self-driving-academy/.worktrees/vehicle-switch-01","startedAt":"2026-10-07T00:23:28.339Z","endedAt":"2026-10-07T00:23:31.484Z","exit":0}
STDOUT
{"status":"PASS","sourceHash":"eb7afa021bba156a4d926c89818aaec3b6899bfec4af4397311c41dde840e81d","artifactHash":"b22ff762e340e717b1f118f90fd681d48505239dd1eeea6130779e1115273be9","nativeHash":"02dc6a4e2fffc013bab08fbb44fa68f501d8303615e9afe4c7d89ad4eedda0d0","archiveSha256":"ed61f31a58b4418294a6f7f4f3e8f604e7bafb91a3466b61bdf4f21aaee62390","entries":143}
{"status":"BOTH_LIFECYCLE_PREFLIGHT_PASS_ONLY","sourceHash":"eb7afa021bba156a4d926c89818aaec3b6899bfec4af4397311c41dde840e81d","artifactHash":"b22ff762e340e717b1f118f90fd681d48505239dd1eeea6130779e1115273be9","fullAcceptance":false,"cyclesPerBackend":20}
{
  "status": "PASS_REQUIRED_STEADY_SUBSET",
  "sourceHash": "eb7afa021bba156a4d926c89818aaec3b6899bfec4af4397311c41dde840e81d",
  "artifactHash": "b22ff762e340e717b1f118f90fd681d48505239dd1eeea6130779e1115273be9",
  "results": [
    {
      "renderer": "webgpu",
      "actual20Arms": true,
      "actual20LifecycleAdmissions": true,
      "bytes": 103839529,
      "results": [
        {
          "frame": {
            "count": 17280,
            "p50": 6.900000000023283,
            "p95": 7,
            "p99": 7.099999999976717
          },
          "work": {
            "count": 17280,
            "p50": 1.2999999523162842,
            "p95": 3.1999999284744263,
            "p99": 3.799999952316284
          },
          "tick": {
            "count": 7200,
            "p50": 1.7999999523162842,
            "p95": 2.399999976158142,
            "p99": 3.399999976158142
          },
          "rapier": {
            "count": 7200,
            "p50": 0.10000002384185791,
            "p95": 0.20000004768371582,
            "p99": 0.2999999523162842
          }
        },
        {
          "frame": {
            "count": 17280,
            "p50": 6.900000000023283,
            "p95": 7,
            "p99": 7.099999999976717
          },
          "work": {
            "count": 17280,
            "p50": 1.2999999523162842,
            "p95": 3.1999999284744263,
            "p99": 3.8000000715255737
          },
          "tick": {
            "count": 7200,
            "p50": 1.7999999523162842,
            "p95": 2.399999976158142,
            "p99": 3.299999952316284
          },
          "rapier": {
            "count": 7200,
            "p50": 0.10000002384185791,
            "p95": 0.20000004768371582,
            "p99": 0.2999999523162842
          }
        },
        {
          "frame": {
            "count": 17280,
            "p50": 6.900000000139698,
            "p95": 7,
            "p99": 7.100000000093132
          },
          "work": {
            "count": 17280,
            "p50": 1.2000000476837158,
            "p95": 3.100000023841858,
            "p99": 3.899999976158142
          },
          "tick": {
            "count": 7200,
            "p50": 1.7000000476837158,
            "p95": 2.399999976158142,
            "p99": 3.5
          },
          "rapier": {
            "count": 7200,
            "p50": 0.10000002384185791,
            "p95": 0.20000004768371582,
            "p99": 0.2999999523162842
          }
        },
        {
          "frame": {
            "count": 17280,
            "p50": 6.900000000139698,
            "p95": 7,
            "p99": 7.100000000093132
          },
          "work": {
            "count": 17280,
            "p50": 1.2000000476837158,
            "p95": 3.100000023841858,
            "p99": 3.9000000953674316
          },
          "tick": {
            "count": 7200,
            "p50": 1.7000000476837158,
            "p95": 2.399999976158142,
            "p99": 3.5
          },
          "rapier": {
            "count": 7200,
            "p50": 0.10000002384185791,
            "p95": 0.20000004768371582,
            "p99": 0.20000004768371582
          }
        },
        {
          "frame": {
            "count": 17280,
            "p50": 6.900000000139698,
            "p95": 7,
            "p99": 7.100000000093132
          },
          "work": {
            "count": 17280,
            "p50": 1.2999999523162842,
            "p95": 3.1999999284744263,
            "p99": 3.899999976158142
          },
          "tick": {
            "count": 7200,
            "p50": 1.7999999523162842,
            "p95": 2.399999976158142,
            "p99": 3.4000000953674316
          },
          "rapier": {
            "count": 7200,
            "p50": 0.10000002384185791,
            "p95": 0.20000004768371582,
            "p99": 0.2999999523162842
          }
        },
        {
          "frame": {
            "count": 17280,
            "p50": 6.900000000139698,
            "p95": 7,
            "p99": 7.100000000093132
          },
          "work": {
            "count": 17280,
            "p50": 1.2999999523162842,
            "p95": 3.200000047683716,
            "p99": 4
          },
          "tick": {
            "count": 7200,
            "p50": 1.7999999523162842,
            "p95": 2.399999976158142,
            "p99": 3.600000023841858
          },
          "rapier": {
            "count": 7200,
            "p50": 0.10000002384185791,
            "p95": 0.20000004768371582,
            "p99": 0.20000004768371582
          }
        },
        {
          "frame": {
            "count": 17280,
            "p50": 6.900000000139698,
            "p95": 7,
            "p99": 7.100000000093132
          },
          "work": {
            "count": 17280,
            "p50": 1.2999999523162842,
            "p95": 3.1999999284744263,
            "p99": 3.8000000715255737
          },
          "tick": {
            "count": 7200,
            "p50": 1.7999999523162842,
            "p95": 2.399999976158142,
            "p99": 3.3000000715255737
          },
          "rapier": {
            "count": 7200,
            "p50": 0.10000002384185791,
            "p95": 0.20000004768371582,
            "p99": 0.20000004768371582
          }
        },
        {
          "frame": {
            "count": 17280,
            "p50": 6.900000000139698,
            "p95": 7,
            "p99": 7.100000000093132
          },
          "work": {
            "count": 17280,
            "p50": 1.3000000715255737,
            "p95": 3.1999999284744263,
            "p99": 3.8000000715255737
          },
          "tick": {
            "count": 7200,
            "p50": 1.7000000476837158,
            "p95": 2.399999976158142,
            "p99": 3.299999952316284
          },
          "rapier": {
            "count": 7200,
            "p50": 0.10000002384185791,
            "p95": 0.20000004768371582,
            "p99": 0.20000004768371582
          }
        },
        {
          "frame": {
            "count": 17280,
            "p50": 6.900000000139698,
            "p95": 7,
            "p99": 7.100000000093132
          },
          "work": {
            "count": 17280,
            "p50": 1.1999999284744263,
            "p95": 3.100000023841858,
            "p99": 3.600000023841858
          },
          "tick": {
            "count": 7200,
            "p50": 1.7000000476837158,
            "p95": 2.399999976158142,
            "p99": 3.1999999284744263
          },
          "rapier": {
            "count": 7200,
            "p50": 0.10000002384185791,
            "p95": 0.20000004768371582,
            "p99": 0.2999999523162842
          }
        },
        {
          "frame": {
            "count": 17279,
            "p50": 6.900000000372529,
            "p95": 7,
            "p99": 7.100000000093132
          },
          "work": {
            "count": 17279,
            "p50": 1.2999999523162842,
            "p95": 3.200000047683716,
            "p99": 3.899999976158142
          },
          "tick": {
            "count": 7200,
            "p50": 1.7999999523162842,
            "p95": 2.4000000953674316,
            "p99": 3.399999976158142
          },
          "rapier": {
            "count": 7200,
            "p50": 0.10000002384185791,
            "p95": 0.20000004768371582,
            "p99": 0.2999999523162842
          }
        },
        {
          "frame": {
            "count": 17272,
            "p50": 6.900000000372529,
            "p95": 7,
            "p99": 7.100000000093132
          },
          "work": {
            "count": 17272,
            "p50": 1.2000000476837158,
            "p95": 3.100000023841858,
            "p99": 3.899999976158142
          },
          "tick": {
            "count": 7200,
            "p50": 1.7000000476837158,
            "p95": 2.399999976158142,
            "p99": 3.5
          },
          "rapier": {
            "count": 7200,
            "p50": 0.10000002384185791,
            "p95": 0.20000004768371582,
            "p99": 0.20000004768371582
          }
        },
        {
          "frame": {
            "count": 17280,
            "p50": 6.900000000372529,
            "p95": 7,
            "p99": 7.100000000093132
          },
          "work": {
            "count": 17280,
            "p50": 1.2000000476837158,
            "p95": 3.1999999284744263,
            "p99": 4.100000023841858
          },
          "tick": {
            "count": 7200,
            "p50": 1.7999999523162842,
            "p95": 2.5,
            "p99": 3.700000047683716
          },
          "rapier": {
            "count": 7200,
            "p50": 0.10000002384185791,
            "p95": 0.20000004768371582,
            "p99": 0.2999999523162842
          }
        },
        {
          "frame": {
            "count": 17279,
            "p50": 6.900000000372529,
            "p95": 7,
            "p99": 7.100000000093132
          },
          "work": {
            "count": 17279,
            "p50": 1.2000000476837158,
            "p95": 3.100000023841858,
            "p99": 3.899999976158142
          },
          "tick": {
            "count": 7200,
            "p50": 1.7000000476837158,
            "p95": 2.399999976158142,
            "p99": 3.399999976158142
          },
          "rapier": {
            "count": 7200,
            "p50": 0.10000002384185791,
            "p95": 0.20000004768371582,
            "p99": 0.20000004768371582
          }
        },
        {
          "frame": {
            "count": 17279,
            "p50": 6.900000000372529,
            "p95": 7,
            "p99": 7.100000000093132
          },
          "work": {
            "count": 17279,
            "p50": 1.2000000476837158,
            "p95": 3.100000023841858,
            "p99": 4
          },
          "tick": {
            "count": 7200,
            "p50": 1.7000000476837158,
            "p95": 2.399999976158142,
            "p99": 3.5
          },
          "rapier": {
            "count": 7200,
            "p50": 0.10000002384185791,
            "p95": 0.20000004768371582,
            "p99": 0.2999999523162842
          }
        },
        {
          "frame": {
            "count": 15607,
            "p50": 7.7999999998137355,
            "p95": 8.5,
            "p99": 8.600000000093132
          },
          "work": {
            "count": 15607,
            "p50": 1.1999999284744263,
            "p95": 3.100000023841858,
            "p99": 4
          },
          "tick": {
            "count": 7200,
            "p50": 1.6999999284744263,
            "p95": 2.3000000715255737,
            "p99": 3.399999976158142
          },
          "rapier": {
            "count": 7200,
            "p50": 0.10000002384185791,
            "p95": 0.20000004768371582,
            "p99": 0.20000004768371582
          }
        },
        {
          "frame": {
            "count": 15597,
            "p50": 7.600000000093132,
            "p95": 8.5,
            "p99": 8.600000000093132
          },
          "work": {
            "count": 15597,
            "p50": 1.100000023841858,
            "p95": 3,
            "p99": 3.899999976158142
          },
          "tick": {
            "count": 7200,
            "p50": 1.600000023841858,
            "p95": 2.299999952316284,
            "p99": 3.299999952316284
          },
          "rapier": {
            "count": 7200,
            "p50": 0.10000002384185791,
            "p95": 0.20000004768371582,
            "p99": 0.20000004768371582
          }
        },
        {
          "frame": {
            "count": 15913,
            "p50": 7.5,
            "p95": 8.399999999906868,
            "p99": 8.600000000093132
          },
          "work": {
            "count": 15913,
            "p50": 1.2000000476837158,
            "p95": 3,
            "p99": 3.8000000715255737
          },
          "tick": {
            "count": 7200,
            "p50": 1.600000023841858,
            "p95": 2.200000047683716,
            "p99": 3.299999952316284
          },
          "rapier": {
            "count": 7200,
            "p50": 0.10000002384185791,
            "p95": 0.20000004768371582,
            "p99": 0.20000004768371582
          }
        },
        {
          "frame": {
            "count": 16573,
            "p50": 7,
            "p95": 8.100000000093132,
            "p99": 8.5
          },
          "work": {
            "count": 16573,
            "p50": 1.1999999284744263,
            "p95": 3,
            "p99": 3.8000000715255737
          },
          "tick": {
            "count": 7200,
            "p50": 1.6999999284744263,
            "p95": 2.3000000715255737,
            "p99": 3.3000000715255737
          },
          "rapier": {
            "count": 7200,
            "p50": 0.10000002384185791,
            "p95": 0.20000004768371582,
            "p99": 0.20000004768371582
          }
        },
        {
          "frame": {
            "count": 17280,
            "p50": 6.900000000372529,
            "p95": 7,
            "p99": 7.100000000093132
          },
          "work": {
            "count": 17280,
            "p50": 1.1999999284744263,
            "p95": 3,
            "p99": 3.799999952316284
          },
          "tick": {
            "count": 7200,
            "p50": 1.600000023841858,
            "p95": 2.299999952316284,
            "p99": 3.5
          },
          "rapier": {
            "count": 7200,
            "p50": 0.10000002384185791,
            "p95": 0.20000004768371582,
            "p99": 0.2999999523162842
          }
        },
        {
          "frame": {
            "count": 17280,
            "p50": 6.900000000372529,
            "p95": 7,
            "p99": 7.100000000093132
          },
          "work": {
            "count": 17280,
            "p50": 1.2000000476837158,
            "p95": 3,
            "p99": 3.700000047683716
          },
          "tick": {
            "count": 7200,
            "p50": 1.6999999284744263,
            "p95": 2.3000000715255737,
            "p99": 3.3000000715255737
          },
          "rapier": {
            "count": 7200,
            "p50": 0.10000002384185791,
            "p95": 0.20000004768371582,
            "p99": 0.20000004768371582
          }
        }
      ],
      "violations": {
        "frame": 0,
        "work": 0,
        "memory": 2,
        "observerFrameReference": 0,
        "observerFrameCurrent": 0,
        "observerWorkReference": 0,
        "observerWorkCurrent": 0
      },
      "trackedMemoryPairs": 5,
      "memoryDisposition": "TRACKED_NONSTANDARD_HEAP_ONLY",
      "limits": "Historical match collected after production/common029; original native andshort gates independent. Trackedbrowserheap precision explicitlylimited; GPUtimer uncollected, no exactWASM/wholegame/laptop/training claim."
    },
    {
      "renderer": "webgl2",
      "actual20Arms": true,
      "actual20LifecycleAdmissions": true,
      "bytes": 104052690,
      "results": [
        {
          "frame": {
            "count": 17279,
            "p50": 6.900000002235174,
            "p95": 7,
            "p99": 7.100000001490116
          },
          "work": {
            "count": 17279,
            "p50": 1,
            "p95": 2.899999976158142,
            "p99": 3.600000023841858
          },
          "tick": {
            "count": 7200,
            "p50": 1.7999999523162842,
            "p95": 2.4000000953674316,
            "p99": 3.3000000715255737
          },
          "rapier": {
            "count": 7200,
            "p50": 0.10000002384185791,
            "p95": 0.20000004768371582,
            "p99": 0.2999999523162842
          }
        },
        {
          "frame": {
            "count": 17280,
            "p50": 6.900000002235174,
            "p95": 7,
            "p99": 7.100000001490116
          },
          "work": {
            "count": 17280,
            "p50": 1,
            "p95": 2.8000000715255737,
            "p99": 3.5999999046325684
          },
          "tick": {
            "count": 7200,
            "p50": 1.6999999284744263,
            "p95": 2.3000000715255737,
            "p99": 3.299999952316284
          },
          "rapier": {
            "count": 7200,
            "p50": 0.10000002384185791,
            "p95": 0.20000004768371582,
            "p99": 0.2999999523162842
          }
        },
        {
          "frame": {
            "count": 17280,
            "p50": 6.900000002235174,
            "p95": 7,
            "p99": 7.100000001490116
          },
          "work": {
            "count": 17280,
            "p50": 1,
            "p95": 2.899999976158142,
            "p99": 3.600000023841858
          },
          "tick": {
            "count": 7200,
            "p50": 1.7000000476837158,
            "p95": 2.3000000715255737,
            "p99": 3.399999976158142
          },
          "rapier": {
            "count": 7200,
            "p50": 0.10000002384185791,
            "p95": 0.20000004768371582,
            "p99": 0.2999999523162842
          }
        },
        {
          "frame": {
            "count": 17273,
            "p50": 6.900000002235174,
            "p95": 7,
            "p99": 7.100000001490116
          },
          "work": {
            "count": 17273,
            "p50": 1,
            "p95": 3,
            "p99": 3.8000000715255737
          },
          "tick": {
            "count": 7200,
            "p50": 1.7999999523162842,
            "p95": 2.4000000953674316,
            "p99": 3.600000023841858
          },
          "rapier": {
            "count": 7200,
            "p50": 0.10000002384185791,
            "p95": 0.20000004768371582,
            "p99": 0.2999999523162842
          }
        },
        {
          "frame": {
            "count": 17279,
            "p50": 6.900000002235174,
            "p95": 7,
            "p99": 7.100000001490116
          },
          "work": {
            "count": 17279,
            "p50": 1,
            "p95": 2.9000000953674316,
            "p99": 3.799999952316284
          },
          "tick": {
            "count": 7200,
            "p50": 1.7999999523162842,
            "p95": 2.399999976158142,
            "p99": 3.6999999284744263
          },
          "rapier": {
            "count": 7200,
            "p50": 0.10000002384185791,
            "p95": 0.20000004768371582,
            "p99": 0.20000004768371582
          }
        },
        {
          "frame": {
            "count": 17280,
            "p50": 6.900000002235174,
            "p95": 7,
            "p99": 7.100000001490116
          },
          "work": {
            "count": 17280,
            "p50": 1,
            "p95": 3,
            "p99": 3.899999976158142
          },
          "tick": {
            "count": 7200,
            "p50": 1.7999999523162842,
            "p95": 2.4000000953674316,
            "p99": 3.700000047683716
          },
          "rapier": {
            "count": 7200,
            "p50": 0.10000002384185791,
            "p95": 0.20000004768371582,
            "p99": 0.2999999523162842
          }
        },
        {
          "frame": {
            "count": 17280,
            "p50": 6.900000002235174,
            "p95": 7,
            "p99": 7.100000001490116
          },
          "work": {
            "count": 17280,
            "p50": 0.9000000953674316,
            "p95": 2.899999976158142,
            "p99": 3.5
          },
          "tick": {
            "count": 7200,
            "p50": 1.7000000476837158,
            "p95": 2.399999976158142,
            "p99": 3.299999952316284
          },
          "rapier": {
            "count": 7200,
            "p50": 0.10000002384185791,
            "p95": 0.20000004768371582,
            "p99": 0.2999999523162842
          }
        },
        {
          "frame": {
            "count": 17280,
            "p50": 6.900000002235174,
            "p95": 7,
            "p99": 7.100000001490116
          },
          "work": {
            "count": 17280,
            "p50": 1,
            "p95": 3,
            "p99": 3.700000047683716
          },
          "tick": {
            "count": 7200,
            "p50": 1.7999999523162842,
            "p95": 2.399999976158142,
            "p99": 3.399999976158142
          },
          "rapier": {
            "count": 7200,
            "p50": 0.10000002384185791,
            "p95": 0.20000004768371582,
            "p99": 0.2999999523162842
          }
        },
        {
          "frame": {
            "count": 17280,
            "p50": 6.900000002235174,
            "p95": 7,
            "p99": 7.100000001490116
          },
          "work": {
            "count": 17280,
            "p50": 1,
            "p95": 3,
            "p99": 3.799999952316284
          },
          "tick": {
            "count": 7200,
            "p50": 1.7999999523162842,
            "p95": 2.399999976158142,
            "p99": 3.4000000953674316
          },
          "rapier": {
            "count": 7200,
            "p50": 0.10000002384185791,
            "p95": 0.20000004768371582,
            "p99": 0.20000004768371582
          }
        },
        {
          "frame": {
            "count": 17279,
            "p50": 6.900000002235174,
            "p95": 7,
            "p99": 7.100000001490116
          },
          "work": {
            "count": 17279,
            "p50": 1,
            "p95": 2.899999976158142,
            "p99": 3.600000023841858
          },
          "tick": {
            "count": 7200,
            "p50": 1.7999999523162842,
            "p95": 2.399999976158142,
            "p99": 3.399999976158142
          },
          "rapier": {
            "count": 7200,
            "p50": 0.10000002384185791,
            "p95": 0.20000004768371582,
            "p99": 0.2999999523162842
          }
        },
        {
          "frame": {
            "count": 17280,
            "p50": 6.900000002235174,
            "p95": 7,
            "p99": 7.100000001490116
          },
          "work": {
            "count": 17280,
            "p50": 1,
            "p95": 3,
            "p99": 3.799999952316284
          },
          "tick": {
            "count": 7200,
            "p50": 1.7999999523162842,
            "p95": 2.399999976158142,
            "p99": 3.600000023841858
          },
          "rapier": {
            "count": 7200,
            "p50": 0.10000002384185791,
            "p95": 0.20000004768371582,
            "p99": 0.2999999523162842
          }
        },
        {
          "frame": {
            "count": 17280,
            "p50": 6.900000002235174,
            "p95": 7,
            "p99": 7.100000001490116
          },
          "work": {
            "count": 17280,
            "p50": 1.0999999046325684,
            "p95": 3,
            "p99": 3.8000000715255737
          },
          "tick": {
            "count": 7200,
            "p50": 1.7999999523162842,
            "p95": 2.399999976158142,
            "p99": 3.600000023841858
          },
          "rapier": {
            "count": 7200,
            "p50": 0.10000002384185791,
            "p95": 0.20000004768371582,
            "p99": 0.2999999523162842
          }
        },
        {
          "frame": {
            "count": 17280,
            "p50": 6.900000002235174,
            "p95": 7,
            "p99": 7.100000001490116
          },
          "work": {
            "count": 17280,
            "p50": 1,
            "p95": 2.899999976158142,
            "p99": 3.799999952316284
          },
          "tick": {
            "count": 7200,
            "p50": 1.7999999523162842,
            "p95": 2.399999976158142,
            "p99": 3.5
          },
          "rapier": {
            "count": 7200,
            "p50": 0.10000002384185791,
            "p95": 0.20000004768371582,
            "p99": 0.2999999523162842
          }
        },
        {
          "frame": {
            "count": 17280,
            "p50": 6.900000002235174,
            "p95": 7,
            "p99": 7.100000001490116
          },
          "work": {
            "count": 17280,
            "p50": 1.100000023841858,
            "p95": 3,
            "p99": 3.899999976158142
          },
          "tick": {
            "count": 7200,
            "p50": 1.7999999523162842,
            "p95": 2.5,
            "p99": 3.799999952316284
          },
          "rapier": {
            "count": 7200,
            "p50": 0.10000002384185791,
            "p95": 0.20000004768371582,
            "p99": 0.20000004768371582
          }
        },
        {
          "frame": {
            "count": 17280,
            "p50": 6.900000002235174,
            "p95": 7,
            "p99": 7.100000001490116
          },
          "work": {
            "count": 17280,
            "p50": 1,
            "p95": 2.9000000953674316,
            "p99": 3.700000047683716
          },
          "tick": {
            "count": 7200,
            "p50": 1.7000000476837158,
            "p95": 2.399999976158142,
            "p99": 3.399999976158142
          },
          "rapier": {
            "count": 7200,
            "p50": 0.10000002384185791,
            "p95": 0.20000004768371582,
            "p99": 0.2999999523162842
          }
        },
        {
          "frame": {
            "count": 17280,
            "p50": 6.900000002235174,
            "p95": 7,
            "p99": 7.100000001490116
          },
          "work": {
            "count": 17280,
            "p50": 1,
            "p95": 2.899999976158142,
            "p99": 3.5999999046325684
          },
          "tick": {
            "count": 7200,
            "p50": 1.7000000476837158,
            "p95": 2.399999976158142,
            "p99": 3.299999952316284
          },
          "rapier": {
            "count": 7200,
            "p50": 0.10000002384185791,
            "p95": 0.20000004768371582,
            "p99": 0.20000004768371582
          }
        },
        {
          "frame": {
            "count": 17280,
            "p50": 6.900000002235174,
            "p95": 7,
            "p99": 7.100000001490116
          },
          "work": {
            "count": 17280,
            "p50": 1,
            "p95": 2.899999976158142,
            "p99": 3.6999999284744263
          },
          "tick": {
            "count": 7200,
            "p50": 1.7000000476837158,
            "p95": 2.399999976158142,
            "p99": 3.399999976158142
          },
          "rapier": {
            "count": 7200,
            "p50": 0.10000002384185791,
            "p95": 0.20000004768371582,
            "p99": 0.20000004768371582
          }
        },
        {
          "frame": {
            "count": 17280,
            "p50": 6.900000002235174,
            "p95": 7,
            "p99": 7.100000001490116
          },
          "work": {
            "count": 17280,
            "p50": 1.100000023841858,
            "p95": 3,
            "p99": 3.6999999284744263
          },
          "tick": {
            "count": 7200,
            "p50": 1.7999999523162842,
            "p95": 2.399999976158142,
            "p99": 3.299999952316284
          },
          "rapier": {
            "count": 7200,
            "p50": 0.10000002384185791,
            "p95": 0.20000004768371582,
            "p99": 0.2999999523162842
          }
        },
        {
          "frame": {
            "count": 17280,
            "p50": 6.900000002235174,
            "p95": 7,
            "p99": 7.100000001490116
          },
          "work": {
            "count": 17280,
            "p50": 1,
            "p95": 2.899999976158142,
            "p99": 3.8000000715255737
          },
          "tick": {
            "count": 7200,
            "p50": 1.7000000476837158,
            "p95": 2.399999976158142,
            "p99": 3.5
          },
          "rapier": {
            "count": 7200,
            "p50": 0.10000002384185791,
            "p95": 0.20000004768371582,
            "p99": 0.2999999523162842
          }
        },
        {
          "frame": {
            "count": 17280,
            "p50": 6.900000002235174,
            "p95": 7,
            "p99": 7.100000001490116
          },
          "work": {
            "count": 17280,
            "p50": 1,
            "p95": 2.9000000953674316,
            "p99": 3.799999952316284
          },
          "tick": {
            "count": 7200,
            "p50": 1.7999999523162842,
            "p95": 2.399999976158142,
            "p99": 3.5
          },
          "rapier": {
            "count": 7200,
            "p50": 0.10000002384185791,
            "p95": 0.20000004768371582,
            "p99": 0.2999999523162842
          }
        }
      ],
      "violations": {
        "frame": 0,
        "work": 0,
        "memory": 1,
        "observerFrameReference": 0,
        "observerFrameCurrent": 0,
        "observerWorkReference": 0,
        "observerWorkCurrent": 0
      },
      "trackedMemoryPairs": 5,
      "memoryDisposition": "TRACKED_NONSTANDARD_HEAP_ONLY",
      "limits": "Historical match collected after production/common029; original native andshort gates independent. Trackedbrowserheap precision explicitlylimited; GPUtimer uncollected, no exactWASM/wholegame/laptop/training claim."
    }
  ]
}

STDERR
