(node:93252) ExperimentalWarning: stripTypeScriptTypes is an experimental feature and might change at any time
(Use `node --trace-warnings ...` to show where the warning was created)
{"count":70,"pair":0,"observer":false}
{"count":70,"pair":0,"observer":true,"p95":3.323699999999917}
{"count":70,"pair":1,"observer":true,"p95":3.1908999999996013}
{"count":70,"pair":1,"observer":false}
{"count":70,"pair":2,"observer":false}
{"count":70,"pair":2,"observer":true,"p95":3.224900000001071}
{"count":70,"pair":3,"observer":true,"p95":3.4157999999988533}
{"count":70,"pair":3,"observer":false}
{"count":70,"pair":4,"observer":false}
{"count":70,"pair":4,"observer":true,"p95":3.1538000000000466}
{"count":110,"pair":0,"observer":false}
{"count":110,"pair":0,"observer":true,"p95":4.314800000000105}
{"count":110,"pair":1,"observer":true,"p95":4.3299000000006345}
{"count":110,"pair":1,"observer":false}
{"count":110,"pair":2,"observer":false}
{"count":110,"pair":2,"observer":true,"p95":4.3409000000028755}
{"count":110,"pair":3,"observer":true,"p95":4.4112999999997555}
{"count":110,"pair":3,"observer":false}
{"count":110,"pair":4,"observer":false}
{"count":110,"pair":4,"observer":true,"p95":4.329499999999825}
{"status":"PASS","sourceHash":"7c924b944e50bf941b736fe441504d85c887084b5e0e3b86ea5da8b08c97f683","runs":20,"parity":6,"handoff":4,"rejections":2,"expiry":2}
