npm warn Unknown env config "msvs-version". This will stop working in the next major version of npm. See `npm help npmrc` for supported config options.

> self-driving-academy@0.1.0 check
> npm run typecheck && npm run lint && npm run format:check && npm run check:architecture && npm test

npm warn Unknown env config "msvs-version". This will stop working in the next major version of npm. See `npm help npmrc` for supported config options.

> self-driving-academy@0.1.0 typecheck
> tsc --noEmit && tsc -p tsconfig.tests.json --noEmit

npm warn Unknown env config "msvs-version". This will stop working in the next major version of npm. See `npm help npmrc` for supported config options.

> self-driving-academy@0.1.0 lint
> eslint . --max-warnings 0

npm warn Unknown env config "msvs-version". This will stop working in the next major version of npm. See `npm help npmrc` for supported config options.

> self-driving-academy@0.1.0 format:check
> prettier --check "src/**/*.{ts,css}" "tests/**/*.ts" "tests/**/*.html" "scripts/**/*.mjs" "*.{json,js,html}"

Checking formatting...
All matched files use Prettier code style!
npm warn Unknown env config "msvs-version". This will stop working in the next major version of npm. See `npm help npmrc` for supported config options.

> self-driving-academy@0.1.0 check:architecture
> node scripts/verify-architecture.mjs

Architecture imports: PASS (111 TypeScript files)
Architecture negative probes: PASS (6 forbidden dependencies rejected)
Inspector exception negative probes: PASS (4 forbidden imports rejected)
Rapier adapter negative probes: PASS (3 forbidden imports rejected)
Renderer injection, readonly snapshots, defensive persistence and lifecycle: PASS
(node:73056) ExperimentalWarning: stripTypeScriptTypes is an experimental feature and might change at any time
(Use `node --trace-warnings ...` to show where the warning was created)
npm warn Unknown env config "msvs-version". This will stop working in the next major version of npm. See `npm help npmrc` for supported config options.

> self-driving-academy@0.1.0 test
> node --import ./scripts/register-typescript.mjs --test "tests/**/*.test.ts"

(node:79224) ExperimentalWarning: stripTypeScriptTypes is an experimental feature and might change at any time
(Use `node --trace-warnings ...` to show where the warning was created)
✔ ready and manual pause render without advancing ticks; resume excludes paused time (2.9333ms)
✔ visibility resumes only background pause; overload requires explicit recovery (1.0954ms)
✔ reload coalesces requests and never duplicates frames/listeners; errors and disposal release owners (0.3456ms)
✔ disposal during loading releases a late backend and never installs subscriptions (0.2622ms)
✔ initially hidden ready cannot start until foreground (0.8157ms)
✔ projection is frozen, presentation faults terminate, cleanup attempts every owner (0.5366ms)
✔ fixed-step faults and synchronous loader errors expose ERROR without retrying a step (0.4419ms)
(node:31992) ExperimentalWarning: stripTypeScriptTypes is an experimental feature and might change at any time
(Use `node --trace-warnings ...` to show where the warning was created)
✔ loss captures the same authoritative tick/body after suspension, retries preserve immutable RAM (2.6482ms)
✔ twenty reload/resize cycles plateau, coalescing and old loss callback cannot recreate a session (2.5953ms)
✔ failure in resize reconstructs once; invalid capture disables stale checkpoint retry (0.6659ms)
✔ disposal during pending construction releases late candidate; no renderer resurrection (1.3697ms)
✔ GPU loss while factory is pending becomes retryable ERROR and candidate disposed (0.2977ms)
✔ RAM capture rejects accessors, nonfinite, cycles, sparse arrays and capacity without reading getters (0.6646ms)
✔ application keeps its simulation, tick, RAF and subscriptions across renderer failure/retry (1.7062ms)
(node:21820) ExperimentalWarning: stripTypeScriptTypes is an experimental feature and might change at any time
(Use `node --trace-warnings ...` to show where the warning was created)
✔ all six states and concurrent priorities have exact reason codes and owned transition snapshots (3.0575ms)
✔ absence, foreign, future/stale, discontinuous and incomplete source are blocked before any requested maneuver (1.2094ms)
✔ versioned parsers reject getters, exotic/sparse and oversized data without changing accepted owner state (1.1446ms)
✔ published044 projection keeps actual source age, used completeness and shared profile semantics without retaining geometry (27.2227ms)
✔ 219 invokes periodic decisions only in deterministic phases, urgent offphase reads fresh044, input/controller remain60Hz (145.084ms)
✔ authority change clears decision without allowing tick regression and does not commandeer MANUAL/LEARNING (0.5546ms)
✔ identity reuse, epoch resets and atomic capacity admission fence stale callbacks with bounded tombstones (1.1005ms)
✔ twenty full110actor lifecycle cycles retain only bounded current scalar projections and release all ownership (32.023ms)
✔ 1024 protected epoch identities refuse new IDs atomically without tombstone eviction (3.1765ms)
(node:72392) ExperimentalWarning: stripTypeScriptTypes is an experimental feature and might change at any time
(Use `node --trace-warnings ...` to show where the warning was created)
✔ 049 preproduction reference uses actual033 directed geometry and explicit separate speed fixture (87.8884ms)
(node:46188) ExperimentalWarning: stripTypeScriptTypes is an experimental feature and might change at any time
(Use `node --trace-warnings ...` to show where the warning was created)
✔ 049 compiled routes use actual033 directedlane/TURN authored points and refuse fabricated tokens/gaps (14.2443ms)
✔ 049 left/right TURN preserves all authored intermediate geometry rather than joining only lane endpoints (3.7345ms)
✔ 049 actual steering matches independent exhaustive geometry without actuation/timer/longitudinal fields (5.5834ms)
✔ 049 sharp/too-tight/grade geometry and closed256vertex admission are explicit rather than teleported (15.0534ms)
✔ 049 null/stale/discontinuous/future/height/heading/reverse observations and overspeed have explicit reasons (1.787ms)
✔ 049 posted speed/style and045 state only affect lateral control through explicit owner choices (2.7835ms)
✔ 049 authority/tick/mapversion/incarnation/epoch fences release routes without reopening old ticks (3.3877ms)
✔ 049 malformed/getter/sparse/reentrant boundaries reject before owner mutation (1.8194ms)
✔ 049110owner/256geometry/1024protectedidentity capacities are atomic and20lifecycles release strong ownership (103.7325ms)
✔ 049 descriptor snapshots prevent unsafe caller re-read and mutable-object cache/TOCTOU reuse (3.4271ms)
(node:25968) ExperimentalWarning: stripTypeScriptTypes is an experimental feature and might change at any time
(Use `node --trace-warnings ...` to show where the warning was created)
✔ normal/dense contexts match exhaustive IDs, lanes, leaders, signals and conflicts at real authoritative ticks (376.1932ms)
✔ lateral, opposite-direction and overpass vehicles never become false leaders (7.668ms)
✔ cached context keeps source tick; urgent signal refresh occurs before six-tick cadence without clock/event resampling (14.4033ms)
✔ frame admission is atomic, duplicate snapshots canonical, contradictory/stale signal snapshots rejected (18.7566ms)
✔ unknown intent, offroad intent and absent/incomplete signals remain unknown, while junction intent selects the concrete movement (15.2748ms)
✔ a concrete route with incompatible current lane or access never makes its signal applicable (22.5795ms)
✔ priority uses explicit038 policy and supplied SI distances; local or incomplete traffic never creates a global AVAILABLE gap (15.5399ms)
✔ missing policy is explicit unknown; supplied distances change instantaneous predictions without producing temporal evidence (8.2296ms)
✔ session, epoch, incarnation and removal fences prevent stale contexts from surviving reuse (21.4196ms)
✔ capacity checks preserve prior ownership and all admitted dense contexts fit the110-entry cache (25.0837ms)
✔ twenty reset/lifecycle cycles clear frame/index/cache/identity ownership; returned snapshots stay frozen (459.6884ms)
✔ hostile data and duplicates are rejected without invoking accessors or retaining partial frame state (9.4916ms)
✔ deep obstacle and polygon accessors and inherited array methods never execute during frame preparation (20.5655ms)
✔ obstacle/zone identities fence stale positions and removed incarnations; kinds remain stable within an epoch (34.1929ms)
✔ partial observation omissions preserve identities without creating removal tombstones (28.0304ms)
✔ per-epoch identity history has finite admission without dropping retained tombstones (201.638ms)
BJS - [05:24:20]: Babylon.js v9.29.0 - Null engine
(node:54704) ExperimentalWarning: stripTypeScriptTypes is an experimental feature and might change at any time
(Use `node --trace-warnings ...` to show where the warning was created)
✔ actual physical scheduling fixture preserves70controllers and can verify cleanup twice after native disposal (580.5126ms)
(node:98240) ExperimentalWarning: stripTypeScriptTypes is an experimental feature and might change at any time
(Use `node --trace-warnings ...` to show where the warning was created)
✔ VehicleCommand: JSON roundtrip, immutable defensive copy (3.064ms)
✔ VehicleCommand: rejects all nonfinite numeric leaves (1.3278ms)
✔ VehicleCommand: rejects unknown shape, extra/missing fields, unsupported versions (0.9182ms)
✔ VehicleState: JSON roundtrip, immutable defensive copy (0.4817ms)
✔ VehicleState: rejects all nonfinite numeric leaves (2.5171ms)
✔ VehicleState: rejects unknown shape, extra/missing fields, unsupported versions (1.564ms)
✔ Ride: JSON roundtrip, immutable defensive copy (0.4365ms)
✔ Ride: rejects all nonfinite numeric leaves (0.8497ms)
✔ Ride: rejects unknown shape, extra/missing fields, unsupported versions (0.8268ms)
✔ SimulationEvent: JSON roundtrip, immutable defensive copy (0.6355ms)
✔ SimulationEvent: rejects all nonfinite numeric leaves (0.5168ms)
✔ SimulationEvent: rejects unknown shape, extra/missing fields, unsupported versions (0.4425ms)
✔ InterventionSegment: JSON roundtrip, immutable defensive copy (1.3471ms)
✔ InterventionSegment: rejects all nonfinite numeric leaves (11.4671ms)
✔ InterventionSegment: rejects unknown shape, extra/missing fields, unsupported versions (1.2733ms)
✔ TelemetrySample: JSON roundtrip, immutable defensive copy (0.4945ms)
✔ TelemetrySample: rejects all nonfinite numeric leaves (6.3861ms)
✔ TelemetrySample: rejects unknown shape, extra/missing fields, unsupported versions (0.3906ms)
✔ DrivingProfile: JSON roundtrip, immutable defensive copy (0.7472ms)
✔ DrivingProfile: rejects all nonfinite numeric leaves (1.3081ms)
✔ DrivingProfile: rejects unknown shape, extra/missing fields, unsupported versions (0.6982ms)
✔ ParameterEvidence: JSON roundtrip, immutable defensive copy (0.1319ms)
✔ ParameterEvidence: rejects all nonfinite numeric leaves (0.3381ms)
✔ ParameterEvidence: rejects unknown shape, extra/missing fields, unsupported versions (0.38ms)
✔ unknown data never executes getters or coercion; inherited fields/symbols/sparse arrays rejected (0.533ms)
✔ vehicle normalized controls, tick identity, quaternion and enums (0.9723ms)
✔ ride terminal metadata and assignment chronology (0.4182ms)
✔ all event discriminants roundtrip with their specific validated payload (3.053ms)
✔ event payload discrimination, entity references and reset/activation chronology (1.2474ms)
✔ segments reject mode eligibility, mismatched world/vehicle/source, unordered ticks and partial closure (2.2438ms)
✔ profiles preserve unknown observations and reserved data without fabricated evidence (0.8481ms)
✔ current design catalog can be carried structurally without implementing its parameter registry (15.9828ms)
(node:73772) ExperimentalWarning: stripTypeScriptTypes is an experimental feature and might change at any time
(Use `node --trace-warnings ...` to show where the warning was created)
✔ composition publishes the exact COLLISION variant once for actual admitted step serials (7.3341ms)
✔ foreign session and epoch are rejected at constructor before any native step (1.3756ms)
✔ accepted listener errors are inspected with bounded diagnostics and never retried as effects (1.088ms)
✔ capacity failure keeps exact suffix and blocks newer physics before it advances (0.5576ms)
✔ publisher failure after acceptance retries stable duplicate identity without repeating effects (0.3277ms)
✔ listener removal/reuse discards later stale incidents and adapter reentry is fenced (0.4249ms)
✔ native serial and tick fences reject fake captures, duplicated physics and external advances (0.4899ms)
✔ real epoch reset restores new owner and disposal releases all episode/pending ownership (0.5126ms)
✔ prepared admission is idempotent and cannot relabel the physical tick (0.4187ms)
✔ pending publication cannot admit physics advanced by a listener (0.4836ms)
(node:48560) ExperimentalWarning: stripTypeScriptTypes is an experimental feature and might change at any time
(Use `node --trace-warnings ...` to show where the warning was created)
✔ duplicates and retries consume each identity once even after listeners fail (2.264ms)
✔ stable declared order, type filtering and publication order within tick (1.1707ms)
✔ unsubscribe is idempotent and immediate; subscribe during dispatch starts next event (0.367ms)
✔ rejects invalid, stale, foreign and late events without consuming capacity (1.4184ms)
✔ dedup is fail-closed at capacity; epoch invalidation rejects retired worlds (0.6373ms)
✔ reentrant publication and lifecycle changes fail before nested effects (0.7413ms)
✔ validated copies are immutable and owned; resources are capped and disposed (0.8047ms)
(node:82072) ExperimentalWarning: stripTypeScriptTypes is an experimental feature and might change at any time
(Use `node --trace-warnings ...` to show where the warning was created)
✔ 30/60 frame schedules preserve tick-addressed commands and duration over ten simulated minutes (355.4477ms)
✔ first frame anchors time; fractional boundaries produce previous/current interpolation (0.291ms)
✔ catchup executes at most four constant steps and retains the rest of debt (0.3134ms)
✔ overload pauses before steps; explicit recovery drains preserved debt without new wall time (0.4157ms)
✔ 250 ms threshold is inclusive and a larger debt explicitly overloads (0.2198ms)
✔ manual and background pauses exclude stopped time and retain fractional debt (0.3636ms)
✔ pause accounts only the active interval to its boundary, and recovery can itself pause (0.5561ms)
✔ invalid or regressing clocks are rejected without poisoning clock or loop state (1.0382ms)
✔ snapshot ownership is defensive, nested immutable and safe after later steps/disposal (0.4335ms)
✔ step/capture/interpolate failures are explicit terminal faults and never retry an executed step (0.407ms)
✔ reentrant operations are rejected; uncaught reentrancy produces a fault (0.266ms)
✔ snapshot plain-tree boundary rejects accessors/cycles/exotic objects; null snapshots are valid (0.3145ms)
✔ initial tick keeps addressed identity while elapsed simulated time starts at zero (0.1923ms)
(node:24716) ExperimentalWarning: stripTypeScriptTypes is an experimental feature and might change at any time
(Use `node --trace-warnings ...` to show where the warning was created)
✔ five-repeat medians/ranges preserve paired negative observer deltas and counters (6.5563ms)
✔ unsupported/pending GPU remains null; partial availability reports actual repetitions (1.5543ms)
✔ rejects smoke, interrupted protocol, invalid dimensions and lost focus (15.004ms)
✔ rejects missing/duplicate pairs and inconsistent/nonfinite sample statistics (1.832ms)
✔ rejects hardware/profile/build/digest inconsistency and wrong phase attribution (2.955ms)
✔ phase wall delta does not invalidate a full RAF duration when callback latencies differ (0.4453ms)
✔ explicit-path CLI emits one compact JSON record, rejects invalid input, and never rewrites evidence (571.7493ms)
(node:36792) ExperimentalWarning: stripTypeScriptTypes is an experimental feature and might change at any time
(Use `node --trace-warnings ...` to show where the warning was created)
✔ nearest rank percentiles, histogram and strict budget on known data (1.4262ms)
✔ collector caps allocations, reports overflow and rejects lifecycle misuse (1.4204ms)
✔ disabled collector allocates no sample buffers and unavailable APIs never become zero (0.2357ms)
✔ reports require five complete pairs, own metadata, preserve missing data and reject nonfinite values (3.664ms)
✔ hardware baseline rejects short durations, overflow and missing pair identity (0.8851ms)
(node:66804) ExperimentalWarning: stripTypeScriptTypes is an experimental feature and might change at any time
(Use `node --trace-warnings ...` to show where the warning was created)
✔ headless: advances 12 ticks and captures states/events without renderer (2.5394ms)
✔ zero ticks captures initial state and validates seed/tick boundaries (0.7068ms)
✔ capture owns copies even when an adapter reuses mutable state and events (1.4465ms)
✔ scenario oracle rejects corrupted state and event evidence (0.4149ms)
(node:33236) ExperimentalWarning: stripTypeScriptTypes is an experimental feature and might change at any time
(Use `node --trace-warnings ...` to show where the warning was created)
✔ versioned identity and RNG golden vectors fix encoding and algorithm (3.1526ms)
✔ IDs preserve boundaries, namespace, kind and exact Unicode code units (0.3345ms)
✔ inserted events and reversed evaluation preserve addressed opportunity samples (0.9134ms)
✔ seed scopes and sample purpose/index distinguish fixed fixtures (0.2654ms)
✔ JSON restart reproduces samples from version, seed, purpose and index only (0.3293ms)
✔ unit samples are exact uint32 fractions in the half-open unit interval (16.0839ms)
✔ unknown invalid inputs fail without coercion or accessor execution (1.9081ms)
(node:102524) ExperimentalWarning: stripTypeScriptTypes is an experimental feature and might change at any time
(Use `node --trace-warnings ...` to show where the warning was created)
✔ 066 preproduction schedule exercises all modes and explicit coherent published024 handoff (1.7981ms)
(node:84836) ExperimentalWarning: stripTypeScriptTypes is an experimental feature and might change at any time
(Use `node --trace-warnings ...` to show where the warning was created)
✔ 066 simultaneous transfer is order independent and old input never retargets (6.0092ms)
✔ 066 same-body MANUAL/LEARNING preserves filter and release clears after accepted state (0.6885ms)
✔ 066 whole malformed batches reject without physical/tick/filter effects and same tick retries (1.2003ms)
✔ 066 callback failure records accepted physical state and is terminal, including reentrant guard (1.2899ms)
✔ 066 stale native replacement and registration refusal do not silently recreate owner entities (0.5672ms)
✔ 066 suspension does not advance physical tick and ownership disposal releases only own references (0.4314ms)
✔ 066 20 lifecycle cycles enforce 110 retained tokens, atomic capacity, and zero owner history (48.5744ms)
✔ 066 descriptor snapshots reject symbols/accessors and proxy-triggered reentry without effects (0.4791ms)
✔ 066 player removal callback fault reports registration acceptance without claiming a new physical tick (0.2868ms)
✔ 066 actuation fault is terminal and distinguishes unaccepted full physical tick from rollback (0.5658ms)
(node:59748) ExperimentalWarning: stripTypeScriptTypes is an experimental feature and might change at any time
(Use `node --trace-warnings ...` to show where the warning was created)
✔ DOM press hold/repeat/release are bounded and raw keys mapW/S/A/D/Space (1.9931ms)
✔ blur visibility editable/modal/disabled state flushes keys; repeats never restore lostinput (0.6312ms)
✔ modifiers and composition do not consume editable keyboardshortcuts or leave throttle active (0.5867ms)
✔ twenty binding/filter ownershipcycles release sixlisteners and retain noinputframes (2.6752ms)
(node:18928) ExperimentalWarning: stripTypeScriptTypes is an experimental feature and might change at any time
(Use `node --trace-warnings ...` to show where the warning was created)
✔ 067 reference exercises all six edges repeatedly without production adapter (1.2577ms)
(node:62524) ExperimentalWarning: stripTypeScriptTypes is an experimental feature and might change at any time
(Use `node --trace-warnings ...` to show where the warning was created)
✔ 067 all six edges use actual066 acceptance, with no optimistic projection (7.1799ms)
✔ 067 burst folds, event-time identity cannot retarget, conflict and capacity reject whole burst (2.5537ms)
✔ 067 malformed physical batch retains exact ticket for same-tick retry, foreign tickets rejected (0.9851ms)
✔ 067 physical accepted callback fault cannot be hidden by failed eligibility (0.8155ms)
✔ 067 eligibility current explicit facts only; stale, malformed and throwing ports become unavailable (0.9778ms)
✔ 067 invalid times, stale native identity, expiry, suspension and lifecycle clear are bounded (3.3279ms)
✔ 067 reentrant informational callback cannot mutate physical ticket or hide state (0.5227ms)
✔ 067 disposed authority and stale/throwing selection still publish terminal actual tick (0.4569ms)
✔ 067 ports are descriptor snapshots, accessors and symbols never execute, reset releases old lifecycle (0.6991ms)
✔ 067 failed actuation publishes prior accepted tick rather than candidate mode or attempted tick (0.7203ms)
(node:3212) ExperimentalWarning: stripTypeScriptTypes is an experimental feature and might change at any time
(Use `node --trace-warnings ...` to show where the warning was created)
✔ 067 keyboard down/up suppresses repeats and duplicate keydowns with two held codes (4.4857ms)
✔ 067 focus editable modal pause composition and shortcuts cannot enqueue transitions (0.8566ms)
✔ 067 standalone own modifiers allowed; other combinations rejected and remap is atomic (1.6298ms)
✔ 067 keyboard synchronous callbacks and reentry reject malformed ports, disposal releases listeners (3.3623ms)
(node:3432) ExperimentalWarning: stripTypeScriptTypes is an experimental feature and might change at any time
(Use `node --trace-warnings ...` to show where the warning was created)
✔ 80 unique keys, 24 M targets; planned stages grant no capabilities (3.6618ms)
✔ every key validates default, inclusive bounds, canonical unit and finite range (8.0469ms)
✔ publication gate rejects LEARNED and manual tuning for all unsupported keys (19.7871ms)
✔ publication gate rejects unknown keys, wrong units and invalid ranges for all provenance (0.6498ms)
✔ publication retains structural evidence and provenance checks and roundtrip (0.4052ms)
✔ malformed catalog rejects schema, shape, duplicate/unknown keys and invalid definitions (10.7874ms)
✔ registry and parsed catalog are defensive immutable data (1.0991ms)
✔ generated runtime catalog is synchronized with canonical JSON (439.1686ms)
(node:13800) ExperimentalWarning: stripTypeScriptTypes is an experimental feature and might change at any time
(Use `node --trace-warnings ...` to show where the warning was created)
✔ GLB preflight accepts original embedded geometry and bounds decoded bytes (2.1011ms)
✔ GLB header and truncated JSON reject before Babylon resource creation (0.3292ms)
✔ embedded PNG size is admitted before decode and oversized dimensions reject (0.3765ms)
✔ geometry primitive vertex budget rejects before Babylon (0.2381ms)
(node:48344) ExperimentalWarning: stripTypeScriptTypes is an experimental feature and might change at any time
(Use `node --trace-warnings ...` to show where the warning was created)
✔ WebGPU preferred, scene owned, disposal exactly once in dependency order (1.872ms)
✔ unavailable or throwing support check uses only WebGL2 (0.3447ms)
✔ WebGL2 preference skips WebGPU support completely (0.168ms)
✔ init failure cleans engine before fallback on a distinct canvas (0.2083ms)
✔ scene failure reconstructs a new scene after disposing all tentative resources (0.2264ms)
✔ both fail with recoverable aggregate; cleanup exceptions do not stop engine/canvas release (0.653ms)
(node:15184) ExperimentalWarning: stripTypeScriptTypes is an experimental feature and might change at any time
(Use `node --trace-warnings ...` to show where the warning was created)
✔ fixed ring retains recent values, exact percentiles and bounded numeric bytes (1.8483ms)
✔ missing timers stay unavailable; fresh measured GPU zero remains valid (0.2601ms)
✔ disabled collector performs no admission and reenabling starts a fresh window (0.4134ms)
✔ counter projections are copied/frozen and invalid capacity/counters reject (0.295ms)
(node:41056) ExperimentalWarning: stripTypeScriptTypes is an experimental feature and might change at any time
(Use `node --trace-warnings ...` to show where the warning was created)
✔ error then retry, one frame/resize subscription, idempotent disposal (1.1992ms)
✔ concurrent retry is coalesced; dispose during pending initialization releases late backend (0.4655ms)
✔ render failure stops loop, cleans resources and exposes retry (0.4199ms)
✔ cleanup failures clear every owner and still permit retry (0.9289ms)
✔ synchronous factory failure does not poison the pending retry promise (0.257ms)
BJS - [05:24:20]: Babylon.js v9.29.0 - Null engine
BJS - [05:24:20]: Babylon.js v9.29.0 - Null engine
BJS - [05:24:20]: Babylon.js v9.29.0 - Null engine
BJS - [05:24:20]: Babylon.js v9.29.0 - Null engine
✔ explicit DPR caps/resolution scaling, immutable limits and invalid input rejection (1.3419ms)
✔ adaptive windows require GPU evidence, hysteresis/cooldown and manual override (2.1209ms)
✔ daylight quality switches preserve materials/signals/domain and release shadows without accumulation (62.0186ms)
✔ bounded caster registry and atomic quality validation (10.0331ms)
✔ removed active caster is refilled deterministically; foreign/disposed meshes rejected (10.052ms)
✔ automatic presentation port applies GPU downgrade and manual preferences stop it (1.9287ms)
(node:70440) ExperimentalWarning: stripTypeScriptTypes is an experimental feature and might change at any time
(Use `node --trace-warnings ...` to show where the warning was created)
BJS - [05:24:20]: Babylon.js v9.29.0 - Null engine
BJS - [05:24:20]: Babylon.js v9.29.0 - Null engine
BJS - [05:24:20]: Babylon.js v9.29.0 - Null engine
BJS - [05:24:20]: Babylon.js v9.29.0 - Null engine
✔ manifest rejects cumulative first-ride/decoder/GPU/shader budgets without confusing transfer with residency (3.9206ms)
✔ local LOD batches preserve picking after motion/removal/reorder, copy inputs and dispose owned resources (29.3338ms)
✔ two LOD hosts admit identity capacity atomically before changing any matrix/count (5.2947ms)
✔ LOD retains near detail when a large scaled source reaches the camera (3.7283ms)
✔ twenty static material lifecycle cycles plateau; capacity admission preserves existing batches (31.0425ms)
(node:53804) ExperimentalWarning: stripTypeScriptTypes is an experimental feature and might change at any time
(Use `node --trace-warnings ...` to show where the warning was created)
(node:19400) ExperimentalWarning: stripTypeScriptTypes is an experimental feature and might change at any time
(Use `node --trace-warnings ...` to show where the warning was created)
✔ known tick midpoint, endpoints, wheel continuous rotations and frozen authority (2.5467ms)
✔ fixed loop alpha drives render projection without altering the captured body (1.4569ms)
✔ shortest arc slerp of orientations and equivalent negative quaternion (0.818ms)
✔ missing, reset, reused, skipped and backwards snapshots snap to current (0.4035ms)
✔ alpha clamps, nonfinite snaps, invalid snapshot rejected before presentation (0.5797ms)
(node:50656) ExperimentalWarning: stripTypeScriptTypes is an experimental feature and might change at any time
(Use `node --trace-warnings ...` to show where the warning was created)
✔ visual boundary accepts readonly domain pose without changing it (1.2221ms)
✔ visual identity validates epochs at presentation boundary (0.2422ms)
(node:45904) ExperimentalWarning: stripTypeScriptTypes is an experimental feature and might change at any time
(Use `node --trace-warnings ...` to show where the warning was created)
✔ selection changes only camera, target identity is independent of authority (2.0747ms)
✔ damping is time-based, stable zero-motion and speed-dependent distance brakes inward (1.4008ms)
✔ driver eye is inside cabin and follows turn/roll exactly with adjustable FOV (1.016ms)
✔ look clamps and recenter, reuse resets visual damping and look (0.3699ms)
✔ expanded-AABB sphere sweep prevents thin-wall tunneling and corrects start penetration (0.4816ms)
✔ collision correction runs after damping and on motion path, fail-safe and invalid input (0.4767ms)
BJS - [05:24:20]: Babylon.js v9.29.0 - Null engine
BJS - [05:24:20]: Babylon.js v9.29.0 - Null engine
BJS - [05:24:21]: Babylon.js v9.29.0 - Null engine
BJS - [05:24:21]: Babylon.js v9.29.0 - Null engine
BJS - [05:24:21]: Babylon.js v9.29.0 - Null engine
BJS - [05:24:21]: Babylon.js v9.29.0 - Null engine
✔ nearest mesh/root and ordinary instance identities remain distinct; decor blocks (40.4574ms)
✔ thin batch maps real ray hit index, remaps atomically, and rejects stale count (7.4844ms)
✔ foreign/disposed objects, malformed IDs and capacity are rejected without destructive replacement (3.7791ms)
✔ optional013 resolver maps descendants while thin instances never inherit host identity (2.7113ms)
✔ native pointer scans are disabled and restored; disposed picker does not scan (0.969ms)
✔ input maps CSS to render pixels once; move is scan-free; modal/drag/cancel/UI/cleanup block clicks (6.0402ms)
✔ hover is explicit opt-in, disabled/modal state prevents scans (0.4059ms)
✔ hardware scaling and aggregate thin capacity retain correct identity (3.617ms)
(node:35328) ExperimentalWarning: stripTypeScriptTypes is an experimental feature and might change at any time
(Use `node --trace-warnings ...` to show where the warning was created)
(node:99416) ExperimentalWarning: stripTypeScriptTypes is an experimental feature and might change at any time
(Use `node --trace-warnings ...` to show where the warning was created)
✔ defaults and valid alternate settings round-trip as deeply frozen owned data (7.9961ms)
✔ all control sliders enforce finite UI domains, FOV degrees and version bounds (3.1477ms)
✔ binding conflicts, unknown actions and unsupported keys are rejected (0.6553ms)
✔ units, quality and launch configuration reject invalid or learned fields (2.265ms)
✔ data readers reject accessors and exotic objects without executing getters (0.6194ms)
✔ replacement is atomic, owns input copies and enforces player/control version (3.4004ms)
✔ reset restores settings independently and cannot touch profiles or progression (2.5004ms)
✔ revision exhaustion rejects reset without changing the snapshot (0.5217ms)
✔ quality and launch reset preserve control identity and stay independent of population (0.7014ms)
(node:49428) ExperimentalWarning: stripTypeScriptTypes is an experimental feature and might change at any time
(Use `node --trace-warnings ...` to show where the warning was created)
✔ cooperative synthetic route jobs match original exact path/blocked reference across all fixture lane pairs (17.2113ms)
(node:14112) ExperimentalWarning: stripTypeScriptTypes is an experimental feature and might change at any time
(Use `node --trace-warnings ...` to show where the warning was created)
✔ unscheduled before reference preserves exact authoritative trace across30/60/120synthetic render clocks (9.0638ms)
✔ before hitch pauses without a step, retains debt and recovers only real60Hzsteps capped at4 (1.1345ms)
✔ before background pause excludes stopped wall time; selection and blockage urgent callbacks bypass periodic slot (3.1368ms)
✔ actual044before fixture admits all70/110actors and source tick matches each fresh decision (245.97ms)
✔ synthetic route job consults actual directed successors and never returns a blocked destination (3.6281ms)
(node:66272) ExperimentalWarning: stripTypeScriptTypes is an experimental feature and might change at any time
(Use `node --trace-warnings ...` to show where the warning was created)
✔ stable entity phases retain10Hz counts across insertion order and30/60/120render clocks; physics/input remain identical (17.9155ms)
✔ urgent input runs immediately, coalesces due decisions, and publication urgency waits only next relevant physicaltick (0.702ms)
✔ decisionTick never restamps latest committed044context sourceTick; urgent input is independent of source age (77.3648ms)
✔ adversarial same-phase identities are all processed, while every offcamera actor receives all controllers (1.5658ms)
✔ real008hitch/background debt, max4steps and explicit overload are preserved by scheduler composition (1.0184ms)
✔ pending028publication admission refusal faults before input/control/physics and cannot commit a nominal noop tick (1.2161ms)
✔ invalid/staleclock admission preserves state; callback/async/reentrant errors are terminal without retry (0.9822ms)
✔ actor scheduleridentity ownership fences staleincarnations/removal/epoch callbacks and urgentreuse (0.5053ms)
✔ finiteactor and1024ledger admission never truncates; hostile getters/densearray prototypes are rejected atomically (10.2164ms)
✔ routework admission is finite, priority deterministic, at most4cooperative slices and1residenttask per tick (1.5462ms)
✔ routecache uses graph/cost/access/origin/destination; blocked results reuse only matching versions (0.7803ms)
✔ a cached different target cannot bypass an actor pending route (0.9271ms)
✔ malformed factory tasks clean valid own disposal once without reading accessors (0.7349ms)
✔ deduplicated route urgency promotes waiting normal work; injected object methods preserve their receiver (0.4074ms)
✔ pendingroutecapacity/cancel/expiry and actorremoval cleanup retain explicit terminal outcomes without stalepublish (4.0131ms)
✔ routepath/source validation and taskfailure are terminal; task cleanup is attempted once at lifecycle boundary (0.4666ms)
✔ 64entryroutecache evicts deterministically and reset/dispose20cycles clear all owned queues/cache/ledger (6.4849ms)
(node:36408) ExperimentalWarning: stripTypeScriptTypes is an experimental feature and might change at any time
(Use `node --trace-warnings ...` to show where the warning was created)
✔ 067 HUD actual text symbol subject and independent eligibility, never optimistic on click (3.1291ms)
✔ 067 HUD throttle never allows paused faulted or missing-subject clicks before refresh (0.7694ms)
✔ 067 HUD guards malformed getter eligibility and stale accepted ticks; atomic remap and bounded lifecycle (1.327ms)
✔ 067 aria shortcuts use key names while visible labels retain physical remapped codes (0.3475ms)
(node:74888) ExperimentalWarning: stripTypeScriptTypes is an experimental feature and might change at any time
(Use `node --trace-warnings ...` to show where the warning was created)
✔ opaque fractional/subnormal handles are fenced by exact registration, without tombstones (2.086ms)
✔ admission caps subscriptions and active entities before registration (1.7621ms)
✔ old unsubscribe never decrements subscriptions belonging to a reused entity (0.1791ms)
✔ dispatch rejects stale ticks, removal/recreation and reentrant newer publication (0.3044ms)
✔ conversions copy SI values and quaternion exactly; invalid quaternion is rejected (0.2764ms)
✔ same-tick reentrant publication delivers only the fresh state to later callbacks (0.2098ms)
(node:80564) ExperimentalWarning: stripTypeScriptTypes is an experimental feature and might change at any time
(Use `node --trace-warnings ...` to show where the warning was created)
✔ contact array permutations preserve canonical registration-pair delivery order (6.0448ms)
✔ canonical owned registrations fence copied tokens, handle/ID reuse and another world (1.0852ms)
✔ kind and ID admission reject before registration consumes a serial (0.5334ms)
✔ reversed pairs and multiple manifolds emit once with summed SI impulse and deterministic primary (0.4386ms)
✔ persistent contacts do not reemit after cooldown; separation recontact includes boundary (2.55ms)
✔ cooldown inclusive onset boundary and zero-tick cooldown still require separation (0.806ms)
✔ invalid contacts, accessor/prototype arrays and capacity overflow leave tick and episodes atomic (0.5572ms)
✔ publisher errors retain exact failed suffix and forbid new ticks until accepted-prefix retry (0.435ms)
✔ pending and separated-history caps each reject an entire update before state changes (0.4834ms)
✔ strict finite option admission and synchronous publisher contract reject malformed values (0.5759ms)
✔ separated cooldown history expires exactly at boundary before admitting a different pair (0.3746ms)
✔ consecutive snapshot admission rejects unobserved gaps without inventing contact continuity (0.3654ms)
✔ session namespace differentiates otherwise identical incident keys and admits bounded IDs upfront (1.2112ms)
✔ callback removal/reuse cancels stale pending; reentrant core mutation is fenced (0.4029ms)
✔ obstacle pairs ignored; epoch reset/new owner and disposal clear bounded state (0.3936ms)
(node:55496) ExperimentalWarning: stripTypeScriptTypes is an experimental feature and might change at any time
(Use `node --trace-warnings ...` to show where the warning was created)
✔ actual Rapier wall impact emits one positive SI impulse for the mapped episode (328.2138ms)
✔ actual Rapier cars impact emits one positive SI impulse for the mapped episode (52.0568ms)
✔ positive predictive gap with zero impulse beyond native resting tolerance produces no incident (7.2898ms)
✔ native sustained contact, controlled separation and recontact emit only qualifying episode onsets (53.2925ms)
✔ native ground, sensor and anonymous obstacle contacts have no invented mapped incidents (1.7545ms)
✔ named obstacle–obstacle physical contacts are excluded without a vehicle participant (0.6289ms)
✔ native removal/reuse maps exact collider identity and releases static/dynamic/controller ownership (23.3334ms)
✔ named identity and native shape admission reject without allocation or serial consumption (12.8546ms)
✔ vehicle input getters never execute and boundary reentrancy cannot retire a valid registration (1.8931ms)
(node:70496) ExperimentalWarning: stripTypeScriptTypes is an experimental feature and might change at any time
(Use `node --trace-warnings ...` to show where the warning was created)
✔ AUTO target realizes fresh commands for exactly six physical ticks and expires (3.6313ms)
✔ same-tick takeover ignores valid old AI, dominates throttle with brake, and PLAYER never holds (0.6323ms)
✔ authority transfers atomically between two PLAYER candidates (0.6009ms)
✔ malformed, duplicate, stale world/tick/token and oversized batches reject before all effects (0.807ms)
✔ proxy replacement during admission cannot command an ID-reused native body (0.6469ms)
✔ suspend flushes targets; readback is historical, resume starts neutral; reset is new owner (0.498ms)
✔ fault after actuation is terminal and is never retried or claimed rolled back (0.309ms)
✔ reentrant mutation from the actuation port is rejected (0.3292ms)
✔ native handbrake sets rear impulse caps and rejects malformed whole batch before setters (275.385ms)
✔ PLAYER 60Hz and AUTONOMY 10Hz realize identical actual Rapier trajectories for both classes (305.2208ms)
✔ twenty native ownership cycles retain at most 110 entries and release all 880 subscriptions (179.0564ms)
✔ rear handbrake reduces speed and distance from a repeatable moving start versus coast (23.2555ms)
✔ actual fixed-tick composition at 30/60/144 presentation Hz produces identical 60Hz commands and pose (81.4785ms)
(node:29448) ExperimentalWarning: stripTypeScriptTypes is an experimental feature and might change at any time
(Use `node --trace-warnings ...` to show where the warning was created)
✔ explicit direction intent preserves legacy schemas and rejects malformed extra fields/getters (6.1894ms)
✔ forward motion never gets reverse propulsion; full total-speed dwell precedes gear engagement (8.3149ms)
✔ interrupted dwell, opposite request, handbrake and service brake cannot smuggle a shift or force (0.6545ms)
✔ 027 keyboard preserves raw digital braking and isolates directional ramps from025 (2.4571ms)
✔ controller opt-in, whole-batch validation and suspend/authority reset guard direction state (349.8733ms)
✔ native heldS brakes, reverses only after dwell, and heldW symmetrically returns forward on both classes (115.5283ms)
✔ native rear handbrake changes a moving turn without changing mechanics or creating non-finite state (133.5983ms)
✔ bounded state survives20 full-capacity ownership cycles without stale-token or history retention (27.0198ms)
(node:105540) ExperimentalWarning: stripTypeScriptTypes is an experimental feature and might change at any time
(Use `node --trace-warnings ...` to show where the warning was created)
✔ legacy mapping remains readable and requires explicit immutable revision upgrade (3.1093ms)
✔ finite monotone slider rates have positive endpoints and bounded symmetric speed attenuation (1.3704ms)
✔ raw digital input and tick-filtered commands are distinct immutable snapshots (2.0941ms)
✔ opposed steering is neutral; raw W+S is retained while brake dominates command throttle (0.3776ms)
✔ focus clear discards held keys and ramp residuals immediately without stale repeat state (0.6021ms)
✔ invalid frame leaves tick and ramps unchanged and getters are never called (0.4771ms)
✔ preferences apply at exactly next tick, clear input and enforce revision and one pending snapshot (0.8437ms)
✔ high-speed envelope clamps existing steering and signed velocity is symmetric (0.5768ms)
✔ actual native keyboard composition produces identical commands/physics at30/60/144 render cadences (541.3204ms)
(node:10440) ExperimentalWarning: stripTypeScriptTypes is an experimental feature and might change at any time
(Use `node --trace-warnings ...` to show where the warning was created)
✔ real Rapier readback drives Babylon Matrix: translated +90Y, +Z becomes +X, velocity stays SI (106.0415ms)
✔ 20 full-capacity create/remove cycles release controllers, colliders, maps and callbacks (482.482ms)
✔ callback removes a body during dispatch and another world rejects its old token (1.2689ms)
✔ same-tick nested Rapier publication fences stale callbacks and later bodies in outer batch (0.6397ms)
(node:79108) ExperimentalWarning: stripTypeScriptTypes is an experimental feature and might change at any time
(Use `node --trace-warnings ...` to show where the warning was created)
✔ braking curves are speed squared, brake strength and grip dependent (390.7209ms)
✔ curb suspension, car collision transfer and CCD wall remain finite (72.4319ms)
✔ steering changes trajectory under low and high grip (24.6972ms)
✔ identical 60Hz physics at 30/60/144 render FPS, including settings (38.9814ms)
✔ many-contact fixture retains cars and simplified colliders outside camera (2371.2763ms)
✔ invalid batch is rejected before applying commands; caps prevent admission (1.3997ms)
(node:1624) ExperimentalWarning: stripTypeScriptTypes is an experimental feature and might change at any time
(Use `node --trace-warnings ...` to show where the warning was created)
✔ mechanical catalog is immutable/versioned and excluded from player preferences (1.4101ms)
✔ two actual Rapier classes differ in acceleration, braking and same-flat-scene turning (551.4534ms)
✔ Rapier native mass, wheel geometry and controls match classes including orientation and power caps (19.7063ms)
✔ 20 mixed-class lifecycle cycles preserve vehicle and subscription caps, remove/recreate cleanup (154.7702ms)
(node:51668) ExperimentalWarning: stripTypeScriptTypes is an experimental feature and might change at any time
(Use `node --trace-warnings ...` to show where the warning was created)
✔ global serial priority, cancel acknowledgement and restart publish once (7.3679ms)
✔ queue/bytes caps reject optional while protected capacity suspends without detachment (17.9213ms)
✔ pressure pending, idle resume, cancellation preserves exact protected evidence (1.5914ms)
✔ optional lease bounded history, errors and disposal release ownership (12.3188ms)
✔ deferred persistence ingress is separately bounded at a full execution queue (1.3873ms)
✔ operation identity distinct, completed durable proposals do not execute twice (3.9476ms)
✔ dispose during deferred retention preserves evidence and releases ingress reservations (61.3578ms)
✔ cancel during async protected completion retains evidence without recoverable result (1.8722ms)
✔ persistence failure never publishes, observer exceptions do not leak ownership (0.6799ms)
✔ dispose during async completion withdraws proposal while retaining evidence (1.1677ms)
(node:51668) ExperimentalWarning: stripTypeScriptTypes is an experimental feature and might change at any time
(Use `node --trace-warnings ...` to show where the warning was created)
✔ real worker transfer leaves live buffers attached and preempts between slices (164.8095ms)
(node:92216) ExperimentalWarning: stripTypeScriptTypes is an experimental feature and might change at any time
(Use `node --trace-warnings ...` to show where the warning was created)
✔ strict envelope validates identities, discriminants, bytes and controls (3.2116ms)
✔ late, duplicate, out-of-order and mismatched packets cannot publish (1.3241ms)
✔ cancel sends one control, late result remains cancelled; worker errors release capacity (1.4298ms)
✔ queue/history/bytes/age stay bounded and do not silently admit protected work (11.5941ms)
✔ runtime throttles progress at 5Hz and disposes task resources (10.7165ms)
(node:92216) ExperimentalWarning: stripTypeScriptTypes is an experimental feature and might change at any time
(Use `node --trace-warnings ...` to show where the warning was created)
✔ real worker yields to cancellation, runs next job, transfers buffers and handles task failure (170.3831ms)
ℹ {"cancelMs":9.661299999999983,"trackedJobs":0,"trackedBytes":0}
✔ cleanup and progress observer exceptions cannot block later jobs (11.52ms)
✔ runtime watermark rejects old replay after history eviction; byte cap rejects excessive queue (6.8381ms)
✔ parser rejects nonenumerable identities and fields without invoking getters (0.2608ms)
(node:68760) ExperimentalWarning: stripTypeScriptTypes is an experimental feature and might change at any time
(Use `node --trace-warnings ...` to show where the warning was created)
✔ swept traversal detects a zone and stop line even when both endpoints are outside (8.9333ms)
✔ empty, hidden, inactive or geometrically irrelevant pedestrians create no exposure (1.9476ms)
✔ obstacles have separate identities and do not count as pedestrian exposure (1.5607ms)
✔ stationary points, tangential travel and line departure do not duplicate a crossing (2.3141ms)
✔ concave polygons use their actual footprint rather than bounding boxes (2.0481ms)
✔ data is owned/frozen; observations remain bounded and input failures are explicit (1.8072ms)
✔ capacity retains every relevant observation and never truncates a last pedestrian (12.3312ms)
(node:67364) ExperimentalWarning: stripTypeScriptTypes is an experimental feature and might change at any time
(Use `node --trace-warnings ...` to show where the warning was created)
✔ cross separates perpendicular crossing from parallel opposing travel (13.5101ms)
✔ T crossing, shared entry, and separated turns produce different relations (4.6227ms)
✔ turn merges are explicit semantic conflicts and separated right turns remain compatible (3.4618ms)
✔ authored conflict zones remain independent from geometry and never imply priority (1.1063ms)
✔ stable identities symmetric queries, readonly snapshots and bounded retained state (7.2282ms)
✔ corridor width, tangency, collinear overlap and bridge height are explicit geometric semantics (0.2665ms)
✔ invalid data/options fail rather than silently dropping semantic conflicts (1.2248ms)
✔ geometry construction budget aborts explicitly on authored pathological paths (1091.2322ms)
✔ pair capacity rejects the whole map before quadratic geometry, never truncates conflicts (23.7044ms)
✔ shared authored geometry reuses immutable trajectories and zone arrays (1.0938ms)
(node:84848) ExperimentalWarning: stripTypeScriptTypes is an experimental feature and might change at any time
(Use `node --trace-warnings ...` to show where the warning was created)
✔ one-way topology never invents reverse edges or undeclared turns (9.8578ms)
✔ parallel neighbors and all edges respect source/destination access classes (2.4486ms)
✔ REVERSE reverses geometry, direction, progress and allowed successors (1.6883ms)
✔ current lane uses directed polyline projection/width/height and no meshes; off-graph remains null (2.0848ms)
✔ intersection gaps do not fabricate lanes from movement or visual geometry (0.8442ms)
✔ deterministic ambiguity ties ignore lane input order; heading disambiguates (12.2983ms)
✔ owned graph data/projections are frozen and unaffected by caller mutations (2.9671ms)
✔ unknown IDs return empty results; invalid queries/maps/classes fail before execution (1.7328ms)
✔ schema-size ring remains finite and loop-safe without recursive graph traversal (152.098ms)
✔ height and slope distinguish an overpass from overlapping planar geometry (2.6607ms)
✔ bounded index matches exhaustive projection and oversized geometry always uses complete fallback (12.28ms)
✔ spatial reference capacity falls back without dropping a permitted lane (24.2036ms)
(node:52948) ExperimentalWarning: stripTypeScriptTypes is an experimental feature and might change at any time
(Use `node --trace-warnings ...` to show where the warning was created)
✔ minimal semantic map is deterministic and deeply immutable (10.488ms)
✔ rejects duplicate geometry ID (1.5139ms)
✔ rejects duplicate semantic ID (0.8616ms)
✔ rejects dangling geometry node (0.7341ms)
✔ rejects dangling lane geometry (1.0384ms)
✔ rejects duplicate successor (3.2093ms)
✔ rejects dangling successor (0.9757ms)
✔ rejects self successor (0.8628ms)
✔ rejects direct continuation opposite endpoints (0.7972ms)
✔ rejects intersection directed endpoint outside footprint (0.6554ms)
✔ rejects intersection omitted membership (1.1323ms)
✔ rejects intersection dangling membership (0.5635ms)
✔ rejects movement missing successor (0.5141ms)
✔ rejects successor without movement (0.5072ms)
✔ rejects movement endpoint direction (0.6183ms)
✔ rejects movement incoming to incoming (0.4816ms)
✔ rejects dangling conflict zone (0.9422ms)
✔ rejects duplicate movement pair (0.5621ms)
✔ rejects neighbor dangling (0.6296ms)
✔ rejects neighbor self (0.6697ms)
✔ rejects neighbor not reciprocal (0.618ms)
✔ rejects signal dangling intersection (0.7981ms)
✔ rejects phase unknown movement (0.8839ms)
✔ rejects phase repeated assignment (0.6035ms)
✔ rejects phase incomplete (1.1151ms)
✔ rejects stop dangling lane (1.9176ms)
✔ rejects stop wrong anchor (0.9868ms)
✔ rejects stop signal absent (0.8852ms)
✔ rejects stop signal dangling (2.7978ms)
✔ rejects STOP missing intersection (1.033ms)
✔ rejects crosswalk wrong stop kind (0.7937ms)
✔ rejects crosswalk lane not covered (0.7331ms)
✔ rejects crosswalk orphan stop (0.7741ms)
✔ rejects service wrong anchor (0.8922ms)
✔ rejects service anchor outside area bbox (0.852ms)
✔ rejects service inaccessible class (0.8912ms)
✔ rejects service unreachable graph (0.9028ms)
✔ rejects recovery dangling node (0.9614ms)
✔ rejects recovery off lane (0.8396ms)
✔ rejects bounds reversed (1.5455ms)
✔ rejects position out of bounds (0.4184ms)
✔ rejects path zero length alias (0.4686ms)
✔ rejects area degenerate (0.6415ms)
✔ rejects width zero (0.4845ms)
✔ rejects access repeated (0.5355ms)
✔ signal programs permit separated movement phases and reject conflicting simultaneous greens (2.0126ms)
✔ class-specific connectivity ignores lanes inaccessible to that class (1.0123ms)
✔ neighbors require reciprocal links and compatible directed corridors (3.6324ms)
✔ errors carry offending ID, position and stable field path (3.1451ms)
✔ strict structure rejects hidden fields, accessors, prototypes, symbols and sparse arrays (1.487ms)
✔ all numeric fields reject nonfinite data and numeric strings (121.4985ms)
✔ array capacity rejects before graph traversal and finite cycles terminate deterministically (1.7424ms)
✔ input mutations after parsing and rejected validation never alter published data (1.3993ms)
✔ STOP regulation and reversed stored geometry remain valid when their semantic direction agrees (0.6126ms)
✔ signal phases reject foreign-intersection movements and simultaneous merges (2.7129ms)
✔ structural field errors retain a validated object ID without executing accessors (0.7427ms)
(node:80244) ExperimentalWarning: stripTypeScriptTypes is an experimental feature and might change at any time
(Use `node --trace-warnings ...` to show where the warning was created)
✔ strict exhaustive authored policy roundtrips JSON; reciprocal queries return the same rule (14.7533ms)
✔ T-junction policy uses only its authored geometric straight and turning conflicts (5.8721ms)
✔ priority policy rejects omissions, contradictory pairs, wrong map, foreign winners and compatible geometry (17.458ms)
✔ TTC uses metres/metres-per-second; stationary approach, occupying and cleared remain distinct (0.5734ms)
✔ absent/inactive/stationary-before-entry/cleared traffic never records refusal or yield (21.8335ms)
✔ eligible higher-priority traffic exposes blocked gap and one continuous hold records yield (9.159ms)
✔ geometric crossing with actual priority exposure is observed; available gap produces no refusal evidence (8.7593ms)
✔ EQUAL stays unresolved and never invents a universal right-side or yielding obligation (4.9424ms)
✔ unknown traffic coverage/distance/route and discontinuity fail closed rather than reporting a safe gap (16.8921ms)
✔ multiple opponents for one relation never duplicate the physical yield observation (7.356ms)
✔ cumulative movement invalidates hold even when each small step is below tolerance (5.2646ms)
✔ new incarnation/epoch never inherits evidence; bounded history and tombstones fail closed (5.606ms)
✔ malformed, duplicated, oversized and conflicting observations reject before history mutation (12.7989ms)
✔ active unobservable traffic masks known blocked pairs independently of actor ordering (10.3404ms)
✔ stationary at the conflict entry is occupying and cannot record a pre-entry yield (4.4862ms)
✔ a continuous sweep through full clearance retains actual occupied-priority crossing evidence (8.0307ms)
✔ simultaneous conflict pairs share one physical yield and changed exposure cannot inherit elapsed hold (16.2499ms)
(node:39536) ExperimentalWarning: stripTypeScriptTypes is an experimental feature and might change at any time
(Use `node --trace-warnings ...` to show where the warning was created)
✔ full cycles query only the selected movement and preserve exact tick boundaries (20.1833ms)
✔ phase state/events remain readonly and independent from caller map mutation (5.793ms)
✔ GREEN phase validates geometric conflict despite missing shared-zone authoring (5.5554ms)
✔ fixed-tick loop pause and resume do not advance signal phases in wall time (3.6889ms)
✔ listener failures are returned once, reentry rejected, and retry same tick does not duplicate events (4.4057ms)
✔ event transport capacity failure retains a bounded transition and never advances time silently (2.6689ms)
✔ phase event JSON decoding is defensive and rejects malformed or ambiguous states (5.9039ms)
✔ single immutable phase emits no false change; fractional duration quantizes upward deterministically (1.9707ms)
✔ stale world is rejected even for a duplicate controller tick (3.085ms)
✔ failed publication rejects signal queries until explicit retry/recovery (3.2382ms)
✔ multi-signal publication failure preserves accepted-prefix failures and retries only the remainder (5.4588ms)
(node:41820) ExperimentalWarning: stripTypeScriptTypes is an experimental feature and might change at any time
(Use `node --trace-warnings ...` to show where the warning was created)
✔ benchmark query identity sets match the brute oracle outside all timed measurements (837.096ms)
✔ normal/dense mutable query IDs match exhaustive geometry, including boundaries and overpasses (32.9311ms)
✔ sphere tangency, negative boundaries, height, kind and exact identity exclusion (0.6101ms)
✔ concave prism rejects bounding-box false positives and preserves vertical corner tangencies (0.4924ms)
✔ moves remove old cells, remove/recreate identity fences and invalid updates are atomic (0.7651ms)
✔ admission rejects before retained allocation; exhausted cell budgets use complete fallback (0.4203ms)
✔ all admitted dense-cell neighbors returned, independent of insertion order (1.9557ms)
✔ ownership snapshots frozen;20 reset/dispose cycles return bounded resources to zero (18.9234ms)
✔ invalid query and polygon data never mutate ownership (0.8896ms)
(node:55292) ExperimentalWarning: stripTypeScriptTypes is an experimental feature and might change at any time
(Use `node --trace-warnings ...` to show where the warning was created)
✔ full stop uses observed consecutive dwell; crossing is a separate idempotent bus event (16.8054ms)
✔ rolling stop, slow reported speed with drift, and no-brake passage never fabricate FULL_STOP (10.2818ms)
✔ line contact permits stationary stop; actual forward passage then emits crossing exactly once (2.3103ms)
✔ speed threshold, far upstream and wrong heading cannot create complete-stop evidence (10.5456ms)
✔ missing ticks, teleport, reverse crossing, height and finite line ends do not invent traversal (7.706ms)
✔ stale/conflicting ticks, context and nonfinite data reject without advancing history (1.3614ms)
✔ ID reuse cannot inherit stop evidence or admit a retired incarnation; real epoch resets history (2.0368ms)
✔ bounded history fails closed; frozen map geometry and transverse direction stay stable (2.4409ms)
✔ directed reverse geometry and consecutive STOP lines preserve distinct opportunities (3.6751ms)
✔ calibration/accessor boundaries and long valid identities remain safe (1.6743ms)
ℹ tests 487
ℹ suites 0
ℹ pass 487
ℹ fail 0
ℹ cancelled 0
ℹ skipped 0
ℹ todo 0
ℹ duration_ms 4281.2943
