npm warn Unknown env config "msvs-version". This will stop working in the next major version of npm. See `npm help npmrc` for supported config options.

> self-driving-academy@0.1.0 check
> npm run typecheck && npm run lint && npm run format:check && npm run check:architecture && npm test

npm warn Unknown env config "msvs-version". This will stop working in the next major version of npm. See `npm help npmrc` for supported config options.

> self-driving-academy@0.1.0 typecheck
> tsc --noEmit && tsc -p tsconfig.tests.json --noEmit

npm warn Unknown env config "msvs-version". This will stop working in the next major version of npm. See `npm help npmrc` for supported config options.

> self-driving-academy@0.1.0 lint
> eslint . --max-warnings 0

npm warn Unknown env config "msvs-version". This will stop working in the next major version of npm. See `npm help npmrc` for supported config options.

> self-driving-academy@0.1.0 format:check
> prettier --check "src/**/*.{ts,css}" "tests/**/*.ts" "tests/**/*.html" "scripts/**/*.mjs" "*.{json,js,html}"

Checking formatting...
All matched files use Prettier code style!
npm warn Unknown env config "msvs-version". This will stop working in the next major version of npm. See `npm help npmrc` for supported config options.

> self-driving-academy@0.1.0 check:architecture
> node scripts/verify-architecture.mjs

Architecture imports: PASS (111 TypeScript files)
Architecture negative probes: PASS (6 forbidden dependencies rejected)
Inspector exception negative probes: PASS (4 forbidden imports rejected)
Rapier adapter negative probes: PASS (3 forbidden imports rejected)
Renderer injection, readonly snapshots, defensive persistence and lifecycle: PASS
(node:11968) ExperimentalWarning: stripTypeScriptTypes is an experimental feature and might change at any time
(Use `node --trace-warnings ...` to show where the warning was created)
npm warn Unknown env config "msvs-version". This will stop working in the next major version of npm. See `npm help npmrc` for supported config options.

> self-driving-academy@0.1.0 test
> node --import ./scripts/register-typescript.mjs --test "tests/**/*.test.ts"

(node:100708) ExperimentalWarning: stripTypeScriptTypes is an experimental feature and might change at any time
(Use `node --trace-warnings ...` to show where the warning was created)
✔ ready and manual pause render without advancing ticks; resume excludes paused time (2.2026ms)
✔ visibility resumes only background pause; overload requires explicit recovery (0.9719ms)
✔ reload coalesces requests and never duplicates frames/listeners; errors and disposal release owners (0.3465ms)
✔ disposal during loading releases a late backend and never installs subscriptions (0.2682ms)
✔ initially hidden ready cannot start until foreground (1.2624ms)
✔ projection is frozen, presentation faults terminate, cleanup attempts every owner (0.5465ms)
✔ fixed-step faults and synchronous loader errors expose ERROR without retrying a step (0.3902ms)
(node:30864) ExperimentalWarning: stripTypeScriptTypes is an experimental feature and might change at any time
(Use `node --trace-warnings ...` to show where the warning was created)
✔ loss captures the same authoritative tick/body after suspension, retries preserve immutable RAM (3.514ms)
✔ twenty reload/resize cycles plateau, coalescing and old loss callback cannot recreate a session (2.2505ms)
✔ failure in resize reconstructs once; invalid capture disables stale checkpoint retry (0.3132ms)
✔ disposal during pending construction releases late candidate; no renderer resurrection (0.2429ms)
✔ GPU loss while factory is pending becomes retryable ERROR and candidate disposed (0.1982ms)
✔ RAM capture rejects accessors, nonfinite, cycles, sparse arrays and capacity without reading getters (0.5815ms)
✔ application keeps its simulation, tick, RAF and subscriptions across renderer failure/retry (1.8217ms)
(node:35268) ExperimentalWarning: stripTypeScriptTypes is an experimental feature and might change at any time
(Use `node --trace-warnings ...` to show where the warning was created)
✔ all six states and concurrent priorities have exact reason codes and owned transition snapshots (2.41ms)
✔ absence, foreign, future/stale, discontinuous and incomplete source are blocked before any requested maneuver (1.1548ms)
✔ versioned parsers reject getters, exotic/sparse and oversized data without changing accepted owner state (1.0162ms)
✔ published044 projection keeps actual source age, used completeness and shared profile semantics without retaining geometry (26.3093ms)
✔ 219 invokes periodic decisions only in deterministic phases, urgent offphase reads fresh044, input/controller remain60Hz (150.6166ms)
✔ authority change clears decision without allowing tick regression and does not commandeer MANUAL/LEARNING (0.4132ms)
✔ identity reuse, epoch resets and atomic capacity admission fence stale callbacks with bounded tombstones (0.5707ms)
✔ twenty full110actor lifecycle cycles retain only bounded current scalar projections and release all ownership (30.1475ms)
✔ 1024 protected epoch identities refuse new IDs atomically without tombstone eviction (3.0577ms)
(node:89588) ExperimentalWarning: stripTypeScriptTypes is an experimental feature and might change at any time
(Use `node --trace-warnings ...` to show where the warning was created)
✔ 049 preproduction reference uses actual033 directed geometry and explicit separate speed fixture (69.4692ms)
(node:43876) ExperimentalWarning: stripTypeScriptTypes is an experimental feature and might change at any time
(Use `node --trace-warnings ...` to show where the warning was created)
✔ 049 compiled routes use actual033 directedlane/TURN authored points and refuse fabricated tokens/gaps (19.8055ms)
✔ 049 left/right TURN preserves all authored intermediate geometry rather than joining only lane endpoints (5.287ms)
✔ 049 actual steering matches independent exhaustive geometry without actuation/timer/longitudinal fields (5.1618ms)
✔ 049 sharp/too-tight/grade geometry and closed256vertex admission are explicit rather than teleported (16.3528ms)
✔ 049 null/stale/discontinuous/future/height/heading/reverse observations and overspeed have explicit reasons (1.9323ms)
✔ 049 posted speed/style and045 state only affect lateral control through explicit owner choices (3.3652ms)
✔ 049 authority/tick/mapversion/incarnation/epoch fences release routes without reopening old ticks (3.3663ms)
✔ 049 malformed/getter/sparse/reentrant boundaries reject before owner mutation (3.486ms)
✔ 049110owner/256geometry/1024protectedidentity capacities are atomic and20lifecycles release strong ownership (102.5424ms)
✔ 049 descriptor snapshots prevent unsafe caller re-read and mutable-object cache/TOCTOU reuse (2.5084ms)
(node:47452) ExperimentalWarning: stripTypeScriptTypes is an experimental feature and might change at any time
(Use `node --trace-warnings ...` to show where the warning was created)
✔ normal/dense contexts match exhaustive IDs, lanes, leaders, signals and conflicts at real authoritative ticks (375.8075ms)
✔ lateral, opposite-direction and overpass vehicles never become false leaders (4.121ms)
✔ cached context keeps source tick; urgent signal refresh occurs before six-tick cadence without clock/event resampling (11.8523ms)
✔ frame admission is atomic, duplicate snapshots canonical, contradictory/stale signal snapshots rejected (15.1174ms)
✔ unknown intent, offroad intent and absent/incomplete signals remain unknown, while junction intent selects the concrete movement (13.0238ms)
✔ a concrete route with incompatible current lane or access never makes its signal applicable (19.1351ms)
✔ priority uses explicit038 policy and supplied SI distances; local or incomplete traffic never creates a global AVAILABLE gap (15.5563ms)
✔ missing policy is explicit unknown; supplied distances change instantaneous predictions without producing temporal evidence (9.8566ms)
✔ session, epoch, incarnation and removal fences prevent stale contexts from surviving reuse (27.032ms)
✔ capacity checks preserve prior ownership and all admitted dense contexts fit the110-entry cache (26.8134ms)
✔ twenty reset/lifecycle cycles clear frame/index/cache/identity ownership; returned snapshots stay frozen (446.7789ms)
✔ hostile data and duplicates are rejected without invoking accessors or retaining partial frame state (14.8093ms)
✔ deep obstacle and polygon accessors and inherited array methods never execute during frame preparation (23.7729ms)
✔ obstacle/zone identities fence stale positions and removed incarnations; kinds remain stable within an epoch (36.4287ms)
✔ partial observation omissions preserve identities without creating removal tombstones (16.2368ms)
✔ per-epoch identity history has finite admission without dropping retained tombstones (355.231ms)
BJS - [05:27:39]: Babylon.js v9.29.0 - Null engine
(node:98052) ExperimentalWarning: stripTypeScriptTypes is an experimental feature and might change at any time
(Use `node --trace-warnings ...` to show where the warning was created)
✔ actual physical scheduling fixture preserves70controllers and can verify cleanup twice after native disposal (529.641ms)
(node:39964) ExperimentalWarning: stripTypeScriptTypes is an experimental feature and might change at any time
(Use `node --trace-warnings ...` to show where the warning was created)
✔ VehicleCommand: JSON roundtrip, immutable defensive copy (2.7027ms)
✔ VehicleCommand: rejects all nonfinite numeric leaves (1.7291ms)
✔ VehicleCommand: rejects unknown shape, extra/missing fields, unsupported versions (0.9273ms)
✔ VehicleState: JSON roundtrip, immutable defensive copy (0.5351ms)
✔ VehicleState: rejects all nonfinite numeric leaves (2.5345ms)
✔ VehicleState: rejects unknown shape, extra/missing fields, unsupported versions (0.6299ms)
✔ Ride: JSON roundtrip, immutable defensive copy (0.4879ms)
✔ Ride: rejects all nonfinite numeric leaves (1.0473ms)
✔ Ride: rejects unknown shape, extra/missing fields, unsupported versions (1.4774ms)
✔ SimulationEvent: JSON roundtrip, immutable defensive copy (1.0963ms)
✔ SimulationEvent: rejects all nonfinite numeric leaves (4.3924ms)
✔ SimulationEvent: rejects unknown shape, extra/missing fields, unsupported versions (0.5903ms)
✔ InterventionSegment: JSON roundtrip, immutable defensive copy (1.3337ms)
✔ InterventionSegment: rejects all nonfinite numeric leaves (11.9215ms)
✔ InterventionSegment: rejects unknown shape, extra/missing fields, unsupported versions (0.9859ms)
✔ TelemetrySample: JSON roundtrip, immutable defensive copy (0.3826ms)
✔ TelemetrySample: rejects all nonfinite numeric leaves (4.5185ms)
✔ TelemetrySample: rejects unknown shape, extra/missing fields, unsupported versions (0.4521ms)
✔ DrivingProfile: JSON roundtrip, immutable defensive copy (0.7867ms)
✔ DrivingProfile: rejects all nonfinite numeric leaves (0.8775ms)
✔ DrivingProfile: rejects unknown shape, extra/missing fields, unsupported versions (0.5219ms)
✔ ParameterEvidence: JSON roundtrip, immutable defensive copy (0.1136ms)
✔ ParameterEvidence: rejects all nonfinite numeric leaves (0.2821ms)
✔ ParameterEvidence: rejects unknown shape, extra/missing fields, unsupported versions (0.4123ms)
✔ unknown data never executes getters or coercion; inherited fields/symbols/sparse arrays rejected (0.5343ms)
✔ vehicle normalized controls, tick identity, quaternion and enums (0.858ms)
✔ ride terminal metadata and assignment chronology (0.3384ms)
✔ all event discriminants roundtrip with their specific validated payload (1.979ms)
✔ event payload discrimination, entity references and reset/activation chronology (0.4182ms)
✔ segments reject mode eligibility, mismatched world/vehicle/source, unordered ticks and partial closure (1.1541ms)
✔ profiles preserve unknown observations and reserved data without fabricated evidence (0.7535ms)
✔ current design catalog can be carried structurally without implementing its parameter registry (2.2795ms)
(node:29464) ExperimentalWarning: stripTypeScriptTypes is an experimental feature and might change at any time
(Use `node --trace-warnings ...` to show where the warning was created)
✔ composition publishes the exact COLLISION variant once for actual admitted step serials (6.6544ms)
✔ foreign session and epoch are rejected at constructor before any native step (0.7619ms)
✔ accepted listener errors are inspected with bounded diagnostics and never retried as effects (1.1091ms)
✔ capacity failure keeps exact suffix and blocks newer physics before it advances (0.9832ms)
✔ publisher failure after acceptance retries stable duplicate identity without repeating effects (0.3492ms)
✔ listener removal/reuse discards later stale incidents and adapter reentry is fenced (0.3718ms)
✔ native serial and tick fences reject fake captures, duplicated physics and external advances (0.5682ms)
✔ real epoch reset restores new owner and disposal releases all episode/pending ownership (0.549ms)
✔ prepared admission is idempotent and cannot relabel the physical tick (0.426ms)
✔ pending publication cannot admit physics advanced by a listener (0.481ms)
(node:100356) ExperimentalWarning: stripTypeScriptTypes is an experimental feature and might change at any time
(Use `node --trace-warnings ...` to show where the warning was created)
✔ duplicates and retries consume each identity once even after listeners fail (2.1632ms)
✔ stable declared order, type filtering and publication order within tick (0.9633ms)
✔ unsubscribe is idempotent and immediate; subscribe during dispatch starts next event (0.4152ms)
✔ rejects invalid, stale, foreign and late events without consuming capacity (0.9856ms)
✔ dedup is fail-closed at capacity; epoch invalidation rejects retired worlds (0.4468ms)
✔ reentrant publication and lifecycle changes fail before nested effects (0.3554ms)
✔ validated copies are immutable and owned; resources are capped and disposed (0.5195ms)
(node:62480) ExperimentalWarning: stripTypeScriptTypes is an experimental feature and might change at any time
(Use `node --trace-warnings ...` to show where the warning was created)
✔ 30/60 frame schedules preserve tick-addressed commands and duration over ten simulated minutes (358.8825ms)
✔ first frame anchors time; fractional boundaries produce previous/current interpolation (0.2804ms)
✔ catchup executes at most four constant steps and retains the rest of debt (0.2583ms)
✔ overload pauses before steps; explicit recovery drains preserved debt without new wall time (0.5146ms)
✔ 250 ms threshold is inclusive and a larger debt explicitly overloads (0.2092ms)
✔ manual and background pauses exclude stopped time and retain fractional debt (0.3041ms)
✔ pause accounts only the active interval to its boundary, and recovery can itself pause (0.4657ms)
✔ invalid or regressing clocks are rejected without poisoning clock or loop state (1.0229ms)
✔ snapshot ownership is defensive, nested immutable and safe after later steps/disposal (0.6552ms)
✔ step/capture/interpolate failures are explicit terminal faults and never retry an executed step (0.8256ms)
✔ reentrant operations are rejected; uncaught reentrancy produces a fault (0.3899ms)
✔ snapshot plain-tree boundary rejects accessors/cycles/exotic objects; null snapshots are valid (0.4351ms)
✔ initial tick keeps addressed identity while elapsed simulated time starts at zero (0.1774ms)
(node:94592) ExperimentalWarning: stripTypeScriptTypes is an experimental feature and might change at any time
(Use `node --trace-warnings ...` to show where the warning was created)
✔ five-repeat medians/ranges preserve paired negative observer deltas and counters (5.6347ms)
✔ unsupported/pending GPU remains null; partial availability reports actual repetitions (1.4044ms)
✔ rejects smoke, interrupted protocol, invalid dimensions and lost focus (9.8462ms)
✔ rejects missing/duplicate pairs and inconsistent/nonfinite sample statistics (1.4586ms)
✔ rejects hardware/profile/build/digest inconsistency and wrong phase attribution (3.4805ms)
✔ phase wall delta does not invalidate a full RAF duration when callback latencies differ (0.5844ms)
✔ explicit-path CLI emits one compact JSON record, rejects invalid input, and never rewrites evidence (573.9156ms)
(node:102940) ExperimentalWarning: stripTypeScriptTypes is an experimental feature and might change at any time
(Use `node --trace-warnings ...` to show where the warning was created)
✔ nearest rank percentiles, histogram and strict budget on known data (1.2451ms)
✔ collector caps allocations, reports overflow and rejects lifecycle misuse (1.1925ms)
✔ disabled collector allocates no sample buffers and unavailable APIs never become zero (0.1559ms)
✔ reports require five complete pairs, own metadata, preserve missing data and reject nonfinite values (3.3592ms)
✔ hardware baseline rejects short durations, overflow and missing pair identity (0.6195ms)
(node:103364) ExperimentalWarning: stripTypeScriptTypes is an experimental feature and might change at any time
(Use `node --trace-warnings ...` to show where the warning was created)
✔ headless: advances 12 ticks and captures states/events without renderer (2.5824ms)
✔ zero ticks captures initial state and validates seed/tick boundaries (0.6606ms)
✔ capture owns copies even when an adapter reuses mutable state and events (0.2942ms)
✔ scenario oracle rejects corrupted state and event evidence (1.6549ms)
(node:32760) ExperimentalWarning: stripTypeScriptTypes is an experimental feature and might change at any time
(Use `node --trace-warnings ...` to show where the warning was created)
✔ versioned identity and RNG golden vectors fix encoding and algorithm (2.7266ms)
✔ IDs preserve boundaries, namespace, kind and exact Unicode code units (0.3098ms)
✔ inserted events and reversed evaluation preserve addressed opportunity samples (1.0594ms)
✔ seed scopes and sample purpose/index distinguish fixed fixtures (0.2022ms)
✔ JSON restart reproduces samples from version, seed, purpose and index only (0.2973ms)
✔ unit samples are exact uint32 fractions in the half-open unit interval (13.0616ms)
✔ unknown invalid inputs fail without coercion or accessor execution (1.4821ms)
(node:84408) ExperimentalWarning: stripTypeScriptTypes is an experimental feature and might change at any time
(Use `node --trace-warnings ...` to show where the warning was created)
✔ 066 preproduction schedule exercises all modes and explicit coherent published024 handoff (1.6022ms)
(node:59552) ExperimentalWarning: stripTypeScriptTypes is an experimental feature and might change at any time
(Use `node --trace-warnings ...` to show where the warning was created)
✔ 066 simultaneous transfer is order independent and old input never retargets (4.6575ms)
✔ 066 same-body MANUAL/LEARNING preserves filter and release clears after accepted state (0.7672ms)
✔ 066 whole malformed batches reject without physical/tick/filter effects and same tick retries (0.7534ms)
✔ 066 callback failure records accepted physical state and is terminal, including reentrant guard (0.6704ms)
✔ 066 stale native replacement and registration refusal do not silently recreate owner entities (0.4843ms)
✔ 066 suspension does not advance physical tick and ownership disposal releases only own references (0.3333ms)
✔ 066 20 lifecycle cycles enforce 110 retained tokens, atomic capacity, and zero owner history (43.6613ms)
✔ 066 descriptor snapshots reject symbols/accessors and proxy-triggered reentry without effects (0.5324ms)
✔ 066 player removal callback fault reports registration acceptance without claiming a new physical tick (0.3616ms)
✔ 066 actuation fault is terminal and distinguishes unaccepted full physical tick from rollback (0.6706ms)
(node:54432) ExperimentalWarning: stripTypeScriptTypes is an experimental feature and might change at any time
(Use `node --trace-warnings ...` to show where the warning was created)
✔ DOM press hold/repeat/release are bounded and raw keys mapW/S/A/D/Space (2.8679ms)
✔ blur visibility editable/modal/disabled state flushes keys; repeats never restore lostinput (0.7309ms)
✔ modifiers and composition do not consume editable keyboardshortcuts or leave throttle active (0.4048ms)
✔ twenty binding/filter ownershipcycles release sixlisteners and retain noinputframes (3.3567ms)
(node:72748) ExperimentalWarning: stripTypeScriptTypes is an experimental feature and might change at any time
(Use `node --trace-warnings ...` to show where the warning was created)
✔ 067 reference exercises all six edges repeatedly without production adapter (1.3612ms)
(node:70684) ExperimentalWarning: stripTypeScriptTypes is an experimental feature and might change at any time
(Use `node --trace-warnings ...` to show where the warning was created)
✔ 067 all six edges use actual066 acceptance, with no optimistic projection (9.5656ms)
✔ 067 burst folds, event-time identity cannot retarget, conflict and capacity reject whole burst (2.9681ms)
✔ 067 malformed physical batch retains exact ticket for same-tick retry, foreign tickets rejected (0.9142ms)
✔ 067 physical accepted callback fault cannot be hidden by failed eligibility (0.831ms)
✔ 067 eligibility current explicit facts only; stale, malformed and throwing ports become unavailable (1.4209ms)
✔ 067 invalid times, stale native identity, expiry, suspension and lifecycle clear are bounded (2.725ms)
✔ 067 reentrant informational callback cannot mutate physical ticket or hide state (0.5389ms)
✔ 067 disposed authority and stale/throwing selection still publish terminal actual tick (0.5199ms)
✔ 067 ports are descriptor snapshots, accessors and symbols never execute, reset releases old lifecycle (0.6806ms)
✔ 067 failed actuation publishes prior accepted tick rather than candidate mode or attempted tick (0.7035ms)
(node:41504) ExperimentalWarning: stripTypeScriptTypes is an experimental feature and might change at any time
(Use `node --trace-warnings ...` to show where the warning was created)
✔ 067 keyboard down/up suppresses repeats and duplicate keydowns with two held codes (4.2416ms)
✔ 067 focus editable modal pause composition and shortcuts cannot enqueue transitions (0.6467ms)
✔ 067 standalone own modifiers allowed; other combinations rejected and remap is atomic (1.6929ms)
✔ 067 keyboard synchronous callbacks and reentry reject malformed ports, disposal releases listeners (3.0013ms)
(node:61688) ExperimentalWarning: stripTypeScriptTypes is an experimental feature and might change at any time
(Use `node --trace-warnings ...` to show where the warning was created)
✔ 80 unique keys, 24 M targets; planned stages grant no capabilities (4.2229ms)
✔ every key validates default, inclusive bounds, canonical unit and finite range (9.3576ms)
✔ publication gate rejects LEARNED and manual tuning for all unsupported keys (20.0147ms)
✔ publication gate rejects unknown keys, wrong units and invalid ranges for all provenance (0.5106ms)
✔ publication retains structural evidence and provenance checks and roundtrip (0.4337ms)
✔ malformed catalog rejects schema, shape, duplicate/unknown keys and invalid definitions (11.597ms)
✔ registry and parsed catalog are defensive immutable data (1.2256ms)
✔ generated runtime catalog is synchronized with canonical JSON (445.4071ms)
(node:51704) ExperimentalWarning: stripTypeScriptTypes is an experimental feature and might change at any time
(Use `node --trace-warnings ...` to show where the warning was created)
✔ GLB preflight accepts original embedded geometry and bounds decoded bytes (3.3443ms)
✔ GLB header and truncated JSON reject before Babylon resource creation (0.3449ms)
✔ embedded PNG size is admitted before decode and oversized dimensions reject (1.7929ms)
✔ geometry primitive vertex budget rejects before Babylon (0.3339ms)
(node:68748) ExperimentalWarning: stripTypeScriptTypes is an experimental feature and might change at any time
(Use `node --trace-warnings ...` to show where the warning was created)
✔ WebGPU preferred, scene owned, disposal exactly once in dependency order (1.7318ms)
✔ unavailable or throwing support check uses only WebGL2 (0.3509ms)
✔ WebGL2 preference skips WebGPU support completely (0.1931ms)
✔ init failure cleans engine before fallback on a distinct canvas (0.1888ms)
✔ scene failure reconstructs a new scene after disposing all tentative resources (1.3476ms)
✔ both fail with recoverable aggregate; cleanup exceptions do not stop engine/canvas release (0.6792ms)
(node:33648) ExperimentalWarning: stripTypeScriptTypes is an experimental feature and might change at any time
(Use `node --trace-warnings ...` to show where the warning was created)
✔ fixed ring retains recent values, exact percentiles and bounded numeric bytes (1.5153ms)
✔ missing timers stay unavailable; fresh measured GPU zero remains valid (0.1836ms)
✔ disabled collector performs no admission and reenabling starts a fresh window (0.3048ms)
✔ counter projections are copied/frozen and invalid capacity/counters reject (0.2668ms)
(node:90340) ExperimentalWarning: stripTypeScriptTypes is an experimental feature and might change at any time
(Use `node --trace-warnings ...` to show where the warning was created)
✔ error then retry, one frame/resize subscription, idempotent disposal (1.709ms)
✔ concurrent retry is coalesced; dispose during pending initialization releases late backend (0.3672ms)
✔ render failure stops loop, cleans resources and exposes retry (0.3464ms)
✔ cleanup failures clear every owner and still permit retry (1.0782ms)
✔ synchronous factory failure does not poison the pending retry promise (0.3016ms)
BJS - [05:27:40]: Babylon.js v9.29.0 - Null engine
BJS - [05:27:40]: Babylon.js v9.29.0 - Null engine
BJS - [05:27:40]: Babylon.js v9.29.0 - Null engine
BJS - [05:27:40]: Babylon.js v9.29.0 - Null engine
✔ explicit DPR caps/resolution scaling, immutable limits and invalid input rejection (1.2907ms)
✔ adaptive windows require GPU evidence, hysteresis/cooldown and manual override (2.1228ms)
✔ daylight quality switches preserve materials/signals/domain and release shadows without accumulation (57.4128ms)
✔ bounded caster registry and atomic quality validation (12.9899ms)
✔ removed active caster is refilled deterministically; foreign/disposed meshes rejected (5.8786ms)
✔ automatic presentation port applies GPU downgrade and manual preferences stop it (2.3336ms)
(node:105120) ExperimentalWarning: stripTypeScriptTypes is an experimental feature and might change at any time
(Use `node --trace-warnings ...` to show where the warning was created)
BJS - [05:27:40]: Babylon.js v9.29.0 - Null engine
BJS - [05:27:40]: Babylon.js v9.29.0 - Null engine
BJS - [05:27:40]: Babylon.js v9.29.0 - Null engine
BJS - [05:27:40]: Babylon.js v9.29.0 - Null engine
✔ manifest rejects cumulative first-ride/decoder/GPU/shader budgets without confusing transfer with residency (2.9589ms)
✔ local LOD batches preserve picking after motion/removal/reorder, copy inputs and dispose owned resources (31.2325ms)
✔ two LOD hosts admit identity capacity atomically before changing any matrix/count (5.5588ms)
✔ LOD retains near detail when a large scaled source reaches the camera (5.3273ms)
✔ twenty static material lifecycle cycles plateau; capacity admission preserves existing batches (41.8208ms)
(node:69892) ExperimentalWarning: stripTypeScriptTypes is an experimental feature and might change at any time
(Use `node --trace-warnings ...` to show where the warning was created)
(node:45784) ExperimentalWarning: stripTypeScriptTypes is an experimental feature and might change at any time
(Use `node --trace-warnings ...` to show where the warning was created)
✔ known tick midpoint, endpoints, wheel continuous rotations and frozen authority (1.8439ms)
✔ fixed loop alpha drives render projection without altering the captured body (3.1351ms)
✔ shortest arc slerp of orientations and equivalent negative quaternion (0.3531ms)
✔ missing, reset, reused, skipped and backwards snapshots snap to current (0.6377ms)
✔ alpha clamps, nonfinite snaps, invalid snapshot rejected before presentation (0.601ms)
(node:41136) ExperimentalWarning: stripTypeScriptTypes is an experimental feature and might change at any time
(Use `node --trace-warnings ...` to show where the warning was created)
✔ visual boundary accepts readonly domain pose without changing it (1.4283ms)
✔ visual identity validates epochs at presentation boundary (0.2416ms)
(node:72980) ExperimentalWarning: stripTypeScriptTypes is an experimental feature and might change at any time
(Use `node --trace-warnings ...` to show where the warning was created)
✔ selection changes only camera, target identity is independent of authority (1.5841ms)
✔ damping is time-based, stable zero-motion and speed-dependent distance brakes inward (1.9493ms)
✔ driver eye is inside cabin and follows turn/roll exactly with adjustable FOV (0.9343ms)
✔ look clamps and recenter, reuse resets visual damping and look (0.3705ms)
✔ expanded-AABB sphere sweep prevents thin-wall tunneling and corrects start penetration (0.5546ms)
✔ collision correction runs after damping and on motion path, fail-safe and invalid input (0.6225ms)
BJS - [05:27:40]: Babylon.js v9.29.0 - Null engine
BJS - [05:27:40]: Babylon.js v9.29.0 - Null engine
BJS - [05:27:40]: Babylon.js v9.29.0 - Null engine
BJS - [05:27:40]: Babylon.js v9.29.0 - Null engine
BJS - [05:27:40]: Babylon.js v9.29.0 - Null engine
BJS - [05:27:40]: Babylon.js v9.29.0 - Null engine
✔ nearest mesh/root and ordinary instance identities remain distinct; decor blocks (26.8678ms)
✔ thin batch maps real ray hit index, remaps atomically, and rejects stale count (4.4351ms)
✔ foreign/disposed objects, malformed IDs and capacity are rejected without destructive replacement (3.6399ms)
✔ optional013 resolver maps descendants while thin instances never inherit host identity (2.553ms)
✔ native pointer scans are disabled and restored; disposed picker does not scan (0.6819ms)
✔ input maps CSS to render pixels once; move is scan-free; modal/drag/cancel/UI/cleanup block clicks (8.2062ms)
✔ hover is explicit opt-in, disabled/modal state prevents scans (0.4328ms)
✔ hardware scaling and aggregate thin capacity retain correct identity (3.4401ms)
(node:34640) ExperimentalWarning: stripTypeScriptTypes is an experimental feature and might change at any time
(Use `node --trace-warnings ...` to show where the warning was created)
(node:60996) ExperimentalWarning: stripTypeScriptTypes is an experimental feature and might change at any time
(Use `node --trace-warnings ...` to show where the warning was created)
✔ defaults and valid alternate settings round-trip as deeply frozen owned data (2.8671ms)
✔ all control sliders enforce finite UI domains, FOV degrees and version bounds (1.6125ms)
✔ binding conflicts, unknown actions and unsupported keys are rejected (0.4196ms)
✔ units, quality and launch configuration reject invalid or learned fields (1.6491ms)
✔ data readers reject accessors and exotic objects without executing getters (0.8774ms)
✔ replacement is atomic, owns input copies and enforces player/control version (2.9174ms)
✔ reset restores settings independently and cannot touch profiles or progression (1.2843ms)
✔ revision exhaustion rejects reset without changing the snapshot (0.4185ms)
✔ quality and launch reset preserve control identity and stay independent of population (0.4442ms)
(node:57056) ExperimentalWarning: stripTypeScriptTypes is an experimental feature and might change at any time
(Use `node --trace-warnings ...` to show where the warning was created)
✔ cooperative synthetic route jobs match original exact path/blocked reference across all fixture lane pairs (18.9621ms)
(node:89128) ExperimentalWarning: stripTypeScriptTypes is an experimental feature and might change at any time
(Use `node --trace-warnings ...` to show where the warning was created)
✔ unscheduled before reference preserves exact authoritative trace across30/60/120synthetic render clocks (9.919ms)
✔ before hitch pauses without a step, retains debt and recovers only real60Hzsteps capped at4 (0.9815ms)
✔ before background pause excludes stopped wall time; selection and blockage urgent callbacks bypass periodic slot (3.0937ms)
✔ actual044before fixture admits all70/110actors and source tick matches each fresh decision (257.6265ms)
✔ synthetic route job consults actual directed successors and never returns a blocked destination (3.6225ms)
(node:101152) ExperimentalWarning: stripTypeScriptTypes is an experimental feature and might change at any time
(Use `node --trace-warnings ...` to show where the warning was created)
✔ stable entity phases retain10Hz counts across insertion order and30/60/120render clocks; physics/input remain identical (15.9792ms)
✔ urgent input runs immediately, coalesces due decisions, and publication urgency waits only next relevant physicaltick (0.9269ms)
✔ decisionTick never restamps latest committed044context sourceTick; urgent input is independent of source age (73.0785ms)
✔ adversarial same-phase identities are all processed, while every offcamera actor receives all controllers (1.2722ms)
✔ real008hitch/background debt, max4steps and explicit overload are preserved by scheduler composition (1.4246ms)
✔ pending028publication admission refusal faults before input/control/physics and cannot commit a nominal noop tick (0.6092ms)
✔ invalid/staleclock admission preserves state; callback/async/reentrant errors are terminal without retry (1.1834ms)
✔ actor scheduleridentity ownership fences staleincarnations/removal/epoch callbacks and urgentreuse (0.4879ms)
✔ finiteactor and1024ledger admission never truncates; hostile getters/densearray prototypes are rejected atomically (10.7177ms)
✔ routework admission is finite, priority deterministic, at most4cooperative slices and1residenttask per tick (1.2613ms)
✔ routecache uses graph/cost/access/origin/destination; blocked results reuse only matching versions (0.6825ms)
✔ a cached different target cannot bypass an actor pending route (0.8158ms)
✔ malformed factory tasks clean valid own disposal once without reading accessors (0.7587ms)
✔ deduplicated route urgency promotes waiting normal work; injected object methods preserve their receiver (0.449ms)
✔ pendingroutecapacity/cancel/expiry and actorremoval cleanup retain explicit terminal outcomes without stalepublish (4.1428ms)
✔ routepath/source validation and taskfailure are terminal; task cleanup is attempted once at lifecycle boundary (0.2852ms)
✔ 64entryroutecache evicts deterministically and reset/dispose20cycles clear all owned queues/cache/ledger (3.2057ms)
(node:79488) ExperimentalWarning: stripTypeScriptTypes is an experimental feature and might change at any time
(Use `node --trace-warnings ...` to show where the warning was created)
✔ 067 HUD actual text symbol subject and independent eligibility, never optimistic on click (3.1536ms)
✔ 067 HUD throttle never allows paused faulted or missing-subject clicks before refresh (0.6894ms)
✔ 067 HUD guards malformed getter eligibility and stale accepted ticks; atomic remap and bounded lifecycle (1.6838ms)
✔ 067 aria shortcuts use key names while visible labels retain physical remapped codes (0.4806ms)
✔ 067 real066 seatA cameraB HUD promises B and exact visible target rejects stale clicks (4.5008ms)
(node:61636) ExperimentalWarning: stripTypeScriptTypes is an experimental feature and might change at any time
(Use `node --trace-warnings ...` to show where the warning was created)
✔ opaque fractional/subnormal handles are fenced by exact registration, without tombstones (2.2823ms)
✔ admission caps subscriptions and active entities before registration (1.8606ms)
✔ old unsubscribe never decrements subscriptions belonging to a reused entity (0.179ms)
✔ dispatch rejects stale ticks, removal/recreation and reentrant newer publication (0.2486ms)
✔ conversions copy SI values and quaternion exactly; invalid quaternion is rejected (0.3217ms)
✔ same-tick reentrant publication delivers only the fresh state to later callbacks (0.2134ms)
(node:46068) ExperimentalWarning: stripTypeScriptTypes is an experimental feature and might change at any time
(Use `node --trace-warnings ...` to show where the warning was created)
✔ contact array permutations preserve canonical registration-pair delivery order (3.432ms)
✔ canonical owned registrations fence copied tokens, handle/ID reuse and another world (0.9773ms)
✔ kind and ID admission reject before registration consumes a serial (0.9269ms)
✔ reversed pairs and multiple manifolds emit once with summed SI impulse and deterministic primary (0.6207ms)
✔ persistent contacts do not reemit after cooldown; separation recontact includes boundary (1.1184ms)
✔ cooldown inclusive onset boundary and zero-tick cooldown still require separation (0.4341ms)
✔ invalid contacts, accessor/prototype arrays and capacity overflow leave tick and episodes atomic (0.4929ms)
✔ publisher errors retain exact failed suffix and forbid new ticks until accepted-prefix retry (0.3239ms)
✔ pending and separated-history caps each reject an entire update before state changes (0.5015ms)
✔ strict finite option admission and synchronous publisher contract reject malformed values (0.5851ms)
✔ separated cooldown history expires exactly at boundary before admitting a different pair (0.2896ms)
✔ consecutive snapshot admission rejects unobserved gaps without inventing contact continuity (0.3213ms)
✔ session namespace differentiates otherwise identical incident keys and admits bounded IDs upfront (0.4141ms)
✔ callback removal/reuse cancels stale pending; reentrant core mutation is fenced (0.2774ms)
✔ obstacle pairs ignored; epoch reset/new owner and disposal clear bounded state (0.4273ms)
(node:36944) ExperimentalWarning: stripTypeScriptTypes is an experimental feature and might change at any time
(Use `node --trace-warnings ...` to show where the warning was created)
✔ actual Rapier wall impact emits one positive SI impulse for the mapped episode (292.4979ms)
✔ actual Rapier cars impact emits one positive SI impulse for the mapped episode (79.4271ms)
✔ positive predictive gap with zero impulse beyond native resting tolerance produces no incident (7.8649ms)
✔ native sustained contact, controlled separation and recontact emit only qualifying episode onsets (65.4213ms)
✔ native ground, sensor and anonymous obstacle contacts have no invented mapped incidents (2.1978ms)
✔ named obstacle–obstacle physical contacts are excluded without a vehicle participant (1.1353ms)
✔ native removal/reuse maps exact collider identity and releases static/dynamic/controller ownership (16.695ms)
✔ named identity and native shape admission reject without allocation or serial consumption (8.1567ms)
✔ vehicle input getters never execute and boundary reentrancy cannot retire a valid registration (2.7792ms)
(node:75492) ExperimentalWarning: stripTypeScriptTypes is an experimental feature and might change at any time
(Use `node --trace-warnings ...` to show where the warning was created)
✔ AUTO target realizes fresh commands for exactly six physical ticks and expires (4.4834ms)
✔ same-tick takeover ignores valid old AI, dominates throttle with brake, and PLAYER never holds (0.643ms)
✔ authority transfers atomically between two PLAYER candidates (0.6352ms)
✔ malformed, duplicate, stale world/tick/token and oversized batches reject before all effects (0.8295ms)
✔ proxy replacement during admission cannot command an ID-reused native body (0.7919ms)
✔ suspend flushes targets; readback is historical, resume starts neutral; reset is new owner (0.6109ms)
✔ fault after actuation is terminal and is never retried or claimed rolled back (0.3907ms)
✔ reentrant mutation from the actuation port is rejected (0.4217ms)
✔ native handbrake sets rear impulse caps and rejects malformed whole batch before setters (226.2115ms)
✔ PLAYER 60Hz and AUTONOMY 10Hz realize identical actual Rapier trajectories for both classes (312.523ms)
✔ twenty native ownership cycles retain at most 110 entries and release all 880 subscriptions (202.3161ms)
✔ rear handbrake reduces speed and distance from a repeatable moving start versus coast (22.5878ms)
✔ actual fixed-tick composition at 30/60/144 presentation Hz produces identical 60Hz commands and pose (117.0145ms)
(node:103316) ExperimentalWarning: stripTypeScriptTypes is an experimental feature and might change at any time
(Use `node --trace-warnings ...` to show where the warning was created)
✔ explicit direction intent preserves legacy schemas and rejects malformed extra fields/getters (1.8161ms)
✔ forward motion never gets reverse propulsion; full total-speed dwell precedes gear engagement (6.3202ms)
✔ interrupted dwell, opposite request, handbrake and service brake cannot smuggle a shift or force (0.591ms)
✔ 027 keyboard preserves raw digital braking and isolates directional ramps from025 (1.6308ms)
✔ controller opt-in, whole-batch validation and suspend/authority reset guard direction state (229.8268ms)
✔ native heldS brakes, reverses only after dwell, and heldW symmetrically returns forward on both classes (159.6494ms)
✔ native rear handbrake changes a moving turn without changing mechanics or creating non-finite state (179.6779ms)
✔ bounded state survives20 full-capacity ownership cycles without stale-token or history retention (25.3324ms)
(node:40340) ExperimentalWarning: stripTypeScriptTypes is an experimental feature and might change at any time
(Use `node --trace-warnings ...` to show where the warning was created)
✔ legacy mapping remains readable and requires explicit immutable revision upgrade (3.5601ms)
✔ finite monotone slider rates have positive endpoints and bounded symmetric speed attenuation (1.5369ms)
✔ raw digital input and tick-filtered commands are distinct immutable snapshots (2.227ms)
✔ opposed steering is neutral; raw W+S is retained while brake dominates command throttle (0.3582ms)
✔ focus clear discards held keys and ramp residuals immediately without stale repeat state (0.7075ms)
✔ invalid frame leaves tick and ramps unchanged and getters are never called (0.5573ms)
✔ preferences apply at exactly next tick, clear input and enforce revision and one pending snapshot (1.0865ms)
✔ high-speed envelope clamps existing steering and signed velocity is symmetric (0.572ms)
✔ actual native keyboard composition produces identical commands/physics at30/60/144 render cadences (565.3663ms)
(node:32844) ExperimentalWarning: stripTypeScriptTypes is an experimental feature and might change at any time
(Use `node --trace-warnings ...` to show where the warning was created)
✔ real Rapier readback drives Babylon Matrix: translated +90Y, +Z becomes +X, velocity stays SI (91.8584ms)
✔ 20 full-capacity create/remove cycles release controllers, colliders, maps and callbacks (582.6063ms)
✔ callback removes a body during dispatch and another world rejects its old token (1.4031ms)
✔ same-tick nested Rapier publication fences stale callbacks and later bodies in outer batch (0.8277ms)
(node:66160) ExperimentalWarning: stripTypeScriptTypes is an experimental feature and might change at any time
(Use `node --trace-warnings ...` to show where the warning was created)
✔ braking curves are speed squared, brake strength and grip dependent (470.1672ms)
✔ curb suspension, car collision transfer and CCD wall remain finite (75.2803ms)
✔ steering changes trajectory under low and high grip (25.5155ms)
✔ identical 60Hz physics at 30/60/144 render FPS, including settings (45.5953ms)
✔ many-contact fixture retains cars and simplified colliders outside camera (2348.5406ms)
✔ invalid batch is rejected before applying commands; caps prevent admission (1.4807ms)
(node:79012) ExperimentalWarning: stripTypeScriptTypes is an experimental feature and might change at any time
(Use `node --trace-warnings ...` to show where the warning was created)
✔ mechanical catalog is immutable/versioned and excluded from player preferences (1.8691ms)
✔ two actual Rapier classes differ in acceleration, braking and same-flat-scene turning (548.4491ms)
✔ Rapier native mass, wheel geometry and controls match classes including orientation and power caps (14.7772ms)
✔ 20 mixed-class lifecycle cycles preserve vehicle and subscription caps, remove/recreate cleanup (177.5117ms)
(node:97108) ExperimentalWarning: stripTypeScriptTypes is an experimental feature and might change at any time
(Use `node --trace-warnings ...` to show where the warning was created)
✔ global serial priority, cancel acknowledgement and restart publish once (11.4437ms)
✔ queue/bytes caps reject optional while protected capacity suspends without detachment (11.2935ms)
✔ pressure pending, idle resume, cancellation preserves exact protected evidence (1.5419ms)
✔ optional lease bounded history, errors and disposal release ownership (13.5539ms)
✔ deferred persistence ingress is separately bounded at a full execution queue (7.2764ms)
✔ operation identity distinct, completed durable proposals do not execute twice (4.386ms)
✔ dispose during deferred retention preserves evidence and releases ingress reservations (26.9341ms)
✔ cancel during async protected completion retains evidence without recoverable result (1.4445ms)
✔ persistence failure never publishes, observer exceptions do not leak ownership (0.4983ms)
✔ dispose during async completion withdraws proposal while retaining evidence (1.142ms)
(node:97108) ExperimentalWarning: stripTypeScriptTypes is an experimental feature and might change at any time
(Use `node --trace-warnings ...` to show where the warning was created)
✔ real worker transfer leaves live buffers attached and preempts between slices (193.8249ms)
(node:36424) ExperimentalWarning: stripTypeScriptTypes is an experimental feature and might change at any time
(Use `node --trace-warnings ...` to show where the warning was created)
✔ strict envelope validates identities, discriminants, bytes and controls (2.2459ms)
✔ late, duplicate, out-of-order and mismatched packets cannot publish (1.1797ms)
✔ cancel sends one control, late result remains cancelled; worker errors release capacity (0.7433ms)
✔ queue/history/bytes/age stay bounded and do not silently admit protected work (7.4199ms)
✔ runtime throttles progress at 5Hz and disposes task resources (13.1119ms)
(node:36424) ExperimentalWarning: stripTypeScriptTypes is an experimental feature and might change at any time
(Use `node --trace-warnings ...` to show where the warning was created)
✔ real worker yields to cancellation, runs next job, transfers buffers and handles task failure (166.3565ms)
ℹ {"cancelMs":13.612899999999996,"trackedJobs":0,"trackedBytes":0}
✔ cleanup and progress observer exceptions cannot block later jobs (14.9763ms)
✔ runtime watermark rejects old replay after history eviction; byte cap rejects excessive queue (10.866ms)
✔ parser rejects nonenumerable identities and fields without invoking getters (0.2783ms)
(node:2492) ExperimentalWarning: stripTypeScriptTypes is an experimental feature and might change at any time
(Use `node --trace-warnings ...` to show where the warning was created)
✔ swept traversal detects a zone and stop line even when both endpoints are outside (8.4885ms)
✔ empty, hidden, inactive or geometrically irrelevant pedestrians create no exposure (1.9492ms)
✔ obstacles have separate identities and do not count as pedestrian exposure (1.4123ms)
✔ stationary points, tangential travel and line departure do not duplicate a crossing (1.5476ms)
✔ concave polygons use their actual footprint rather than bounding boxes (1.5602ms)
✔ data is owned/frozen; observations remain bounded and input failures are explicit (1.4578ms)
✔ capacity retains every relevant observation and never truncates a last pedestrian (9.3348ms)
(node:93424) ExperimentalWarning: stripTypeScriptTypes is an experimental feature and might change at any time
(Use `node --trace-warnings ...` to show where the warning was created)
✔ cross separates perpendicular crossing from parallel opposing travel (11.6313ms)
✔ T crossing, shared entry, and separated turns produce different relations (5.2681ms)
✔ turn merges are explicit semantic conflicts and separated right turns remain compatible (3.435ms)
✔ authored conflict zones remain independent from geometry and never imply priority (1.5273ms)
✔ stable identities symmetric queries, readonly snapshots and bounded retained state (6.306ms)
✔ corridor width, tangency, collinear overlap and bridge height are explicit geometric semantics (0.3266ms)
✔ invalid data/options fail rather than silently dropping semantic conflicts (1.2187ms)
✔ geometry construction budget aborts explicitly on authored pathological paths (1135.2414ms)
✔ pair capacity rejects the whole map before quadratic geometry, never truncates conflicts (30.0084ms)
✔ shared authored geometry reuses immutable trajectories and zone arrays (1.2546ms)
(node:104888) ExperimentalWarning: stripTypeScriptTypes is an experimental feature and might change at any time
(Use `node --trace-warnings ...` to show where the warning was created)
✔ one-way topology never invents reverse edges or undeclared turns (8.2754ms)
✔ parallel neighbors and all edges respect source/destination access classes (2.6571ms)
✔ REVERSE reverses geometry, direction, progress and allowed successors (1.3745ms)
✔ current lane uses directed polyline projection/width/height and no meshes; off-graph remains null (2.3944ms)
✔ intersection gaps do not fabricate lanes from movement or visual geometry (1.0977ms)
✔ deterministic ambiguity ties ignore lane input order; heading disambiguates (3.0009ms)
✔ owned graph data/projections are frozen and unaffected by caller mutations (1.9557ms)
✔ unknown IDs return empty results; invalid queries/maps/classes fail before execution (1.858ms)
✔ schema-size ring remains finite and loop-safe without recursive graph traversal (155.4905ms)
✔ height and slope distinguish an overpass from overlapping planar geometry (2.2234ms)
✔ bounded index matches exhaustive projection and oversized geometry always uses complete fallback (18.5014ms)
✔ spatial reference capacity falls back without dropping a permitted lane (23.0198ms)
(node:58576) ExperimentalWarning: stripTypeScriptTypes is an experimental feature and might change at any time
(Use `node --trace-warnings ...` to show where the warning was created)
✔ minimal semantic map is deterministic and deeply immutable (13.0625ms)
✔ rejects duplicate geometry ID (1.3268ms)
✔ rejects duplicate semantic ID (1.2578ms)
✔ rejects dangling geometry node (1.0346ms)
✔ rejects dangling lane geometry (1.0635ms)
✔ rejects duplicate successor (15.629ms)
✔ rejects dangling successor (1.3958ms)
✔ rejects self successor (1.946ms)
✔ rejects direct continuation opposite endpoints (1.6826ms)
✔ rejects intersection directed endpoint outside footprint (1.4277ms)
✔ rejects intersection omitted membership (0.9057ms)
✔ rejects intersection dangling membership (1.4218ms)
✔ rejects movement missing successor (0.8333ms)
✔ rejects successor without movement (0.7959ms)
✔ rejects movement endpoint direction (0.8162ms)
✔ rejects movement incoming to incoming (0.8726ms)
✔ rejects dangling conflict zone (1.3379ms)
✔ rejects duplicate movement pair (0.5123ms)
✔ rejects neighbor dangling (0.6933ms)
✔ rejects neighbor self (0.4132ms)
✔ rejects neighbor not reciprocal (0.6577ms)
✔ rejects signal dangling intersection (0.6962ms)
✔ rejects phase unknown movement (1.1767ms)
✔ rejects phase repeated assignment (0.7808ms)
✔ rejects phase incomplete (0.8237ms)
✔ rejects stop dangling lane (0.8878ms)
✔ rejects stop wrong anchor (0.9901ms)
✔ rejects stop signal absent (0.9631ms)
✔ rejects stop signal dangling (1.807ms)
✔ rejects STOP missing intersection (0.8941ms)
✔ rejects crosswalk wrong stop kind (0.5468ms)
✔ rejects crosswalk lane not covered (0.9253ms)
✔ rejects crosswalk orphan stop (0.7838ms)
✔ rejects service wrong anchor (0.7414ms)
✔ rejects service anchor outside area bbox (0.9481ms)
✔ rejects service inaccessible class (11.6338ms)
✔ rejects service unreachable graph (1.817ms)
✔ rejects recovery dangling node (4.3476ms)
✔ rejects recovery off lane (2.2432ms)
✔ rejects bounds reversed (1.6222ms)
✔ rejects position out of bounds (0.717ms)
✔ rejects path zero length alias (0.6034ms)
✔ rejects area degenerate (0.566ms)
✔ rejects width zero (0.68ms)
✔ rejects access repeated (0.4277ms)
✔ signal programs permit separated movement phases and reject conflicting simultaneous greens (2.0929ms)
✔ class-specific connectivity ignores lanes inaccessible to that class (1.2213ms)
✔ neighbors require reciprocal links and compatible directed corridors (1.7206ms)
✔ errors carry offending ID, position and stable field path (2.2667ms)
✔ strict structure rejects hidden fields, accessors, prototypes, symbols and sparse arrays (1.6336ms)
✔ all numeric fields reject nonfinite data and numeric strings (135.2192ms)
✔ array capacity rejects before graph traversal and finite cycles terminate deterministically (1.7263ms)
✔ input mutations after parsing and rejected validation never alter published data (1.0778ms)
✔ STOP regulation and reversed stored geometry remain valid when their semantic direction agrees (0.5408ms)
✔ signal phases reject foreign-intersection movements and simultaneous merges (2.3871ms)
✔ structural field errors retain a validated object ID without executing accessors (0.8256ms)
(node:92400) ExperimentalWarning: stripTypeScriptTypes is an experimental feature and might change at any time
(Use `node --trace-warnings ...` to show where the warning was created)
✔ strict exhaustive authored policy roundtrips JSON; reciprocal queries return the same rule (20.6127ms)
✔ T-junction policy uses only its authored geometric straight and turning conflicts (5.527ms)
✔ priority policy rejects omissions, contradictory pairs, wrong map, foreign winners and compatible geometry (17.9612ms)
✔ TTC uses metres/metres-per-second; stationary approach, occupying and cleared remain distinct (0.3645ms)
✔ absent/inactive/stationary-before-entry/cleared traffic never records refusal or yield (16.9493ms)
✔ eligible higher-priority traffic exposes blocked gap and one continuous hold records yield (6.7606ms)
✔ geometric crossing with actual priority exposure is observed; available gap produces no refusal evidence (6.8197ms)
✔ EQUAL stays unresolved and never invents a universal right-side or yielding obligation (4.7361ms)
✔ unknown traffic coverage/distance/route and discontinuity fail closed rather than reporting a safe gap (23.4381ms)
✔ multiple opponents for one relation never duplicate the physical yield observation (5.957ms)
✔ cumulative movement invalidates hold even when each small step is below tolerance (3.7559ms)
✔ new incarnation/epoch never inherits evidence; bounded history and tombstones fail closed (4.6446ms)
✔ malformed, duplicated, oversized and conflicting observations reject before history mutation (8.4828ms)
✔ active unobservable traffic masks known blocked pairs independently of actor ordering (10.1472ms)
✔ stationary at the conflict entry is occupying and cannot record a pre-entry yield (4.9547ms)
✔ a continuous sweep through full clearance retains actual occupied-priority crossing evidence (7.2082ms)
✔ simultaneous conflict pairs share one physical yield and changed exposure cannot inherit elapsed hold (13.6359ms)
(node:100020) ExperimentalWarning: stripTypeScriptTypes is an experimental feature and might change at any time
(Use `node --trace-warnings ...` to show where the warning was created)
✔ full cycles query only the selected movement and preserve exact tick boundaries (16.7252ms)
✔ phase state/events remain readonly and independent from caller map mutation (33.9481ms)
✔ GREEN phase validates geometric conflict despite missing shared-zone authoring (23.6267ms)
✔ fixed-tick loop pause and resume do not advance signal phases in wall time (14.1349ms)
✔ listener failures are returned once, reentry rejected, and retry same tick does not duplicate events (4.7811ms)
✔ event transport capacity failure retains a bounded transition and never advances time silently (4.3985ms)
✔ phase event JSON decoding is defensive and rejects malformed or ambiguous states (3.5776ms)
✔ single immutable phase emits no false change; fractional duration quantizes upward deterministically (2.7985ms)
✔ stale world is rejected even for a duplicate controller tick (10.4267ms)
✔ failed publication rejects signal queries until explicit retry/recovery (3.3472ms)
✔ multi-signal publication failure preserves accepted-prefix failures and retries only the remainder (5.6828ms)
(node:50116) ExperimentalWarning: stripTypeScriptTypes is an experimental feature and might change at any time
(Use `node --trace-warnings ...` to show where the warning was created)
✔ benchmark query identity sets match the brute oracle outside all timed measurements (963.2317ms)
✔ normal/dense mutable query IDs match exhaustive geometry, including boundaries and overpasses (40.3206ms)
✔ sphere tangency, negative boundaries, height, kind and exact identity exclusion (0.6883ms)
✔ concave prism rejects bounding-box false positives and preserves vertical corner tangencies (0.639ms)
✔ moves remove old cells, remove/recreate identity fences and invalid updates are atomic (1.2055ms)
✔ admission rejects before retained allocation; exhausted cell budgets use complete fallback (1.2761ms)
✔ all admitted dense-cell neighbors returned, independent of insertion order (2.0548ms)
✔ ownership snapshots frozen;20 reset/dispose cycles return bounded resources to zero (20.8836ms)
✔ invalid query and polygon data never mutate ownership (0.8432ms)
(node:17324) ExperimentalWarning: stripTypeScriptTypes is an experimental feature and might change at any time
(Use `node --trace-warnings ...` to show where the warning was created)
✔ full stop uses observed consecutive dwell; crossing is a separate idempotent bus event (15.6463ms)
✔ rolling stop, slow reported speed with drift, and no-brake passage never fabricate FULL_STOP (24.7809ms)
✔ line contact permits stationary stop; actual forward passage then emits crossing exactly once (3.754ms)
✔ speed threshold, far upstream and wrong heading cannot create complete-stop evidence (13.0765ms)
✔ missing ticks, teleport, reverse crossing, height and finite line ends do not invent traversal (11.2978ms)
✔ stale/conflicting ticks, context and nonfinite data reject without advancing history (4.2928ms)
✔ ID reuse cannot inherit stop evidence or admit a retired incarnation; real epoch resets history (3.3141ms)
✔ bounded history fails closed; frozen map geometry and transverse direction stay stable (2.4479ms)
✔ directed reverse geometry and consecutive STOP lines preserve distinct opportunities (7.6695ms)
✔ calibration/accessor boundaries and long valid identities remain safe (2.0355ms)
ℹ tests 488
ℹ suites 0
ℹ pass 488
ℹ fail 0
ℹ cancelled 0
ℹ skipped 0
ℹ todo 0
ℹ duration_ms 4312.0099
