(node:81708) ExperimentalWarning: stripTypeScriptTypes is an experimental feature and might change at any time
(Use `node --trace-warnings ...` to show where the warning was created)
{"count":70,"pair":0,"observer":false}
{"count":70,"pair":0,"observer":true,"p95":3.087500000000091}
{"count":70,"pair":1,"observer":true,"p95":3.1649999999999636}
{"count":70,"pair":1,"observer":false}
{"count":70,"pair":2,"observer":false}
{"count":70,"pair":2,"observer":true,"p95":3.1797999999998865}
{"count":70,"pair":3,"observer":true,"p95":3.121999999999389}
{"count":70,"pair":3,"observer":false}
{"count":70,"pair":4,"observer":false}
{"count":70,"pair":4,"observer":true,"p95":3.2340000000003783}
{"count":110,"pair":0,"observer":false}
{"count":110,"pair":0,"observer":true,"p95":4.216300000000047}
{"count":110,"pair":1,"observer":true,"p95":4.299800000000687}
{"count":110,"pair":1,"observer":false}
{"count":110,"pair":2,"observer":false}
{"count":110,"pair":2,"observer":true,"p95":4.312100000002829}
{"count":110,"pair":3,"observer":true,"p95":4.221300000004703}
{"count":110,"pair":3,"observer":false}
{"count":110,"pair":4,"observer":false}
{"count":110,"pair":4,"observer":true,"p95":4.223700000002282}
{"status":"PASS","sourceHash":"5ce4456cc03ac17fc8abd33395ff7d3e5fe5183c726ca5bc07b85894e27ddef6","runs":20,"parity":6,"handoff":4,"rejections":2,"expiry":2}
