npm warn Unknown env config "msvs-version". This will stop working in the next major version of npm. See `npm help npmrc` for supported config options.
tests/browser/vehicle-selection-reference/main.ts 144ms
tests/browser/vehicle-selection-reference/proof.test.ts 17ms (unchanged)
tests/browser/vehicle-selection-reference/proof.ts 13ms (unchanged)
tests/browser/vehicle-selection-reference/server.mjs 46ms
tests/browser/vehicle-selection-reference/index.html 36ms (unchanged)
npm warn Unknown env config "msvs-version". This will stop working in the next major version of npm. See `npm help npmrc` for supported config options.

> self-driving-academy@0.1.0 typecheck
> tsc --noEmit && tsc -p tsconfig.tests.json --noEmit

npm warn Unknown env config "msvs-version". This will stop working in the next major version of npm. See `npm help npmrc` for supported config options.

Oops! Something went wrong! :(

ESLint: 10.12.0

You are linting "Docs/Evidence/068-vehicle-switch/*browser-before*.mjs", but all of the files matching the glob pattern "Docs/Evidence/068-vehicle-switch/*browser-before*.mjs" are ignored.

If you don't want to lint these files, remove the pattern "Docs/Evidence/068-vehicle-switch/*browser-before*.mjs" from the list of arguments passed to ESLint.

If you do want to lint these files, explicitly list one or more of the files from this glob that you'd like to lint to see more details about why they are ignored.

  * If the file is ignored because of a matching ignore pattern, check global ignores in your config file.
    https://eslint.org/docs/latest/use/configure/ignore

  * If the file is ignored because no matching configuration was supplied, check file patterns in your config file.
    https://eslint.org/docs/latest/use/configure/configuration-files#specify-files-with-arbitrary-extensions

  * If the file is ignored because it is located outside of the base path, change the location of your config file to be in a parent directory.

