COMMAND: node --import ./scripts/register-typescript.mjs scripts/benchmark-vehicle-selection-after.mjs
STARTED: 2026-10-06T12:50:28.9824670Z
(node:28824) ExperimentalWarning: stripTypeScriptTypes is an experimental feature and might change at any time
(Use `node --trace-warnings ...` to show where the warning was created)
{"count":70,"pair":0,"observer":false}
{"count":70,"pair":0,"observer":true,"p95":4.742599999999584}
{"count":70,"pair":1,"observer":true,"p95":4.824800000000323}
{"count":70,"pair":1,"observer":false}
{"count":70,"pair":2,"observer":false}
{"count":70,"pair":2,"observer":true,"p95":4.58469999999943}
{"count":70,"pair":3,"observer":true,"p95":4.697899999999208}
{"count":70,"pair":3,"observer":false}
{"count":70,"pair":4,"observer":false}
{"count":70,"pair":4,"observer":true,"p95":4.863300000000891}
{"count":110,"pair":0,"observer":false}
{"count":110,"pair":0,"observer":true,"p95":6.535700000000361}
{"count":110,"pair":1,"observer":true,"p95":6.868399999999383}
{"count":110,"pair":1,"observer":false}
{"count":110,"pair":2,"observer":false}
{"count":110,"pair":2,"observer":true,"p95":6.304200000005949}
{"count":110,"pair":3,"observer":true,"p95":6.2114999999976135}
{"count":110,"pair":3,"observer":false}
{"count":110,"pair":4,"observer":false}
{"count":110,"pair":4,"observer":true,"p95":6.850399999995716}
{"startedAt":"2026-10-06T12:50:29.456Z","firstWorldAt":"2026-10-06T12:50:29.784Z","capturedAt":"2026-10-06T12:51:40.870Z","reportSha256":"1ab2ca0ff82a5d2d608247be95772cbea233565e21f08b94f87da0240be47912","status":"PASS","reportSaved":true,"sourceHash":"0f1c5376bb69c047e520133f04c66f1326e90641b97faf81bcc085db6654cb07","runs":20,"scenarios":12,"guards":2,"errors":[]}
EXIT: 0
