npm warn Unknown env config "msvs-version". This will stop working in the next major version of npm. See `npm help npmrc` for supported config options.

> self-driving-academy@0.1.0 check
> npm run typecheck && npm run lint && npm run format:check && npm run check:architecture && npm test

npm warn Unknown env config "msvs-version". This will stop working in the next major version of npm. See `npm help npmrc` for supported config options.

> self-driving-academy@0.1.0 typecheck
> tsc --noEmit && tsc -p tsconfig.tests.json --noEmit

npm warn Unknown env config "msvs-version". This will stop working in the next major version of npm. See `npm help npmrc` for supported config options.

> self-driving-academy@0.1.0 lint
> eslint . --max-warnings 0

npm warn Unknown env config "msvs-version". This will stop working in the next major version of npm. See `npm help npmrc` for supported config options.

> self-driving-academy@0.1.0 format:check
> prettier --check "src/**/*.{ts,css}" "tests/**/*.ts" "tests/**/*.html" "scripts/**/*.mjs" "*.{json,js,html}"

Checking formatting...
All matched files use Prettier code style!
npm warn Unknown env config "msvs-version". This will stop working in the next major version of npm. See `npm help npmrc` for supported config options.

> self-driving-academy@0.1.0 check:architecture
> node scripts/verify-architecture.mjs

Architecture imports: PASS (104 TypeScript files)
Architecture negative probes: PASS (6 forbidden dependencies rejected)
Inspector exception negative probes: PASS (4 forbidden imports rejected)
Rapier adapter negative probes: PASS (3 forbidden imports rejected)
Renderer injection, readonly snapshots, defensive persistence and lifecycle: PASS
(node:38996) ExperimentalWarning: stripTypeScriptTypes is an experimental feature and might change at any time
(Use `node --trace-warnings ...` to show where the warning was created)
npm warn Unknown env config "msvs-version". This will stop working in the next major version of npm. See `npm help npmrc` for supported config options.

> self-driving-academy@0.1.0 test
> node --import ./scripts/register-typescript.mjs --test "tests/**/*.test.ts"

(node:88748) ExperimentalWarning: stripTypeScriptTypes is an experimental feature and might change at any time
(Use `node --trace-warnings ...` to show where the warning was created)
✔ ready and manual pause render without advancing ticks; resume excludes paused time (2.398ms)
✔ visibility resumes only background pause; overload requires explicit recovery (1.0336ms)
✔ reload coalesces requests and never duplicates frames/listeners; errors and disposal release owners (0.3103ms)
✔ disposal during loading releases a late backend and never installs subscriptions (0.2141ms)
✔ initially hidden ready cannot start until foreground (0.8685ms)
✔ projection is frozen, presentation faults terminate, cleanup attempts every owner (0.6817ms)
✔ fixed-step faults and synchronous loader errors expose ERROR without retrying a step (0.5103ms)
(node:33472) ExperimentalWarning: stripTypeScriptTypes is an experimental feature and might change at any time
(Use `node --trace-warnings ...` to show where the warning was created)
✔ loss captures the same authoritative tick/body after suspension, retries preserve immutable RAM (3.3135ms)
✔ twenty reload/resize cycles plateau, coalescing and old loss callback cannot recreate a session (1.8036ms)
✔ failure in resize reconstructs once; invalid capture disables stale checkpoint retry (0.4991ms)
✔ disposal during pending construction releases late candidate; no renderer resurrection (0.3948ms)
✔ GPU loss while factory is pending becomes retryable ERROR and candidate disposed (0.265ms)
✔ RAM capture rejects accessors, nonfinite, cycles, sparse arrays and capacity without reading getters (0.7211ms)
✔ application keeps its simulation, tick, RAF and subscriptions across renderer failure/retry (3.093ms)
(node:85012) ExperimentalWarning: stripTypeScriptTypes is an experimental feature and might change at any time
(Use `node --trace-warnings ...` to show where the warning was created)
✔ normal/dense contexts match exhaustive IDs, lanes, leaders, signals and conflicts at real authoritative ticks (428.1188ms)
✔ lateral, opposite-direction and overpass vehicles never become false leaders (6.5382ms)
✔ cached context keeps source tick; urgent signal refresh occurs before six-tick cadence without clock/event resampling (25.6287ms)
✔ frame admission is atomic, duplicate snapshots canonical, contradictory/stale signal snapshots rejected (32.0609ms)
✔ unknown intent, offroad intent and absent/incomplete signals remain unknown, while junction intent selects the concrete movement (21.9918ms)
✔ a concrete route with incompatible current lane or access never makes its signal applicable (32.6955ms)
✔ priority uses explicit038 policy and supplied SI distances; local or incomplete traffic never creates a global AVAILABLE gap (18.1871ms)
✔ missing policy is explicit unknown; supplied distances change instantaneous predictions without producing temporal evidence (11.8057ms)
✔ session, epoch, incarnation and removal fences prevent stale contexts from surviving reuse (30.593ms)
✔ capacity checks preserve prior ownership and all admitted dense contexts fit the110-entry cache (27.8868ms)
✔ twenty reset/lifecycle cycles clear frame/index/cache/identity ownership; returned snapshots stay frozen (564.1306ms)
✔ hostile data and duplicates are rejected without invoking accessors or retaining partial frame state (33.5922ms)
✔ deep obstacle and polygon accessors and inherited array methods never execute during frame preparation (20.7623ms)
✔ obstacle/zone identities fence stale positions and removed incarnations; kinds remain stable within an epoch (51.3183ms)
✔ partial observation omissions preserve identities without creating removal tombstones (18.234ms)
✔ per-epoch identity history has finite admission without dropping retained tombstones (173.1521ms)
BJS - [02:13:24]: Babylon.js v9.29.0 - Null engine
(node:47092) ExperimentalWarning: stripTypeScriptTypes is an experimental feature and might change at any time
(Use `node --trace-warnings ...` to show where the warning was created)
✔ actual physical scheduling fixture preserves70controllers and can verify cleanup twice after native disposal (785.1861ms)
(node:44620) ExperimentalWarning: stripTypeScriptTypes is an experimental feature and might change at any time
(Use `node --trace-warnings ...` to show where the warning was created)
✔ VehicleCommand: JSON roundtrip, immutable defensive copy (2.7157ms)
✔ VehicleCommand: rejects all nonfinite numeric leaves (2.1991ms)
✔ VehicleCommand: rejects unknown shape, extra/missing fields, unsupported versions (1.1229ms)
✔ VehicleState: JSON roundtrip, immutable defensive copy (0.531ms)
✔ VehicleState: rejects all nonfinite numeric leaves (3.6439ms)
✔ VehicleState: rejects unknown shape, extra/missing fields, unsupported versions (0.764ms)
✔ Ride: JSON roundtrip, immutable defensive copy (0.4677ms)
✔ Ride: rejects all nonfinite numeric leaves (0.7823ms)
✔ Ride: rejects unknown shape, extra/missing fields, unsupported versions (0.8915ms)
✔ SimulationEvent: JSON roundtrip, immutable defensive copy (0.6998ms)
✔ SimulationEvent: rejects all nonfinite numeric leaves (0.4899ms)
✔ SimulationEvent: rejects unknown shape, extra/missing fields, unsupported versions (0.4213ms)
✔ InterventionSegment: JSON roundtrip, immutable defensive copy (1.0431ms)
✔ InterventionSegment: rejects all nonfinite numeric leaves (12.355ms)
✔ InterventionSegment: rejects unknown shape, extra/missing fields, unsupported versions (1.1314ms)
✔ TelemetrySample: JSON roundtrip, immutable defensive copy (0.3583ms)
✔ TelemetrySample: rejects all nonfinite numeric leaves (5.3943ms)
✔ TelemetrySample: rejects unknown shape, extra/missing fields, unsupported versions (0.5353ms)
✔ DrivingProfile: JSON roundtrip, immutable defensive copy (0.8155ms)
✔ DrivingProfile: rejects all nonfinite numeric leaves (1.5617ms)
✔ DrivingProfile: rejects unknown shape, extra/missing fields, unsupported versions (0.7109ms)
✔ ParameterEvidence: JSON roundtrip, immutable defensive copy (0.1502ms)
✔ ParameterEvidence: rejects all nonfinite numeric leaves (0.3289ms)
✔ ParameterEvidence: rejects unknown shape, extra/missing fields, unsupported versions (1.7587ms)
✔ unknown data never executes getters or coercion; inherited fields/symbols/sparse arrays rejected (0.9597ms)
✔ vehicle normalized controls, tick identity, quaternion and enums (0.6255ms)
✔ ride terminal metadata and assignment chronology (0.4926ms)
✔ all event discriminants roundtrip with their specific validated payload (2.2595ms)
✔ event payload discrimination, entity references and reset/activation chronology (0.5563ms)
✔ segments reject mode eligibility, mismatched world/vehicle/source, unordered ticks and partial closure (1.5108ms)
✔ profiles preserve unknown observations and reserved data without fabricated evidence (0.7989ms)
✔ current design catalog can be carried structurally without implementing its parameter registry (2.6962ms)
(node:38980) ExperimentalWarning: stripTypeScriptTypes is an experimental feature and might change at any time
(Use `node --trace-warnings ...` to show where the warning was created)
✔ composition publishes the exact COLLISION variant once for actual admitted step serials (8.6373ms)
✔ foreign session and epoch are rejected at constructor before any native step (0.6831ms)
✔ accepted listener errors are inspected with bounded diagnostics and never retried as effects (1.0436ms)
✔ capacity failure keeps exact suffix and blocks newer physics before it advances (0.5298ms)
✔ publisher failure after acceptance retries stable duplicate identity without repeating effects (0.3815ms)
✔ listener removal/reuse discards later stale incidents and adapter reentry is fenced (0.3763ms)
✔ native serial and tick fences reject fake captures, duplicated physics and external advances (0.5046ms)
✔ real epoch reset restores new owner and disposal releases all episode/pending ownership (0.5338ms)
✔ prepared admission is idempotent and cannot relabel the physical tick (0.3798ms)
✔ pending publication cannot admit physics advanced by a listener (0.4868ms)
(node:76720) ExperimentalWarning: stripTypeScriptTypes is an experimental feature and might change at any time
(Use `node --trace-warnings ...` to show where the warning was created)
✔ duplicates and retries consume each identity once even after listeners fail (2.3405ms)
✔ stable declared order, type filtering and publication order within tick (1.0842ms)
✔ unsubscribe is idempotent and immediate; subscribe during dispatch starts next event (0.4706ms)
✔ rejects invalid, stale, foreign and late events without consuming capacity (1.6142ms)
✔ dedup is fail-closed at capacity; epoch invalidation rejects retired worlds (0.7034ms)
✔ reentrant publication and lifecycle changes fail before nested effects (0.8546ms)
✔ validated copies are immutable and owned; resources are capped and disposed (0.5908ms)
(node:81280) ExperimentalWarning: stripTypeScriptTypes is an experimental feature and might change at any time
(Use `node --trace-warnings ...` to show where the warning was created)
✔ 30/60 frame schedules preserve tick-addressed commands and duration over ten simulated minutes (419.1034ms)
✔ first frame anchors time; fractional boundaries produce previous/current interpolation (0.3393ms)
✔ catchup executes at most four constant steps and retains the rest of debt (0.3278ms)
✔ overload pauses before steps; explicit recovery drains preserved debt without new wall time (0.5691ms)
✔ 250 ms threshold is inclusive and a larger debt explicitly overloads (0.2092ms)
✔ manual and background pauses exclude stopped time and retain fractional debt (0.3248ms)
✔ pause accounts only the active interval to its boundary, and recovery can itself pause (0.5328ms)
✔ invalid or regressing clocks are rejected without poisoning clock or loop state (0.7321ms)
✔ snapshot ownership is defensive, nested immutable and safe after later steps/disposal (0.461ms)
✔ step/capture/interpolate failures are explicit terminal faults and never retry an executed step (0.5028ms)
✔ reentrant operations are rejected; uncaught reentrancy produces a fault (0.2594ms)
✔ snapshot plain-tree boundary rejects accessors/cycles/exotic objects; null snapshots are valid (0.3447ms)
✔ initial tick keeps addressed identity while elapsed simulated time starts at zero (0.1935ms)
(node:41056) ExperimentalWarning: stripTypeScriptTypes is an experimental feature and might change at any time
(Use `node --trace-warnings ...` to show where the warning was created)
✔ five-repeat medians/ranges preserve paired negative observer deltas and counters (5.7061ms)
✔ unsupported/pending GPU remains null; partial availability reports actual repetitions (1.3318ms)
✔ rejects smoke, interrupted protocol, invalid dimensions and lost focus (8.35ms)
✔ rejects missing/duplicate pairs and inconsistent/nonfinite sample statistics (2.4018ms)
✔ rejects hardware/profile/build/digest inconsistency and wrong phase attribution (2.5664ms)
✔ phase wall delta does not invalidate a full RAF duration when callback latencies differ (0.7267ms)
✔ explicit-path CLI emits one compact JSON record, rejects invalid input, and never rewrites evidence (458.4471ms)
(node:81332) ExperimentalWarning: stripTypeScriptTypes is an experimental feature and might change at any time
(Use `node --trace-warnings ...` to show where the warning was created)
✔ nearest rank percentiles, histogram and strict budget on known data (1.7802ms)
✔ collector caps allocations, reports overflow and rejects lifecycle misuse (1.4123ms)
✔ disabled collector allocates no sample buffers and unavailable APIs never become zero (0.2103ms)
✔ reports require five complete pairs, own metadata, preserve missing data and reject nonfinite values (3.5351ms)
✔ hardware baseline rejects short durations, overflow and missing pair identity (0.8707ms)
(node:99068) ExperimentalWarning: stripTypeScriptTypes is an experimental feature and might change at any time
(Use `node --trace-warnings ...` to show where the warning was created)
✔ headless: advances 12 ticks and captures states/events without renderer (2.1847ms)
✔ zero ticks captures initial state and validates seed/tick boundaries (0.6886ms)
✔ capture owns copies even when an adapter reuses mutable state and events (0.2693ms)
✔ scenario oracle rejects corrupted state and event evidence (1.282ms)
(node:53144) ExperimentalWarning: stripTypeScriptTypes is an experimental feature and might change at any time
(Use `node --trace-warnings ...` to show where the warning was created)
✔ versioned identity and RNG golden vectors fix encoding and algorithm (3.1672ms)
✔ IDs preserve boundaries, namespace, kind and exact Unicode code units (0.399ms)
✔ inserted events and reversed evaluation preserve addressed opportunity samples (0.9531ms)
✔ seed scopes and sample purpose/index distinguish fixed fixtures (0.2956ms)
✔ JSON restart reproduces samples from version, seed, purpose and index only (0.273ms)
✔ unit samples are exact uint32 fractions in the half-open unit interval (13.3904ms)
✔ unknown invalid inputs fail without coercion or accessor execution (1.6681ms)
(node:107044) ExperimentalWarning: stripTypeScriptTypes is an experimental feature and might change at any time
(Use `node --trace-warnings ...` to show where the warning was created)
✔ DOM press hold/repeat/release are bounded and raw keys mapW/S/A/D/Space (3.6124ms)
✔ blur visibility editable/modal/disabled state flushes keys; repeats never restore lostinput (0.9736ms)
✔ modifiers and composition do not consume editable keyboardshortcuts or leave throttle active (0.4783ms)
✔ twenty binding/filter ownershipcycles release sixlisteners and retain noinputframes (2.4857ms)
(node:91836) ExperimentalWarning: stripTypeScriptTypes is an experimental feature and might change at any time
(Use `node --trace-warnings ...` to show where the warning was created)
✔ 80 unique keys, 24 M targets; planned stages grant no capabilities (3.4721ms)
✔ every key validates default, inclusive bounds, canonical unit and finite range (9.0405ms)
✔ publication gate rejects LEARNED and manual tuning for all unsupported keys (18.8945ms)
✔ publication gate rejects unknown keys, wrong units and invalid ranges for all provenance (0.6092ms)
✔ publication retains structural evidence and provenance checks and roundtrip (0.3694ms)
✔ malformed catalog rejects schema, shape, duplicate/unknown keys and invalid definitions (12.9011ms)
✔ registry and parsed catalog are defensive immutable data (1.5312ms)
✔ generated runtime catalog is synchronized with canonical JSON (411.5553ms)
(node:33560) ExperimentalWarning: stripTypeScriptTypes is an experimental feature and might change at any time
(Use `node --trace-warnings ...` to show where the warning was created)
✔ GLB preflight accepts original embedded geometry and bounds decoded bytes (1.9994ms)
✔ GLB header and truncated JSON reject before Babylon resource creation (0.3452ms)
✔ embedded PNG size is admitted before decode and oversized dimensions reject (0.3976ms)
✔ geometry primitive vertex budget rejects before Babylon (1.4031ms)
(node:35784) ExperimentalWarning: stripTypeScriptTypes is an experimental feature and might change at any time
(Use `node --trace-warnings ...` to show where the warning was created)
✔ WebGPU preferred, scene owned, disposal exactly once in dependency order (1.8287ms)
✔ unavailable or throwing support check uses only WebGL2 (0.8814ms)
✔ WebGL2 preference skips WebGPU support completely (0.2547ms)
✔ init failure cleans engine before fallback on a distinct canvas (0.36ms)
✔ scene failure reconstructs a new scene after disposing all tentative resources (0.2625ms)
✔ both fail with recoverable aggregate; cleanup exceptions do not stop engine/canvas release (0.657ms)
(node:33392) ExperimentalWarning: stripTypeScriptTypes is an experimental feature and might change at any time
(Use `node --trace-warnings ...` to show where the warning was created)
✔ fixed ring retains recent values, exact percentiles and bounded numeric bytes (2.0379ms)
✔ missing timers stay unavailable; fresh measured GPU zero remains valid (0.3268ms)
✔ disabled collector performs no admission and reenabling starts a fresh window (0.4414ms)
✔ counter projections are copied/frozen and invalid capacity/counters reject (0.3404ms)
(node:91248) ExperimentalWarning: stripTypeScriptTypes is an experimental feature and might change at any time
(Use `node --trace-warnings ...` to show where the warning was created)
✔ error then retry, one frame/resize subscription, idempotent disposal (1.5071ms)
✔ concurrent retry is coalesced; dispose during pending initialization releases late backend (0.5557ms)
✔ render failure stops loop, cleans resources and exposes retry (0.4537ms)
✔ cleanup failures clear every owner and still permit retry (2.1152ms)
✔ synchronous factory failure does not poison the pending retry promise (0.271ms)
BJS - [02:13:24]: Babylon.js v9.29.0 - Null engine
BJS - [02:13:24]: Babylon.js v9.29.0 - Null engine
BJS - [02:13:24]: Babylon.js v9.29.0 - Null engine
BJS - [02:13:24]: Babylon.js v9.29.0 - Null engine
✔ explicit DPR caps/resolution scaling, immutable limits and invalid input rejection (1.927ms)
✔ adaptive windows require GPU evidence, hysteresis/cooldown and manual override (2.2508ms)
✔ daylight quality switches preserve materials/signals/domain and release shadows without accumulation (82.9067ms)
✔ bounded caster registry and atomic quality validation (13.2046ms)
✔ removed active caster is refilled deterministically; foreign/disposed meshes rejected (6.0485ms)
✔ automatic presentation port applies GPU downgrade and manual preferences stop it (10.4938ms)
(node:98864) ExperimentalWarning: stripTypeScriptTypes is an experimental feature and might change at any time
(Use `node --trace-warnings ...` to show where the warning was created)
BJS - [02:13:24]: Babylon.js v9.29.0 - Null engine
BJS - [02:13:24]: Babylon.js v9.29.0 - Null engine
BJS - [02:13:24]: Babylon.js v9.29.0 - Null engine
BJS - [02:13:24]: Babylon.js v9.29.0 - Null engine
✔ manifest rejects cumulative first-ride/decoder/GPU/shader budgets without confusing transfer with residency (3.1821ms)
✔ local LOD batches preserve picking after motion/removal/reorder, copy inputs and dispose owned resources (39.6584ms)
✔ two LOD hosts admit identity capacity atomically before changing any matrix/count (6.2994ms)
✔ LOD retains near detail when a large scaled source reaches the camera (5.089ms)
✔ twenty static material lifecycle cycles plateau; capacity admission preserves existing batches (41.0802ms)
(node:85344) ExperimentalWarning: stripTypeScriptTypes is an experimental feature and might change at any time
(Use `node --trace-warnings ...` to show where the warning was created)
(node:20504) ExperimentalWarning: stripTypeScriptTypes is an experimental feature and might change at any time
(Use `node --trace-warnings ...` to show where the warning was created)
✔ known tick midpoint, endpoints, wheel continuous rotations and frozen authority (2.3766ms)
✔ fixed loop alpha drives render projection without altering the captured body (1.9037ms)
✔ shortest arc slerp of orientations and equivalent negative quaternion (1.2072ms)
✔ missing, reset, reused, skipped and backwards snapshots snap to current (0.4997ms)
✔ alpha clamps, nonfinite snaps, invalid snapshot rejected before presentation (0.6841ms)
(node:67248) ExperimentalWarning: stripTypeScriptTypes is an experimental feature and might change at any time
(Use `node --trace-warnings ...` to show where the warning was created)
✔ visual boundary accepts readonly domain pose without changing it (1.209ms)
✔ visual identity validates epochs at presentation boundary (0.2913ms)
(node:17672) ExperimentalWarning: stripTypeScriptTypes is an experimental feature and might change at any time
(Use `node --trace-warnings ...` to show where the warning was created)
✔ selection changes only camera, target identity is independent of authority (1.9504ms)
✔ damping is time-based, stable zero-motion and speed-dependent distance brakes inward (0.7196ms)
✔ driver eye is inside cabin and follows turn/roll exactly with adjustable FOV (2.1004ms)
✔ look clamps and recenter, reuse resets visual damping and look (0.4281ms)
✔ expanded-AABB sphere sweep prevents thin-wall tunneling and corrects start penetration (0.4969ms)
✔ collision correction runs after damping and on motion path, fail-safe and invalid input (0.4662ms)
BJS - [02:13:24]: Babylon.js v9.29.0 - Null engine
BJS - [02:13:24]: Babylon.js v9.29.0 - Null engine
BJS - [02:13:24]: Babylon.js v9.29.0 - Null engine
BJS - [02:13:24]: Babylon.js v9.29.0 - Null engine
BJS - [02:13:24]: Babylon.js v9.29.0 - Null engine
BJS - [02:13:24]: Babylon.js v9.29.0 - Null engine
✔ nearest mesh/root and ordinary instance identities remain distinct; decor blocks (25.9286ms)
✔ thin batch maps real ray hit index, remaps atomically, and rejects stale count (6.1353ms)
✔ foreign/disposed objects, malformed IDs and capacity are rejected without destructive replacement (9.2871ms)
✔ optional013 resolver maps descendants while thin instances never inherit host identity (4.3157ms)
✔ native pointer scans are disabled and restored; disposed picker does not scan (1.0263ms)
✔ input maps CSS to render pixels once; move is scan-free; modal/drag/cancel/UI/cleanup block clicks (8.0573ms)
✔ hover is explicit opt-in, disabled/modal state prevents scans (1.8445ms)
✔ hardware scaling and aggregate thin capacity retain correct identity (6.9261ms)
(node:57236) ExperimentalWarning: stripTypeScriptTypes is an experimental feature and might change at any time
(Use `node --trace-warnings ...` to show where the warning was created)
(node:29540) ExperimentalWarning: stripTypeScriptTypes is an experimental feature and might change at any time
(Use `node --trace-warnings ...` to show where the warning was created)
✔ defaults and valid alternate settings round-trip as deeply frozen owned data (3.6831ms)
✔ all control sliders enforce finite UI domains, FOV degrees and version bounds (2.2322ms)
✔ binding conflicts, unknown actions and unsupported keys are rejected (0.568ms)
✔ units, quality and launch configuration reject invalid or learned fields (1.3052ms)
✔ data readers reject accessors and exotic objects without executing getters (0.9604ms)
✔ replacement is atomic, owns input copies and enforces player/control version (2.1318ms)
✔ reset restores settings independently and cannot touch profiles or progression (1.8416ms)
✔ revision exhaustion rejects reset without changing the snapshot (2.8206ms)
✔ quality and launch reset preserve control identity and stay independent of population (1.3809ms)
(node:91696) ExperimentalWarning: stripTypeScriptTypes is an experimental feature and might change at any time
(Use `node --trace-warnings ...` to show where the warning was created)
✔ cooperative synthetic route jobs match original exact path/blocked reference across all fixture lane pairs (20.6969ms)
(node:44392) ExperimentalWarning: stripTypeScriptTypes is an experimental feature and might change at any time
(Use `node --trace-warnings ...` to show where the warning was created)
✔ unscheduled before reference preserves exact authoritative trace across30/60/120synthetic render clocks (7.6996ms)
✔ before hitch pauses without a step, retains debt and recovers only real60Hzsteps capped at4 (0.9677ms)
✔ before background pause excludes stopped wall time; selection and blockage urgent callbacks bypass periodic slot (3.4535ms)
✔ actual044before fixture admits all70/110actors and source tick matches each fresh decision (274.1315ms)
✔ synthetic route job consults actual directed successors and never returns a blocked destination (4.5431ms)
(node:51276) ExperimentalWarning: stripTypeScriptTypes is an experimental feature and might change at any time
(Use `node --trace-warnings ...` to show where the warning was created)
✔ stable entity phases retain10Hz counts across insertion order and30/60/120render clocks; physics/input remain identical (18.4906ms)
✔ urgent input runs immediately, coalesces due decisions, and publication urgency waits only next relevant physicaltick (0.5004ms)
✔ decisionTick never restamps latest committed044context sourceTick; urgent input is independent of source age (77.3472ms)
✔ adversarial same-phase identities are all processed, while every offcamera actor receives all controllers (1.6341ms)
✔ real008hitch/background debt, max4steps and explicit overload are preserved by scheduler composition (1.3156ms)
✔ pending028publication admission refusal faults before input/control/physics and cannot commit a nominal noop tick (0.6632ms)
✔ invalid/staleclock admission preserves state; callback/async/reentrant errors are terminal without retry (0.9977ms)
✔ actor scheduleridentity ownership fences staleincarnations/removal/epoch callbacks and urgentreuse (0.6473ms)
✔ finiteactor and1024ledger admission never truncates; hostile getters/densearray prototypes are rejected atomically (10.8114ms)
✔ routework admission is finite, priority deterministic, at most4cooperative slices and1residenttask per tick (2.1354ms)
✔ routecache uses graph/cost/access/origin/destination; blocked results reuse only matching versions (0.7542ms)
✔ a cached different target cannot bypass an actor pending route (0.9831ms)
✔ malformed factory tasks clean valid own disposal once without reading accessors (0.8006ms)
✔ deduplicated route urgency promotes waiting normal work; injected object methods preserve their receiver (0.7396ms)
✔ pendingroutecapacity/cancel/expiry and actorremoval cleanup retain explicit terminal outcomes without stalepublish (6.8535ms)
✔ routepath/source validation and taskfailure are terminal; task cleanup is attempted once at lifecycle boundary (0.9818ms)
✔ 64entryroutecache evicts deterministically and reset/dispose20cycles clear all owned queues/cache/ledger (4.0153ms)
(node:79920) ExperimentalWarning: stripTypeScriptTypes is an experimental feature and might change at any time
(Use `node --trace-warnings ...` to show where the warning was created)
✔ opaque fractional/subnormal handles are fenced by exact registration, without tombstones (2.5892ms)
✔ admission caps subscriptions and active entities before registration (2.3711ms)
✔ old unsubscribe never decrements subscriptions belonging to a reused entity (0.3178ms)
✔ dispatch rejects stale ticks, removal/recreation and reentrant newer publication (0.3442ms)
✔ conversions copy SI values and quaternion exactly; invalid quaternion is rejected (0.3941ms)
✔ same-tick reentrant publication delivers only the fresh state to later callbacks (0.5599ms)
(node:58776) ExperimentalWarning: stripTypeScriptTypes is an experimental feature and might change at any time
(Use `node --trace-warnings ...` to show where the warning was created)
✔ contact array permutations preserve canonical registration-pair delivery order (3.931ms)
✔ canonical owned registrations fence copied tokens, handle/ID reuse and another world (1.1794ms)
✔ kind and ID admission reject before registration consumes a serial (0.6307ms)
✔ reversed pairs and multiple manifolds emit once with summed SI impulse and deterministic primary (0.6876ms)
✔ persistent contacts do not reemit after cooldown; separation recontact includes boundary (1.8023ms)
✔ cooldown inclusive onset boundary and zero-tick cooldown still require separation (0.6884ms)
✔ invalid contacts, accessor/prototype arrays and capacity overflow leave tick and episodes atomic (0.6698ms)
✔ publisher errors retain exact failed suffix and forbid new ticks until accepted-prefix retry (0.4745ms)
✔ pending and separated-history caps each reject an entire update before state changes (0.5709ms)
✔ strict finite option admission and synchronous publisher contract reject malformed values (0.6179ms)
✔ separated cooldown history expires exactly at boundary before admitting a different pair (0.3841ms)
✔ consecutive snapshot admission rejects unobserved gaps without inventing contact continuity (0.324ms)
✔ session namespace differentiates otherwise identical incident keys and admits bounded IDs upfront (0.5632ms)
✔ callback removal/reuse cancels stale pending; reentrant core mutation is fenced (0.4226ms)
✔ obstacle pairs ignored; epoch reset/new owner and disposal clear bounded state (0.4594ms)
(node:40100) ExperimentalWarning: stripTypeScriptTypes is an experimental feature and might change at any time
(Use `node --trace-warnings ...` to show where the warning was created)
✔ actual Rapier wall impact emits one positive SI impulse for the mapped episode (331.7604ms)
✔ actual Rapier cars impact emits one positive SI impulse for the mapped episode (50.817ms)
✔ positive predictive gap with zero impulse beyond native resting tolerance produces no incident (10.8132ms)
✔ native sustained contact, controlled separation and recontact emit only qualifying episode onsets (53.1256ms)
✔ native ground, sensor and anonymous obstacle contacts have no invented mapped incidents (4.2618ms)
✔ named obstacle–obstacle physical contacts are excluded without a vehicle participant (0.7821ms)
✔ native removal/reuse maps exact collider identity and releases static/dynamic/controller ownership (24.885ms)
✔ named identity and native shape admission reject without allocation or serial consumption (1.3156ms)
✔ vehicle input getters never execute and boundary reentrancy cannot retire a valid registration (2.9717ms)
(node:108148) ExperimentalWarning: stripTypeScriptTypes is an experimental feature and might change at any time
(Use `node --trace-warnings ...` to show where the warning was created)
✔ AUTO target realizes fresh commands for exactly six physical ticks and expires (5.7392ms)
✔ same-tick takeover ignores valid old AI, dominates throttle with brake, and PLAYER never holds (0.7184ms)
✔ authority transfers atomically between two PLAYER candidates (0.6214ms)
✔ malformed, duplicate, stale world/tick/token and oversized batches reject before all effects (0.7499ms)
✔ proxy replacement during admission cannot command an ID-reused native body (0.831ms)
✔ suspend flushes targets; readback is historical, resume starts neutral; reset is new owner (1.1873ms)
✔ fault after actuation is terminal and is never retried or claimed rolled back (0.4307ms)
✔ reentrant mutation from the actuation port is rejected (0.6271ms)
✔ native handbrake sets rear impulse caps and rejects malformed whole batch before setters (335.5495ms)
✔ PLAYER 60Hz and AUTONOMY 10Hz realize identical actual Rapier trajectories for both classes (366.7416ms)
✔ twenty native ownership cycles retain at most 110 entries and release all 880 subscriptions (205.3942ms)
✔ rear handbrake reduces speed and distance from a repeatable moving start versus coast (22.9296ms)
✔ actual fixed-tick composition at 30/60/144 presentation Hz produces identical 60Hz commands and pose (84.2551ms)
(node:22340) ExperimentalWarning: stripTypeScriptTypes is an experimental feature and might change at any time
(Use `node --trace-warnings ...` to show where the warning was created)
✔ explicit direction intent preserves legacy schemas and rejects malformed extra fields/getters (2.3206ms)
✔ forward motion never gets reverse propulsion; full total-speed dwell precedes gear engagement (8.1232ms)
✔ interrupted dwell, opposite request, handbrake and service brake cannot smuggle a shift or force (0.5771ms)
✔ 027 keyboard preserves raw digital braking and isolates directional ramps from025 (1.9938ms)
✔ controller opt-in, whole-batch validation and suspend/authority reset guard direction state (325.0448ms)
✔ native heldS brakes, reverses only after dwell, and heldW symmetrically returns forward on both classes (130.8784ms)
✔ native rear handbrake changes a moving turn without changing mechanics or creating non-finite state (167.653ms)
✔ bounded state survives20 full-capacity ownership cycles without stale-token or history retention (29.3464ms)
(node:107408) ExperimentalWarning: stripTypeScriptTypes is an experimental feature and might change at any time
(Use `node --trace-warnings ...` to show where the warning was created)
✔ legacy mapping remains readable and requires explicit immutable revision upgrade (5.6657ms)
✔ finite monotone slider rates have positive endpoints and bounded symmetric speed attenuation (4.1788ms)
✔ raw digital input and tick-filtered commands are distinct immutable snapshots (5.4576ms)
✔ opposed steering is neutral; raw W+S is retained while brake dominates command throttle (0.524ms)
✔ focus clear discards held keys and ramp residuals immediately without stale repeat state (0.8882ms)
✔ invalid frame leaves tick and ramps unchanged and getters are never called (0.5221ms)
✔ preferences apply at exactly next tick, clear input and enforce revision and one pending snapshot (1.4859ms)
✔ high-speed envelope clamps existing steering and signed velocity is symmetric (1.091ms)
✔ actual native keyboard composition produces identical commands/physics at30/60/144 render cadences (573.6824ms)
(node:30208) ExperimentalWarning: stripTypeScriptTypes is an experimental feature and might change at any time
(Use `node --trace-warnings ...` to show where the warning was created)
✔ real Rapier readback drives Babylon Matrix: translated +90Y, +Z becomes +X, velocity stays SI (113.6387ms)
✔ 20 full-capacity create/remove cycles release controllers, colliders, maps and callbacks (504.3926ms)
✔ callback removes a body during dispatch and another world rejects its old token (3.2006ms)
✔ same-tick nested Rapier publication fences stale callbacks and later bodies in outer batch (0.9787ms)
(node:34220) ExperimentalWarning: stripTypeScriptTypes is an experimental feature and might change at any time
(Use `node --trace-warnings ...` to show where the warning was created)
✔ braking curves are speed squared, brake strength and grip dependent (483.8244ms)
✔ curb suspension, car collision transfer and CCD wall remain finite (81.6011ms)
✔ steering changes trajectory under low and high grip (21.9517ms)
✔ identical 60Hz physics at 30/60/144 render FPS, including settings (53.9774ms)
✔ many-contact fixture retains cars and simplified colliders outside camera (2569.9819ms)
✔ invalid batch is rejected before applying commands; caps prevent admission (1.68ms)
(node:67164) ExperimentalWarning: stripTypeScriptTypes is an experimental feature and might change at any time
(Use `node --trace-warnings ...` to show where the warning was created)
✔ mechanical catalog is immutable/versioned and excluded from player preferences (2.032ms)
✔ two actual Rapier classes differ in acceleration, braking and same-flat-scene turning (578.2641ms)
✔ Rapier native mass, wheel geometry and controls match classes including orientation and power caps (16.9482ms)
✔ 20 mixed-class lifecycle cycles preserve vehicle and subscription caps, remove/recreate cleanup (181.8632ms)
(node:99764) ExperimentalWarning: stripTypeScriptTypes is an experimental feature and might change at any time
(Use `node --trace-warnings ...` to show where the warning was created)
✔ global serial priority, cancel acknowledgement and restart publish once (8.5312ms)
✔ queue/bytes caps reject optional while protected capacity suspends without detachment (14.1627ms)
✔ pressure pending, idle resume, cancellation preserves exact protected evidence (2.214ms)
✔ optional lease bounded history, errors and disposal release ownership (13.5885ms)
✔ deferred persistence ingress is separately bounded at a full execution queue (1.4145ms)
✔ operation identity distinct, completed durable proposals do not execute twice (2.597ms)
✔ dispose during deferred retention preserves evidence and releases ingress reservations (57.0492ms)
✔ cancel during async protected completion retains evidence without recoverable result (6.7694ms)
✔ persistence failure never publishes, observer exceptions do not leak ownership (0.6032ms)
✔ dispose during async completion withdraws proposal while retaining evidence (1.1548ms)
(node:99764) ExperimentalWarning: stripTypeScriptTypes is an experimental feature and might change at any time
(Use `node --trace-warnings ...` to show where the warning was created)
✔ real worker transfer leaves live buffers attached and preempts between slices (151.6295ms)
(node:54176) ExperimentalWarning: stripTypeScriptTypes is an experimental feature and might change at any time
(Use `node --trace-warnings ...` to show where the warning was created)
✔ strict envelope validates identities, discriminants, bytes and controls (8.7565ms)
✔ late, duplicate, out-of-order and mismatched packets cannot publish (1.3199ms)
✔ cancel sends one control, late result remains cancelled; worker errors release capacity (0.74ms)
✔ queue/history/bytes/age stay bounded and do not silently admit protected work (8.4739ms)
✔ runtime throttles progress at 5Hz and disposes task resources (11.5224ms)
(node:54176) ExperimentalWarning: stripTypeScriptTypes is an experimental feature and might change at any time
(Use `node --trace-warnings ...` to show where the warning was created)
✔ real worker yields to cancellation, runs next job, transfers buffers and handles task failure (151.2642ms)
ℹ {"cancelMs":6.84699999999998,"trackedJobs":0,"trackedBytes":0}
✔ cleanup and progress observer exceptions cannot block later jobs (7.2734ms)
✔ runtime watermark rejects old replay after history eviction; byte cap rejects excessive queue (7.5576ms)
✔ parser rejects nonenumerable identities and fields without invoking getters (0.265ms)
(node:8972) ExperimentalWarning: stripTypeScriptTypes is an experimental feature and might change at any time
(Use `node --trace-warnings ...` to show where the warning was created)
✔ swept traversal detects a zone and stop line even when both endpoints are outside (9.939ms)
✔ empty, hidden, inactive or geometrically irrelevant pedestrians create no exposure (4.4034ms)
✔ obstacles have separate identities and do not count as pedestrian exposure (2.5863ms)
✔ stationary points, tangential travel and line departure do not duplicate a crossing (2.7044ms)
✔ concave polygons use their actual footprint rather than bounding boxes (1.3892ms)
✔ data is owned/frozen; observations remain bounded and input failures are explicit (1.5092ms)
✔ capacity retains every relevant observation and never truncates a last pedestrian (11.3151ms)
(node:59284) ExperimentalWarning: stripTypeScriptTypes is an experimental feature and might change at any time
(Use `node --trace-warnings ...` to show where the warning was created)
✔ cross separates perpendicular crossing from parallel opposing travel (12.8345ms)
✔ T crossing, shared entry, and separated turns produce different relations (4.6786ms)
✔ turn merges are explicit semantic conflicts and separated right turns remain compatible (3.7631ms)
✔ authored conflict zones remain independent from geometry and never imply priority (1.5447ms)
✔ stable identities symmetric queries, readonly snapshots and bounded retained state (6.3615ms)
✔ corridor width, tangency, collinear overlap and bridge height are explicit geometric semantics (0.4635ms)
✔ invalid data/options fail rather than silently dropping semantic conflicts (1.7219ms)
✔ geometry construction budget aborts explicitly on authored pathological paths (1150.9452ms)
✔ pair capacity rejects the whole map before quadratic geometry, never truncates conflicts (25.3568ms)
✔ shared authored geometry reuses immutable trajectories and zone arrays (1.0272ms)
(node:97736) ExperimentalWarning: stripTypeScriptTypes is an experimental feature and might change at any time
(Use `node --trace-warnings ...` to show where the warning was created)
✔ one-way topology never invents reverse edges or undeclared turns (8.1244ms)
✔ parallel neighbors and all edges respect source/destination access classes (2.5037ms)
✔ REVERSE reverses geometry, direction, progress and allowed successors (1.7365ms)
✔ current lane uses directed polyline projection/width/height and no meshes; off-graph remains null (2.2822ms)
✔ intersection gaps do not fabricate lanes from movement or visual geometry (1.2605ms)
✔ deterministic ambiguity ties ignore lane input order; heading disambiguates (3.2395ms)
✔ owned graph data/projections are frozen and unaffected by caller mutations (2.0115ms)
✔ unknown IDs return empty results; invalid queries/maps/classes fail before execution (2.3157ms)
✔ schema-size ring remains finite and loop-safe without recursive graph traversal (180.4433ms)
✔ height and slope distinguish an overpass from overlapping planar geometry (2.4283ms)
✔ bounded index matches exhaustive projection and oversized geometry always uses complete fallback (14.1174ms)
✔ spatial reference capacity falls back without dropping a permitted lane (28.416ms)
(node:96000) ExperimentalWarning: stripTypeScriptTypes is an experimental feature and might change at any time
(Use `node --trace-warnings ...` to show where the warning was created)
✔ minimal semantic map is deterministic and deeply immutable (16.7241ms)
✔ rejects duplicate geometry ID (1.7779ms)
✔ rejects duplicate semantic ID (1.0732ms)
✔ rejects dangling geometry node (1.1785ms)
✔ rejects dangling lane geometry (27.411ms)
✔ rejects duplicate successor (5.6696ms)
✔ rejects dangling successor (1.7773ms)
✔ rejects self successor (1.4634ms)
✔ rejects direct continuation opposite endpoints (1.1223ms)
✔ rejects intersection directed endpoint outside footprint (3.7794ms)
✔ rejects intersection omitted membership (2.3936ms)
✔ rejects intersection dangling membership (1.1437ms)
✔ rejects movement missing successor (2.1202ms)
✔ rejects successor without movement (1.0577ms)
✔ rejects movement endpoint direction (0.7281ms)
✔ rejects movement incoming to incoming (0.742ms)
✔ rejects dangling conflict zone (1.4428ms)
✔ rejects duplicate movement pair (0.7647ms)
✔ rejects neighbor dangling (1.3508ms)
✔ rejects neighbor self (0.5878ms)
✔ rejects neighbor not reciprocal (0.4357ms)
✔ rejects signal dangling intersection (0.941ms)
✔ rejects phase unknown movement (1.0982ms)
✔ rejects phase repeated assignment (0.6053ms)
✔ rejects phase incomplete (4.8772ms)
✔ rejects stop dangling lane (1.5582ms)
✔ rejects stop wrong anchor (1.395ms)
✔ rejects stop signal absent (0.9394ms)
✔ rejects stop signal dangling (3.4487ms)
✔ rejects STOP missing intersection (1.2211ms)
✔ rejects crosswalk wrong stop kind (2.3904ms)
✔ rejects crosswalk lane not covered (0.9397ms)
✔ rejects crosswalk orphan stop (3.3606ms)
✔ rejects service wrong anchor (1.4684ms)
✔ rejects service anchor outside area bbox (3.4506ms)
✔ rejects service inaccessible class (1.3627ms)
✔ rejects service unreachable graph (0.9262ms)
✔ rejects recovery dangling node (1.1678ms)
✔ rejects recovery off lane (2.1277ms)
✔ rejects bounds reversed (1.5358ms)
✔ rejects position out of bounds (0.8029ms)
✔ rejects path zero length alias (0.6455ms)
✔ rejects area degenerate (0.4679ms)
✔ rejects width zero (0.4862ms)
✔ rejects access repeated (0.7536ms)
✔ signal programs permit separated movement phases and reject conflicting simultaneous greens (3.2689ms)
✔ class-specific connectivity ignores lanes inaccessible to that class (2.1471ms)
✔ neighbors require reciprocal links and compatible directed corridors (2.3973ms)
✔ errors carry offending ID, position and stable field path (1.3467ms)
✔ strict structure rejects hidden fields, accessors, prototypes, symbols and sparse arrays (3.4406ms)
✔ all numeric fields reject nonfinite data and numeric strings (97.2445ms)
✔ array capacity rejects before graph traversal and finite cycles terminate deterministically (1.4066ms)
✔ input mutations after parsing and rejected validation never alter published data (2.0417ms)
✔ STOP regulation and reversed stored geometry remain valid when their semantic direction agrees (0.7526ms)
✔ signal phases reject foreign-intersection movements and simultaneous merges (3.5975ms)
✔ structural field errors retain a validated object ID without executing accessors (0.5478ms)
(node:98364) ExperimentalWarning: stripTypeScriptTypes is an experimental feature and might change at any time
(Use `node --trace-warnings ...` to show where the warning was created)
✔ strict exhaustive authored policy roundtrips JSON; reciprocal queries return the same rule (17.7004ms)
✔ T-junction policy uses only its authored geometric straight and turning conflicts (4.4033ms)
✔ priority policy rejects omissions, contradictory pairs, wrong map, foreign winners and compatible geometry (15.2554ms)
✔ TTC uses metres/metres-per-second; stationary approach, occupying and cleared remain distinct (0.3882ms)
✔ absent/inactive/stationary-before-entry/cleared traffic never records refusal or yield (20.3318ms)
✔ eligible higher-priority traffic exposes blocked gap and one continuous hold records yield (6.6826ms)
✔ geometric crossing with actual priority exposure is observed; available gap produces no refusal evidence (8.3397ms)
✔ EQUAL stays unresolved and never invents a universal right-side or yielding obligation (2.8784ms)
✔ unknown traffic coverage/distance/route and discontinuity fail closed rather than reporting a safe gap (12.487ms)
✔ multiple opponents for one relation never duplicate the physical yield observation (8.0773ms)
✔ cumulative movement invalidates hold even when each small step is below tolerance (4.5744ms)
✔ new incarnation/epoch never inherits evidence; bounded history and tombstones fail closed (4.8434ms)
✔ malformed, duplicated, oversized and conflicting observations reject before history mutation (6.2515ms)
✔ active unobservable traffic masks known blocked pairs independently of actor ordering (8.3387ms)
✔ stationary at the conflict entry is occupying and cannot record a pre-entry yield (7.6409ms)
✔ a continuous sweep through full clearance retains actual occupied-priority crossing evidence (7.4547ms)
✔ simultaneous conflict pairs share one physical yield and changed exposure cannot inherit elapsed hold (10.1541ms)
(node:72988) ExperimentalWarning: stripTypeScriptTypes is an experimental feature and might change at any time
(Use `node --trace-warnings ...` to show where the warning was created)
✔ full cycles query only the selected movement and preserve exact tick boundaries (20.0265ms)
✔ phase state/events remain readonly and independent from caller map mutation (5.1932ms)
✔ GREEN phase validates geometric conflict despite missing shared-zone authoring (9.6834ms)
✔ fixed-tick loop pause and resume do not advance signal phases in wall time (7.5427ms)
✔ listener failures are returned once, reentry rejected, and retry same tick does not duplicate events (4.6791ms)
✔ event transport capacity failure retains a bounded transition and never advances time silently (2.8963ms)
✔ phase event JSON decoding is defensive and rejects malformed or ambiguous states (3.4753ms)
✔ single immutable phase emits no false change; fractional duration quantizes upward deterministically (2.7345ms)
✔ stale world is rejected even for a duplicate controller tick (3.1575ms)
✔ failed publication rejects signal queries until explicit retry/recovery (2.7603ms)
✔ multi-signal publication failure preserves accepted-prefix failures and retries only the remainder (6.5665ms)
(node:10680) ExperimentalWarning: stripTypeScriptTypes is an experimental feature and might change at any time
(Use `node --trace-warnings ...` to show where the warning was created)
✔ benchmark query identity sets match the brute oracle outside all timed measurements (991.653ms)
✔ normal/dense mutable query IDs match exhaustive geometry, including boundaries and overpasses (32.537ms)
✔ sphere tangency, negative boundaries, height, kind and exact identity exclusion (0.5247ms)
✔ concave prism rejects bounding-box false positives and preserves vertical corner tangencies (0.4374ms)
✔ moves remove old cells, remove/recreate identity fences and invalid updates are atomic (0.973ms)
✔ admission rejects before retained allocation; exhausted cell budgets use complete fallback (0.4486ms)
✔ all admitted dense-cell neighbors returned, independent of insertion order (1.3612ms)
✔ ownership snapshots frozen;20 reset/dispose cycles return bounded resources to zero (17.317ms)
✔ invalid query and polygon data never mutate ownership (0.4201ms)
(node:45052) ExperimentalWarning: stripTypeScriptTypes is an experimental feature and might change at any time
(Use `node --trace-warnings ...` to show where the warning was created)
✔ full stop uses observed consecutive dwell; crossing is a separate idempotent bus event (15.1437ms)
✔ rolling stop, slow reported speed with drift, and no-brake passage never fabricate FULL_STOP (12.6038ms)
✔ line contact permits stationary stop; actual forward passage then emits crossing exactly once (3.7624ms)
✔ speed threshold, far upstream and wrong heading cannot create complete-stop evidence (10.617ms)
✔ missing ticks, teleport, reverse crossing, height and finite line ends do not invent traversal (14.5779ms)
✔ stale/conflicting ticks, context and nonfinite data reject without advancing history (1.934ms)
✔ ID reuse cannot inherit stop evidence or admit a retired incarnation; real epoch resets history (2.394ms)
✔ bounded history fails closed; frozen map geometry and transverse direction stay stable (3.7613ms)
✔ directed reverse geometry and consecutive STOP lines preserve distinct opportunities (3.9746ms)
✔ calibration/accessor boundaries and long valid identities remain safe (2.1743ms)
ℹ tests 437
ℹ suites 0
ℹ pass 437
ℹ fail 0
ℹ cancelled 0
ℹ skipped 0
ℹ todo 0
ℹ duration_ms 4595.3191
npm notice
npm notice New major version of npm available! 11.19.0 -> 12.2.0
npm notice Changelog: https://github.com/npm/cli/releases/tag/v12.2.0
npm notice To update run: npm install -g npm@12.2.0
npm notice
