(node:49048) ExperimentalWarning: stripTypeScriptTypes is an experimental feature and might change at any time
(Use `node --trace-warnings ...` to show where the warning was created)
{"count":70,"pair":0,"observer":false,"maxCrossTrackM":0.5029957369236977}
{"count":70,"pair":0,"observer":true,"p95":2.1530000000002474,"maxCrossTrackM":0.5029957369236977}
{"count":70,"pair":1,"observer":true,"p95":2.163300000000163,"maxCrossTrackM":0.5029957369236977}
{"count":70,"pair":1,"observer":false,"maxCrossTrackM":0.5029957369236977}
{"count":70,"pair":2,"observer":false,"maxCrossTrackM":0.5029957369236977}
{"count":70,"pair":2,"observer":true,"p95":2.0751000000000204,"maxCrossTrackM":0.5029957369236977}
{"count":70,"pair":3,"observer":true,"p95":2.0936000000001513,"maxCrossTrackM":0.5029957369236977}
{"count":70,"pair":3,"observer":false,"maxCrossTrackM":0.5029957369236977}
{"count":70,"pair":4,"observer":false,"maxCrossTrackM":0.5029957369236977}
{"count":70,"pair":4,"observer":true,"p95":2.0487000000011903,"maxCrossTrackM":0.5029957369236977}
{"count":110,"pair":0,"observer":false,"maxCrossTrackM":0.5029957369236977}
{"count":110,"pair":0,"observer":true,"p95":3.4135000000023865,"maxCrossTrackM":0.5029957369236977}
{"count":110,"pair":1,"observer":true,"p95":3.2927999999992608,"maxCrossTrackM":0.5029957369236977}
{"count":110,"pair":1,"observer":false,"maxCrossTrackM":0.5029957369236977}
{"count":110,"pair":2,"observer":false,"maxCrossTrackM":0.5029957369236977}
{"count":110,"pair":2,"observer":true,"p95":3.370600000002014,"maxCrossTrackM":0.5029957369236977}
{"count":110,"pair":3,"observer":true,"p95":3.4259000000020023,"maxCrossTrackM":0.5029957369236977}
{"count":110,"pair":3,"observer":false,"maxCrossTrackM":0.5029957369236977}
{"count":110,"pair":4,"observer":false,"maxCrossTrackM":0.5029957369236977}
{"count":110,"pair":4,"observer":true,"p95":3.252699999997276,"maxCrossTrackM":0.5029957369236977}
{"status":"PASS","sourceHash":"726b4f10b816aae0735b7b0278132c1535ed03479f9a730e3e2268eb001af32c","runs":20}
