(node:91116) ExperimentalWarning: stripTypeScriptTypes is an experimental feature and might change at any time
(Use `node --trace-warnings ...` to show where the warning was created)
{"count":70,"pair":0,"observer":false,"maxCrossTrackM":0.5029957369236977}
{"count":70,"pair":0,"observer":true,"p95":2.1301000000003114,"maxCrossTrackM":0.5029957369236977}
{"count":70,"pair":1,"observer":true,"p95":2.406600000000253,"maxCrossTrackM":0.5029957369236977}
{"count":70,"pair":1,"observer":false,"maxCrossTrackM":0.5029957369236977}
{"count":70,"pair":2,"observer":false,"maxCrossTrackM":0.5029957369236977}
{"count":70,"pair":2,"observer":true,"p95":2.139900000000125,"maxCrossTrackM":0.5029957369236977}
{"count":70,"pair":3,"observer":true,"p95":2.3273000000008324,"maxCrossTrackM":0.5029957369236977}
{"count":70,"pair":3,"observer":false,"maxCrossTrackM":0.5029957369236977}
{"count":70,"pair":4,"observer":false,"maxCrossTrackM":0.5029957369236977}
{"count":70,"pair":4,"observer":true,"p95":2.0974000000005617,"maxCrossTrackM":0.5029957369236977}
{"count":110,"pair":0,"observer":false,"maxCrossTrackM":0.5029957369236977}
{"count":110,"pair":0,"observer":true,"p95":3.537000000000262,"maxCrossTrackM":0.5029957369236977}
{"count":110,"pair":1,"observer":true,"p95":3.646199999999226,"maxCrossTrackM":0.5029957369236977}
{"count":110,"pair":1,"observer":false,"maxCrossTrackM":0.5029957369236977}
{"count":110,"pair":2,"observer":false,"maxCrossTrackM":0.5029957369236977}
{"count":110,"pair":2,"observer":true,"p95":3.5766999999977998,"maxCrossTrackM":0.5029957369236977}
{"count":110,"pair":3,"observer":true,"p95":3.512799999996787,"maxCrossTrackM":0.5029957369236977}
{"count":110,"pair":3,"observer":false,"maxCrossTrackM":0.5029957369236977}
{"count":110,"pair":4,"observer":false,"maxCrossTrackM":0.5029957369236977}
{"count":110,"pair":4,"observer":true,"p95":3.8073999999978696,"maxCrossTrackM":0.5029957369236977}
{"status":"PASS","sourceHash":"3c8237fc17e7d159b75bd32dab3f8584fd3e59dd9c58e4051aa3afcef981db82","runs":20}
