(node:86544) ExperimentalWarning: stripTypeScriptTypes is an experimental feature and might change at any time
(Use `node --trace-warnings ...` to show where the warning was created)
{"count":70,"pair":0,"observer":false,"maxCrossTrackM":0.5029957369236977}
{"count":70,"pair":0,"observer":true,"p95":1.490799999999581,"maxCrossTrackM":0.5029957369236977}
{"count":70,"pair":1,"observer":true,"p95":1.5289999999999964,"maxCrossTrackM":0.5029957369236977}
{"count":70,"pair":1,"observer":false,"maxCrossTrackM":0.5029957369236977}
{"count":70,"pair":2,"observer":false,"maxCrossTrackM":0.5029957369236977}
{"count":70,"pair":2,"observer":true,"p95":1.5497000000004846,"maxCrossTrackM":0.5029957369236977}
{"count":70,"pair":3,"observer":true,"p95":1.6617999999998574,"maxCrossTrackM":0.5029957369236977}
{"count":70,"pair":3,"observer":false,"maxCrossTrackM":0.5029957369236977}
{"count":70,"pair":4,"observer":false,"maxCrossTrackM":0.5029957369236977}
{"count":70,"pair":4,"observer":true,"p95":1.6519000000007509,"maxCrossTrackM":0.5029957369236977}
{"count":110,"pair":0,"observer":false,"maxCrossTrackM":0.5029957369236977}
{"count":110,"pair":0,"observer":true,"p95":2.4913999999989755,"maxCrossTrackM":0.5029957369236977}
{"count":110,"pair":1,"observer":true,"p95":2.423899999999776,"maxCrossTrackM":0.5029957369236977}
{"count":110,"pair":1,"observer":false,"maxCrossTrackM":0.5029957369236977}
{"count":110,"pair":2,"observer":false,"maxCrossTrackM":0.5029957369236977}
{"count":110,"pair":2,"observer":true,"p95":2.9297000000005937,"maxCrossTrackM":0.5029957369236977}
{"count":110,"pair":3,"observer":true,"p95":2.7559999999975844,"maxCrossTrackM":0.5029957369236977}
{"count":110,"pair":3,"observer":false,"maxCrossTrackM":0.5029957369236977}
{"count":110,"pair":4,"observer":false,"maxCrossTrackM":0.5029957369236977}
{"count":110,"pair":4,"observer":true,"p95":2.5240000000012515,"maxCrossTrackM":0.5029957369236977}
{"status":"PASS","sourceHash":"a9d1039fe08d245427dfa162c9f295ec93cb6545a1af050b43e73dce78f9757b","runs":20}
