(node:77144) ExperimentalWarning: stripTypeScriptTypes is an experimental feature and might change at any time
(Use `node --trace-warnings ...` to show where the warning was created)
{"count":70,"pair":0,"observer":false,"maxCrossTrackM":0.5029957369236977}
{"count":70,"pair":0,"observer":true,"p95":2.1783000000000357,"maxCrossTrackM":0.5029957369236977}
{"count":70,"pair":1,"observer":true,"p95":2.1829999999999927,"maxCrossTrackM":0.5029957369236977}
{"count":70,"pair":1,"observer":false,"maxCrossTrackM":0.5029957369236977}
{"count":70,"pair":2,"observer":false,"maxCrossTrackM":0.5029957369236977}
{"count":70,"pair":2,"observer":true,"p95":2.113499999999476,"maxCrossTrackM":0.5029957369236977}
{"count":70,"pair":3,"observer":true,"p95":2.0164999999997235,"maxCrossTrackM":0.5029957369236977}
{"count":70,"pair":3,"observer":false,"maxCrossTrackM":0.5029957369236977}
{"count":70,"pair":4,"observer":false,"maxCrossTrackM":0.5029957369236977}
{"count":70,"pair":4,"observer":true,"p95":2.1371999999992113,"maxCrossTrackM":0.5029957369236977}
{"count":110,"pair":0,"observer":false,"maxCrossTrackM":0.5029957369236977}
{"count":110,"pair":0,"observer":true,"p95":3.181799999998475,"maxCrossTrackM":0.5029957369236977}
{"count":110,"pair":1,"observer":true,"p95":3.2338999999992666,"maxCrossTrackM":0.5029957369236977}
{"count":110,"pair":1,"observer":false,"maxCrossTrackM":0.5029957369236977}
{"count":110,"pair":2,"observer":false,"maxCrossTrackM":0.5029957369236977}
{"count":110,"pair":2,"observer":true,"p95":3.247299999999086,"maxCrossTrackM":0.5029957369236977}
{"count":110,"pair":3,"observer":true,"p95":3.1926000000021304,"maxCrossTrackM":0.5029957369236977}
{"count":110,"pair":3,"observer":false,"maxCrossTrackM":0.5029957369236977}
{"count":110,"pair":4,"observer":false,"maxCrossTrackM":0.5029957369236977}
{"count":110,"pair":4,"observer":true,"p95":3.450199999999313,"maxCrossTrackM":0.5029957369236977}
{"status":"PASS","sourceHash":"eee89fc531866a3b1888047d4b3072e38d61579c72d1bf13dffb77284a301ac2","runs":20}
