(node:58628) ExperimentalWarning: stripTypeScriptTypes is an experimental feature and might change at any time
(Use `node --trace-warnings ...` to show where the warning was created)
{"count":70,"pair":0,"observer":false,"maxCrossTrackM":0.5029957369236977}
{"count":70,"pair":0,"observer":true,"p95":1.5156000000001768,"maxCrossTrackM":0.5029957369236977}
{"count":70,"pair":1,"observer":true,"p95":1.491899999999987,"maxCrossTrackM":0.5029957369236977}
{"count":70,"pair":1,"observer":false,"maxCrossTrackM":0.5029957369236977}
{"count":70,"pair":2,"observer":false,"maxCrossTrackM":0.5029957369236977}
{"count":70,"pair":2,"observer":true,"p95":1.469600000000355,"maxCrossTrackM":0.5029957369236977}
{"count":70,"pair":3,"observer":true,"p95":1.5389000000004671,"maxCrossTrackM":0.5029957369236977}
{"count":70,"pair":3,"observer":false,"maxCrossTrackM":0.5029957369236977}
{"count":70,"pair":4,"observer":false,"maxCrossTrackM":0.5029957369236977}
{"count":70,"pair":4,"observer":true,"p95":1.409300000001167,"maxCrossTrackM":0.5029957369236977}
{"count":110,"pair":0,"observer":false,"maxCrossTrackM":0.5029957369236977}
{"count":110,"pair":0,"observer":true,"p95":2.310300000001007,"maxCrossTrackM":0.5029957369236977}
{"count":110,"pair":1,"observer":true,"p95":2.369800000000396,"maxCrossTrackM":0.5029957369236977}
{"count":110,"pair":1,"observer":false,"maxCrossTrackM":0.5029957369236977}
{"count":110,"pair":2,"observer":false,"maxCrossTrackM":0.5029957369236977}
{"count":110,"pair":2,"observer":true,"p95":2.435300000001007,"maxCrossTrackM":0.5029957369236977}
{"count":110,"pair":3,"observer":true,"p95":2.3971999999994296,"maxCrossTrackM":0.5029957369236977}
{"count":110,"pair":3,"observer":false,"maxCrossTrackM":0.5029957369236977}
{"count":110,"pair":4,"observer":false,"maxCrossTrackM":0.5029957369236977}
{"count":110,"pair":4,"observer":true,"p95":2.4648999999990338,"maxCrossTrackM":0.5029957369236977}
{"status":"FAIL","sourceHash":"c554c3b68cf53a0d313d934ea15732f3bbe1300a026127a97da4a71c8a1ea1bb","runs":20}
node:internal/modules/run_main:107
    triggerUncaughtException(
    ^

AssertionError [ERR_ASSERTION]: Intermediate physical result changed
+ actual - expected
... Skipped lines

  [
    {
      first: {
        id: 'car-0',
+       position: DI {
-       position: {
          x: -384.522705078125,
          y: 0.7589282393455505,
          z: -356.945068359375
        },
+       rotation: SI {
-       rotation: {
          w: 0.9958637356758118,
          x: -0.00007198465755209327,
          y: -0.0908597856760025,
          z: -0.00016396846331190318
        },
...
        ],
+       velocity: DI {
-       velocity: {
          x: -0.7562766075134277,
          y: -0.07153898477554321,
          z: 3.055931568145752
        },
        wheelContacts: 4
...
        id: 'car-69',
+       position: DI {
-       position: {
          x: -145.9039306640625,
          y: 0.7289270758628845,
          z: 126.77691650390625
        },
+       rotation: SI {
-       rotation: {
          w: 0.9790177941322327,
          x: 0.000014775708223169204,
          y: -0.2037707418203354,
          z: -0.001315200119279325
        },
...
        ],
+       velocity: DI {
-       velocity: {
          x: -3.250534772872925,
          y: -0.07155773788690567,
          z: 6.3672099113464355
        },
        wheelContacts: 4
...
        id: 'car-0',
+       position: DI {
-       position: {
          x: -385.532958984375,
          y: 0.758926510810852,
          z: -353.96630859375
        },
+       rotation: SI {
-       rotation: {
          w: 0.9854384064674377,
          x: -0.000041767048969632015,
          y: -0.1700328290462494,
          z: -0.00018497729615774006
        },
...
        ],
+       velocity: DI {
-       velocity: {
          x: -1.2604713439941406,
          y: -0.07151371240615845,
          z: 2.88020396232605
        },
        wheelContacts: 4
...
        id: 'car-69',
+       position: DI {
-       position: {
          x: -150.4132080078125,
          y: 0.7289239168167114,
          z: 132.25096130371094
        },
+       rotation: SI {
-       rotation: {
          w: 0.913512110710144,
          x: 0.00037962067290209234,
          y: -0.4068090319633484,
          z: -0.001355638261884451
        },
...
        ],
+       velocity: DI {
-       velocity: {
          x: -5.618418216705322,
          y: -0.07151218503713608,
          z: 4.4118218421936035
        },
        wheelContacts: 4
...
        id: 'car-0',
+       position: DI {
-       position: {
          x: -387.06005859375,
          y: 0.7589264512062073,
          z: -351.218017578125
        },
+       rotation: SI {
-       rotation: {
          w: 0.9660400748252869,
          x: -0.000017933445633389056,
          y: -0.2583923935890198,
          z: -0.00020130096527282149
        },
...
        ],
+       velocity: DI {
-       velocity: {
          x: -1.7772183418273926,
          y: -0.0715130940079689,
          z: 2.595792770385742
        },
        wheelContacts: 4
...
        id: 'car-69',
+       position: DI {
-       position: {
          x: -156.8411865234375,
          y: 0.7289235591888428,
          z: 135.23313903808594
        },
+       rotation: SI {
-       rotation: {
          w: 0.7984910607337952,
          x: 0.0006994203431531787,
          y: -0.6020049452781677,
          z: -0.0012810357147827744
        },
...
        ],
+       velocity: DI {
-       velocity: {
          x: -6.989577293395996,
          y: -0.07151208072900772,
          z: 1.4849883317947388
        },
        wheelContacts: 4
...
        id: 'car-0',
+       position: DI {
-       position: {
          x: -389.08544921875,
          y: 0.7589264512062073,
          z: -348.81396484375
        },
+       rotation: SI {
-       rotation: {
          w: 0.9366122484207153,
          x: -0.000003937096153094899,
          y: -0.3503676950931549,
          z: -0.00020912199397571385
        },
...
        ],
+       velocity: DI {
-       velocity: {
          x: -2.2496337890625,
          y: -0.07151325792074203,
          z: 2.1994614601135254
        },
        wheelContacts: 4
...
        id: 'car-69',
+       position: DI {
-       position: {
          x: -163.9244384765625,
          y: 0.7289236783981323,
          z: 135.06028747558594
        },
+       rotation: SI {
-       rotation: {
          w: 0.6403297185897827,
          x: 0.0009782830020412803,
          y: -0.7680987119674683,
          z: -0.0011061080731451511
        },
...
        ],
+       velocity: DI {
-       velocity: {
          x: -6.924012184143066,
          y: -0.07151469588279724,
          z: -1.7749781608581543
        },
        wheelContacts: 4
...
        id: 'car-0',
+       position: DI {
-       position: {
          x: -391.54443359375,
          y: 0.7589264512062073,
          z: -346.857421875
        },
+       rotation: SI {
-       rotation: {
          w: 0.8972484469413757,
          x: 0.000016254572983598337,
          y: -0.4415260851383209,
          z: -0.00020778099133167416
        },
...
        ],
+       velocity: DI {
-       velocity: {
          x: -2.6411654949188232,
          y: -0.0715135708451271,
          z: 1.7095813751220703
        },
        wheelContacts: 4
...
        id: 'car-69',
+       position: DI {
-       position: {
          x: -170.1951904296875,
          y: 0.7289237976074219,
          z: 131.76109313964844
        },
+       rotation: SI {
-       rotation: {
          w: 0.44850510358810425,
          x: 0.0011828282149508595,
          y: -0.8937790393829346,
          z: -0.000870450574439019
        },
...
        ],
+       velocity: DI {
-       velocity: {
          x: -5.422415733337402,
          y: -0.07151266187429428,
          z: -4.661371231079102
        },
        wheelContacts: 4
...
        id: 'car-0',
+       position: DI {
-       position: {
          x: -394.34423828125,
          y: 0.7589263916015625,
          z: -345.431396484375
        },
+       rotation: SI {
-       rotation: {
          w: 0.8485050201416016,
          x: 0.000043068746890639886,
          y: -0.5291873216629028,
          z: -0.0001998270017793402
        },
...
        ],
+       velocity: DI {
-       velocity: {
          x: -2.928799867630005,
          y: -0.07151328772306442,
          z: 1.1482514142990112
        },
        wheelContacts: 4
...
        id: 'car-69',
+       position: DI {
-       position: {
          x: -174.35205078125,
          y: 0.7289235591888428,
          z: 126.02339935302734
        },
+       rotation: SI {
-       rotation: {
          w: 0.23315945267677307,
          x: 0.0013502822257578373,
          y: -0.9724373817443848,
          z: -0.0005564153543673456
        },
...
        ],
+       velocity: DI {
-       velocity: {
          x: -2.789085626602173,
          y: -0.07151398807764053,
          z: -6.575108528137207
        },
        wheelContacts: 4
...
        id: 'car-0',
+       position: DI {
-       position: {
          x: -397.373046875,
          y: 0.758926510810852,
          z: -344.59375
        },
+       rotation: SI {
-       rotation: {
          w: 0.7910630702972412,
          x: 0.00006753580964868888,
          y: -0.6117347478866577,
          z: -0.00019623379921540618
        },
...
        ],
+       velocity: DI {
-       velocity: {
          x: -3.0989017486572266,
          y: -0.07151282578706741,
          z: 0.53794926404953
        },
        wheelContacts: 4
...
        id: 'car-69',
+       position: DI {
-       position: {
          x: -175.5350341796875,
          y: 0.7289236783981323,
          z: 119.03731536865234
        },
+       rotation: SI {
-       rotation: {
          w: 0.005732286721467972,
          x: 0.0014509191969409585,
          y: -0.999982476234436,
          z: -0.0002095431846100837
        },
...
        ],
+       velocity: DI {
-       velocity: {
          x: 0.4172191321849823,
          y: -0.07151321321725845,
          z: -7.132485866546631
        },
        wheelContacts: 4
...
        id: 'car-0',
+       position: DI {
-       position: {
          x: -400.509765625,
          y: 0.7589264512062073,
          z: -344.379638671875
        },
+       rotation: SI {
-       rotation: {
          w: 0.7255565524101257,
          x: 0.00007971002924023196,
          y: -0.6881625652313232,
          z: -0.00020248646615073085
        },
...
        ],
+       velocity: DI {
-       velocity: {
          x: -3.142829656600952,
          y: -0.07151343673467636,
          z: -0.09484579414129257
        },
        wheelContacts: 4
...
        id: 'car-69',
+       position: DI {
-       position: {
          x: -173.4981689453125,
          y: 0.7289238572120667,
          z: 112.25032806396484
        },
+       rotation: SI {
-       rotation: {
          w: -0.22196564078330994,
          x: 0.0014566992176696658,
          y: -0.9750534296035767,
          z: 0.00010603303962852806
        },
...
        ],
+       velocity: DI {
-       velocity: {
          x: 3.533785343170166,
          y: -0.07151263952255249,
          z: -6.212698459625244
        },
        wheelContacts: 4
...
        id: 'car-0',
+       position: DI {
-       position: {
          x: -403.6259765625,
          y: 0.7589263916015625,
          z: -344.79736328125
        },
+       rotation: SI {
-       rotation: {
          w: 0.6526515483856201,
          x: 0.00010245143494103104,
          y: -0.7576582431793213,
          z: -0.00019523287483025342
        },
...
        ],
+       velocity: DI {
-       velocity: {
          x: -3.059319496154785,
          y: -0.07151380926370621,
          z: -0.7232142686843872
        },
        wheelContacts: 4
...
        id: 'car-69',
+       position: DI {
-       position: {
          x: -168.6639404296875,
          y: 0.7289236783981323,
          z: 107.06978607177734
        },
+       rotation: SI {
-       rotation: {
          w: -0.438152015209198,
          x: 0.0014062155969440937,
          y: -0.8988997340202332,
          z: 0.0004186954174656421
        },
...
        ],
+       velocity: DI {
-       velocity: {
          x: 5.923709869384766,
          y: -0.07151331007480621,
          z: -4.004021644592285
        },
        wheelContacts: 4
...
        id: 'car-0',
+       position: DI {
-       position: {
          x: -406.593994140625,
          y: 0.7589264512062073,
          z: -345.829833984375
        },
+       rotation: SI {
-       rotation: {
          w: 0.5731130242347717,
          x: 0.00011456522042863071,
          y: -0.819476306438446,
          z: -0.00021634616132359952
        },
...
        ],
+       velocity: DI {
-       velocity: {
          x: -2.8597521781921387,
          y: -0.07151367515325546,
          z: -1.3249598741531372
        },
        wheelContacts: 4
...
        id: 'car-69',
+       position: DI {
-       position: {
          x: -162.0345458984375,
          y: 0.7289236187934875,
          z: 104.56880950927734
        },
+       rotation: SI {
-       rotation: {
          w: -0.631253182888031,
          x: 0.0012699671788141131,
          y: -0.7755755186080933,
          z: 0.0007422071066685021
        },
...
        ],
+       velocity: DI {
-       velocity: {
          x: 7.0772600173950195,
          y: -0.07151570171117783,
          z: -0.9577692747116089
        },
        wheelContacts: 4
...
        id: 'car-0',
+       position: DI {
-       position: {
          x: -409.2958984375,
          y: 0.7589264512062073,
          z: -347.435302734375
        },
+       rotation: SI {
-       rotation: {
          w: 0.48777511715888977,
          x: 0.00013666230370290577,
          y: -0.872969388961792,
          z: -0.00020502966071944684
        },
...
        ],
+       velocity: DI {
-       velocity: {
          x: -2.5357460975646973,
          y: -0.07151325792074203,
          z: -1.8709410429000854
        },
        wheelContacts: 4
...
        id: 'car-69',
+       position: DI {
-       position: {
          x: -154.9835205078125,
          y: 0.7289238572120667,
          z: 105.2658920288086
        },
+       rotation: SI {
-       rotation: {
          w: -0.7911721467971802,
          x: 0.0010418681195005774,
          y: -0.6115918755531311,
          z: 0.0010174410417675972
        },
...
        ],
+       velocity: DI {
-       velocity: {
          x: 6.77262544631958,
          y: -0.07151318341493607,
          z: 2.276247978210449
        },
        wheelContacts: 4
...
        id: 'car-0',
+       position: DI {
-       position: {
          x: -411.62109375,
          y: 0.7589264512062073,
          z: -349.54931640625
        },
+       rotation: SI {
-       rotation: {
          w: 0.3975299596786499,
          x: 0.0001598242815816775,
          y: -0.9175891876220703,
          z: -0.00018203823128715158
        },
...
        ],
+       velocity: DI {
-       velocity: {
          x: -2.109473943710327,
          y: -0.07151307910680771,
          z: -2.340221643447876
        },
        wheelContacts: 4
...
        id: 'car-69',
+       position: DI {
-       position: {
          x: -148.97216796875,
          y: 0.7289236783981323,
          z: 109.0162582397461
        },
+       rotation: SI {
-       rotation: {
          w: -0.909640371799469,
          x: 0.0007983205141499639,
          y: -0.415394127368927,
          z: 0.0012188215041533113
        },
...
        ],
+       velocity: DI {
-       velocity: {
          x: 5.064985752105713,
          y: -0.0715123638510704,
          z: 5.043240070343018
        },
        wheelContacts: 4
...
        id: 'car-0',
+       position: DI {
-       position: {
          x: -413.477294921875,
          y: 0.7589263916015625,
          z: -352.0849609375
        },
+       rotation: SI {
-       rotation: {
          w: 0.30324360728263855,
          x: 0.0001775316195562482,
          y: -0.9529130458831787,
          z: -0.00016100490756798536
        },
...
        ],
+       velocity: DI {
-       velocity: {
          x: -1.5977575778961182,
          y: -0.07151315361261368,
          z: -2.714862823486328
        },
        wheelContacts: 4
...
        id: 'car-69',
+       position: DI {
-       position: {
          x: -145.24609375,
          y: 0.7289236187934875,
          z: 115.0429916381836
        },
+       rotation: SI {
-       rotation: {
          w: -0.9803141951560974,
          x: 0.0005225319764576852,
          y: -0.1974383294582367,
          z: 0.001383724040351808
        },
...
        ],
+       velocity: DI {
-       velocity: {
          x: 2.3007729053497314,
          y: -0.07151462882757187,
          z: 6.76928186416626
        },
        wheelContacts: 4

    at file:///F:/Sites/self-driving-academy/.worktrees/lateral-controller-01/scripts/benchmark-lateral-controller-v2.mjs:350:14 {
  generatedMessage: false,
  code: 'ERR_ASSERTION',
  actual: [
    {
      tick: 60,
      physicalHash: '5742394c1038d998c748a1d3b6cd80c78b492c680cd3ddc26ac41f11fe8574c2',
      first: {
        id: 'car-0',
        position: DI {
          x: -384.522705078125,
          y: 0.7589282393455505,
          z: -356.945068359375
        },
        rotation: SI {
          x: -0.00007198465755209327,
          y: -0.0908597856760025,
          z: -0.00016396846331190318,
          w: 0.9958637356758118
        },
        velocity: DI {
          x: -0.7562766075134277,
          y: -0.07153898477554321,
          z: 3.055931568145752
        },
        speed: 3.1481219887834357,
        suspension: [
          0.28942930698394775,
          0.2888702154159546,
          0.28898704051971436,
          0.28842782974243164
        ],
        wheelContacts: 4
      },
      last: {
        id: 'car-69',
        position: DI {
          x: -145.9039306640625,
          y: 0.7289270758628845,
          z: 126.77691650390625
        },
        rotation: SI {
          x: 0.000014775708223169204,
          y: -0.2037707418203354,
          z: -0.001315200119279325,
          w: 0.9790177941322327
        },
        velocity: DI {
          x: -3.250534772872925,
          y: -0.07155773788690567,
          z: 6.3672099113464355
        },
        speed: 7.148939667167735,
        suspension: [
          0.2915777862071991,
          0.2874695360660553,
          0.29039081931114197,
          0.2862825095653534
        ],
        wheelContacts: 4
      }
    },
    {
      tick: 120,
      physicalHash: '96a2fbef45f9ba228729f545079d6a5c56e4a13b5cf1c4b298a640a828f35166',
      first: {
        id: 'car-0',
        position: DI {
          x: -385.532958984375,
          y: 0.758926510810852,
          z: -353.96630859375
        },
        rotation: SI {
          x: -0.000041767048969632015,
          y: -0.1700328290462494,
          z: -0.00018497729615774006,
          w: 0.9854384064674377
        },
        velocity: DI {
          x: -1.2604713439941406,
          y: -0.07151371240615845,
          z: 2.88020396232605
        },
        speed: 3.1439406600044273,
        suspension: [
          0.28952252864837646,
          0.28885960578918457,
          0.28899359703063965,
          0.28833067417144775
        ],
        wheelContacts: 4
      },
      last: {
        id: 'car-69',
        position: DI {
          x: -150.4132080078125,
          y: 0.7289239168167114,
          z: 132.25096130371094
        },
        rotation: SI {
          x: 0.00037962067290209234,
          y: -0.4068090319633484,
          z: -0.001355638261884451,
          w: 0.913512110710144
        },
        velocity: DI {
          x: -5.618418216705322,
          y: -0.07151218503713608,
          z: 4.4118218421936035
        },
        speed: 7.1435842001801015,
        suspension: [
          0.29167261719703674,
          0.287227600812912,
          0.2906259000301361,
          0.2861808240413666
        ],
        wheelContacts: 4
      }
    },
    {
      tick: 180,
      physicalHash: 'c52e066c475ea301d92a7359c6a0791bc583bc3357ec047c925fbd162d560fe9',
      first: {
        id: 'car-0',
        position: DI {
          x: -387.06005859375,
          y: 0.7589264512062073,
          z: -351.218017578125
        },
        rotation: SI {
          x: -0.000017933445633389056,
          y: -0.2583923935890198,
          z: -0.00020130096527282149,
          w: 0.9660400748252869
        },
        velocity: DI {
          x: -1.7772183418273926,
          y: -0.0715130940079689,
          z: 2.595792770385742
        },
        speed: 3.145893377295962,
        suspension: [
          0.289470374584198,
          0.2887876629829407,
          0.28906530141830444,
          0.28838247060775757
        ],
        wheelContacts: 4
      },
      last: {
        id: 'car-69',
        position: DI {
          x: -156.8411865234375,
          y: 0.7289235591888428,
          z: 135.23313903808594
        },
        rotation: SI {
          x: 0.0006994203431531787,
          y: -0.6020049452781677,
          z: -0.0012810357147827744,
          w: 0.7984910607337952
        },
        velocity: DI {
          x: -6.989577293395996,
          y: -0.07151208072900772,
          z: 1.4849883317947388
        },
        speed: 7.145584726663272,
        suspension: [
          0.2917526066303253,
          0.2871244251728058,
          0.29072853922843933,
          0.28610047698020935
        ],
        wheelContacts: 4
      }
    },
    {
      tick: 240,
      physicalHash: '4b8d05460ca56e96ba14ac9f7762a17c31b2d50721175437377c394be72a495d',
      first: {
        id: 'car-0',
        position: DI {
          x: -389.08544921875,
          y: 0.7589264512062073,
          z: -348.81396484375
        },
        rotation: SI {
          x: -0.000003937096153094899,
          y: -0.3503676950931549,
          z: -0.00020912199397571385,
          w: 0.9366122484207153
        },
        velocity: DI {
          x: -2.2496337890625,
          y: -0.07151325792074203,
          z: 2.1994614601135254
        },
        speed: 3.146185452165276,
        suspension: [
          0.28949683904647827,
          0.288795530796051,
          0.2890574336051941,
          0.2883560061454773
        ],
        wheelContacts: 4
      },
      last: {
        id: 'car-69',
        position: DI {
          x: -163.9244384765625,
          y: 0.7289236783981323,
          z: 135.06028747558594
        },
        rotation: SI {
          x: 0.0009782830020412803,
          y: -0.7680987119674683,
          z: -0.0011061080731451511,
          w: 0.6403297185897827
        },
        velocity: DI {
          x: -6.924012184143066,
          y: -0.07151469588279724,
          z: -1.7749781608581543
        },
        speed: 7.147901244259397,
        suspension: [
          0.2917594015598297,
          0.2871021330356598,
          0.2907518446445465,
          0.2860945761203766
        ],
        wheelContacts: 4
      }
    },
    {
      tick: 300,
      physicalHash: '3e983ecc183801a1db5f9e321bd8ab23f190734a895d7fcf4b00fbe5c08f9f25',
      first: {
        id: 'car-0',
        position: DI {
          x: -391.54443359375,
          y: 0.7589264512062073,
          z: -346.857421875
        },
        rotation: SI {
          x: 0.000016254572983598337,
          y: -0.4415260851383209,
          z: -0.00020778099133167416,
          w: 0.8972484469413757
        },
        velocity: DI {
          x: -2.6411654949188232,
          y: -0.0715135708451271,
          z: 1.7095813751220703
        },
        speed: 3.1461760360339124,
        suspension: [
          0.28949636220932007,
          0.28879696130752563,
          0.2890560030937195,
          0.28835660219192505
        ],
        wheelContacts: 4
      },
      last: {
        id: 'car-69',
        position: DI {
          x: -170.1951904296875,
          y: 0.7289237976074219,
          z: 131.76109313964844
        },
        rotation: SI {
          x: 0.0011828282149508595,
          y: -0.8937790393829346,
          z: -0.000870450574439019,
          w: 0.44850510358810425
        },
        velocity: DI {
          x: -5.422415733337402,
          y: -0.07151266187429428,
          z: -4.661371231079102
        },
        speed: 7.150592572582841,
        suspension: [
          0.29178932309150696,
          0.2871808707714081,
          0.2906726896762848,
          0.28606411814689636
        ],
        wheelContacts: 4
      }
    },
    {
      tick: 360,
      physicalHash: '436c9c22f99e44ace116243b99e41a1055f189ee27eb18356589c5bcb2c3d091',
      first: {
        id: 'car-0',
        position: DI {
          x: -394.34423828125,
          y: 0.7589263916015625,
          z: -345.431396484375
        },
        rotation: SI {
          x: 0.000043068746890639886,
          y: -0.5291873216629028,
          z: -0.0001998270017793402,
          w: 0.8485050201416016
        },
        velocity: DI {
          x: -2.928799867630005,
          y: -0.07151328772306442,
          z: 1.1482514142990112
        },
        speed: 3.145846464001257,
        suspension: [
          0.28947293758392334,
          0.28878456354141235,
          0.289068341255188,
          0.2883800268173218
        ],
        wheelContacts: 4
      },
      last: {
        id: 'car-69',
        position: DI {
          x: -174.35205078125,
          y: 0.7289235591888428,
          z: 126.02339935302734
        },
        rotation: SI {
          x: 0.0013502822257578373,
          y: -0.9724373817443848,
          z: -0.0005564153543673456,
          w: 0.23315945267677307
        },
        velocity: DI {
          x: -2.789085626602173,
          y: -0.07151398807764053,
          z: -6.575108528137207
        },
        speed: 7.142202096643686,
        suspension: [
          0.29187336564064026,
          0.2872118055820465,
          0.29064157605171204,
          0.2859800159931183
        ],
        wheelContacts: 4
      }
    },
    {
      tick: 420,
      physicalHash: '42a93aa28e3317eac610c917fafbcfd5ad273c11f2a33886b6e7700123b1e488',
      first: {
        id: 'car-0',
        position: DI { x: -397.373046875, y: 0.758926510810852, z: -344.59375 },
        rotation: SI {
          x: 0.00006753580964868888,
          y: -0.6117347478866577,
          z: -0.00019623379921540618,
          w: 0.7910630702972412
        },
        velocity: DI {
          x: -3.0989017486572266,
          y: -0.07151282578706741,
          z: 0.53794926404953
        },
        speed: 3.1452474399516244,
        suspension: [
          0.2894662618637085,
          0.28877437114715576,
          0.28907835483551025,
          0.2883864641189575
        ],
        wheelContacts: 4
      },
      last: {
        id: 'car-69',
        position: DI {
          x: -175.5350341796875,
          y: 0.7289236783981323,
          z: 119.03731536865234
        },
        rotation: SI {
          x: 0.0014509191969409585,
          y: -0.999982476234436,
          z: -0.0002095431846100837,
          w: 0.005732286721467972
        },
        velocity: DI {
          x: 0.4172191321849823,
          y: -0.07151321321725845,
          z: -7.132485866546631
        },
        speed: 7.144678190146049,
        suspension: [
          0.2917303144931793,
          0.28709128499031067,
          0.2907622754573822,
          0.2861233055591583
        ],
        wheelContacts: 4
      }
    },
    {
      tick: 480,
      physicalHash: '677fbd36d4312c1882fc400cc88b35b42da0beeb4d36af9b7fdfdc4938c225e7',
      first: {
        id: 'car-0',
        position: DI {
          x: -400.509765625,
          y: 0.7589264512062073,
          z: -344.379638671875
        },
        rotation: SI {
          x: 0.00007971002924023196,
          y: -0.6881625652313232,
          z: -0.00020248646615073085,
          w: 0.7255565524101257
        },
        velocity: DI {
          x: -3.142829656600952,
          y: -0.07151343673467636,
          z: -0.09484579414129257
        },
        speed: 3.1442604814290993,
        suspension: [
          0.28958600759506226,
          0.28883594274520874,
          0.2890169024467468,
          0.28826695680618286
        ],
        wheelContacts: 4
      },
      last: {
        id: 'car-69',
        position: DI {
          x: -173.4981689453125,
          y: 0.7289238572120667,
          z: 112.25032806396484
        },
        rotation: SI {
          x: 0.0014566992176696658,
          y: -0.9750534296035767,
          z: 0.00010603303962852806,
          w: -0.22196564078330994
        },
        velocity: DI {
          x: 3.533785343170166,
          y: -0.07151263952255249,
          z: -6.212698459625244
        },
        speed: 7.147395399852604,
        suspension: [
          0.29173585772514343,
          0.2871396243572235,
          0.29071399569511414,
          0.2861177623271942
        ],
        wheelContacts: 4
      }
    },
    {
      tick: 540,
      physicalHash: 'b344dabd640087df4983ff7fe5d9ac07125b694a027a14cab41a341d4516a1b3',
      first: {
        id: 'car-0',
        position: DI {
          x: -403.6259765625,
          y: 0.7589263916015625,
          z: -344.79736328125
        },
        rotation: SI {
          x: 0.00010245143494103104,
          y: -0.7576582431793213,
          z: -0.00019523287483025342,
          w: 0.6526515483856201
        },
        velocity: DI {
          x: -3.059319496154785,
          y: -0.07151380926370621,
          z: -0.7232142686843872
        },
        speed: 3.1436403512459026,
        suspension: [
          0.2895907759666443,
          0.2888268232345581,
          0.28902626037597656,
          0.28826236724853516
        ],
        wheelContacts: 4
      },
      last: {
        id: 'car-69',
        position: DI {
          x: -168.6639404296875,
          y: 0.7289236783981323,
          z: 107.06978607177734
        },
        rotation: SI {
          x: 0.0014062155969440937,
          y: -0.8988997340202332,
          z: 0.0004186954174656421,
          w: -0.438152015209198
        },
        velocity: DI {
          x: 5.923709869384766,
          y: -0.07151331007480621,
          z: -4.004021644592285
        },
        speed: 7.150001954336095,
        suspension: [
          0.2917821705341339,
          0.28714296221733093,
          0.2907104194164276,
          0.2860712707042694
        ],
        wheelContacts: 4
      }
    },
    {
      tick: 600,
      physicalHash: 'd4f354cafb05f7678d67e7be149b58c3109b70897e3d14b7a1a8bca2935375e0',
      first: {
        id: 'car-0',
        position: DI {
          x: -406.593994140625,
          y: 0.7589264512062073,
          z: -345.829833984375
        },
        rotation: SI {
          x: 0.00011456522042863071,
          y: -0.819476306438446,
          z: -0.00021634616132359952,
          w: 0.5731130242347717
        },
        velocity: DI {
          x: -2.8597521781921387,
          y: -0.07151367515325546,
          z: -1.3249598741531372
        },
        speed: 3.1517774649855244,
        suspension: [
          0.2895698547363281,
          0.2888011932373047,
          0.28905189037323,
          0.2882833480834961
        ],
        wheelContacts: 4
      },
      last: {
        id: 'car-69',
        position: DI {
          x: -162.0345458984375,
          y: 0.7289236187934875,
          z: 104.56880950927734
        },
        rotation: SI {
          x: 0.0012699671788141131,
          y: -0.7755755186080933,
          z: 0.0007422071066685021,
          w: -0.631253182888031
        },
        velocity: DI {
          x: 7.0772600173950195,
          y: -0.07151570171117783,
          z: -0.9577692747116089
        },
        speed: 7.141773682874567,
        suspension: [
          0.2918833792209625,
          0.2872026264667511,
          0.29065123200416565,
          0.2859703600406647
        ],
        wheelContacts: 4
      }
    },
    {
      tick: 660,
      physicalHash: 'fd7f0a941f0612403b6641b6e67c7ba5b3ce55f0e1a7bcebce8dd924700e3676',
      first: {
        id: 'car-0',
        position: DI {
          x: -409.2958984375,
          y: 0.7589264512062073,
          z: -347.435302734375
        },
        rotation: SI {
          x: 0.00013666230370290577,
          y: -0.872969388961792,
          z: -0.00020502966071944684,
          w: 0.48777511715888977
        },
        velocity: DI {
          x: -2.5357460975646973,
          y: -0.07151325792074203,
          z: -1.8709410429000854
        },
        speed: 3.1512582657285724,
        suspension: [
          0.2895743250846863,
          0.2887992262840271,
          0.28905361890792847,
          0.2882786989212036
        ],
        wheelContacts: 4
      },
      last: {
        id: 'car-69',
        position: DI {
          x: -154.9835205078125,
          y: 0.7289238572120667,
          z: 105.2658920288086
        },
        rotation: SI {
          x: 0.0010418681195005774,
          y: -0.6115918755531311,
          z: 0.0010174410417675972,
          w: -0.7911721467971802
        },
        velocity: DI {
          x: 6.77262544631958,
          y: -0.07151318341493607,
          z: 2.276247978210449
        },
        speed: 7.144911496613703,
        suspension: [
          0.29171010851860046,
          0.2871164381504059,
          0.290737122297287,
          0.2861436903476715
        ],
        wheelContacts: 4
      }
    },
    {
      tick: 720,
      physicalHash: 'd4284a784a8f89a34aff9523de0b32ab9f7ee199bfa4ce0e1cb74a5f0feb6792',
      first: {
        id: 'car-0',
        position: DI {
          x: -411.62109375,
          y: 0.7589264512062073,
          z: -349.54931640625
        },
        rotation: SI {
          x: 0.0001598242815816775,
          y: -0.9175891876220703,
          z: -0.00018203823128715158,
          w: 0.3975299596786499
        },
        velocity: DI {
          x: -2.109473943710327,
          y: -0.07151307910680771,
          z: -2.340221643447876
        },
        speed: 3.1506376592135563,
        suspension: [
          0.289547324180603,
          0.28877222537994385,
          0.28908050060272217,
          0.288305401802063
        ],
        wheelContacts: 4
      },
      last: {
        id: 'car-69',
        position: DI {
          x: -148.97216796875,
          y: 0.7289236783981323,
          z: 109.0162582397461
        },
        rotation: SI {
          x: 0.0007983205141499639,
          y: -0.415394127368927,
          z: 0.0012188215041533113,
          w: -0.909640371799469
        },
        velocity: DI {
          x: 5.064985752105713,
          y: -0.0715123638510704,
          z: 5.043240070343018
        },
        speed: 7.147611564442162,
        suspension: [
          0.2917453348636627,
          0.28712698817253113,
          0.2907264530658722,
          0.28610798716545105
        ],
        wheelContacts: 4
      }
    },
    {
      tick: 780,
      physicalHash: '0af7e3512939b90ef84099dc4645d93b939e35890434826eb2b0cfe9a15a96d9',
      first: {
        id: 'car-0',
        position: DI {
          x: -413.477294921875,
          y: 0.7589263916015625,
          z: -352.0849609375
        },
        rotation: SI {
          x: 0.0001775316195562482,
          y: -0.9529130458831787,
          z: -0.00016100490756798536,
          w: 0.30324360728263855
        },
        velocity: DI {
          x: -1.5977575778961182,
          y: -0.07151315361261368,
          z: -2.714862823486328
        },
        speed: 3.1501284780263528,
        suspension: [
          0.28954869508743286,
          0.28877609968185425,
          0.2890767455101013,
          0.28830403089523315
        ],
        wheelContacts: 4
      },
      last: {
        id: 'car-69',
        position: DI {
          x: -145.24609375,
          y: 0.7289236187934875,
          z: 115.0429916381836
        },
        rotation: SI {
          x: 0.0005225319764576852,
          y: -0.1974383294582367,
          z: 0.001383724040351808,
          w: -0.9803141951560974
        },
        velocity: DI {
          x: 2.3007729053497314,
          y: -0.07151462882757187,
          z: 6.76928186416626
        },
        speed: 7.149596696214528,
        suspension: [
          0.29179325699806213,
          0.2871299088001251,
          0.2907237112522125,
          0.28606024384498596
        ],
        wheelContacts: 4
      }
    }
  ],
  expected: [
    {
      tick: 60,
      physicalHash: '5742394c1038d998c748a1d3b6cd80c78b492c680cd3ddc26ac41f11fe8574c2',
      first: {
        id: 'car-0',
        position: {
          x: -384.522705078125,
          y: 0.7589282393455505,
          z: -356.945068359375
        },
        rotation: {
          x: -0.00007198465755209327,
          y: -0.0908597856760025,
          z: -0.00016396846331190318,
          w: 0.9958637356758118
        },
        velocity: {
          x: -0.7562766075134277,
          y: -0.07153898477554321,
          z: 3.055931568145752
        },
        speed: 3.1481219887834357,
        suspension: [
          0.28942930698394775,
          0.2888702154159546,
          0.28898704051971436,
          0.28842782974243164
        ],
        wheelContacts: 4
      },
      last: {
        id: 'car-69',
        position: {
          x: -145.9039306640625,
          y: 0.7289270758628845,
          z: 126.77691650390625
        },
        rotation: {
          x: 0.000014775708223169204,
          y: -0.2037707418203354,
          z: -0.001315200119279325,
          w: 0.9790177941322327
        },
        velocity: {
          x: -3.250534772872925,
          y: -0.07155773788690567,
          z: 6.3672099113464355
        },
        speed: 7.148939667167735,
        suspension: [
          0.2915777862071991,
          0.2874695360660553,
          0.29039081931114197,
          0.2862825095653534
        ],
        wheelContacts: 4
      }
    },
    {
      tick: 120,
      physicalHash: '96a2fbef45f9ba228729f545079d6a5c56e4a13b5cf1c4b298a640a828f35166',
      first: {
        id: 'car-0',
        position: {
          x: -385.532958984375,
          y: 0.758926510810852,
          z: -353.96630859375
        },
        rotation: {
          x: -0.000041767048969632015,
          y: -0.1700328290462494,
          z: -0.00018497729615774006,
          w: 0.9854384064674377
        },
        velocity: {
          x: -1.2604713439941406,
          y: -0.07151371240615845,
          z: 2.88020396232605
        },
        speed: 3.1439406600044273,
        suspension: [
          0.28952252864837646,
          0.28885960578918457,
          0.28899359703063965,
          0.28833067417144775
        ],
        wheelContacts: 4
      },
      last: {
        id: 'car-69',
        position: {
          x: -150.4132080078125,
          y: 0.7289239168167114,
          z: 132.25096130371094
        },
        rotation: {
          x: 0.00037962067290209234,
          y: -0.4068090319633484,
          z: -0.001355638261884451,
          w: 0.913512110710144
        },
        velocity: {
          x: -5.618418216705322,
          y: -0.07151218503713608,
          z: 4.4118218421936035
        },
        speed: 7.1435842001801015,
        suspension: [
          0.29167261719703674,
          0.287227600812912,
          0.2906259000301361,
          0.2861808240413666
        ],
        wheelContacts: 4
      }
    },
    {
      tick: 180,
      physicalHash: 'c52e066c475ea301d92a7359c6a0791bc583bc3357ec047c925fbd162d560fe9',
      first: {
        id: 'car-0',
        position: {
          x: -387.06005859375,
          y: 0.7589264512062073,
          z: -351.218017578125
        },
        rotation: {
          x: -0.000017933445633389056,
          y: -0.2583923935890198,
          z: -0.00020130096527282149,
          w: 0.9660400748252869
        },
        velocity: {
          x: -1.7772183418273926,
          y: -0.0715130940079689,
          z: 2.595792770385742
        },
        speed: 3.145893377295962,
        suspension: [
          0.289470374584198,
          0.2887876629829407,
          0.28906530141830444,
          0.28838247060775757
        ],
        wheelContacts: 4
      },
      last: {
        id: 'car-69',
        position: {
          x: -156.8411865234375,
          y: 0.7289235591888428,
          z: 135.23313903808594
        },
        rotation: {
          x: 0.0006994203431531787,
          y: -0.6020049452781677,
          z: -0.0012810357147827744,
          w: 0.7984910607337952
        },
        velocity: {
          x: -6.989577293395996,
          y: -0.07151208072900772,
          z: 1.4849883317947388
        },
        speed: 7.145584726663272,
        suspension: [
          0.2917526066303253,
          0.2871244251728058,
          0.29072853922843933,
          0.28610047698020935
        ],
        wheelContacts: 4
      }
    },
    {
      tick: 240,
      physicalHash: '4b8d05460ca56e96ba14ac9f7762a17c31b2d50721175437377c394be72a495d',
      first: {
        id: 'car-0',
        position: {
          x: -389.08544921875,
          y: 0.7589264512062073,
          z: -348.81396484375
        },
        rotation: {
          x: -0.000003937096153094899,
          y: -0.3503676950931549,
          z: -0.00020912199397571385,
          w: 0.9366122484207153
        },
        velocity: {
          x: -2.2496337890625,
          y: -0.07151325792074203,
          z: 2.1994614601135254
        },
        speed: 3.146185452165276,
        suspension: [
          0.28949683904647827,
          0.288795530796051,
          0.2890574336051941,
          0.2883560061454773
        ],
        wheelContacts: 4
      },
      last: {
        id: 'car-69',
        position: {
          x: -163.9244384765625,
          y: 0.7289236783981323,
          z: 135.06028747558594
        },
        rotation: {
          x: 0.0009782830020412803,
          y: -0.7680987119674683,
          z: -0.0011061080731451511,
          w: 0.6403297185897827
        },
        velocity: {
          x: -6.924012184143066,
          y: -0.07151469588279724,
          z: -1.7749781608581543
        },
        speed: 7.147901244259397,
        suspension: [
          0.2917594015598297,
          0.2871021330356598,
          0.2907518446445465,
          0.2860945761203766
        ],
        wheelContacts: 4
      }
    },
    {
      tick: 300,
      physicalHash: '3e983ecc183801a1db5f9e321bd8ab23f190734a895d7fcf4b00fbe5c08f9f25',
      first: {
        id: 'car-0',
        position: {
          x: -391.54443359375,
          y: 0.7589264512062073,
          z: -346.857421875
        },
        rotation: {
          x: 0.000016254572983598337,
          y: -0.4415260851383209,
          z: -0.00020778099133167416,
          w: 0.8972484469413757
        },
        velocity: {
          x: -2.6411654949188232,
          y: -0.0715135708451271,
          z: 1.7095813751220703
        },
        speed: 3.1461760360339124,
        suspension: [
          0.28949636220932007,
          0.28879696130752563,
          0.2890560030937195,
          0.28835660219192505
        ],
        wheelContacts: 4
      },
      last: {
        id: 'car-69',
        position: {
          x: -170.1951904296875,
          y: 0.7289237976074219,
          z: 131.76109313964844
        },
        rotation: {
          x: 0.0011828282149508595,
          y: -0.8937790393829346,
          z: -0.000870450574439019,
          w: 0.44850510358810425
        },
        velocity: {
          x: -5.422415733337402,
          y: -0.07151266187429428,
          z: -4.661371231079102
        },
        speed: 7.150592572582841,
        suspension: [
          0.29178932309150696,
          0.2871808707714081,
          0.2906726896762848,
          0.28606411814689636
        ],
        wheelContacts: 4
      }
    },
    {
      tick: 360,
      physicalHash: '436c9c22f99e44ace116243b99e41a1055f189ee27eb18356589c5bcb2c3d091',
      first: {
        id: 'car-0',
        position: {
          x: -394.34423828125,
          y: 0.7589263916015625,
          z: -345.431396484375
        },
        rotation: {
          x: 0.000043068746890639886,
          y: -0.5291873216629028,
          z: -0.0001998270017793402,
          w: 0.8485050201416016
        },
        velocity: {
          x: -2.928799867630005,
          y: -0.07151328772306442,
          z: 1.1482514142990112
        },
        speed: 3.145846464001257,
        suspension: [
          0.28947293758392334,
          0.28878456354141235,
          0.289068341255188,
          0.2883800268173218
        ],
        wheelContacts: 4
      },
      last: {
        id: 'car-69',
        position: {
          x: -174.35205078125,
          y: 0.7289235591888428,
          z: 126.02339935302734
        },
        rotation: {
          x: 0.0013502822257578373,
          y: -0.9724373817443848,
          z: -0.0005564153543673456,
          w: 0.23315945267677307
        },
        velocity: {
          x: -2.789085626602173,
          y: -0.07151398807764053,
          z: -6.575108528137207
        },
        speed: 7.142202096643686,
        suspension: [
          0.29187336564064026,
          0.2872118055820465,
          0.29064157605171204,
          0.2859800159931183
        ],
        wheelContacts: 4
      }
    },
    {
      tick: 420,
      physicalHash: '42a93aa28e3317eac610c917fafbcfd5ad273c11f2a33886b6e7700123b1e488',
      first: {
        id: 'car-0',
        position: { x: -397.373046875, y: 0.758926510810852, z: -344.59375 },
        rotation: {
          x: 0.00006753580964868888,
          y: -0.6117347478866577,
          z: -0.00019623379921540618,
          w: 0.7910630702972412
        },
        velocity: {
          x: -3.0989017486572266,
          y: -0.07151282578706741,
          z: 0.53794926404953
        },
        speed: 3.1452474399516244,
        suspension: [
          0.2894662618637085,
          0.28877437114715576,
          0.28907835483551025,
          0.2883864641189575
        ],
        wheelContacts: 4
      },
      last: {
        id: 'car-69',
        position: {
          x: -175.5350341796875,
          y: 0.7289236783981323,
          z: 119.03731536865234
        },
        rotation: {
          x: 0.0014509191969409585,
          y: -0.999982476234436,
          z: -0.0002095431846100837,
          w: 0.005732286721467972
        },
        velocity: {
          x: 0.4172191321849823,
          y: -0.07151321321725845,
          z: -7.132485866546631
        },
        speed: 7.144678190146049,
        suspension: [
          0.2917303144931793,
          0.28709128499031067,
          0.2907622754573822,
          0.2861233055591583
        ],
        wheelContacts: 4
      }
    },
    {
      tick: 480,
      physicalHash: '677fbd36d4312c1882fc400cc88b35b42da0beeb4d36af9b7fdfdc4938c225e7',
      first: {
        id: 'car-0',
        position: {
          x: -400.509765625,
          y: 0.7589264512062073,
          z: -344.379638671875
        },
        rotation: {
          x: 0.00007971002924023196,
          y: -0.6881625652313232,
          z: -0.00020248646615073085,
          w: 0.7255565524101257
        },
        velocity: {
          x: -3.142829656600952,
          y: -0.07151343673467636,
          z: -0.09484579414129257
        },
        speed: 3.1442604814290993,
        suspension: [
          0.28958600759506226,
          0.28883594274520874,
          0.2890169024467468,
          0.28826695680618286
        ],
        wheelContacts: 4
      },
      last: {
        id: 'car-69',
        position: {
          x: -173.4981689453125,
          y: 0.7289238572120667,
          z: 112.25032806396484
        },
        rotation: {
          x: 0.0014566992176696658,
          y: -0.9750534296035767,
          z: 0.00010603303962852806,
          w: -0.22196564078330994
        },
        velocity: {
          x: 3.533785343170166,
          y: -0.07151263952255249,
          z: -6.212698459625244
        },
        speed: 7.147395399852604,
        suspension: [
          0.29173585772514343,
          0.2871396243572235,
          0.29071399569511414,
          0.2861177623271942
        ],
        wheelContacts: 4
      }
    },
    {
      tick: 540,
      physicalHash: 'b344dabd640087df4983ff7fe5d9ac07125b694a027a14cab41a341d4516a1b3',
      first: {
        id: 'car-0',
        position: {
          x: -403.6259765625,
          y: 0.7589263916015625,
          z: -344.79736328125
        },
        rotation: {
          x: 0.00010245143494103104,
          y: -0.7576582431793213,
          z: -0.00019523287483025342,
          w: 0.6526515483856201
        },
        velocity: {
          x: -3.059319496154785,
          y: -0.07151380926370621,
          z: -0.7232142686843872
        },
        speed: 3.1436403512459026,
        suspension: [
          0.2895907759666443,
          0.2888268232345581,
          0.28902626037597656,
          0.28826236724853516
        ],
        wheelContacts: 4
      },
      last: {
        id: 'car-69',
        position: {
          x: -168.6639404296875,
          y: 0.7289236783981323,
          z: 107.06978607177734
        },
        rotation: {
          x: 0.0014062155969440937,
          y: -0.8988997340202332,
          z: 0.0004186954174656421,
          w: -0.438152015209198
        },
        velocity: {
          x: 5.923709869384766,
          y: -0.07151331007480621,
          z: -4.004021644592285
        },
        speed: 7.150001954336095,
        suspension: [
          0.2917821705341339,
          0.28714296221733093,
          0.2907104194164276,
          0.2860712707042694
        ],
        wheelContacts: 4
      }
    },
    {
      tick: 600,
      physicalHash: 'd4f354cafb05f7678d67e7be149b58c3109b70897e3d14b7a1a8bca2935375e0',
      first: {
        id: 'car-0',
        position: {
          x: -406.593994140625,
          y: 0.7589264512062073,
          z: -345.829833984375
        },
        rotation: {
          x: 0.00011456522042863071,
          y: -0.819476306438446,
          z: -0.00021634616132359952,
          w: 0.5731130242347717
        },
        velocity: {
          x: -2.8597521781921387,
          y: -0.07151367515325546,
          z: -1.3249598741531372
        },
        speed: 3.1517774649855244,
        suspension: [
          0.2895698547363281,
          0.2888011932373047,
          0.28905189037323,
          0.2882833480834961
        ],
        wheelContacts: 4
      },
      last: {
        id: 'car-69',
        position: {
          x: -162.0345458984375,
          y: 0.7289236187934875,
          z: 104.56880950927734
        },
        rotation: {
          x: 0.0012699671788141131,
          y: -0.7755755186080933,
          z: 0.0007422071066685021,
          w: -0.631253182888031
        },
        velocity: {
          x: 7.0772600173950195,
          y: -0.07151570171117783,
          z: -0.9577692747116089
        },
        speed: 7.141773682874567,
        suspension: [
          0.2918833792209625,
          0.2872026264667511,
          0.29065123200416565,
          0.2859703600406647
        ],
        wheelContacts: 4
      }
    },
    {
      tick: 660,
      physicalHash: 'fd7f0a941f0612403b6641b6e67c7ba5b3ce55f0e1a7bcebce8dd924700e3676',
      first: {
        id: 'car-0',
        position: {
          x: -409.2958984375,
          y: 0.7589264512062073,
          z: -347.435302734375
        },
        rotation: {
          x: 0.00013666230370290577,
          y: -0.872969388961792,
          z: -0.00020502966071944684,
          w: 0.48777511715888977
        },
        velocity: {
          x: -2.5357460975646973,
          y: -0.07151325792074203,
          z: -1.8709410429000854
        },
        speed: 3.1512582657285724,
        suspension: [
          0.2895743250846863,
          0.2887992262840271,
          0.28905361890792847,
          0.2882786989212036
        ],
        wheelContacts: 4
      },
      last: {
        id: 'car-69',
        position: {
          x: -154.9835205078125,
          y: 0.7289238572120667,
          z: 105.2658920288086
        },
        rotation: {
          x: 0.0010418681195005774,
          y: -0.6115918755531311,
          z: 0.0010174410417675972,
          w: -0.7911721467971802
        },
        velocity: {
          x: 6.77262544631958,
          y: -0.07151318341493607,
          z: 2.276247978210449
        },
        speed: 7.144911496613703,
        suspension: [
          0.29171010851860046,
          0.2871164381504059,
          0.290737122297287,
          0.2861436903476715
        ],
        wheelContacts: 4
      }
    },
    {
      tick: 720,
      physicalHash: 'd4284a784a8f89a34aff9523de0b32ab9f7ee199bfa4ce0e1cb74a5f0feb6792',
      first: {
        id: 'car-0',
        position: {
          x: -411.62109375,
          y: 0.7589264512062073,
          z: -349.54931640625
        },
        rotation: {
          x: 0.0001598242815816775,
          y: -0.9175891876220703,
          z: -0.00018203823128715158,
          w: 0.3975299596786499
        },
        velocity: {
          x: -2.109473943710327,
          y: -0.07151307910680771,
          z: -2.340221643447876
        },
        speed: 3.1506376592135563,
        suspension: [
          0.289547324180603,
          0.28877222537994385,
          0.28908050060272217,
          0.288305401802063
        ],
        wheelContacts: 4
      },
      last: {
        id: 'car-69',
        position: {
          x: -148.97216796875,
          y: 0.7289236783981323,
          z: 109.0162582397461
        },
        rotation: {
          x: 0.0007983205141499639,
          y: -0.415394127368927,
          z: 0.0012188215041533113,
          w: -0.909640371799469
        },
        velocity: {
          x: 5.064985752105713,
          y: -0.0715123638510704,
          z: 5.043240070343018
        },
        speed: 7.147611564442162,
        suspension: [
          0.2917453348636627,
          0.28712698817253113,
          0.2907264530658722,
          0.28610798716545105
        ],
        wheelContacts: 4
      }
    },
    {
      tick: 780,
      physicalHash: '0af7e3512939b90ef84099dc4645d93b939e35890434826eb2b0cfe9a15a96d9',
      first: {
        id: 'car-0',
        position: {
          x: -413.477294921875,
          y: 0.7589263916015625,
          z: -352.0849609375
        },
        rotation: {
          x: 0.0001775316195562482,
          y: -0.9529130458831787,
          z: -0.00016100490756798536,
          w: 0.30324360728263855
        },
        velocity: {
          x: -1.5977575778961182,
          y: -0.07151315361261368,
          z: -2.714862823486328
        },
        speed: 3.1501284780263528,
        suspension: [
          0.28954869508743286,
          0.28877609968185425,
          0.2890767455101013,
          0.28830403089523315
        ],
        wheelContacts: 4
      },
      last: {
        id: 'car-69',
        position: {
          x: -145.24609375,
          y: 0.7289236187934875,
          z: 115.0429916381836
        },
        rotation: {
          x: 0.0005225319764576852,
          y: -0.1974383294582367,
          z: 0.001383724040351808,
          w: -0.9803141951560974
        },
        velocity: {
          x: 2.3007729053497314,
          y: -0.07151462882757187,
          z: 6.76928186416626
        },
        speed: 7.149596696214528,
        suspension: [
          0.29179325699806213,
          0.2871299088001251,
          0.2907237112522125,
          0.28606024384498596
        ],
        wheelContacts: 4
      }
    }
  ],
  operator: 'deepStrictEqual',
  diff: 'simple'
}

Node.js v24.21.0
