(node:86824) ExperimentalWarning: stripTypeScriptTypes is an experimental feature and might change at any time
(Use `node --trace-warnings ...` to show where the warning was created)
{"status":"FAIL","sourceHash":"b4953819c14b35b3c47307b2e10b89a800ab93de7fca7bbc523195d35dbb1fb0","runs":0,"infeasible":0}
node:internal/modules/run_main:107
    triggerUncaughtException(
    ^

AssertionError [ERR_ASSERTION]: Expected values to be strictly equal:
+ actual - expected

+ 1.2999999523162842
- 1.3

    at arm (file:///F:/Sites/self-driving-academy/.worktrees/lateral-controller-01/scripts/calibrate-lateral-controller.mjs:220:12)
    at async file:///F:/Sites/self-driving-academy/.worktrees/lateral-controller-01/scripts/calibrate-lateral-controller.mjs:341:26 {
  generatedMessage: true,
  code: 'ERR_ASSERTION',
  actual: 1.2999999523162842,
  expected: 1.3,
  operator: 'strictEqual',
  diff: 'simple'
}

Node.js v24.21.0
