(node:92360) ExperimentalWarning: stripTypeScriptTypes is an experimental feature and might change at any time
(Use `node --trace-warnings ...` to show where the warning was created)
{"status":"FAIL","sourceHash":"bb959bd0c4bd0a311eedd4f30a656431b94a707291bf80c881c47c7d72fb305e","runs":0,"infeasible":0}
node:internal/modules/run_main:107
    triggerUncaughtException(
    ^

AssertionError [ERR_ASSERTION]: Expected values to be strictly deep-equal:
+ actual - expected

  {
+   radiusM: 0.3199999928474426,
+   trackM: 1.7999999523162842,
+   wheelbaseM: 2.700000047683716
-   radiusM: 0.32,
-   trackM: 1.8,
-   wheelbaseM: 2.7
  }

    at arm (file:///F:/Sites/self-driving-academy/.worktrees/lateral-controller-01/scripts/calibrate-lateral-controller-v2.mjs:221:12)
    at async file:///F:/Sites/self-driving-academy/.worktrees/lateral-controller-01/scripts/calibrate-lateral-controller-v2.mjs:341:26 {
  generatedMessage: true,
  code: 'ERR_ASSERTION',
  actual: {
    radiusM: 0.3199999928474426,
    wheelbaseM: 2.700000047683716,
    trackM: 1.7999999523162842
  },
  expected: { radiusM: 0.32, wheelbaseM: 2.7, trackM: 1.8 },
  operator: 'deepStrictEqual',
  diff: 'simple'
}

Node.js v24.21.0
