npm warn Unknown env config "msvs-version". This will stop working in the next major version of npm. See `npm help npmrc` for supported config options.

> self-driving-academy@0.1.0 check
> npm run typecheck && npm run lint && npm run format:check && npm run check:architecture && npm test

npm warn Unknown env config "msvs-version". This will stop working in the next major version of npm. See `npm help npmrc` for supported config options.

> self-driving-academy@0.1.0 typecheck
> tsc --noEmit && tsc -p tsconfig.tests.json --noEmit

npm warn Unknown env config "msvs-version". This will stop working in the next major version of npm. See `npm help npmrc` for supported config options.

> self-driving-academy@0.1.0 lint
> eslint . --max-warnings 0

npm warn Unknown env config "msvs-version". This will stop working in the next major version of npm. See `npm help npmrc` for supported config options.

> self-driving-academy@0.1.0 format:check
> prettier --check "src/**/*.{ts,css}" "tests/**/*.ts" "tests/**/*.html" "scripts/**/*.mjs" "*.{json,js,html}"

Checking formatting...
All matched files use Prettier code style!
npm warn Unknown env config "msvs-version". This will stop working in the next major version of npm. See `npm help npmrc` for supported config options.

> self-driving-academy@0.1.0 check:architecture
> node scripts/verify-architecture.mjs

Architecture imports: PASS (106 TypeScript files)
Architecture negative probes: PASS (6 forbidden dependencies rejected)
Inspector exception negative probes: PASS (4 forbidden imports rejected)
Rapier adapter negative probes: PASS (3 forbidden imports rejected)
Renderer injection, readonly snapshots, defensive persistence and lifecycle: PASS
(node:25304) ExperimentalWarning: stripTypeScriptTypes is an experimental feature and might change at any time
(Use `node --trace-warnings ...` to show where the warning was created)
npm warn Unknown env config "msvs-version". This will stop working in the next major version of npm. See `npm help npmrc` for supported config options.

> self-driving-academy@0.1.0 test
> node --import ./scripts/register-typescript.mjs --test "tests/**/*.test.ts"

(node:98804) ExperimentalWarning: stripTypeScriptTypes is an experimental feature and might change at any time
(Use `node --trace-warnings ...` to show where the warning was created)
✔ ready and manual pause render without advancing ticks; resume excludes paused time (3.9148ms)
✔ visibility resumes only background pause; overload requires explicit recovery (1.4632ms)
✔ reload coalesces requests and never duplicates frames/listeners; errors and disposal release owners (0.41ms)
✔ disposal during loading releases a late backend and never installs subscriptions (0.247ms)
✔ initially hidden ready cannot start until foreground (1.0529ms)
✔ projection is frozen, presentation faults terminate, cleanup attempts every owner (0.5913ms)
✔ fixed-step faults and synchronous loader errors expose ERROR without retrying a step (0.5182ms)
(node:36588) ExperimentalWarning: stripTypeScriptTypes is an experimental feature and might change at any time
(Use `node --trace-warnings ...` to show where the warning was created)
✔ loss captures the same authoritative tick/body after suspension, retries preserve immutable RAM (3.966ms)
✔ twenty reload/resize cycles plateau, coalescing and old loss callback cannot recreate a session (1.8267ms)
✔ failure in resize reconstructs once; invalid capture disables stale checkpoint retry (0.6368ms)
✔ disposal during pending construction releases late candidate; no renderer resurrection (0.4727ms)
✔ GPU loss while factory is pending becomes retryable ERROR and candidate disposed (0.2429ms)
✔ RAM capture rejects accessors, nonfinite, cycles, sparse arrays and capacity without reading getters (0.5925ms)
✔ application keeps its simulation, tick, RAF and subscriptions across renderer failure/retry (1.5167ms)
(node:105880) ExperimentalWarning: stripTypeScriptTypes is an experimental feature and might change at any time
(Use `node --trace-warnings ...` to show where the warning was created)
✔ all six states and concurrent priorities have exact reason codes and owned transition snapshots (2.5994ms)
✔ absence, foreign, future/stale, discontinuous and incomplete source are blocked before any requested maneuver (1.0711ms)
✔ versioned parsers reject getters, exotic/sparse and oversized data without changing accepted owner state (1.3368ms)
✔ published044 projection keeps actual source age, used completeness and shared profile semantics without retaining geometry (33.8702ms)
✔ 219 invokes periodic decisions only in deterministic phases, urgent offphase reads fresh044, input/controller remain60Hz (163.2458ms)
✔ authority change clears decision without allowing tick regression and does not commandeer MANUAL/LEARNING (0.4407ms)
✔ identity reuse, epoch resets and atomic capacity admission fence stale callbacks with bounded tombstones (0.8226ms)
✔ twenty full110actor lifecycle cycles retain only bounded current scalar projections and release all ownership (34.0787ms)
✔ 1024 protected epoch identities refuse new IDs atomically without tombstone eviction (3.1161ms)
(node:60844) ExperimentalWarning: stripTypeScriptTypes is an experimental feature and might change at any time
(Use `node --trace-warnings ...` to show where the warning was created)
✔ 049 preproduction reference uses actual033 directed geometry and explicit separate speed fixture (77.7855ms)
(node:87240) ExperimentalWarning: stripTypeScriptTypes is an experimental feature and might change at any time
(Use `node --trace-warnings ...` to show where the warning was created)
✔ 049 compiled routes use actual033 directedlane/TURN authored points and refuse fabricated tokens/gaps (19.8473ms)
✔ 049 left/right TURN preserves all authored intermediate geometry rather than joining only lane endpoints (4.8085ms)
✔ 049 actual steering matches independent exhaustive geometry without actuation/timer/longitudinal fields (6.7229ms)
✔ 049 sharp/too-tight/grade geometry and closed256vertex admission are explicit rather than teleported (16.5123ms)
✔ 049 null/stale/discontinuous/future/height/heading/reverse observations and overspeed have explicit reasons (2.1771ms)
✔ 049 posted speed/style and045 state only affect lateral control through explicit owner choices (3.094ms)
✔ 049 authority/tick/mapversion/incarnation/epoch fences release routes without reopening old ticks (2.8911ms)
✔ 049 malformed/getter/sparse/reentrant boundaries reject before owner mutation (2.0011ms)
✔ 049110owner/256geometry/1024protectedidentity capacities are atomic and20lifecycles release strong ownership (110.6121ms)
✔ 049 descriptor snapshots prevent unsafe caller re-read and mutable-object cache/TOCTOU reuse (2.687ms)
(node:78696) ExperimentalWarning: stripTypeScriptTypes is an experimental feature and might change at any time
(Use `node --trace-warnings ...` to show where the warning was created)
✔ normal/dense contexts match exhaustive IDs, lanes, leaders, signals and conflicts at real authoritative ticks (428.1775ms)
✔ lateral, opposite-direction and overpass vehicles never become false leaders (7.2599ms)
✔ cached context keeps source tick; urgent signal refresh occurs before six-tick cadence without clock/event resampling (17.698ms)
✔ frame admission is atomic, duplicate snapshots canonical, contradictory/stale signal snapshots rejected (24.4494ms)
✔ unknown intent, offroad intent and absent/incomplete signals remain unknown, while junction intent selects the concrete movement (20.7393ms)
✔ a concrete route with incompatible current lane or access never makes its signal applicable (30.7223ms)
✔ priority uses explicit038 policy and supplied SI distances; local or incomplete traffic never creates a global AVAILABLE gap (23.0927ms)
✔ missing policy is explicit unknown; supplied distances change instantaneous predictions without producing temporal evidence (10.8078ms)
✔ session, epoch, incarnation and removal fences prevent stale contexts from surviving reuse (40.1959ms)
✔ capacity checks preserve prior ownership and all admitted dense contexts fit the110-entry cache (28.74ms)
✔ twenty reset/lifecycle cycles clear frame/index/cache/identity ownership; returned snapshots stay frozen (549.3222ms)
✔ hostile data and duplicates are rejected without invoking accessors or retaining partial frame state (18.1976ms)
✔ deep obstacle and polygon accessors and inherited array methods never execute during frame preparation (20.0595ms)
✔ obstacle/zone identities fence stale positions and removed incarnations; kinds remain stable within an epoch (70.9921ms)
✔ partial observation omissions preserve identities without creating removal tombstones (17.4859ms)
✔ per-epoch identity history has finite admission without dropping retained tombstones (197.6086ms)
BJS - [03:27:03]: Babylon.js v9.29.0 - Null engine
(node:38468) ExperimentalWarning: stripTypeScriptTypes is an experimental feature and might change at any time
(Use `node --trace-warnings ...` to show where the warning was created)
✔ actual physical scheduling fixture preserves70controllers and can verify cleanup twice after native disposal (648.9233ms)
(node:73936) ExperimentalWarning: stripTypeScriptTypes is an experimental feature and might change at any time
(Use `node --trace-warnings ...` to show where the warning was created)
✔ VehicleCommand: JSON roundtrip, immutable defensive copy (3.2439ms)
✔ VehicleCommand: rejects all nonfinite numeric leaves (2.013ms)
✔ VehicleCommand: rejects unknown shape, extra/missing fields, unsupported versions (1.0591ms)
✔ VehicleState: JSON roundtrip, immutable defensive copy (0.5753ms)
✔ VehicleState: rejects all nonfinite numeric leaves (3.024ms)
✔ VehicleState: rejects unknown shape, extra/missing fields, unsupported versions (0.6527ms)
✔ Ride: JSON roundtrip, immutable defensive copy (0.522ms)
✔ Ride: rejects all nonfinite numeric leaves (0.6582ms)
✔ Ride: rejects unknown shape, extra/missing fields, unsupported versions (1.1478ms)
✔ SimulationEvent: JSON roundtrip, immutable defensive copy (0.6803ms)
✔ SimulationEvent: rejects all nonfinite numeric leaves (0.5046ms)
✔ SimulationEvent: rejects unknown shape, extra/missing fields, unsupported versions (0.4826ms)
✔ InterventionSegment: JSON roundtrip, immutable defensive copy (1.2024ms)
✔ InterventionSegment: rejects all nonfinite numeric leaves (12.9474ms)
✔ InterventionSegment: rejects unknown shape, extra/missing fields, unsupported versions (1.2107ms)
✔ TelemetrySample: JSON roundtrip, immutable defensive copy (0.3491ms)
✔ TelemetrySample: rejects all nonfinite numeric leaves (6.0804ms)
✔ TelemetrySample: rejects unknown shape, extra/missing fields, unsupported versions (0.4849ms)
✔ DrivingProfile: JSON roundtrip, immutable defensive copy (1.0247ms)
✔ DrivingProfile: rejects all nonfinite numeric leaves (1.017ms)
✔ DrivingProfile: rejects unknown shape, extra/missing fields, unsupported versions (0.6565ms)
✔ ParameterEvidence: JSON roundtrip, immutable defensive copy (0.1613ms)
✔ ParameterEvidence: rejects all nonfinite numeric leaves (0.3487ms)
✔ ParameterEvidence: rejects unknown shape, extra/missing fields, unsupported versions (0.4163ms)
✔ unknown data never executes getters or coercion; inherited fields/symbols/sparse arrays rejected (0.6502ms)
✔ vehicle normalized controls, tick identity, quaternion and enums (1.8963ms)
✔ ride terminal metadata and assignment chronology (0.3643ms)
✔ all event discriminants roundtrip with their specific validated payload (2.059ms)
✔ event payload discrimination, entity references and reset/activation chronology (0.4565ms)
✔ segments reject mode eligibility, mismatched world/vehicle/source, unordered ticks and partial closure (1.8153ms)
✔ profiles preserve unknown observations and reserved data without fabricated evidence (0.7243ms)
✔ current design catalog can be carried structurally without implementing its parameter registry (12.8138ms)
(node:38964) ExperimentalWarning: stripTypeScriptTypes is an experimental feature and might change at any time
(Use `node --trace-warnings ...` to show where the warning was created)
✔ composition publishes the exact COLLISION variant once for actual admitted step serials (8.7362ms)
✔ foreign session and epoch are rejected at constructor before any native step (0.6523ms)
✔ accepted listener errors are inspected with bounded diagnostics and never retried as effects (1.0616ms)
✔ capacity failure keeps exact suffix and blocks newer physics before it advances (0.7747ms)
✔ publisher failure after acceptance retries stable duplicate identity without repeating effects (0.3882ms)
✔ listener removal/reuse discards later stale incidents and adapter reentry is fenced (0.423ms)
✔ native serial and tick fences reject fake captures, duplicated physics and external advances (0.5794ms)
✔ real epoch reset restores new owner and disposal releases all episode/pending ownership (0.5794ms)
✔ prepared admission is idempotent and cannot relabel the physical tick (0.4562ms)
✔ pending publication cannot admit physics advanced by a listener (0.492ms)
(node:76176) ExperimentalWarning: stripTypeScriptTypes is an experimental feature and might change at any time
(Use `node --trace-warnings ...` to show where the warning was created)
✔ duplicates and retries consume each identity once even after listeners fail (2.1922ms)
✔ stable declared order, type filtering and publication order within tick (1.1096ms)
✔ unsubscribe is idempotent and immediate; subscribe during dispatch starts next event (0.467ms)
✔ rejects invalid, stale, foreign and late events without consuming capacity (1.7418ms)
✔ dedup is fail-closed at capacity; epoch invalidation rejects retired worlds (0.5856ms)
✔ reentrant publication and lifecycle changes fail before nested effects (0.5573ms)
✔ validated copies are immutable and owned; resources are capped and disposed (0.769ms)
(node:102780) ExperimentalWarning: stripTypeScriptTypes is an experimental feature and might change at any time
(Use `node --trace-warnings ...` to show where the warning was created)
✔ 30/60 frame schedules preserve tick-addressed commands and duration over ten simulated minutes (474.8716ms)
✔ first frame anchors time; fractional boundaries produce previous/current interpolation (0.3365ms)
✔ catchup executes at most four constant steps and retains the rest of debt (0.3552ms)
✔ overload pauses before steps; explicit recovery drains preserved debt without new wall time (0.5914ms)
✔ 250 ms threshold is inclusive and a larger debt explicitly overloads (0.2302ms)
✔ manual and background pauses exclude stopped time and retain fractional debt (0.3094ms)
✔ pause accounts only the active interval to its boundary, and recovery can itself pause (0.4918ms)
✔ invalid or regressing clocks are rejected without poisoning clock or loop state (0.6976ms)
✔ snapshot ownership is defensive, nested immutable and safe after later steps/disposal (0.4733ms)
✔ step/capture/interpolate failures are explicit terminal faults and never retry an executed step (0.537ms)
✔ reentrant operations are rejected; uncaught reentrancy produces a fault (0.2872ms)
✔ snapshot plain-tree boundary rejects accessors/cycles/exotic objects; null snapshots are valid (0.3424ms)
✔ initial tick keeps addressed identity while elapsed simulated time starts at zero (0.1808ms)
(node:14396) ExperimentalWarning: stripTypeScriptTypes is an experimental feature and might change at any time
(Use `node --trace-warnings ...` to show where the warning was created)
✔ five-repeat medians/ranges preserve paired negative observer deltas and counters (5.4749ms)
✔ unsupported/pending GPU remains null; partial availability reports actual repetitions (1.6789ms)
✔ rejects smoke, interrupted protocol, invalid dimensions and lost focus (20.3284ms)
✔ rejects missing/duplicate pairs and inconsistent/nonfinite sample statistics (1.7837ms)
✔ rejects hardware/profile/build/digest inconsistency and wrong phase attribution (3.2392ms)
✔ phase wall delta does not invalidate a full RAF duration when callback latencies differ (0.3981ms)
✔ explicit-path CLI emits one compact JSON record, rejects invalid input, and never rewrites evidence (484.9302ms)
(node:18988) ExperimentalWarning: stripTypeScriptTypes is an experimental feature and might change at any time
(Use `node --trace-warnings ...` to show where the warning was created)
✔ nearest rank percentiles, histogram and strict budget on known data (1.7489ms)
✔ collector caps allocations, reports overflow and rejects lifecycle misuse (1.1532ms)
✔ disabled collector allocates no sample buffers and unavailable APIs never become zero (0.1833ms)
✔ reports require five complete pairs, own metadata, preserve missing data and reject nonfinite values (4.7614ms)
✔ hardware baseline rejects short durations, overflow and missing pair identity (0.7419ms)
(node:57212) ExperimentalWarning: stripTypeScriptTypes is an experimental feature and might change at any time
(Use `node --trace-warnings ...` to show where the warning was created)
✔ headless: advances 12 ticks and captures states/events without renderer (2.7215ms)
✔ zero ticks captures initial state and validates seed/tick boundaries (0.6305ms)
✔ capture owns copies even when an adapter reuses mutable state and events (0.3309ms)
✔ scenario oracle rejects corrupted state and event evidence (1.6762ms)
(node:11360) ExperimentalWarning: stripTypeScriptTypes is an experimental feature and might change at any time
(Use `node --trace-warnings ...` to show where the warning was created)
✔ versioned identity and RNG golden vectors fix encoding and algorithm (2.991ms)
✔ IDs preserve boundaries, namespace, kind and exact Unicode code units (0.3165ms)
✔ inserted events and reversed evaluation preserve addressed opportunity samples (1.0418ms)
✔ seed scopes and sample purpose/index distinguish fixed fixtures (0.2423ms)
✔ JSON restart reproduces samples from version, seed, purpose and index only (0.329ms)
✔ unit samples are exact uint32 fractions in the half-open unit interval (16.1522ms)
✔ unknown invalid inputs fail without coercion or accessor execution (2.4114ms)
(node:25284) ExperimentalWarning: stripTypeScriptTypes is an experimental feature and might change at any time
(Use `node --trace-warnings ...` to show where the warning was created)
✔ DOM press hold/repeat/release are bounded and raw keys mapW/S/A/D/Space (3.894ms)
✔ blur visibility editable/modal/disabled state flushes keys; repeats never restore lostinput (0.9035ms)
✔ modifiers and composition do not consume editable keyboardshortcuts or leave throttle active (0.4086ms)
✔ twenty binding/filter ownershipcycles release sixlisteners and retain noinputframes (2.6528ms)
(node:60500) ExperimentalWarning: stripTypeScriptTypes is an experimental feature and might change at any time
(Use `node --trace-warnings ...` to show where the warning was created)
✔ 80 unique keys, 24 M targets; planned stages grant no capabilities (3.6507ms)
✔ every key validates default, inclusive bounds, canonical unit and finite range (7.4235ms)
✔ publication gate rejects LEARNED and manual tuning for all unsupported keys (19.7409ms)
✔ publication gate rejects unknown keys, wrong units and invalid ranges for all provenance (0.7592ms)
✔ publication retains structural evidence and provenance checks and roundtrip (0.4206ms)
✔ malformed catalog rejects schema, shape, duplicate/unknown keys and invalid definitions (12.0866ms)
✔ registry and parsed catalog are defensive immutable data (1.2791ms)
✔ generated runtime catalog is synchronized with canonical JSON (382.3027ms)
(node:33412) ExperimentalWarning: stripTypeScriptTypes is an experimental feature and might change at any time
(Use `node --trace-warnings ...` to show where the warning was created)
✔ GLB preflight accepts original embedded geometry and bounds decoded bytes (3.0522ms)
✔ GLB header and truncated JSON reject before Babylon resource creation (0.3945ms)
✔ embedded PNG size is admitted before decode and oversized dimensions reject (0.4139ms)
✔ geometry primitive vertex budget rejects before Babylon (1.319ms)
(node:89320) ExperimentalWarning: stripTypeScriptTypes is an experimental feature and might change at any time
(Use `node --trace-warnings ...` to show where the warning was created)
✔ WebGPU preferred, scene owned, disposal exactly once in dependency order (2.1546ms)
✔ unavailable or throwing support check uses only WebGL2 (0.3583ms)
✔ WebGL2 preference skips WebGPU support completely (0.2452ms)
✔ init failure cleans engine before fallback on a distinct canvas (0.2556ms)
✔ scene failure reconstructs a new scene after disposing all tentative resources (1.6102ms)
✔ both fail with recoverable aggregate; cleanup exceptions do not stop engine/canvas release (0.803ms)
(node:65808) ExperimentalWarning: stripTypeScriptTypes is an experimental feature and might change at any time
(Use `node --trace-warnings ...` to show where the warning was created)
✔ fixed ring retains recent values, exact percentiles and bounded numeric bytes (1.6327ms)
✔ missing timers stay unavailable; fresh measured GPU zero remains valid (0.1931ms)
✔ disabled collector performs no admission and reenabling starts a fresh window (0.2938ms)
✔ counter projections are copied/frozen and invalid capacity/counters reject (0.2723ms)
(node:31452) ExperimentalWarning: stripTypeScriptTypes is an experimental feature and might change at any time
(Use `node --trace-warnings ...` to show where the warning was created)
✔ error then retry, one frame/resize subscription, idempotent disposal (1.4707ms)
✔ concurrent retry is coalesced; dispose during pending initialization releases late backend (0.3222ms)
✔ render failure stops loop, cleans resources and exposes retry (0.3241ms)
✔ cleanup failures clear every owner and still permit retry (1.0331ms)
✔ synchronous factory failure does not poison the pending retry promise (1.2674ms)
BJS - [03:27:03]: Babylon.js v9.29.0 - Null engine
BJS - [03:27:03]: Babylon.js v9.29.0 - Null engine
BJS - [03:27:03]: Babylon.js v9.29.0 - Null engine
BJS - [03:27:03]: Babylon.js v9.29.0 - Null engine
✔ explicit DPR caps/resolution scaling, immutable limits and invalid input rejection (1.3977ms)
✔ adaptive windows require GPU evidence, hysteresis/cooldown and manual override (1.8161ms)
✔ daylight quality switches preserve materials/signals/domain and release shadows without accumulation (56.7116ms)
✔ bounded caster registry and atomic quality validation (10.8468ms)
✔ removed active caster is refilled deterministically; foreign/disposed meshes rejected (5.3133ms)
✔ automatic presentation port applies GPU downgrade and manual preferences stop it (2.9296ms)
(node:45756) ExperimentalWarning: stripTypeScriptTypes is an experimental feature and might change at any time
(Use `node --trace-warnings ...` to show where the warning was created)
BJS - [03:27:03]: Babylon.js v9.29.0 - Null engine
BJS - [03:27:03]: Babylon.js v9.29.0 - Null engine
BJS - [03:27:03]: Babylon.js v9.29.0 - Null engine
BJS - [03:27:03]: Babylon.js v9.29.0 - Null engine
✔ manifest rejects cumulative first-ride/decoder/GPU/shader budgets without confusing transfer with residency (6.1772ms)
✔ local LOD batches preserve picking after motion/removal/reorder, copy inputs and dispose owned resources (45.4809ms)
✔ two LOD hosts admit identity capacity atomically before changing any matrix/count (6.4282ms)
✔ LOD retains near detail when a large scaled source reaches the camera (4.5456ms)
✔ twenty static material lifecycle cycles plateau; capacity admission preserves existing batches (35.1958ms)
(node:33788) ExperimentalWarning: stripTypeScriptTypes is an experimental feature and might change at any time
(Use `node --trace-warnings ...` to show where the warning was created)
(node:72464) ExperimentalWarning: stripTypeScriptTypes is an experimental feature and might change at any time
(Use `node --trace-warnings ...` to show where the warning was created)
✔ known tick midpoint, endpoints, wheel continuous rotations and frozen authority (2.4638ms)
✔ fixed loop alpha drives render projection without altering the captured body (1.9282ms)
✔ shortest arc slerp of orientations and equivalent negative quaternion (0.413ms)
✔ missing, reset, reused, skipped and backwards snapshots snap to current (0.6112ms)
✔ alpha clamps, nonfinite snaps, invalid snapshot rejected before presentation (0.7582ms)
(node:39088) ExperimentalWarning: stripTypeScriptTypes is an experimental feature and might change at any time
(Use `node --trace-warnings ...` to show where the warning was created)
✔ visual boundary accepts readonly domain pose without changing it (1.0398ms)
✔ visual identity validates epochs at presentation boundary (0.2227ms)
(node:63360) ExperimentalWarning: stripTypeScriptTypes is an experimental feature and might change at any time
(Use `node --trace-warnings ...` to show where the warning was created)
✔ selection changes only camera, target identity is independent of authority (1.7707ms)
✔ damping is time-based, stable zero-motion and speed-dependent distance brakes inward (1.9271ms)
✔ driver eye is inside cabin and follows turn/roll exactly with adjustable FOV (1.1315ms)
✔ look clamps and recenter, reuse resets visual damping and look (0.3983ms)
✔ expanded-AABB sphere sweep prevents thin-wall tunneling and corrects start penetration (0.8811ms)
✔ collision correction runs after damping and on motion path, fail-safe and invalid input (0.6627ms)
BJS - [03:27:03]: Babylon.js v9.29.0 - Null engine
BJS - [03:27:03]: Babylon.js v9.29.0 - Null engine
BJS - [03:27:03]: Babylon.js v9.29.0 - Null engine
BJS - [03:27:03]: Babylon.js v9.29.0 - Null engine
BJS - [03:27:03]: Babylon.js v9.29.0 - Null engine
BJS - [03:27:03]: Babylon.js v9.29.0 - Null engine
✔ nearest mesh/root and ordinary instance identities remain distinct; decor blocks (22.015ms)
✔ thin batch maps real ray hit index, remaps atomically, and rejects stale count (4.057ms)
✔ foreign/disposed objects, malformed IDs and capacity are rejected without destructive replacement (3.3578ms)
✔ optional013 resolver maps descendants while thin instances never inherit host identity (2.474ms)
✔ native pointer scans are disabled and restored; disposed picker does not scan (0.8681ms)
✔ input maps CSS to render pixels once; move is scan-free; modal/drag/cancel/UI/cleanup block clicks (5.2001ms)
✔ hover is explicit opt-in, disabled/modal state prevents scans (0.3676ms)
✔ hardware scaling and aggregate thin capacity retain correct identity (3.365ms)
(node:54488) ExperimentalWarning: stripTypeScriptTypes is an experimental feature and might change at any time
(Use `node --trace-warnings ...` to show where the warning was created)
(node:77232) ExperimentalWarning: stripTypeScriptTypes is an experimental feature and might change at any time
(Use `node --trace-warnings ...` to show where the warning was created)
✔ defaults and valid alternate settings round-trip as deeply frozen owned data (2.7961ms)
✔ all control sliders enforce finite UI domains, FOV degrees and version bounds (2.0379ms)
✔ binding conflicts, unknown actions and unsupported keys are rejected (0.8068ms)
✔ units, quality and launch configuration reject invalid or learned fields (1.4741ms)
✔ data readers reject accessors and exotic objects without executing getters (0.6004ms)
✔ replacement is atomic, owns input copies and enforces player/control version (1.9021ms)
✔ reset restores settings independently and cannot touch profiles or progression (0.8076ms)
✔ revision exhaustion rejects reset without changing the snapshot (0.451ms)
✔ quality and launch reset preserve control identity and stay independent of population (0.6854ms)
(node:106972) ExperimentalWarning: stripTypeScriptTypes is an experimental feature and might change at any time
(Use `node --trace-warnings ...` to show where the warning was created)
✔ cooperative synthetic route jobs match original exact path/blocked reference across all fixture lane pairs (17.7976ms)
(node:94108) ExperimentalWarning: stripTypeScriptTypes is an experimental feature and might change at any time
(Use `node --trace-warnings ...` to show where the warning was created)
✔ unscheduled before reference preserves exact authoritative trace across30/60/120synthetic render clocks (8.5817ms)
✔ before hitch pauses without a step, retains debt and recovers only real60Hzsteps capped at4 (1.0007ms)
✔ before background pause excludes stopped wall time; selection and blockage urgent callbacks bypass periodic slot (2.9532ms)
✔ actual044before fixture admits all70/110actors and source tick matches each fresh decision (269.3978ms)
✔ synthetic route job consults actual directed successors and never returns a blocked destination (3.4454ms)
(node:107416) ExperimentalWarning: stripTypeScriptTypes is an experimental feature and might change at any time
(Use `node --trace-warnings ...` to show where the warning was created)
✔ stable entity phases retain10Hz counts across insertion order and30/60/120render clocks; physics/input remain identical (19.4537ms)
✔ urgent input runs immediately, coalesces due decisions, and publication urgency waits only next relevant physicaltick (0.5636ms)
✔ decisionTick never restamps latest committed044context sourceTick; urgent input is independent of source age (75.2959ms)
✔ adversarial same-phase identities are all processed, while every offcamera actor receives all controllers (1.5083ms)
✔ real008hitch/background debt, max4steps and explicit overload are preserved by scheduler composition (1.2225ms)
✔ pending028publication admission refusal faults before input/control/physics and cannot commit a nominal noop tick (0.7019ms)
✔ invalid/staleclock admission preserves state; callback/async/reentrant errors are terminal without retry (1.3695ms)
✔ actor scheduleridentity ownership fences staleincarnations/removal/epoch callbacks and urgentreuse (0.4519ms)
✔ finiteactor and1024ledger admission never truncates; hostile getters/densearray prototypes are rejected atomically (9.6416ms)
✔ routework admission is finite, priority deterministic, at most4cooperative slices and1residenttask per tick (1.5709ms)
✔ routecache uses graph/cost/access/origin/destination; blocked results reuse only matching versions (0.7893ms)
✔ a cached different target cannot bypass an actor pending route (0.8123ms)
✔ malformed factory tasks clean valid own disposal once without reading accessors (0.8327ms)
✔ deduplicated route urgency promotes waiting normal work; injected object methods preserve their receiver (0.4863ms)
✔ pendingroutecapacity/cancel/expiry and actorremoval cleanup retain explicit terminal outcomes without stalepublish (9.7986ms)
✔ routepath/source validation and taskfailure are terminal; task cleanup is attempted once at lifecycle boundary (0.5091ms)
✔ 64entryroutecache evicts deterministically and reset/dispose20cycles clear all owned queues/cache/ledger (4.1438ms)
(node:78924) ExperimentalWarning: stripTypeScriptTypes is an experimental feature and might change at any time
(Use `node --trace-warnings ...` to show where the warning was created)
✔ opaque fractional/subnormal handles are fenced by exact registration, without tombstones (3.1227ms)
✔ admission caps subscriptions and active entities before registration (2.0425ms)
✔ old unsubscribe never decrements subscriptions belonging to a reused entity (0.1767ms)
✔ dispatch rejects stale ticks, removal/recreation and reentrant newer publication (0.2803ms)
✔ conversions copy SI values and quaternion exactly; invalid quaternion is rejected (0.3177ms)
✔ same-tick reentrant publication delivers only the fresh state to later callbacks (0.2313ms)
(node:33168) ExperimentalWarning: stripTypeScriptTypes is an experimental feature and might change at any time
(Use `node --trace-warnings ...` to show where the warning was created)
✔ contact array permutations preserve canonical registration-pair delivery order (5.706ms)
✔ canonical owned registrations fence copied tokens, handle/ID reuse and another world (0.8287ms)
✔ kind and ID admission reject before registration consumes a serial (0.5211ms)
✔ reversed pairs and multiple manifolds emit once with summed SI impulse and deterministic primary (0.4666ms)
✔ persistent contacts do not reemit after cooldown; separation recontact includes boundary (1.7289ms)
✔ cooldown inclusive onset boundary and zero-tick cooldown still require separation (0.878ms)
✔ invalid contacts, accessor/prototype arrays and capacity overflow leave tick and episodes atomic (0.5982ms)
✔ publisher errors retain exact failed suffix and forbid new ticks until accepted-prefix retry (0.4213ms)
✔ pending and separated-history caps each reject an entire update before state changes (0.5393ms)
✔ strict finite option admission and synchronous publisher contract reject malformed values (0.4847ms)
✔ separated cooldown history expires exactly at boundary before admitting a different pair (0.4202ms)
✔ consecutive snapshot admission rejects unobserved gaps without inventing contact continuity (0.4033ms)
✔ session namespace differentiates otherwise identical incident keys and admits bounded IDs upfront (0.574ms)
✔ callback removal/reuse cancels stale pending; reentrant core mutation is fenced (0.4038ms)
✔ obstacle pairs ignored; epoch reset/new owner and disposal clear bounded state (0.4298ms)
(node:76732) ExperimentalWarning: stripTypeScriptTypes is an experimental feature and might change at any time
(Use `node --trace-warnings ...` to show where the warning was created)
✔ actual Rapier wall impact emits one positive SI impulse for the mapped episode (327.3208ms)
✔ actual Rapier cars impact emits one positive SI impulse for the mapped episode (62.7874ms)
✔ positive predictive gap with zero impulse beyond native resting tolerance produces no incident (9.2844ms)
✔ native sustained contact, controlled separation and recontact emit only qualifying episode onsets (86.4514ms)
✔ native ground, sensor and anonymous obstacle contacts have no invented mapped incidents (2.7704ms)
✔ named obstacle–obstacle physical contacts are excluded without a vehicle participant (0.8684ms)
✔ native removal/reuse maps exact collider identity and releases static/dynamic/controller ownership (15.5043ms)
✔ named identity and native shape admission reject without allocation or serial consumption (30.2452ms)
✔ vehicle input getters never execute and boundary reentrancy cannot retire a valid registration (7.6418ms)
(node:66244) ExperimentalWarning: stripTypeScriptTypes is an experimental feature and might change at any time
(Use `node --trace-warnings ...` to show where the warning was created)
✔ AUTO target realizes fresh commands for exactly six physical ticks and expires (3.2312ms)
✔ same-tick takeover ignores valid old AI, dominates throttle with brake, and PLAYER never holds (0.6139ms)
✔ authority transfers atomically between two PLAYER candidates (0.6839ms)
✔ malformed, duplicate, stale world/tick/token and oversized batches reject before all effects (0.7173ms)
✔ proxy replacement during admission cannot command an ID-reused native body (0.6852ms)
✔ suspend flushes targets; readback is historical, resume starts neutral; reset is new owner (0.5324ms)
✔ fault after actuation is terminal and is never retried or claimed rolled back (0.4157ms)
✔ reentrant mutation from the actuation port is rejected (0.3283ms)
✔ native handbrake sets rear impulse caps and rejects malformed whole batch before setters (301.7943ms)
✔ PLAYER 60Hz and AUTONOMY 10Hz realize identical actual Rapier trajectories for both classes (328.7451ms)
✔ twenty native ownership cycles retain at most 110 entries and release all 880 subscriptions (202.2924ms)
✔ rear handbrake reduces speed and distance from a repeatable moving start versus coast (18.6735ms)
✔ actual fixed-tick composition at 30/60/144 presentation Hz produces identical 60Hz commands and pose (74.0812ms)
(node:64892) ExperimentalWarning: stripTypeScriptTypes is an experimental feature and might change at any time
(Use `node --trace-warnings ...` to show where the warning was created)
✔ explicit direction intent preserves legacy schemas and rejects malformed extra fields/getters (2.1531ms)
✔ forward motion never gets reverse propulsion; full total-speed dwell precedes gear engagement (7.7171ms)
✔ interrupted dwell, opposite request, handbrake and service brake cannot smuggle a shift or force (0.9321ms)
✔ 027 keyboard preserves raw digital braking and isolates directional ramps from025 (1.6946ms)
✔ controller opt-in, whole-batch validation and suspend/authority reset guard direction state (293.1035ms)
✔ native heldS brakes, reverses only after dwell, and heldW symmetrically returns forward on both classes (142.8189ms)
✔ native rear handbrake changes a moving turn without changing mechanics or creating non-finite state (128.3752ms)
✔ bounded state survives20 full-capacity ownership cycles without stale-token or history retention (32.2012ms)
(node:71924) ExperimentalWarning: stripTypeScriptTypes is an experimental feature and might change at any time
(Use `node --trace-warnings ...` to show where the warning was created)
✔ legacy mapping remains readable and requires explicit immutable revision upgrade (3.1118ms)
✔ finite monotone slider rates have positive endpoints and bounded symmetric speed attenuation (1.6432ms)
✔ raw digital input and tick-filtered commands are distinct immutable snapshots (3.6129ms)
✔ opposed steering is neutral; raw W+S is retained while brake dominates command throttle (0.3565ms)
✔ focus clear discards held keys and ramp residuals immediately without stale repeat state (2.0756ms)
✔ invalid frame leaves tick and ramps unchanged and getters are never called (0.7521ms)
✔ preferences apply at exactly next tick, clear input and enforce revision and one pending snapshot (1.8963ms)
✔ high-speed envelope clamps existing steering and signed velocity is symmetric (0.621ms)
✔ actual native keyboard composition produces identical commands/physics at30/60/144 render cadences (565.2311ms)
(node:13908) ExperimentalWarning: stripTypeScriptTypes is an experimental feature and might change at any time
(Use `node --trace-warnings ...` to show where the warning was created)
✔ real Rapier readback drives Babylon Matrix: translated +90Y, +Z becomes +X, velocity stays SI (129.9573ms)
✔ 20 full-capacity create/remove cycles release controllers, colliders, maps and callbacks (537.8641ms)
✔ callback removes a body during dispatch and another world rejects its old token (1.4505ms)
✔ same-tick nested Rapier publication fences stale callbacks and later bodies in outer batch (0.8445ms)
(node:87244) ExperimentalWarning: stripTypeScriptTypes is an experimental feature and might change at any time
(Use `node --trace-warnings ...` to show where the warning was created)
✔ braking curves are speed squared, brake strength and grip dependent (383.9163ms)
✔ curb suspension, car collision transfer and CCD wall remain finite (93.8687ms)
✔ steering changes trajectory under low and high grip (39.2863ms)
✔ identical 60Hz physics at 30/60/144 render FPS, including settings (49.2917ms)
✔ many-contact fixture retains cars and simplified colliders outside camera (2612.5067ms)
✔ invalid batch is rejected before applying commands; caps prevent admission (1.4932ms)
(node:73760) ExperimentalWarning: stripTypeScriptTypes is an experimental feature and might change at any time
(Use `node --trace-warnings ...` to show where the warning was created)
✔ mechanical catalog is immutable/versioned and excluded from player preferences (1.5447ms)
✔ two actual Rapier classes differ in acceleration, braking and same-flat-scene turning (546.1683ms)
✔ Rapier native mass, wheel geometry and controls match classes including orientation and power caps (13.9645ms)
✔ 20 mixed-class lifecycle cycles preserve vehicle and subscription caps, remove/recreate cleanup (171.8642ms)
(node:47748) ExperimentalWarning: stripTypeScriptTypes is an experimental feature and might change at any time
(Use `node --trace-warnings ...` to show where the warning was created)
✔ global serial priority, cancel acknowledgement and restart publish once (8.791ms)
✔ queue/bytes caps reject optional while protected capacity suspends without detachment (22.7531ms)
✔ pressure pending, idle resume, cancellation preserves exact protected evidence (1.7349ms)
✔ optional lease bounded history, errors and disposal release ownership (14.7705ms)
✔ deferred persistence ingress is separately bounded at a full execution queue (1.4616ms)
✔ operation identity distinct, completed durable proposals do not execute twice (2.8888ms)
✔ dispose during deferred retention preserves evidence and releases ingress reservations (47.5892ms)
✔ cancel during async protected completion retains evidence without recoverable result (6.2696ms)
✔ persistence failure never publishes, observer exceptions do not leak ownership (0.8022ms)
✔ dispose during async completion withdraws proposal while retaining evidence (2.1257ms)
(node:47748) ExperimentalWarning: stripTypeScriptTypes is an experimental feature and might change at any time
(Use `node --trace-warnings ...` to show where the warning was created)
✔ real worker transfer leaves live buffers attached and preempts between slices (177.6122ms)
(node:94964) ExperimentalWarning: stripTypeScriptTypes is an experimental feature and might change at any time
(Use `node --trace-warnings ...` to show where the warning was created)
✔ strict envelope validates identities, discriminants, bytes and controls (2.0496ms)
✔ late, duplicate, out-of-order and mismatched packets cannot publish (1.9935ms)
✔ cancel sends one control, late result remains cancelled; worker errors release capacity (1.1368ms)
✔ queue/history/bytes/age stay bounded and do not silently admit protected work (8.419ms)
✔ runtime throttles progress at 5Hz and disposes task resources (11.841ms)
(node:94964) ExperimentalWarning: stripTypeScriptTypes is an experimental feature and might change at any time
(Use `node --trace-warnings ...` to show where the warning was created)
✔ real worker yields to cancellation, runs next job, transfers buffers and handles task failure (144.7223ms)
ℹ {"cancelMs":11.685799999999972,"trackedJobs":0,"trackedBytes":0}
✔ cleanup and progress observer exceptions cannot block later jobs (7.6827ms)
✔ runtime watermark rejects old replay after history eviction; byte cap rejects excessive queue (10.551ms)
✔ parser rejects nonenumerable identities and fields without invoking getters (0.2881ms)
(node:24548) ExperimentalWarning: stripTypeScriptTypes is an experimental feature and might change at any time
(Use `node --trace-warnings ...` to show where the warning was created)
✔ swept traversal detects a zone and stop line even when both endpoints are outside (8.1495ms)
✔ empty, hidden, inactive or geometrically irrelevant pedestrians create no exposure (2.5932ms)
✔ obstacles have separate identities and do not count as pedestrian exposure (2.027ms)
✔ stationary points, tangential travel and line departure do not duplicate a crossing (2.8352ms)
✔ concave polygons use their actual footprint rather than bounding boxes (2.3954ms)
✔ data is owned/frozen; observations remain bounded and input failures are explicit (3.0796ms)
✔ capacity retains every relevant observation and never truncates a last pedestrian (12.841ms)
(node:106628) ExperimentalWarning: stripTypeScriptTypes is an experimental feature and might change at any time
(Use `node --trace-warnings ...` to show where the warning was created)
✔ cross separates perpendicular crossing from parallel opposing travel (13.9805ms)
✔ T crossing, shared entry, and separated turns produce different relations (4.5413ms)
✔ turn merges are explicit semantic conflicts and separated right turns remain compatible (4.3511ms)
✔ authored conflict zones remain independent from geometry and never imply priority (1.3991ms)
✔ stable identities symmetric queries, readonly snapshots and bounded retained state (8.7122ms)
✔ corridor width, tangency, collinear overlap and bridge height are explicit geometric semantics (1.1534ms)
✔ invalid data/options fail rather than silently dropping semantic conflicts (1.6958ms)
✔ geometry construction budget aborts explicitly on authored pathological paths (1178.2777ms)
✔ pair capacity rejects the whole map before quadratic geometry, never truncates conflicts (22.9759ms)
✔ shared authored geometry reuses immutable trajectories and zone arrays (1.0002ms)
(node:32688) ExperimentalWarning: stripTypeScriptTypes is an experimental feature and might change at any time
(Use `node --trace-warnings ...` to show where the warning was created)
✔ one-way topology never invents reverse edges or undeclared turns (8.5101ms)
✔ parallel neighbors and all edges respect source/destination access classes (3.6883ms)
✔ REVERSE reverses geometry, direction, progress and allowed successors (1.7275ms)
✔ current lane uses directed polyline projection/width/height and no meshes; off-graph remains null (4.6106ms)
✔ intersection gaps do not fabricate lanes from movement or visual geometry (0.7968ms)
✔ deterministic ambiguity ties ignore lane input order; heading disambiguates (4.5148ms)
✔ owned graph data/projections are frozen and unaffected by caller mutations (2.306ms)
✔ unknown IDs return empty results; invalid queries/maps/classes fail before execution (1.9387ms)
✔ schema-size ring remains finite and loop-safe without recursive graph traversal (156.4126ms)
✔ height and slope distinguish an overpass from overlapping planar geometry (2.0386ms)
✔ bounded index matches exhaustive projection and oversized geometry always uses complete fallback (16.5619ms)
✔ spatial reference capacity falls back without dropping a permitted lane (21.5195ms)
(node:23448) ExperimentalWarning: stripTypeScriptTypes is an experimental feature and might change at any time
(Use `node --trace-warnings ...` to show where the warning was created)
✔ minimal semantic map is deterministic and deeply immutable (22.8595ms)
✔ rejects duplicate geometry ID (1.4432ms)
✔ rejects duplicate semantic ID (0.9171ms)
✔ rejects dangling geometry node (1.0645ms)
✔ rejects dangling lane geometry (1.1085ms)
✔ rejects duplicate successor (1.7649ms)
✔ rejects dangling successor (1.2891ms)
✔ rejects self successor (1.3506ms)
✔ rejects direct continuation opposite endpoints (1.0174ms)
✔ rejects intersection directed endpoint outside footprint (1.0874ms)
✔ rejects intersection omitted membership (1.6542ms)
✔ rejects intersection dangling membership (0.8963ms)
✔ rejects movement missing successor (0.7802ms)
✔ rejects successor without movement (0.6922ms)
✔ rejects movement endpoint direction (0.6422ms)
✔ rejects movement incoming to incoming (0.6498ms)
✔ rejects dangling conflict zone (1.3156ms)
✔ rejects duplicate movement pair (0.541ms)
✔ rejects neighbor dangling (0.6268ms)
✔ rejects neighbor self (0.5223ms)
✔ rejects neighbor not reciprocal (0.6689ms)
✔ rejects signal dangling intersection (1.4653ms)
✔ rejects phase unknown movement (2.3167ms)
✔ rejects phase repeated assignment (1.1128ms)
✔ rejects phase incomplete (0.9284ms)
✔ rejects stop dangling lane (1.1239ms)
✔ rejects stop wrong anchor (2.528ms)
✔ rejects stop signal absent (0.8564ms)
✔ rejects stop signal dangling (1.5733ms)
✔ rejects STOP missing intersection (0.866ms)
✔ rejects crosswalk wrong stop kind (0.739ms)
✔ rejects crosswalk lane not covered (0.752ms)
✔ rejects crosswalk orphan stop (1.0397ms)
✔ rejects service wrong anchor (0.8189ms)
✔ rejects service anchor outside area bbox (1.0021ms)
✔ rejects service inaccessible class (0.9893ms)
✔ rejects service unreachable graph (0.8874ms)
✔ rejects recovery dangling node (0.8544ms)
✔ rejects recovery off lane (0.8902ms)
✔ rejects bounds reversed (3.1238ms)
✔ rejects position out of bounds (0.9396ms)
✔ rejects path zero length alias (0.7553ms)
✔ rejects area degenerate (0.9764ms)
✔ rejects width zero (0.7117ms)
✔ rejects access repeated (0.7416ms)
✔ signal programs permit separated movement phases and reject conflicting simultaneous greens (1.9993ms)
✔ class-specific connectivity ignores lanes inaccessible to that class (2.1607ms)
✔ neighbors require reciprocal links and compatible directed corridors (4.3768ms)
✔ errors carry offending ID, position and stable field path (1.2855ms)
✔ strict structure rejects hidden fields, accessors, prototypes, symbols and sparse arrays (25.963ms)
✔ all numeric fields reject nonfinite data and numeric strings (119.7587ms)
✔ array capacity rejects before graph traversal and finite cycles terminate deterministically (2.4309ms)
✔ input mutations after parsing and rejected validation never alter published data (1.396ms)
✔ STOP regulation and reversed stored geometry remain valid when their semantic direction agrees (0.7581ms)
✔ signal phases reject foreign-intersection movements and simultaneous merges (2.7881ms)
✔ structural field errors retain a validated object ID without executing accessors (0.5473ms)
(node:28256) ExperimentalWarning: stripTypeScriptTypes is an experimental feature and might change at any time
(Use `node --trace-warnings ...` to show where the warning was created)
✔ strict exhaustive authored policy roundtrips JSON; reciprocal queries return the same rule (16.0192ms)
✔ T-junction policy uses only its authored geometric straight and turning conflicts (4.2829ms)
✔ priority policy rejects omissions, contradictory pairs, wrong map, foreign winners and compatible geometry (28.9851ms)
✔ TTC uses metres/metres-per-second; stationary approach, occupying and cleared remain distinct (0.3806ms)
✔ absent/inactive/stationary-before-entry/cleared traffic never records refusal or yield (36.3972ms)
✔ eligible higher-priority traffic exposes blocked gap and one continuous hold records yield (28.8871ms)
✔ geometric crossing with actual priority exposure is observed; available gap produces no refusal evidence (11.2218ms)
✔ EQUAL stays unresolved and never invents a universal right-side or yielding obligation (4.9009ms)
✔ unknown traffic coverage/distance/route and discontinuity fail closed rather than reporting a safe gap (16.8555ms)
✔ multiple opponents for one relation never duplicate the physical yield observation (7.1959ms)
✔ cumulative movement invalidates hold even when each small step is below tolerance (5.2285ms)
✔ new incarnation/epoch never inherits evidence; bounded history and tombstones fail closed (4.8773ms)
✔ malformed, duplicated, oversized and conflicting observations reject before history mutation (10.1144ms)
✔ active unobservable traffic masks known blocked pairs independently of actor ordering (41.8636ms)
✔ stationary at the conflict entry is occupying and cannot record a pre-entry yield (3.5408ms)
✔ a continuous sweep through full clearance retains actual occupied-priority crossing evidence (11.1197ms)
✔ simultaneous conflict pairs share one physical yield and changed exposure cannot inherit elapsed hold (11.6567ms)
(node:50836) ExperimentalWarning: stripTypeScriptTypes is an experimental feature and might change at any time
(Use `node --trace-warnings ...` to show where the warning was created)
✔ full cycles query only the selected movement and preserve exact tick boundaries (24.1756ms)
✔ phase state/events remain readonly and independent from caller map mutation (7.5491ms)
✔ GREEN phase validates geometric conflict despite missing shared-zone authoring (14.8159ms)
✔ fixed-tick loop pause and resume do not advance signal phases in wall time (6.4682ms)
✔ listener failures are returned once, reentry rejected, and retry same tick does not duplicate events (4.4886ms)
✔ event transport capacity failure retains a bounded transition and never advances time silently (3.4726ms)
✔ phase event JSON decoding is defensive and rejects malformed or ambiguous states (3.4822ms)
✔ single immutable phase emits no false change; fractional duration quantizes upward deterministically (5.2228ms)
✔ stale world is rejected even for a duplicate controller tick (3.8147ms)
✔ failed publication rejects signal queries until explicit retry/recovery (8.2144ms)
✔ multi-signal publication failure preserves accepted-prefix failures and retries only the remainder (16.0692ms)
(node:62288) ExperimentalWarning: stripTypeScriptTypes is an experimental feature and might change at any time
(Use `node --trace-warnings ...` to show where the warning was created)
✔ benchmark query identity sets match the brute oracle outside all timed measurements (918.3107ms)
✔ normal/dense mutable query IDs match exhaustive geometry, including boundaries and overpasses (35.4537ms)
✔ sphere tangency, negative boundaries, height, kind and exact identity exclusion (0.4516ms)
✔ concave prism rejects bounding-box false positives and preserves vertical corner tangencies (0.4032ms)
✔ moves remove old cells, remove/recreate identity fences and invalid updates are atomic (1.1798ms)
✔ admission rejects before retained allocation; exhausted cell budgets use complete fallback (0.6153ms)
✔ all admitted dense-cell neighbors returned, independent of insertion order (2.1819ms)
✔ ownership snapshots frozen;20 reset/dispose cycles return bounded resources to zero (20.1903ms)
✔ invalid query and polygon data never mutate ownership (1.0919ms)
(node:26460) ExperimentalWarning: stripTypeScriptTypes is an experimental feature and might change at any time
(Use `node --trace-warnings ...` to show where the warning was created)
✔ full stop uses observed consecutive dwell; crossing is a separate idempotent bus event (18.3424ms)
✔ rolling stop, slow reported speed with drift, and no-brake passage never fabricate FULL_STOP (15.7769ms)
✔ line contact permits stationary stop; actual forward passage then emits crossing exactly once (3.5285ms)
✔ speed threshold, far upstream and wrong heading cannot create complete-stop evidence (11.7698ms)
✔ missing ticks, teleport, reverse crossing, height and finite line ends do not invent traversal (9.8037ms)
✔ stale/conflicting ticks, context and nonfinite data reject without advancing history (2.3651ms)
✔ ID reuse cannot inherit stop evidence or admit a retired incarnation; real epoch resets history (2.8059ms)
✔ bounded history fails closed; frozen map geometry and transverse direction stay stable (3.2999ms)
✔ directed reverse geometry and consecutive STOP lines preserve distinct opportunities (4.2574ms)
✔ calibration/accessor boundaries and long valid identities remain safe (2.0769ms)
ℹ tests 457
ℹ suites 0
ℹ pass 457
ℹ fail 0
ℹ cancelled 0
ℹ skipped 0
ℹ todo 0
ℹ duration_ms 4501.2481
