npm warn Unknown env config "msvs-version". This will stop working in the next major version of npm. See `npm help npmrc` for supported config options.

> self-driving-academy@0.1.0 check
> npm run typecheck && npm run lint && npm run format:check && npm run check:architecture && npm test

npm warn Unknown env config "msvs-version". This will stop working in the next major version of npm. See `npm help npmrc` for supported config options.

> self-driving-academy@0.1.0 typecheck
> tsc --noEmit && tsc -p tsconfig.tests.json --noEmit

npm warn Unknown env config "msvs-version". This will stop working in the next major version of npm. See `npm help npmrc` for supported config options.

> self-driving-academy@0.1.0 lint
> eslint . --max-warnings 0

npm warn Unknown env config "msvs-version". This will stop working in the next major version of npm. See `npm help npmrc` for supported config options.

> self-driving-academy@0.1.0 format:check
> prettier --check "src/**/*.{ts,css}" "tests/**/*.ts" "tests/**/*.html" "scripts/**/*.mjs" "*.{json,js,html}"

Checking formatting...
All matched files use Prettier code style!
npm warn Unknown env config "msvs-version". This will stop working in the next major version of npm. See `npm help npmrc` for supported config options.

> self-driving-academy@0.1.0 check:architecture
> node scripts/verify-architecture.mjs

Architecture imports: PASS (106 TypeScript files)
Architecture negative probes: PASS (6 forbidden dependencies rejected)
Inspector exception negative probes: PASS (4 forbidden imports rejected)
Rapier adapter negative probes: PASS (3 forbidden imports rejected)
Renderer injection, readonly snapshots, defensive persistence and lifecycle: PASS
(node:72652) ExperimentalWarning: stripTypeScriptTypes is an experimental feature and might change at any time
(Use `node --trace-warnings ...` to show where the warning was created)
npm warn Unknown env config "msvs-version". This will stop working in the next major version of npm. See `npm help npmrc` for supported config options.

> self-driving-academy@0.1.0 test
> node --import ./scripts/register-typescript.mjs --test "tests/**/*.test.ts"

(node:16532) ExperimentalWarning: stripTypeScriptTypes is an experimental feature and might change at any time
(Use `node --trace-warnings ...` to show where the warning was created)
✔ ready and manual pause render without advancing ticks; resume excludes paused time (4.1365ms)
✔ visibility resumes only background pause; overload requires explicit recovery (1.1436ms)
✔ reload coalesces requests and never duplicates frames/listeners; errors and disposal release owners (0.3751ms)
✔ disposal during loading releases a late backend and never installs subscriptions (0.3488ms)
✔ initially hidden ready cannot start until foreground (0.9226ms)
✔ projection is frozen, presentation faults terminate, cleanup attempts every owner (0.4424ms)
✔ fixed-step faults and synchronous loader errors expose ERROR without retrying a step (0.3884ms)
(node:72580) ExperimentalWarning: stripTypeScriptTypes is an experimental feature and might change at any time
(Use `node --trace-warnings ...` to show where the warning was created)
✔ loss captures the same authoritative tick/body after suspension, retries preserve immutable RAM (2.6331ms)
✔ twenty reload/resize cycles plateau, coalescing and old loss callback cannot recreate a session (1.7666ms)
✔ failure in resize reconstructs once; invalid capture disables stale checkpoint retry (0.43ms)
✔ disposal during pending construction releases late candidate; no renderer resurrection (0.3772ms)
✔ GPU loss while factory is pending becomes retryable ERROR and candidate disposed (0.3434ms)
✔ RAM capture rejects accessors, nonfinite, cycles, sparse arrays and capacity without reading getters (0.8861ms)
✔ application keeps its simulation, tick, RAF and subscriptions across renderer failure/retry (1.8344ms)
(node:16716) ExperimentalWarning: stripTypeScriptTypes is an experimental feature and might change at any time
(Use `node --trace-warnings ...` to show where the warning was created)
✔ all six states and concurrent priorities have exact reason codes and owned transition snapshots (2.4446ms)
✔ absence, foreign, future/stale, discontinuous and incomplete source are blocked before any requested maneuver (0.842ms)
✔ versioned parsers reject getters, exotic/sparse and oversized data without changing accepted owner state (0.8338ms)
✔ published044 projection keeps actual source age, used completeness and shared profile semantics without retaining geometry (26.2631ms)
✔ 219 invokes periodic decisions only in deterministic phases, urgent offphase reads fresh044, input/controller remain60Hz (155.2156ms)
✔ authority change clears decision without allowing tick regression and does not commandeer MANUAL/LEARNING (0.4647ms)
✔ identity reuse, epoch resets and atomic capacity admission fence stale callbacks with bounded tombstones (0.8495ms)
✔ twenty full110actor lifecycle cycles retain only bounded current scalar projections and release all ownership (30.2758ms)
✔ 1024 protected epoch identities refuse new IDs atomically without tombstone eviction (3.9079ms)
(node:34644) ExperimentalWarning: stripTypeScriptTypes is an experimental feature and might change at any time
(Use `node --trace-warnings ...` to show where the warning was created)
✔ 049 preproduction reference uses actual033 directed geometry and explicit separate speed fixture (76.0546ms)
(node:86920) ExperimentalWarning: stripTypeScriptTypes is an experimental feature and might change at any time
(Use `node --trace-warnings ...` to show where the warning was created)
✔ 049 compiled routes use actual033 directedlane/TURN authored points and refuse fabricated tokens/gaps (17.5077ms)
✔ 049 left/right TURN preserves all authored intermediate geometry rather than joining only lane endpoints (4.5483ms)
✔ 049 actual steering matches independent exhaustive geometry without actuation/timer/longitudinal fields (4.5954ms)
✔ 049 sharp/too-tight/grade geometry and closed256vertex admission are explicit rather than teleported (13.9441ms)
✔ 049 null/stale/discontinuous/future/height/heading/reverse observations and overspeed have explicit reasons (1.756ms)
✔ 049 posted speed/style and045 state only affect lateral control through explicit owner choices (2.3085ms)
✔ 049 authority/tick/mapversion/incarnation/epoch fences release routes without reopening old ticks (2.5902ms)
✔ 049 malformed/getter/sparse/reentrant boundaries reject before owner mutation (1.8631ms)
✔ 049110owner/256geometry/1024protectedidentity capacities are atomic and20lifecycles release strong ownership (107.2389ms)
✔ 049 descriptor snapshots prevent unsafe caller re-read and mutable-object cache/TOCTOU reuse (3.4389ms)
(node:58508) ExperimentalWarning: stripTypeScriptTypes is an experimental feature and might change at any time
(Use `node --trace-warnings ...` to show where the warning was created)
✔ normal/dense contexts match exhaustive IDs, lanes, leaders, signals and conflicts at real authoritative ticks (427.0095ms)
✔ lateral, opposite-direction and overpass vehicles never become false leaders (7.9546ms)
✔ cached context keeps source tick; urgent signal refresh occurs before six-tick cadence without clock/event resampling (19.4211ms)
✔ frame admission is atomic, duplicate snapshots canonical, contradictory/stale signal snapshots rejected (30.4189ms)
✔ unknown intent, offroad intent and absent/incomplete signals remain unknown, while junction intent selects the concrete movement (14.7747ms)
✔ a concrete route with incompatible current lane or access never makes its signal applicable (26.3689ms)
✔ priority uses explicit038 policy and supplied SI distances; local or incomplete traffic never creates a global AVAILABLE gap (16.3835ms)
✔ missing policy is explicit unknown; supplied distances change instantaneous predictions without producing temporal evidence (12.2901ms)
✔ session, epoch, incarnation and removal fences prevent stale contexts from surviving reuse (34.8599ms)
✔ capacity checks preserve prior ownership and all admitted dense contexts fit the110-entry cache (50.6414ms)
✔ twenty reset/lifecycle cycles clear frame/index/cache/identity ownership; returned snapshots stay frozen (539.0049ms)
✔ hostile data and duplicates are rejected without invoking accessors or retaining partial frame state (12.9496ms)
✔ deep obstacle and polygon accessors and inherited array methods never execute during frame preparation (23.6644ms)
✔ obstacle/zone identities fence stale positions and removed incarnations; kinds remain stable within an epoch (32.8619ms)
✔ partial observation omissions preserve identities without creating removal tombstones (15.567ms)
✔ per-epoch identity history has finite admission without dropping retained tombstones (150.9895ms)
BJS - [03:35:37]: Babylon.js v9.29.0 - Null engine
(node:97956) ExperimentalWarning: stripTypeScriptTypes is an experimental feature and might change at any time
(Use `node --trace-warnings ...` to show where the warning was created)
✔ actual physical scheduling fixture preserves70controllers and can verify cleanup twice after native disposal (618.4369ms)
(node:71552) ExperimentalWarning: stripTypeScriptTypes is an experimental feature and might change at any time
(Use `node --trace-warnings ...` to show where the warning was created)
✔ VehicleCommand: JSON roundtrip, immutable defensive copy (2.6072ms)
✔ VehicleCommand: rejects all nonfinite numeric leaves (2.0664ms)
✔ VehicleCommand: rejects unknown shape, extra/missing fields, unsupported versions (1.1376ms)
✔ VehicleState: JSON roundtrip, immutable defensive copy (0.8245ms)
✔ VehicleState: rejects all nonfinite numeric leaves (3.4253ms)
✔ VehicleState: rejects unknown shape, extra/missing fields, unsupported versions (0.7007ms)
✔ Ride: JSON roundtrip, immutable defensive copy (0.4097ms)
✔ Ride: rejects all nonfinite numeric leaves (0.6769ms)
✔ Ride: rejects unknown shape, extra/missing fields, unsupported versions (0.8002ms)
✔ SimulationEvent: JSON roundtrip, immutable defensive copy (0.6178ms)
✔ SimulationEvent: rejects all nonfinite numeric leaves (0.5062ms)
✔ SimulationEvent: rejects unknown shape, extra/missing fields, unsupported versions (0.6405ms)
✔ InterventionSegment: JSON roundtrip, immutable defensive copy (1.0388ms)
✔ InterventionSegment: rejects all nonfinite numeric leaves (11.7532ms)
✔ InterventionSegment: rejects unknown shape, extra/missing fields, unsupported versions (1.3463ms)
✔ TelemetrySample: JSON roundtrip, immutable defensive copy (0.4122ms)
✔ TelemetrySample: rejects all nonfinite numeric leaves (4.9005ms)
✔ TelemetrySample: rejects unknown shape, extra/missing fields, unsupported versions (0.294ms)
✔ DrivingProfile: JSON roundtrip, immutable defensive copy (0.8873ms)
✔ DrivingProfile: rejects all nonfinite numeric leaves (1.1533ms)
✔ DrivingProfile: rejects unknown shape, extra/missing fields, unsupported versions (0.8422ms)
✔ ParameterEvidence: JSON roundtrip, immutable defensive copy (0.1525ms)
✔ ParameterEvidence: rejects all nonfinite numeric leaves (0.4153ms)
✔ ParameterEvidence: rejects unknown shape, extra/missing fields, unsupported versions (0.5068ms)
✔ unknown data never executes getters or coercion; inherited fields/symbols/sparse arrays rejected (0.7069ms)
✔ vehicle normalized controls, tick identity, quaternion and enums (0.823ms)
✔ ride terminal metadata and assignment chronology (0.3649ms)
✔ all event discriminants roundtrip with their specific validated payload (1.9607ms)
✔ event payload discrimination, entity references and reset/activation chronology (0.4535ms)
✔ segments reject mode eligibility, mismatched world/vehicle/source, unordered ticks and partial closure (1.5332ms)
✔ profiles preserve unknown observations and reserved data without fabricated evidence (0.7149ms)
✔ current design catalog can be carried structurally without implementing its parameter registry (1.7169ms)
(node:87096) ExperimentalWarning: stripTypeScriptTypes is an experimental feature and might change at any time
(Use `node --trace-warnings ...` to show where the warning was created)
✔ composition publishes the exact COLLISION variant once for actual admitted step serials (7.205ms)
✔ foreign session and epoch are rejected at constructor before any native step (0.7458ms)
✔ accepted listener errors are inspected with bounded diagnostics and never retried as effects (1.2055ms)
✔ capacity failure keeps exact suffix and blocks newer physics before it advances (1.5561ms)
✔ publisher failure after acceptance retries stable duplicate identity without repeating effects (0.7987ms)
✔ listener removal/reuse discards later stale incidents and adapter reentry is fenced (0.5255ms)
✔ native serial and tick fences reject fake captures, duplicated physics and external advances (0.6848ms)
✔ real epoch reset restores new owner and disposal releases all episode/pending ownership (0.6063ms)
✔ prepared admission is idempotent and cannot relabel the physical tick (0.655ms)
✔ pending publication cannot admit physics advanced by a listener (0.7997ms)
(node:91312) ExperimentalWarning: stripTypeScriptTypes is an experimental feature and might change at any time
(Use `node --trace-warnings ...` to show where the warning was created)
✔ duplicates and retries consume each identity once even after listeners fail (2.2392ms)
✔ stable declared order, type filtering and publication order within tick (3.5552ms)
✔ unsubscribe is idempotent and immediate; subscribe during dispatch starts next event (0.512ms)
✔ rejects invalid, stale, foreign and late events without consuming capacity (1.6091ms)
✔ dedup is fail-closed at capacity; epoch invalidation rejects retired worlds (0.4921ms)
✔ reentrant publication and lifecycle changes fail before nested effects (0.4099ms)
✔ validated copies are immutable and owned; resources are capped and disposed (0.7322ms)
(node:12028) ExperimentalWarning: stripTypeScriptTypes is an experimental feature and might change at any time
(Use `node --trace-warnings ...` to show where the warning was created)
✔ 30/60 frame schedules preserve tick-addressed commands and duration over ten simulated minutes (406.5359ms)
✔ first frame anchors time; fractional boundaries produce previous/current interpolation (0.3134ms)
✔ catchup executes at most four constant steps and retains the rest of debt (0.3642ms)
✔ overload pauses before steps; explicit recovery drains preserved debt without new wall time (0.681ms)
✔ 250 ms threshold is inclusive and a larger debt explicitly overloads (0.1989ms)
✔ manual and background pauses exclude stopped time and retain fractional debt (0.2793ms)
✔ pause accounts only the active interval to its boundary, and recovery can itself pause (1.6913ms)
✔ invalid or regressing clocks are rejected without poisoning clock or loop state (1.2044ms)
✔ snapshot ownership is defensive, nested immutable and safe after later steps/disposal (0.6022ms)
✔ step/capture/interpolate failures are explicit terminal faults and never retry an executed step (1.9981ms)
✔ reentrant operations are rejected; uncaught reentrancy produces a fault (0.5552ms)
✔ snapshot plain-tree boundary rejects accessors/cycles/exotic objects; null snapshots are valid (0.5575ms)
✔ initial tick keeps addressed identity while elapsed simulated time starts at zero (0.5577ms)
(node:85088) ExperimentalWarning: stripTypeScriptTypes is an experimental feature and might change at any time
(Use `node --trace-warnings ...` to show where the warning was created)
✔ five-repeat medians/ranges preserve paired negative observer deltas and counters (5.9015ms)
✔ unsupported/pending GPU remains null; partial availability reports actual repetitions (1.6959ms)
✔ rejects smoke, interrupted protocol, invalid dimensions and lost focus (8.1315ms)
✔ rejects missing/duplicate pairs and inconsistent/nonfinite sample statistics (1.9918ms)
✔ rejects hardware/profile/build/digest inconsistency and wrong phase attribution (2.8546ms)
✔ phase wall delta does not invalidate a full RAF duration when callback latencies differ (0.4523ms)
✔ explicit-path CLI emits one compact JSON record, rejects invalid input, and never rewrites evidence (545.4736ms)
(node:87496) ExperimentalWarning: stripTypeScriptTypes is an experimental feature and might change at any time
(Use `node --trace-warnings ...` to show where the warning was created)
✔ nearest rank percentiles, histogram and strict budget on known data (1.6562ms)
✔ collector caps allocations, reports overflow and rejects lifecycle misuse (1.4712ms)
✔ disabled collector allocates no sample buffers and unavailable APIs never become zero (0.2726ms)
✔ reports require five complete pairs, own metadata, preserve missing data and reject nonfinite values (4.0028ms)
✔ hardware baseline rejects short durations, overflow and missing pair identity (0.855ms)
(node:57420) ExperimentalWarning: stripTypeScriptTypes is an experimental feature and might change at any time
(Use `node --trace-warnings ...` to show where the warning was created)
✔ headless: advances 12 ticks and captures states/events without renderer (2.0147ms)
✔ zero ticks captures initial state and validates seed/tick boundaries (0.5786ms)
✔ capture owns copies even when an adapter reuses mutable state and events (0.4154ms)
✔ scenario oracle rejects corrupted state and event evidence (0.324ms)
(node:71000) ExperimentalWarning: stripTypeScriptTypes is an experimental feature and might change at any time
(Use `node --trace-warnings ...` to show where the warning was created)
✔ versioned identity and RNG golden vectors fix encoding and algorithm (3.2358ms)
✔ IDs preserve boundaries, namespace, kind and exact Unicode code units (0.4416ms)
✔ inserted events and reversed evaluation preserve addressed opportunity samples (1.0586ms)
✔ seed scopes and sample purpose/index distinguish fixed fixtures (0.3639ms)
✔ JSON restart reproduces samples from version, seed, purpose and index only (0.357ms)
✔ unit samples are exact uint32 fractions in the half-open unit interval (12.7498ms)
✔ unknown invalid inputs fail without coercion or accessor execution (1.9636ms)
(node:78500) ExperimentalWarning: stripTypeScriptTypes is an experimental feature and might change at any time
(Use `node --trace-warnings ...` to show where the warning was created)
✔ DOM press hold/repeat/release are bounded and raw keys mapW/S/A/D/Space (3.2492ms)
✔ blur visibility editable/modal/disabled state flushes keys; repeats never restore lostinput (0.8423ms)
✔ modifiers and composition do not consume editable keyboardshortcuts or leave throttle active (0.4383ms)
✔ twenty binding/filter ownershipcycles release sixlisteners and retain noinputframes (2.9535ms)
(node:67780) ExperimentalWarning: stripTypeScriptTypes is an experimental feature and might change at any time
(Use `node --trace-warnings ...` to show where the warning was created)
✔ 80 unique keys, 24 M targets; planned stages grant no capabilities (3.3392ms)
✔ every key validates default, inclusive bounds, canonical unit and finite range (6.6706ms)
✔ publication gate rejects LEARNED and manual tuning for all unsupported keys (17.2303ms)
✔ publication gate rejects unknown keys, wrong units and invalid ranges for all provenance (0.546ms)
✔ publication retains structural evidence and provenance checks and roundtrip (0.4004ms)
✔ malformed catalog rejects schema, shape, duplicate/unknown keys and invalid definitions (13.8289ms)
✔ registry and parsed catalog are defensive immutable data (1.4242ms)
✔ generated runtime catalog is synchronized with canonical JSON (494.2978ms)
(node:99072) ExperimentalWarning: stripTypeScriptTypes is an experimental feature and might change at any time
(Use `node --trace-warnings ...` to show where the warning was created)
✔ GLB preflight accepts original embedded geometry and bounds decoded bytes (2.3482ms)
✔ GLB header and truncated JSON reject before Babylon resource creation (0.3123ms)
✔ embedded PNG size is admitted before decode and oversized dimensions reject (0.3822ms)
✔ geometry primitive vertex budget rejects before Babylon (0.2405ms)
(node:55936) ExperimentalWarning: stripTypeScriptTypes is an experimental feature and might change at any time
(Use `node --trace-warnings ...` to show where the warning was created)
✔ WebGPU preferred, scene owned, disposal exactly once in dependency order (1.7365ms)
✔ unavailable or throwing support check uses only WebGL2 (0.5434ms)
✔ WebGL2 preference skips WebGPU support completely (0.1995ms)
✔ init failure cleans engine before fallback on a distinct canvas (1.3588ms)
✔ scene failure reconstructs a new scene after disposing all tentative resources (0.266ms)
✔ both fail with recoverable aggregate; cleanup exceptions do not stop engine/canvas release (0.6724ms)
(node:91116) ExperimentalWarning: stripTypeScriptTypes is an experimental feature and might change at any time
(Use `node --trace-warnings ...` to show where the warning was created)
✔ fixed ring retains recent values, exact percentiles and bounded numeric bytes (1.7961ms)
✔ missing timers stay unavailable; fresh measured GPU zero remains valid (0.1917ms)
✔ disabled collector performs no admission and reenabling starts a fresh window (0.361ms)
✔ counter projections are copied/frozen and invalid capacity/counters reject (0.2698ms)
(node:26888) ExperimentalWarning: stripTypeScriptTypes is an experimental feature and might change at any time
(Use `node --trace-warnings ...` to show where the warning was created)
✔ error then retry, one frame/resize subscription, idempotent disposal (1.8578ms)
✔ concurrent retry is coalesced; dispose during pending initialization releases late backend (0.2748ms)
✔ render failure stops loop, cleans resources and exposes retry (0.2628ms)
✔ cleanup failures clear every owner and still permit retry (0.735ms)
✔ synchronous factory failure does not poison the pending retry promise (0.291ms)
BJS - [03:35:37]: Babylon.js v9.29.0 - Null engine
BJS - [03:35:37]: Babylon.js v9.29.0 - Null engine
BJS - [03:35:37]: Babylon.js v9.29.0 - Null engine
BJS - [03:35:37]: Babylon.js v9.29.0 - Null engine
✔ explicit DPR caps/resolution scaling, immutable limits and invalid input rejection (1.6251ms)
✔ adaptive windows require GPU evidence, hysteresis/cooldown and manual override (5.4238ms)
✔ daylight quality switches preserve materials/signals/domain and release shadows without accumulation (55.6283ms)
✔ bounded caster registry and atomic quality validation (14.2591ms)
✔ removed active caster is refilled deterministically; foreign/disposed meshes rejected (5.926ms)
✔ automatic presentation port applies GPU downgrade and manual preferences stop it (2.9646ms)
(node:49256) ExperimentalWarning: stripTypeScriptTypes is an experimental feature and might change at any time
(Use `node --trace-warnings ...` to show where the warning was created)
BJS - [03:35:37]: Babylon.js v9.29.0 - Null engine
BJS - [03:35:37]: Babylon.js v9.29.0 - Null engine
BJS - [03:35:37]: Babylon.js v9.29.0 - Null engine
BJS - [03:35:37]: Babylon.js v9.29.0 - Null engine
✔ manifest rejects cumulative first-ride/decoder/GPU/shader budgets without confusing transfer with residency (3.0989ms)
✔ local LOD batches preserve picking after motion/removal/reorder, copy inputs and dispose owned resources (36.576ms)
✔ two LOD hosts admit identity capacity atomically before changing any matrix/count (6.8392ms)
✔ LOD retains near detail when a large scaled source reaches the camera (4.8854ms)
✔ twenty static material lifecycle cycles plateau; capacity admission preserves existing batches (40.6881ms)
(node:74976) ExperimentalWarning: stripTypeScriptTypes is an experimental feature and might change at any time
(Use `node --trace-warnings ...` to show where the warning was created)
(node:5112) ExperimentalWarning: stripTypeScriptTypes is an experimental feature and might change at any time
(Use `node --trace-warnings ...` to show where the warning was created)
✔ known tick midpoint, endpoints, wheel continuous rotations and frozen authority (1.9116ms)
✔ fixed loop alpha drives render projection without altering the captured body (2.9915ms)
✔ shortest arc slerp of orientations and equivalent negative quaternion (0.3872ms)
✔ missing, reset, reused, skipped and backwards snapshots snap to current (0.5316ms)
✔ alpha clamps, nonfinite snaps, invalid snapshot rejected before presentation (1.4855ms)
(node:4796) ExperimentalWarning: stripTypeScriptTypes is an experimental feature and might change at any time
(Use `node --trace-warnings ...` to show where the warning was created)
✔ visual boundary accepts readonly domain pose without changing it (1.034ms)
✔ visual identity validates epochs at presentation boundary (0.2015ms)
(node:78532) ExperimentalWarning: stripTypeScriptTypes is an experimental feature and might change at any time
(Use `node --trace-warnings ...` to show where the warning was created)
✔ selection changes only camera, target identity is independent of authority (1.4364ms)
✔ damping is time-based, stable zero-motion and speed-dependent distance brakes inward (0.6724ms)
✔ driver eye is inside cabin and follows turn/roll exactly with adjustable FOV (2.1513ms)
✔ look clamps and recenter, reuse resets visual damping and look (0.5442ms)
✔ expanded-AABB sphere sweep prevents thin-wall tunneling and corrects start penetration (0.4563ms)
✔ collision correction runs after damping and on motion path, fail-safe and invalid input (0.4271ms)
BJS - [03:35:37]: Babylon.js v9.29.0 - Null engine
BJS - [03:35:37]: Babylon.js v9.29.0 - Null engine
BJS - [03:35:37]: Babylon.js v9.29.0 - Null engine
BJS - [03:35:37]: Babylon.js v9.29.0 - Null engine
BJS - [03:35:37]: Babylon.js v9.29.0 - Null engine
BJS - [03:35:37]: Babylon.js v9.29.0 - Null engine
✔ nearest mesh/root and ordinary instance identities remain distinct; decor blocks (30.9921ms)
✔ thin batch maps real ray hit index, remaps atomically, and rejects stale count (4.6829ms)
✔ foreign/disposed objects, malformed IDs and capacity are rejected without destructive replacement (3.8195ms)
✔ optional013 resolver maps descendants while thin instances never inherit host identity (2.3207ms)
✔ native pointer scans are disabled and restored; disposed picker does not scan (0.7231ms)
✔ input maps CSS to render pixels once; move is scan-free; modal/drag/cancel/UI/cleanup block clicks (4.0902ms)
✔ hover is explicit opt-in, disabled/modal state prevents scans (0.3537ms)
✔ hardware scaling and aggregate thin capacity retain correct identity (2.846ms)
(node:30972) ExperimentalWarning: stripTypeScriptTypes is an experimental feature and might change at any time
(Use `node --trace-warnings ...` to show where the warning was created)
(node:60080) ExperimentalWarning: stripTypeScriptTypes is an experimental feature and might change at any time
(Use `node --trace-warnings ...` to show where the warning was created)
✔ defaults and valid alternate settings round-trip as deeply frozen owned data (2.6829ms)
✔ all control sliders enforce finite UI domains, FOV degrees and version bounds (2.0308ms)
✔ binding conflicts, unknown actions and unsupported keys are rejected (0.5598ms)
✔ units, quality and launch configuration reject invalid or learned fields (1.5952ms)
✔ data readers reject accessors and exotic objects without executing getters (2.4965ms)
✔ replacement is atomic, owns input copies and enforces player/control version (2.0379ms)
✔ reset restores settings independently and cannot touch profiles or progression (1.1627ms)
✔ revision exhaustion rejects reset without changing the snapshot (0.4047ms)
✔ quality and launch reset preserve control identity and stay independent of population (0.5361ms)
(node:82312) ExperimentalWarning: stripTypeScriptTypes is an experimental feature and might change at any time
(Use `node --trace-warnings ...` to show where the warning was created)
✔ cooperative synthetic route jobs match original exact path/blocked reference across all fixture lane pairs (18.7224ms)
(node:61136) ExperimentalWarning: stripTypeScriptTypes is an experimental feature and might change at any time
(Use `node --trace-warnings ...` to show where the warning was created)
✔ unscheduled before reference preserves exact authoritative trace across30/60/120synthetic render clocks (6.9992ms)
✔ before hitch pauses without a step, retains debt and recovers only real60Hzsteps capped at4 (0.9249ms)
✔ before background pause excludes stopped wall time; selection and blockage urgent callbacks bypass periodic slot (2.2668ms)
✔ actual044before fixture admits all70/110actors and source tick matches each fresh decision (331.1608ms)
✔ synthetic route job consults actual directed successors and never returns a blocked destination (2.41ms)
(node:56560) ExperimentalWarning: stripTypeScriptTypes is an experimental feature and might change at any time
(Use `node --trace-warnings ...` to show where the warning was created)
✔ stable entity phases retain10Hz counts across insertion order and30/60/120render clocks; physics/input remain identical (20.1306ms)
✔ urgent input runs immediately, coalesces due decisions, and publication urgency waits only next relevant physicaltick (0.5209ms)
✔ decisionTick never restamps latest committed044context sourceTick; urgent input is independent of source age (78.4039ms)
✔ adversarial same-phase identities are all processed, while every offcamera actor receives all controllers (1.5954ms)
✔ real008hitch/background debt, max4steps and explicit overload are preserved by scheduler composition (1.2353ms)
✔ pending028publication admission refusal faults before input/control/physics and cannot commit a nominal noop tick (0.5551ms)
✔ invalid/staleclock admission preserves state; callback/async/reentrant errors are terminal without retry (0.7977ms)
✔ actor scheduleridentity ownership fences staleincarnations/removal/epoch callbacks and urgentreuse (0.4955ms)
✔ finiteactor and1024ledger admission never truncates; hostile getters/densearray prototypes are rejected atomically (7.7913ms)
✔ routework admission is finite, priority deterministic, at most4cooperative slices and1residenttask per tick (1.036ms)
✔ routecache uses graph/cost/access/origin/destination; blocked results reuse only matching versions (0.7183ms)
✔ a cached different target cannot bypass an actor pending route (0.9389ms)
✔ malformed factory tasks clean valid own disposal once without reading accessors (0.8928ms)
✔ deduplicated route urgency promotes waiting normal work; injected object methods preserve their receiver (0.4855ms)
✔ pendingroutecapacity/cancel/expiry and actorremoval cleanup retain explicit terminal outcomes without stalepublish (9.3968ms)
✔ routepath/source validation and taskfailure are terminal; task cleanup is attempted once at lifecycle boundary (0.4037ms)
✔ 64entryroutecache evicts deterministically and reset/dispose20cycles clear all owned queues/cache/ledger (2.9675ms)
(node:89968) ExperimentalWarning: stripTypeScriptTypes is an experimental feature and might change at any time
(Use `node --trace-warnings ...` to show where the warning was created)
✔ opaque fractional/subnormal handles are fenced by exact registration, without tombstones (2.8322ms)
✔ admission caps subscriptions and active entities before registration (1.8645ms)
✔ old unsubscribe never decrements subscriptions belonging to a reused entity (0.416ms)
✔ dispatch rejects stale ticks, removal/recreation and reentrant newer publication (0.3298ms)
✔ conversions copy SI values and quaternion exactly; invalid quaternion is rejected (0.3431ms)
✔ same-tick reentrant publication delivers only the fresh state to later callbacks (0.2475ms)
(node:20924) ExperimentalWarning: stripTypeScriptTypes is an experimental feature and might change at any time
(Use `node --trace-warnings ...` to show where the warning was created)
✔ contact array permutations preserve canonical registration-pair delivery order (2.9874ms)
✔ canonical owned registrations fence copied tokens, handle/ID reuse and another world (1.0655ms)
✔ kind and ID admission reject before registration consumes a serial (0.4415ms)
✔ reversed pairs and multiple manifolds emit once with summed SI impulse and deterministic primary (0.3817ms)
✔ persistent contacts do not reemit after cooldown; separation recontact includes boundary (1.0996ms)
✔ cooldown inclusive onset boundary and zero-tick cooldown still require separation (0.7341ms)
✔ invalid contacts, accessor/prototype arrays and capacity overflow leave tick and episodes atomic (1.084ms)
✔ publisher errors retain exact failed suffix and forbid new ticks until accepted-prefix retry (0.3955ms)
✔ pending and separated-history caps each reject an entire update before state changes (0.4701ms)
✔ strict finite option admission and synchronous publisher contract reject malformed values (0.5486ms)
✔ separated cooldown history expires exactly at boundary before admitting a different pair (0.3427ms)
✔ consecutive snapshot admission rejects unobserved gaps without inventing contact continuity (0.295ms)
✔ session namespace differentiates otherwise identical incident keys and admits bounded IDs upfront (0.46ms)
✔ callback removal/reuse cancels stale pending; reentrant core mutation is fenced (0.3554ms)
✔ obstacle pairs ignored; epoch reset/new owner and disposal clear bounded state (0.459ms)
(node:9120) ExperimentalWarning: stripTypeScriptTypes is an experimental feature and might change at any time
(Use `node --trace-warnings ...` to show where the warning was created)
✔ actual Rapier wall impact emits one positive SI impulse for the mapped episode (396.1544ms)
✔ actual Rapier cars impact emits one positive SI impulse for the mapped episode (93.6049ms)
✔ positive predictive gap with zero impulse beyond native resting tolerance produces no incident (10.7819ms)
✔ native sustained contact, controlled separation and recontact emit only qualifying episode onsets (47.4802ms)
✔ native ground, sensor and anonymous obstacle contacts have no invented mapped incidents (2.0249ms)
✔ named obstacle–obstacle physical contacts are excluded without a vehicle participant (0.8877ms)
✔ native removal/reuse maps exact collider identity and releases static/dynamic/controller ownership (11.4635ms)
✔ named identity and native shape admission reject without allocation or serial consumption (1.4941ms)
✔ vehicle input getters never execute and boundary reentrancy cannot retire a valid registration (1.6216ms)
(node:45732) ExperimentalWarning: stripTypeScriptTypes is an experimental feature and might change at any time
(Use `node --trace-warnings ...` to show where the warning was created)
✔ AUTO target realizes fresh commands for exactly six physical ticks and expires (4.5851ms)
✔ same-tick takeover ignores valid old AI, dominates throttle with brake, and PLAYER never holds (0.844ms)
✔ authority transfers atomically between two PLAYER candidates (0.7721ms)
✔ malformed, duplicate, stale world/tick/token and oversized batches reject before all effects (0.741ms)
✔ proxy replacement during admission cannot command an ID-reused native body (0.8076ms)
✔ suspend flushes targets; readback is historical, resume starts neutral; reset is new owner (0.6279ms)
✔ fault after actuation is terminal and is never retried or claimed rolled back (0.3721ms)
✔ reentrant mutation from the actuation port is rejected (0.3503ms)
✔ native handbrake sets rear impulse caps and rejects malformed whole batch before setters (289.3827ms)
✔ PLAYER 60Hz and AUTONOMY 10Hz realize identical actual Rapier trajectories for both classes (356.578ms)
✔ twenty native ownership cycles retain at most 110 entries and release all 880 subscriptions (164.1229ms)
✔ rear handbrake reduces speed and distance from a repeatable moving start versus coast (17.7871ms)
✔ actual fixed-tick composition at 30/60/144 presentation Hz produces identical 60Hz commands and pose (77.6889ms)
(node:83676) ExperimentalWarning: stripTypeScriptTypes is an experimental feature and might change at any time
(Use `node --trace-warnings ...` to show where the warning was created)
✔ explicit direction intent preserves legacy schemas and rejects malformed extra fields/getters (2.0594ms)
✔ forward motion never gets reverse propulsion; full total-speed dwell precedes gear engagement (10.4842ms)
✔ interrupted dwell, opposite request, handbrake and service brake cannot smuggle a shift or force (0.6339ms)
✔ 027 keyboard preserves raw digital braking and isolates directional ramps from025 (1.7098ms)
✔ controller opt-in, whole-batch validation and suspend/authority reset guard direction state (334.5787ms)
✔ native heldS brakes, reverses only after dwell, and heldW symmetrically returns forward on both classes (118.7367ms)
✔ native rear handbrake changes a moving turn without changing mechanics or creating non-finite state (128.5405ms)
✔ bounded state survives20 full-capacity ownership cycles without stale-token or history retention (25.7215ms)
(node:57416) ExperimentalWarning: stripTypeScriptTypes is an experimental feature and might change at any time
(Use `node --trace-warnings ...` to show where the warning was created)
✔ legacy mapping remains readable and requires explicit immutable revision upgrade (3.4762ms)
✔ finite monotone slider rates have positive endpoints and bounded symmetric speed attenuation (1.5817ms)
✔ raw digital input and tick-filtered commands are distinct immutable snapshots (2.8812ms)
✔ opposed steering is neutral; raw W+S is retained while brake dominates command throttle (0.9813ms)
✔ focus clear discards held keys and ramp residuals immediately without stale repeat state (3.9202ms)
✔ invalid frame leaves tick and ramps unchanged and getters are never called (0.6547ms)
✔ preferences apply at exactly next tick, clear input and enforce revision and one pending snapshot (1.4051ms)
✔ high-speed envelope clamps existing steering and signed velocity is symmetric (1.0659ms)
✔ actual native keyboard composition produces identical commands/physics at30/60/144 render cadences (557.8078ms)
(node:89084) ExperimentalWarning: stripTypeScriptTypes is an experimental feature and might change at any time
(Use `node --trace-warnings ...` to show where the warning was created)
✔ real Rapier readback drives Babylon Matrix: translated +90Y, +Z becomes +X, velocity stays SI (130.1962ms)
✔ 20 full-capacity create/remove cycles release controllers, colliders, maps and callbacks (450.7879ms)
✔ callback removes a body during dispatch and another world rejects its old token (1.2582ms)
✔ same-tick nested Rapier publication fences stale callbacks and later bodies in outer batch (0.7336ms)
(node:105492) ExperimentalWarning: stripTypeScriptTypes is an experimental feature and might change at any time
(Use `node --trace-warnings ...` to show where the warning was created)
✔ braking curves are speed squared, brake strength and grip dependent (427.9979ms)
✔ curb suspension, car collision transfer and CCD wall remain finite (60.3771ms)
✔ steering changes trajectory under low and high grip (20.2089ms)
✔ identical 60Hz physics at 30/60/144 render FPS, including settings (32.4311ms)
✔ many-contact fixture retains cars and simplified colliders outside camera (2440.025ms)
✔ invalid batch is rejected before applying commands; caps prevent admission (1.4612ms)
(node:17504) ExperimentalWarning: stripTypeScriptTypes is an experimental feature and might change at any time
(Use `node --trace-warnings ...` to show where the warning was created)
✔ mechanical catalog is immutable/versioned and excluded from player preferences (1.5752ms)
✔ two actual Rapier classes differ in acceleration, braking and same-flat-scene turning (506.5127ms)
✔ Rapier native mass, wheel geometry and controls match classes including orientation and power caps (25.7615ms)
✔ 20 mixed-class lifecycle cycles preserve vehicle and subscription caps, remove/recreate cleanup (161.5735ms)
(node:90568) ExperimentalWarning: stripTypeScriptTypes is an experimental feature and might change at any time
(Use `node --trace-warnings ...` to show where the warning was created)
✔ global serial priority, cancel acknowledgement and restart publish once (7.8865ms)
✔ queue/bytes caps reject optional while protected capacity suspends without detachment (23.5395ms)
✔ pressure pending, idle resume, cancellation preserves exact protected evidence (3.0579ms)
✔ optional lease bounded history, errors and disposal release ownership (15.9369ms)
✔ deferred persistence ingress is separately bounded at a full execution queue (1.3716ms)
✔ operation identity distinct, completed durable proposals do not execute twice (4.1047ms)
✔ dispose during deferred retention preserves evidence and releases ingress reservations (66.7747ms)
✔ cancel during async protected completion retains evidence without recoverable result (1.9705ms)
✔ persistence failure never publishes, observer exceptions do not leak ownership (0.6984ms)
✔ dispose during async completion withdraws proposal while retaining evidence (1.3339ms)
(node:90568) ExperimentalWarning: stripTypeScriptTypes is an experimental feature and might change at any time
(Use `node --trace-warnings ...` to show where the warning was created)
✔ real worker transfer leaves live buffers attached and preempts between slices (225.6261ms)
(node:85832) ExperimentalWarning: stripTypeScriptTypes is an experimental feature and might change at any time
(Use `node --trace-warnings ...` to show where the warning was created)
✔ strict envelope validates identities, discriminants, bytes and controls (1.8388ms)
✔ late, duplicate, out-of-order and mismatched packets cannot publish (1.134ms)
✔ cancel sends one control, late result remains cancelled; worker errors release capacity (0.5359ms)
✔ queue/history/bytes/age stay bounded and do not silently admit protected work (7.7757ms)
✔ runtime throttles progress at 5Hz and disposes task resources (12.6322ms)
(node:85832) ExperimentalWarning: stripTypeScriptTypes is an experimental feature and might change at any time
(Use `node --trace-warnings ...` to show where the warning was created)
✔ real worker yields to cancellation, runs next job, transfers buffers and handles task failure (103.8802ms)
ℹ {"cancelMs":1.4458999999999946,"trackedJobs":0,"trackedBytes":0}
✔ cleanup and progress observer exceptions cannot block later jobs (8.1188ms)
✔ runtime watermark rejects old replay after history eviction; byte cap rejects excessive queue (7.3655ms)
✔ parser rejects nonenumerable identities and fields without invoking getters (0.2673ms)
(node:37068) ExperimentalWarning: stripTypeScriptTypes is an experimental feature and might change at any time
(Use `node --trace-warnings ...` to show where the warning was created)
✔ swept traversal detects a zone and stop line even when both endpoints are outside (17.3705ms)
✔ empty, hidden, inactive or geometrically irrelevant pedestrians create no exposure (2.3871ms)
✔ obstacles have separate identities and do not count as pedestrian exposure (1.9374ms)
✔ stationary points, tangential travel and line departure do not duplicate a crossing (2.7996ms)
✔ concave polygons use their actual footprint rather than bounding boxes (1.6244ms)
✔ data is owned/frozen; observations remain bounded and input failures are explicit (4.5749ms)
✔ capacity retains every relevant observation and never truncates a last pedestrian (14.1138ms)
(node:87756) ExperimentalWarning: stripTypeScriptTypes is an experimental feature and might change at any time
(Use `node --trace-warnings ...` to show where the warning was created)
✔ cross separates perpendicular crossing from parallel opposing travel (16.5198ms)
✔ T crossing, shared entry, and separated turns produce different relations (4.9526ms)
✔ turn merges are explicit semantic conflicts and separated right turns remain compatible (2.817ms)
✔ authored conflict zones remain independent from geometry and never imply priority (1.0847ms)
✔ stable identities symmetric queries, readonly snapshots and bounded retained state (4.5063ms)
✔ corridor width, tangency, collinear overlap and bridge height are explicit geometric semantics (0.2782ms)
✔ invalid data/options fail rather than silently dropping semantic conflicts (2.1238ms)
✔ geometry construction budget aborts explicitly on authored pathological paths (1164.5ms)
✔ pair capacity rejects the whole map before quadratic geometry, never truncates conflicts (26.6808ms)
✔ shared authored geometry reuses immutable trajectories and zone arrays (1.0883ms)
(node:85996) ExperimentalWarning: stripTypeScriptTypes is an experimental feature and might change at any time
(Use `node --trace-warnings ...` to show where the warning was created)
✔ one-way topology never invents reverse edges or undeclared turns (7.1447ms)
✔ parallel neighbors and all edges respect source/destination access classes (2.4369ms)
✔ REVERSE reverses geometry, direction, progress and allowed successors (1.1387ms)
✔ current lane uses directed polyline projection/width/height and no meshes; off-graph remains null (2.1056ms)
✔ intersection gaps do not fabricate lanes from movement or visual geometry (1.0466ms)
✔ deterministic ambiguity ties ignore lane input order; heading disambiguates (2.9882ms)
✔ owned graph data/projections are frozen and unaffected by caller mutations (1.8568ms)
✔ unknown IDs return empty results; invalid queries/maps/classes fail before execution (1.9448ms)
✔ schema-size ring remains finite and loop-safe without recursive graph traversal (171.791ms)
✔ height and slope distinguish an overpass from overlapping planar geometry (3.1078ms)
✔ bounded index matches exhaustive projection and oversized geometry always uses complete fallback (17.9841ms)
✔ spatial reference capacity falls back without dropping a permitted lane (20.1052ms)
(node:93092) ExperimentalWarning: stripTypeScriptTypes is an experimental feature and might change at any time
(Use `node --trace-warnings ...` to show where the warning was created)
✔ minimal semantic map is deterministic and deeply immutable (10.7307ms)
✔ rejects duplicate geometry ID (1.0152ms)
✔ rejects duplicate semantic ID (0.7703ms)
✔ rejects dangling geometry node (0.8957ms)
✔ rejects dangling lane geometry (0.894ms)
✔ rejects duplicate successor (1.479ms)
✔ rejects dangling successor (0.8222ms)
✔ rejects self successor (1.2819ms)
✔ rejects direct continuation opposite endpoints (0.7185ms)
✔ rejects intersection directed endpoint outside footprint (0.671ms)
✔ rejects intersection omitted membership (0.9328ms)
✔ rejects intersection dangling membership (0.4968ms)
✔ rejects movement missing successor (0.5824ms)
✔ rejects successor without movement (0.4485ms)
✔ rejects movement endpoint direction (0.5473ms)
✔ rejects movement incoming to incoming (0.449ms)
✔ rejects dangling conflict zone (1.4181ms)
✔ rejects duplicate movement pair (0.7511ms)
✔ rejects neighbor dangling (0.627ms)
✔ rejects neighbor self (0.5302ms)
✔ rejects neighbor not reciprocal (0.5059ms)
✔ rejects signal dangling intersection (0.6558ms)
✔ rejects phase unknown movement (0.5396ms)
✔ rejects phase repeated assignment (0.5307ms)
✔ rejects phase incomplete (0.4851ms)
✔ rejects stop dangling lane (0.7415ms)
✔ rejects stop wrong anchor (0.7613ms)
✔ rejects stop signal absent (1.0535ms)
✔ rejects stop signal dangling (0.6764ms)
✔ rejects STOP missing intersection (0.6031ms)
✔ rejects crosswalk wrong stop kind (0.5661ms)
✔ rejects crosswalk lane not covered (0.5385ms)
✔ rejects crosswalk orphan stop (0.6867ms)
✔ rejects service wrong anchor (0.7815ms)
✔ rejects service anchor outside area bbox (1.0576ms)
✔ rejects service inaccessible class (0.816ms)
✔ rejects service unreachable graph (0.8097ms)
✔ rejects recovery dangling node (0.8309ms)
✔ rejects recovery off lane (0.6305ms)
✔ rejects bounds reversed (0.6875ms)
✔ rejects position out of bounds (0.4ms)
✔ rejects path zero length alias (0.4657ms)
✔ rejects area degenerate (0.4501ms)
✔ rejects width zero (0.3232ms)
✔ rejects access repeated (0.5041ms)
✔ signal programs permit separated movement phases and reject conflicting simultaneous greens (1.502ms)
✔ class-specific connectivity ignores lanes inaccessible to that class (1.6102ms)
✔ neighbors require reciprocal links and compatible directed corridors (2.4633ms)
✔ errors carry offending ID, position and stable field path (0.529ms)
✔ strict structure rejects hidden fields, accessors, prototypes, symbols and sparse arrays (1.849ms)
✔ all numeric fields reject nonfinite data and numeric strings (93.6666ms)
✔ array capacity rejects before graph traversal and finite cycles terminate deterministically (1.9302ms)
✔ input mutations after parsing and rejected validation never alter published data (1.1195ms)
✔ STOP regulation and reversed stored geometry remain valid when their semantic direction agrees (0.5469ms)
✔ signal phases reject foreign-intersection movements and simultaneous merges (2.7118ms)
✔ structural field errors retain a validated object ID without executing accessors (0.4378ms)
(node:106740) ExperimentalWarning: stripTypeScriptTypes is an experimental feature and might change at any time
(Use `node --trace-warnings ...` to show where the warning was created)
✔ strict exhaustive authored policy roundtrips JSON; reciprocal queries return the same rule (22.6221ms)
✔ T-junction policy uses only its authored geometric straight and turning conflicts (6.2933ms)
✔ priority policy rejects omissions, contradictory pairs, wrong map, foreign winners and compatible geometry (23.8474ms)
✔ TTC uses metres/metres-per-second; stationary approach, occupying and cleared remain distinct (0.5784ms)
✔ absent/inactive/stationary-before-entry/cleared traffic never records refusal or yield (26.9423ms)
✔ eligible higher-priority traffic exposes blocked gap and one continuous hold records yield (13.0994ms)
✔ geometric crossing with actual priority exposure is observed; available gap produces no refusal evidence (45.8199ms)
✔ EQUAL stays unresolved and never invents a universal right-side or yielding obligation (7.4944ms)
✔ unknown traffic coverage/distance/route and discontinuity fail closed rather than reporting a safe gap (34.5704ms)
✔ multiple opponents for one relation never duplicate the physical yield observation (7.4825ms)
✔ cumulative movement invalidates hold even when each small step is below tolerance (14.9276ms)
✔ new incarnation/epoch never inherits evidence; bounded history and tombstones fail closed (4.8129ms)
✔ malformed, duplicated, oversized and conflicting observations reject before history mutation (9.8475ms)
✔ active unobservable traffic masks known blocked pairs independently of actor ordering (15.977ms)
✔ stationary at the conflict entry is occupying and cannot record a pre-entry yield (2.519ms)
✔ a continuous sweep through full clearance retains actual occupied-priority crossing evidence (9.0679ms)
✔ simultaneous conflict pairs share one physical yield and changed exposure cannot inherit elapsed hold (12.0311ms)
(node:10208) ExperimentalWarning: stripTypeScriptTypes is an experimental feature and might change at any time
(Use `node --trace-warnings ...` to show where the warning was created)
✔ full cycles query only the selected movement and preserve exact tick boundaries (18.0881ms)
✔ phase state/events remain readonly and independent from caller map mutation (4.2204ms)
✔ GREEN phase validates geometric conflict despite missing shared-zone authoring (6.2302ms)
✔ fixed-tick loop pause and resume do not advance signal phases in wall time (3.5493ms)
✔ listener failures are returned once, reentry rejected, and retry same tick does not duplicate events (2.4768ms)
✔ event transport capacity failure retains a bounded transition and never advances time silently (2.9019ms)
✔ phase event JSON decoding is defensive and rejects malformed or ambiguous states (2.3161ms)
✔ single immutable phase emits no false change; fractional duration quantizes upward deterministically (2.1633ms)
✔ stale world is rejected even for a duplicate controller tick (1.9911ms)
✔ failed publication rejects signal queries until explicit retry/recovery (2.2921ms)
✔ multi-signal publication failure preserves accepted-prefix failures and retries only the remainder (4.3602ms)
(node:85884) ExperimentalWarning: stripTypeScriptTypes is an experimental feature and might change at any time
(Use `node --trace-warnings ...` to show where the warning was created)
✔ benchmark query identity sets match the brute oracle outside all timed measurements (912.532ms)
✔ normal/dense mutable query IDs match exhaustive geometry, including boundaries and overpasses (40.1065ms)
✔ sphere tangency, negative boundaries, height, kind and exact identity exclusion (0.4756ms)
✔ concave prism rejects bounding-box false positives and preserves vertical corner tangencies (0.3837ms)
✔ moves remove old cells, remove/recreate identity fences and invalid updates are atomic (0.7587ms)
✔ admission rejects before retained allocation; exhausted cell budgets use complete fallback (0.3173ms)
✔ all admitted dense-cell neighbors returned, independent of insertion order (1.6025ms)
✔ ownership snapshots frozen;20 reset/dispose cycles return bounded resources to zero (18.988ms)
✔ invalid query and polygon data never mutate ownership (0.6846ms)
(node:62320) ExperimentalWarning: stripTypeScriptTypes is an experimental feature and might change at any time
(Use `node --trace-warnings ...` to show where the warning was created)
✔ full stop uses observed consecutive dwell; crossing is a separate idempotent bus event (19.033ms)
✔ rolling stop, slow reported speed with drift, and no-brake passage never fabricate FULL_STOP (11.7162ms)
✔ line contact permits stationary stop; actual forward passage then emits crossing exactly once (3.209ms)
✔ speed threshold, far upstream and wrong heading cannot create complete-stop evidence (9.7031ms)
✔ missing ticks, teleport, reverse crossing, height and finite line ends do not invent traversal (13.3372ms)
✔ stale/conflicting ticks, context and nonfinite data reject without advancing history (12.3058ms)
✔ ID reuse cannot inherit stop evidence or admit a retired incarnation; real epoch resets history (2.7065ms)
✔ bounded history fails closed; frozen map geometry and transverse direction stay stable (2.0391ms)
✔ directed reverse geometry and consecutive STOP lines preserve distinct opportunities (3.6786ms)
✔ calibration/accessor boundaries and long valid identities remain safe (1.366ms)
ℹ tests 457
ℹ suites 0
ℹ pass 457
ℹ fail 0
ℹ cancelled 0
ℹ skipped 0
ℹ todo 0
ℹ duration_ms 4374.2977
